INFO - WARN - MPS4_SCC->CFG_ACLK reads 0. Assuming default clock of 32000000
Processor internal clock: 32000000Hz
INFO - V2M-MPS4 revision A
INFO - Application Note AN22b, Revision C
INFO - MPS4 build 3
INFO - MPS4 core clock has been set to: 32000000Hz
INFO - CPU ID: 0x411fd230
INFO - CPU: Cortex-M85 r1p0
INFO - Enabling I-cache.
INFO - Enabling D-cache.
INFO - Relocating vector table to 0x10000000
INFO - Configured TA_SRAM	@0x50006000
INFO - Configured TA_EXT	@0x50006800
INFO - Initialising Ethos-U device@0x50004000
INFO - Using Dedicated_Sram memory mode; fast cache size: 393216
INFO - Ethos-U device initialised
INFO - Ethos-U version info:
INFO - 	Arch:       v2.0.0
INFO - 	Driver:     v1.0.0
INFO - 	MACs/cc:    256
INFO - 	Cmd stream: v1
INFO - HDLCD resolution id: 4
INFO - Target system design: Arm Corstone-320
INFO - Device MPS4 HDLCD configured
INFO - Resolution:    320 x 240
INFO - Colour format: ARGB8888
INFO - ARM ML Embedded Evaluation Kit
INFO - Version 26.03.0 Build date: Apr 21 2026 @ 09:25:19
INFO - Compiler: GNU-15.2.1
INFO - Copyright 2021-2026 Arm Limited and/or its affiliates <open-source-office@arm.com>
INFO - Creating allocator using tensor arena at 0x0x700547c0
INFO - Allocating tensors
INFO - Model INPUT tensors: 
INFO - 	tensor type is int8
INFO - 	tensor occupies 16384 bytes with dimensions
INFO - 		0:   1
INFO - 		1: 128
INFO - 		2: 128
INFO - 		3:   1
INFO - Scale = 0.008138
INFO - ZeroPoint = -70
INFO - Model OUTPUT tensors: 
INFO - 	tensor type is int8
INFO - 	tensor occupies 2 bytes with dimensions
INFO - 		0:   1
INFO - 		1:   2
INFO - Scale = 0.022299
INFO - ZeroPoint = -17
INFO - Activation buffer (a.k.a tensor arena) size used: 132132
INFO - Number of operators: 1
INFO - 	Operator 0: ethos-u
INFO - NPU memory mode likely to be: Dedicated_Sram
PLPROF_BEGIN,75
PLPROF,0,20055,20007,2079,4311,1621,0
PLPROF,1,4025,4024,4114,949,28,0
PLPROF,2,4025,4024,599,913,0,0
PLPROF,3,19025,19024,2168,1156,56,0
PLPROF,4,4025,4024,554,928,0,0
PLPROF,5,5025,5024,2500,4515,34,0
PLPROF,6,8025,8024,5094,3931,35,0
PLPROF,7,4025,4024,3589,904,31,0
PLPROF,8,4025,4024,1413,1180,33,0
PLPROF,9,4025,4024,1498,976,40,0
PLPROF,10,4025,4024,775,959,4,0
PLPROF,11,4025,4024,646,981,0,0
PLPROF,12,4025,4024,923,1146,106,0
PLPROF,13,3025,3024,528,1112,338,0
PLPROF,14,4025,4024,1964,954,50,0
PLPROF,15,8025,8024,2312,2162,122,0
PLPROF,16,2025,2024,1770,423,0,0
PLPROF,17,3025,3024,1161,978,360,0
PLPROF,18,7025,7024,2563,1806,339,0
PLPROF,19,6025,6024,1197,1344,17,0
PLPROF,20,3025,3024,1656,536,0,0
PLPROF,21,2025,2024,374,588,44,0
PLPROF,22,2025,2024,384,499,292,0
PLPROF,23,2025,2024,1059,500,120,0
PLPROF,24,5025,5024,1800,1104,8,0
PLPROF,25,2025,2024,1336,608,219,0
PLPROF,26,8025,8024,1773,1671,126,0
PLPROF,27,3025,3024,1297,561,4,0
PLPROF,28,2025,2024,261,684,183,0
PLPROF,29,3025,3024,1458,1068,477,0
PLPROF,30,6025,6024,1930,1347,8,0
PLPROF,31,5025,5024,2712,1437,350,0
PLPROF,32,2025,2024,1405,827,370,0
PLPROF,33,3025,3024,1109,264,290,0
PLPROF,34,5025,5024,1088,1784,1676,0
PLPROF,35,5025,5024,1431,1055,177,0
PLPROF,36,3025,3024,1335,512,12,0
PLPROF,37,1025,1024,512,202,24,0
PLPROF,38,1025,1024,192,113,307,0
PLPROF,39,5025,5024,1088,1673,1576,0
PLPROF,40,5025,5024,1512,1371,475,0
PLPROF,41,4025,4024,1710,532,16,0
PLPROF,42,1025,1024,528,250,40,0
PLPROF,43,1025,1024,376,145,227,0
PLPROF,44,5025,5024,846,1680,1731,0
PLPROF,45,5025,5024,1157,1278,386,0
PLPROF,46,4025,4024,1973,274,8,0
PLPROF,47,1025,1024,179,337,40,0
PLPROF,48,1025,1024,660,230,8,0
PLPROF,49,4025,4024,811,912,1031,0
PLPROF,50,3025,3024,609,618,290,0
PLPROF,51,4025,4024,464,320,828,0
PLPROF,52,6025,6024,704,912,1087,0
PLPROF,53,3025,3024,832,496,178,0
PLPROF,54,4025,4024,512,320,756,0
PLPROF,55,6025,6024,704,1024,1442,0
PLPROF,56,4025,4024,1083,978,365,0
PLPROF,57,2025,2024,987,228,4,0
PLPROF,58,1025,1024,0,232,139,0
PLPROF,59,1025,1024,374,152,57,0
PLPROF,60,1025,1024,556,208,0,0
PLPROF,61,9025,9024,1165,1232,1938,0
PLPROF,62,3025,3024,132,208,374,0
PLPROF,63,1025,1024,157,32,235,0
PLPROF,64,1025,1024,96,80,129,0
PLPROF,65,2025,2024,112,96,48,0
PLPROF,66,1025,1024,16,32,266,0
PLPROF,67,1025,1024,96,80,139,0
PLPROF,68,1025,1024,112,96,184,0
PLPROF,69,2025,2024,64,72,143,0
PLPROF,70,1025,1024,32,28,316,0
PLPROF,71,1025,1024,96,100,138,0
PLPROF,72,1025,1024,96,76,240,0
PLPROF,73,2025,2024,32,32,274,0
PLPROF,74,2025,2024,136,136,250,1
PLPROF_END
INFO - Final results:
INFO - Total number of inferences: 1
INFO - Profile for Inference:
INFO - NPU ACTIVE: 45 cycles
INFO - NPU ETHOSU_PMU_SRAM_RD_DATA_BEAT_RECEIVED: 0 beats
INFO - NPU ETHOSU_PMU_SRAM_WR_DATA_BEAT_WRITTEN: 0 beats
INFO - NPU ETHOSU_PMU_EXT_RD_DATA_BEAT_RECEIVED: 0 beats
INFO - NPU ETHOSU_PMU_EXT_WR_DATA_BEAT_WRITTEN: 0 beats
INFO - NPU IDLE: 995 cycles
INFO - NPU TOTAL: 1040 cycles
INFO - C04_OUTPUT_CRC[0]: bytes=2 crc32=0x823CFFFB
INFO - Inference completed.
INFO - program terminating...
<NUL>