[ 14.074s] if00: b'\r\nPowering up system...\r\nSwitching on main power...\r\n'
[ 15.074s] if00: b'\r\nFMC force ON...\r\nFMC VADG: 1800mV\r\n\r\n'
[ 16.075s] if00: b'Configuring motherboard (rev B, var A)...\r\n\r\nReading Board File \\MB\\HBI0376B\\FI101\\fi101.txt\r\n'
[ 17.076s] if00: b'B2BCLK (156.25MHz): PASSED\r\n'
[ 18.076s] if00: b'\r\nConfiguring FPGA from file \\MB\\HBI0376B\\FI101\\fi101_00.bit\r\n\rAddress: 0x00000000\rAddress: 0x00040000\rAddress: 0x000800'
[ 18.992s] if00: b': 0x00180000\rAddress: 0x001C0000\rAddress: 0x00200000\rAddress: 0x00240000\rAddress: 0x00280000\rAddress: 0x002C0000\rAddress'
[ 19.921s] if00: b'ress: 0x004C0000\rAddress: 0x00500000\rAddress: 0x00540000\rAddress: 0x00580000\rAddress: 0x005C0000\rAddress: 0x00600000\rAdd'
[ 20.921s] if00: b'\rAddress: 0x00800000\rAddress: 0x00840000\rAddress: 0x00880000\rAddress: 0x008C0000\rAddress: 0x00900000\rAddress: 0x00940000'
[ 21.696s] if00: b'00A40000\rAddress: 0x00A80000\rAddress: 0x00AC0000\rAddress: 0x00B00000\rAddress: 0x00B40000\rAddress: 0x00B80000\rAddress: 0x'
[ 22.697s] if00: b': 0x00D80000\rAddress: 0x00DC0000\rAddress: 0x00E00000\rAddress: 0x00E40000\rAddress: 0x00E80000\rAddress: 0x00EC0000\rAddress'
[ 23.409s] if00: b'\rAddress: 0x01000000\rAddress: 0x01040000\rAddress: 0x01080000\rAddress: 0x010C0000\rAddress: 0x01100000\rAddress: 0x01140000'
[ 24.409s] if00: b'0000\rAddress: 0x01340000\rAddress: 0x01380000\rAddress: 0x013C0000\rAddress: 0x01400000\rAddress: 0x01440000\rAddress: 0x0148'
[ 25.201s] if00: b': 0x01580000\rAddress: 0x015C0000\rAddress: 0x01600000\rAddress: 0x01640000\rAddress: 0x01680000\rAddress: 0x016C0000\rAddress'
[ 26.129s] if00: b'ress: 0x018C0000\rAddress: 0x01900000\rAddress: 0x01940000\rAddress: 0x01980000\rAddress: 0x019C0000\rAddress: 0x01A00000\rAdd'
[ 27.129s] if00: b'\rAddress: 0x01C00000\rAddress: 0x01C40000\rAddress: 0x01C80000\rAddress: 0x01CC0000\rAddress: 0x01D00000\rAddress: 0x01D40000'
[ 27.921s] if00: b'01E40000\rAddress: 0x01E80000\rAddress: 0x01EC0000\rAddress: 0x01F00000\rAddress: 0x01F40000\rAddress: 0x01F80000\rAddress: 0x'
[ 28.921s] if00: b': 0x02180000\rAddress: 0x021C0000\rAddress: 0x02200000\rAddress: 0x02240000\rAddress: 0x02280000\rAddress: 0x022C0000\rAddress'
[ 29.857s] if00: b'00\rAddress: 0x02440000\rAddress: 0x02480000\rAddress: 0x024C0000\rAddress: 0x02500000\rAddress: 0x02540000\rAddress: 0x025800'
[ 30.857s] if00: b'740000\rAddress: 0x02780000\rAddress: 0x027C0000\rAddress: 0x02800000\rAddress: 0x02840000\rAddress: 0x02880000\rAddress: 0x02'
[ 31.649s] if00: b'02A40000\rAddress: 0x02A80000\rAddress: 0x02AC0000\rAddress: 0x02B00000\rAddress: 0x02B40000\rAddress: 0x02B80000\rAddress: 0x'
[ 32.649s] if00: b': 0x02D80000\rAddress: 0x02DC0000\rAddress: 0x02E00000\rAddress: 0x02E40000\rAddress: 0x02E80000\rAddress: 0x02EC0000\rAddress'
[ 33.585s] if00: b' 0x03080000\rAddress: 0x030C0000\rAddress: 0x03100000\rAddress: 0x03140000\rAddress: 0x03180000\rAddress: 0x031C0000\rAddress:'
[ 34.585s] if00: b'ess: 0x033C0000\rAddress: 0x03400000\rAddress: 0x03440000\rAddress: 0x03480000\rAddress: 0x034C0000\rAddress: 0x03500000\rAddr'
[ 35.361s] if00: b'03640000\rAddress: 0x03680000\rAddress: 0x036C0000\rAddress: 0x03700000\rAddress: 0x03740000\rAddress: 0x03780000\rAddress: 0x'
[ 36.361s] if00: b': 0x03980000\rAddress: 0x039C0000\rAddress: 0x03A00000\rAddress: 0x03A40000\rAddress: 0x03A80000\rAddress: 0x03AC0000\rAddress'
[ 37.073s] if00: b'\rAddress: 0x03C00000\rAddress: 0x03C40000\rAddress: 0x03C80000\rAddress: 0x03CC0000\rAddress: 0x03D00000\rAddress: 0x03D40000'
[ 38.073s] if00: b'0000\rAddress: 0x03F40000\rAddress: 0x03F80000\rAddress: 0x03FC0000\rAddress: 0x04000000\rAddress: 0x04040000\rAddress: 0x0408'
[ 38.865s] if00: b': 0x04180000\rAddress: 0x041C0000\rAddress: 0x04200000\rAddress: 0x04240000\rAddress: 0x04280000\rAddress: 0x042C0000\rAddress'
[ 39.793s] if00: b'ress: 0x044C0000\rAddress: 0x04500000\rAddress: 0x04540000\rAddress: 0x04580000\rAddress: 0x045C0000\rAddress: 0x04600000\rAdd'
[ 40.793s] if00: b'\rAddress: 0x04800000\rAddress: 0x04840000\rAddress: 0x04880000\rAddress: 0x048C0000\rAddress: 0x04900000\rAddress: 0x04940000'
[ 41.585s] if00: b'04A40000\rAddress: 0x04A80000\rAddress: 0x04AC0000\rAddress: 0x04B00000\rAddress: 0x04B40000\rAddress: 0x04B80000\rAddress: 0x'
[ 42.585s] if00: b': 0x04D80000\rAddress: 0x04DC0000\rAddress: 0x04E00000\rAddress: 0x04E40000\rAddress: 0x04E80000\rAddress: 0x04EC0000\rAddress'
[ 43.521s] if00: b' 0x05080000\rAddress: 0x050C0000\rAddress: 0x05100000\rAddress: 0x05140000\rAddress: 0x05180000\rAddress: 0x051C0000\rAddress:'
[ 44.521s] if00: b'ess: 0x053C0000\rAddress: 0x05400000\rAddress: 0x05440000\rAddress: 0x05480000\rAddress: 0x054C0000\rAddress: 0x05500000\rAddr'
[ 45.297s] if00: b'05640000\rAddress: 0x05680000\rAddress: 0x056C0000\rAddress: 0x05700000\rAddress: 0x05740000\rAddress: 0x05780000\rAddress: 0x'
[ 46.297s] if00: b': 0x05980000\rAddress: 0x059C0000\rAddress: 0x05A00000\rAddress: 0x05A40000\rAddress: 0x05A80000\rAddress: 0x05AC0000\rAddress'
[ 47.009s] if00: b'\rAddress: 0x05C00000\rAddress: 0x05C40000\rAddress: 0x05C80000\rAddress: 0x05CC0000\rAddress: 0x05D00000\rAddress: 0x05D40000'
[ 48.009s] if00: b'0000\rAddress: 0x05F40000\rAddress: 0x05F80000\rAddress: 0x05FC0000\rAddress: 0x06000000\rAddress: 0x06040000\rAddress: 0x0608'
[ 48.801s] if00: b': 0x06180000\rAddress: 0x061C0000\rAddress: 0x06200000\rAddress: 0x06240000\rAddress: 0x06280000\rAddress: 0x062C0000\rAddress'
[ 49.297s] if00: b'ress: 0x064C0000\rAddress: 0x06500000\rAddress: 0x06540000\r\nFPGA configuration complete.\r\n\r\nOSCCLK0 : 200.000000MHz\r\nOSCCL'
[ 50.297s] if00: b'D\r\nGTXCLK (100MHz)\r\nGTXCLK (100MHz): PASSED\r\n'
[ 51.298s] if00: b'Writing SCC 0xFF8 with board revision B\r\nWriting SCC 0xFF8 with 0x01000000\r\nReading SCC 0xFF8 with 0x01000000\r\nReading S'
[ 52.817s] if00: b'Long Address Range Version 1.0 Ports 3\r\nPORT0 AHB  0x0000_00000000 4096000KB\r\nPORT1 AHB  0x0000_00000000 4096000KB\r\nPORT'
[ 52.929s] if00: b'000000 offset of 0x0000_00000000 added\r\nWriting SRAM BIN file \\SOFTWARE\\VECTORS.BIN to Address 0x0200_11000000\r\nWriting '
[ 53.265s] if00: b'ARE\\VECTORS.BIN\r\n\r\nImage 1 LAR address 0x0100_31000000 offset of 0x0000_00000000 added\r\nWriting SRAM BIN file \\SOFTWARE\\'
[ 53.473s] if00: b'dress 0x0100_31000000\r\nImage loaded from \\SOFTWARE\\APP.BIN\r\n\r\nImage 2 LAR address 0x0100_90000000 offset of 0x0000_00000'
[ 54.474s] if00: b' \\SOFTWARE\\DDR.BIN written to memory address 0x0100_90000000\r\nImage loaded from \\SOFTWARE\\DDR.BIN\r\n\r\nSetting QSPI to XIP'