Schedule: 'graph_MIN_BUFFERED'
	0: Operation Conv2D  - OFM 1, 49, 10, 140
		Kernel: size=4,10 stride=1,1, dilation=1,1 padding=[t:4,l:1,b:5,r:2,n:0,f:0]
		Time index = 0
		Operator Config = OFM Block=[1, 12, 10, 16], IFM Block=[1, 20, 14, 16], OFM UBlock=[2, 2, 8] Traversal=PartKernel, AccType=Acc32
		IFM Stripe   = [1, 49, 10, 1]
		IFM2 Stripe  = []
		OFM Stripe   = [1, 49, 10, 140]
		Assigned Cascade = 0
		Encoded Weights = 10800 bytes
		Weight buffer = 10800 bytes
		Depth slices = [0, 16, 140]
		sub-operations: [ Relu6 ]
		Estimated Perf: Macs=2744000 Cycles=91024
		Memory Used: 81360 bytes (op=70560, buf=10800, ccd=0, nl=0)
	1: Operation DepthwiseConv2D  - OFM 1, 25, 5, 140
		Kernel: size=3,3 stride=2,2, dilation=1,1 padding=[t:1,l:0,b:1,r:1,n:0,f:0]
		Time index = 2
		Operator Config = OFM Block=[25, 6, 16], IFM Block=[1, 52, 14, 16], OFM UBlock=[1, 2, 16] Traversal=Depthwise, AccType=Acc32
		IFM Stripe   = [1, 49, 10, 140]
		IFM2 Stripe  = []
		OFM Stripe   = [1, 25, 5, 140]
		Assigned Cascade = 0
		Encoded Weights = 2896 bytes
		Weight buffer = 0 bytes
		Depth slices = [0, 140]
		sub-operations: [ Relu6 ]
		Estimated Perf: Macs=157500 Cycles=8987
		Memory Used: 88560 bytes (op=18000, buf=0, ccd=0, nl=70560)
	2: Operation Conv2D  - OFM 1, 25, 5, 140
		Kernel: size=1,1 stride=1,1, dilation=1,1 padding=[t:0,l:0,b:0,r:0,n:0,f:0]
		Time index = 4
		Operator Config = OFM Block=[1, 10, 6, 32], IFM Block=[1, 10, 6, 64], OFM UBlock=[2, 2, 8] Traversal=DepthFirst, AccType=Acc32
		IFM Stripe   = [1, 25, 5, 140]
		IFM2 Stripe  = []
		OFM Stripe   = [1, 25, 5, 140]
		Assigned Cascade = 0
		Encoded Weights = 22528 bytes
		Weight buffer = 22528 bytes
		Depth slices = [0, 140]
		sub-operations: [ Relu6 ]
		Estimated Perf: Macs=2450000 Cycles=17764
		Memory Used: 58528 bytes (op=18000, buf=22528, ccd=0, nl=18000)
	3: Operation DepthwiseConv2D  - OFM 1, 25, 5, 140
		Kernel: size=3,3 stride=1,1, dilation=1,1 padding=[t:1,l:1,b:1,r:1,n:0,f:0]
		Time index = 6
		Operator Config = OFM Block=[25, 6, 16], IFM Block=[1, 28, 8, 16], OFM UBlock=[1, 2, 16] Traversal=Depthwise, AccType=Acc32
		IFM Stripe   = [1, 25, 5, 140]
		IFM2 Stripe  = []
		OFM Stripe   = [1, 25, 5, 140]
		Assigned Cascade = 0
		Encoded Weights = 2896 bytes
		Weight buffer = 0 bytes
		Depth slices = [0, 140]
		sub-operations: [ Relu6 ]
		Estimated Perf: Macs=157500 Cycles=8792
		Memory Used: 36000 bytes (op=18000, buf=0, ccd=0, nl=18000)
	4: Operation Conv2D  - OFM 1, 25, 5, 140
		Kernel: size=1,1 stride=1,1, dilation=1,1 padding=[t:0,l:0,b:0,r:0,n:0,f:0]
		Time index = 8
		Operator Config = OFM Block=[1, 10, 6, 32], IFM Block=[1, 10, 6, 64], OFM UBlock=[2, 2, 8] Traversal=DepthFirst, AccType=Acc32
		IFM Stripe   = [1, 25, 5, 140]
		IFM2 Stripe  = []
		OFM Stripe   = [1, 25, 5, 140]
		Assigned Cascade = 0
		Encoded Weights = 23296 bytes
		Weight buffer = 23296 bytes
		Depth slices = [0, 128, 140]
		sub-operations: [ Relu6 ]
		Estimated Perf: Macs=2450000 Cycles=17764
		Memory Used: 59296 bytes (op=18000, buf=23296, ccd=0, nl=18000)
	5: Operation DepthwiseConv2D  - OFM 1, 25, 5, 140
		Kernel: size=3,3 stride=1,1, dilation=1,1 padding=[t:1,l:1,b:1,r:1,n:0,f:0]
		Time index = 10
		Operator Config = OFM Block=[25, 6, 16], IFM Block=[1, 28, 8, 16], OFM UBlock=[1, 2, 16] Traversal=Depthwise, AccType=Acc32
		IFM Stripe   = [1, 25, 5, 140]
		IFM2 Stripe  = []
		OFM Stripe   = [1, 25, 5, 140]
		Assigned Cascade = 0
		Encoded Weights = 2912 bytes
		Weight buffer = 0 bytes
		Depth slices = [0, 140]
		sub-operations: [ Relu6 ]
		Estimated Perf: Macs=157500 Cycles=8792
		Memory Used: 36000 bytes (op=18000, buf=0, ccd=0, nl=18000)
	6: Operation Conv2D  - OFM 1, 25, 5, 140
		Kernel: size=1,1 stride=1,1, dilation=1,1 padding=[t:0,l:0,b:0,r:0,n:0,f:0]
		Time index = 12
		Operator Config = OFM Block=[1, 10, 6, 32], IFM Block=[1, 10, 6, 64], OFM UBlock=[2, 2, 8] Traversal=DepthFirst, AccType=Acc32
		IFM Stripe   = [1, 25, 5, 140]
		IFM2 Stripe  = []
		OFM Stripe   = [1, 25, 5, 140]
		Assigned Cascade = 0
		Encoded Weights = 23296 bytes
		Weight buffer = 23296 bytes
		Depth slices = [0, 128, 140]
		sub-operations: [ Relu6 ]
		Estimated Perf: Macs=2450000 Cycles=17764
		Memory Used: 59296 bytes (op=18000, buf=23296, ccd=0, nl=18000)
	7: Operation DepthwiseConv2D  - OFM 1, 25, 5, 140
		Kernel: size=3,3 stride=1,1, dilation=1,1 padding=[t:1,l:1,b:1,r:1,n:0,f:0]
		Time index = 14
		Operator Config = OFM Block=[25, 6, 16], IFM Block=[1, 28, 8, 16], OFM UBlock=[1, 2, 16] Traversal=Depthwise, AccType=Acc32
		IFM Stripe   = [1, 25, 5, 140]
		IFM2 Stripe  = []
		OFM Stripe   = [1, 25, 5, 140]
		Assigned Cascade = 0
		Encoded Weights = 2896 bytes
		Weight buffer = 0 bytes
		Depth slices = [0, 140]
		sub-operations: [ Relu6 ]
		Estimated Perf: Macs=157500 Cycles=8792
		Memory Used: 36000 bytes (op=18000, buf=0, ccd=0, nl=18000)
	8: Operation Conv2D  - OFM 1, 25, 5, 112
		Kernel: size=1,1 stride=1,1, dilation=1,1 padding=[t:0,l:0,b:0,r:0,n:0,f:0]
		Time index = 16
		Operator Config = OFM Block=[1, 10, 6, 32], IFM Block=[1, 10, 6, 64], OFM UBlock=[2, 2, 8] Traversal=DepthFirst, AccType=Acc32
		IFM Stripe   = [1, 25, 5, 140]
		IFM2 Stripe  = []
		OFM Stripe   = [1, 25, 5, 112]
		Assigned Cascade = 0
		Encoded Weights = 18464 bytes
		Weight buffer = 18464 bytes
		Depth slices = [0, 112]
		sub-operations: [ Relu6 ]
		Estimated Perf: Macs=1960000 Cycles=14020
		Memory Used: 50464 bytes (op=14000, buf=18464, ccd=0, nl=18000)
	9: Operation DepthwiseConv2D  - OFM 1, 25, 5, 112
		Kernel: size=3,3 stride=1,1, dilation=1,1 padding=[t:1,l:1,b:1,r:1,n:0,f:0]
		Time index = 18
		Operator Config = OFM Block=[25, 6, 16], IFM Block=[1, 28, 8, 16], OFM UBlock=[1, 2, 16] Traversal=Depthwise, AccType=Acc32
		IFM Stripe   = [1, 25, 5, 112]
		IFM2 Stripe  = []
		OFM Stripe   = [1, 25, 5, 112]
		Assigned Cascade = 0
		Encoded Weights = 2256 bytes
		Weight buffer = 0 bytes
		Depth slices = [0, 112]
		sub-operations: [ Relu6 ]
		Estimated Perf: Macs=126000 Cycles=6992
		Memory Used: 28000 bytes (op=14000, buf=0, ccd=0, nl=14000)
	10: Operation Conv2D  - OFM 1, 25, 5, 196
		Kernel: size=1,1 stride=1,1, dilation=1,1 padding=[t:0,l:0,b:0,r:0,n:0,f:0]
		Time index = 20
		Operator Config = OFM Block=[1, 20, 6, 16], IFM Block=[1, 20, 6, 64], OFM UBlock=[2, 2, 8] Traversal=DepthFirst, AccType=Acc32
		IFM Stripe   = [1, 25, 5, 112]
		IFM2 Stripe  = []
		OFM Stripe   = [1, 25, 5, 196]
		Assigned Cascade = 0
		Encoded Weights = 25744 bytes
		Weight buffer = 25744 bytes
		Depth slices = [0, 128, 196]
		sub-operations: [ Relu6 ]
		Estimated Perf: Macs=2744000 Cycles=16482
		Memory Used: 65744 bytes (op=26000, buf=25744, ccd=0, nl=14000)
	11: Operation AvgPool  - OFM 1, 1, 1, 196
		Kernel: size=5,25 stride=1,1, dilation=1,1 padding=[t:0,l:0,b:0,r:0,n:0,f:0]
		Time index = 22
		Operator Config = OFM Block=[1, 2, 128], IFM Block=[1, 8, 6, 128], OFM UBlock=[1, 2, 16] Traversal=DepthFirst, AccType=Acc32
		IFM Stripe   = [1, 25, 5, 196]
		IFM2 Stripe  = []
		OFM Stripe   = [1, 1, 1, 196]
		Assigned Cascade = 0
		sub-operations: -
		Estimated Perf: Macs=24500 Cycles=7940
		Memory Used: 26208 bytes (op=208, buf=0, ccd=0, nl=26000)
	12: Operation Conv2D  - OFM 1, 1, 1, 12
		Kernel: size=1,1 stride=1,1, dilation=1,1 padding=[t:0,l:0,b:0,r:0,n:0,f:0]
		Time index = 24
		Operator Config = OFM Block=[1, 1, 4, 16], IFM Block=[1, 1, 4, 64], OFM UBlock=[1, 4, 8] Traversal=DepthFirst, AccType=Acc32
		IFM Stripe   = [1, 1, 1, 196]
		IFM2 Stripe  = []
		OFM Stripe   = [1, 1, 1, 12]
		Assigned Cascade = 0
		Encoded Weights = 2816 bytes
		Weight buffer = 0 bytes
		Depth slices = [0, 12]
		sub-operations: -
		Estimated Perf: Macs=2352 Cycles=634
		Memory Used: 208 bytes (op=0, buf=0, ccd=0, nl=208)
	Cascades:

################################################################################
Performance for NPU Grap /work/u85mech/pd/kws_micronet_m__256_Low/vela_verbose/kws_micronet_m
Original Operator    NNG Operator         Target Staging Usage  Peak% (Staging)  Op Cycles Network% (cycles)        NPU    SRAM AC    DRAM AC OnFlash AC OffFlash AC  MAC Count Network% (MAC)  Util% (MAC) Name                 
-------------------- -------------------- ------ ------------- ---------------- ---------- ----------------- ---------- ---------- ---------- ---------- ----------- ---------- -------------- ------------ -------------------- 
Conv2D               Conv2D               NPU            81360            73.24      85574             39.33      85574       3960      43945          0           0    1372000           9.66         6.26 Relu6;StatefulPartitionedCall/StatefulPartitionedCall/PartitionedCall_3/PartitionedCall/Relu6;FusedBatchNormV3;StatefulPartitionedCall/StatefulPartitionedCall/StatefulPartitionedCall_1/StatefulPartitionedCall/FusedBatchNormV3;FusedBatchNormV3;StatefulPartitionedCall/StatefulPartitionedCall/StatefulPartitionedCall_15/StatefulPartitionedCall/FusedBatchNormV3;depthwise;StatefulPartitionedCall/StatefulPartitionedCall/PartitionedCall_16/PartitionedCall/depthwise;Conv2D;StatefulPartitionedCall/StatefulPartitionedCall/PartitionedCall_2/PartitionedCall/Conv2D 
Conv2D               Relu6                NPU                0             0.00          0              0.00          0          0          0          0           0          0           0.00       100.00 Relu6;StatefulPartitionedCall/StatefulPartitionedCall/PartitionedCall_3/PartitionedCall/Relu6;FusedBatchNormV3;StatefulPartitionedCall/StatefulPartitionedCall/StatefulPartitionedCall_1/StatefulPartitionedCall/FusedBatchNormV3;FusedBatchNormV3;StatefulPartitionedCall/StatefulPartitionedCall/StatefulPartitionedCall_15/StatefulPartitionedCall/FusedBatchNormV3;depthwise;StatefulPartitionedCall/StatefulPartitionedCall/PartitionedCall_16/PartitionedCall/depthwise;Conv2D;StatefulPartitionedCall/StatefulPartitionedCall/PartitionedCall_2/PartitionedCall/Conv2D 
DepthwiseConv2D      DepthwiseConv2D      NPU            88560            79.72       8600              3.95       8600       2767       3515          0           0     157500           1.11         7.15 Relu6;StatefulPartitionedCall/StatefulPartitionedCall/PartitionedCall_5/PartitionedCall/Relu6;FusedBatchNormV3;StatefulPartitionedCall/StatefulPartitionedCall/StatefulPartitionedCall_3/StatefulPartitionedCall/FusedBatchNormV3;FusedBatchNormV3;StatefulPartitionedCall/StatefulPartitionedCall/StatefulPartitionedCall_15/StatefulPartitionedCall/FusedBatchNormV3;depthwise;StatefulPartitionedCall/StatefulPartitionedCall/PartitionedCall_16/PartitionedCall/depthwise;depthwise;StatefulPartitionedCall/StatefulPartitionedCall/PartitionedCall_4/PartitionedCall/depthwise 
DepthwiseConv2D      Relu6                NPU                0             0.00          0              0.00          0          0          0          0           0          0           0.00       100.00 Relu6;StatefulPartitionedCall/StatefulPartitionedCall/PartitionedCall_5/PartitionedCall/Relu6;FusedBatchNormV3;StatefulPartitionedCall/StatefulPartitionedCall/StatefulPartitionedCall_3/StatefulPartitionedCall/FusedBatchNormV3;FusedBatchNormV3;StatefulPartitionedCall/StatefulPartitionedCall/StatefulPartitionedCall_15/StatefulPartitionedCall/FusedBatchNormV3;depthwise;StatefulPartitionedCall/StatefulPartitionedCall/PartitionedCall_16/PartitionedCall/depthwise;depthwise;StatefulPartitionedCall/StatefulPartitionedCall/PartitionedCall_4/PartitionedCall/depthwise 
Conv2D               Conv2D               NPU            58528            52.69      17738              8.15      17738       5914      10546          0           0    2450000          17.24        53.95 Relu6;StatefulPartitionedCall/StatefulPartitionedCall/PartitionedCall_7/PartitionedCall/Relu6;FusedBatchNormV3;StatefulPartitionedCall/StatefulPartitionedCall/StatefulPartitionedCall_5/StatefulPartitionedCall/FusedBatchNormV3;FusedBatchNormV3;StatefulPartitionedCall/StatefulPartitionedCall/StatefulPartitionedCall_15/StatefulPartitionedCall/FusedBatchNormV3;depthwise;StatefulPartitionedCall/StatefulPartitionedCall/PartitionedCall_16/PartitionedCall/depthwise;Conv2D;StatefulPartitionedCall/StatefulPartitionedCall/PartitionedCall_6/PartitionedCall/Conv2D 
Conv2D               Relu6                NPU                0             0.00          0              0.00          0          0          0          0           0          0           0.00       100.00 Relu6;StatefulPartitionedCall/StatefulPartitionedCall/PartitionedCall_7/PartitionedCall/Relu6;FusedBatchNormV3;StatefulPartitionedCall/StatefulPartitionedCall/StatefulPartitionedCall_5/StatefulPartitionedCall/FusedBatchNormV3;FusedBatchNormV3;StatefulPartitionedCall/StatefulPartitionedCall/StatefulPartitionedCall_15/StatefulPartitionedCall/FusedBatchNormV3;depthwise;StatefulPartitionedCall/StatefulPartitionedCall/PartitionedCall_16/PartitionedCall/depthwise;Conv2D;StatefulPartitionedCall/StatefulPartitionedCall/PartitionedCall_6/PartitionedCall/Conv2D 
DepthwiseConv2D      DepthwiseConv2D      NPU            36000            32.41       8600              3.95       8600       1125       3515          0           0     157500           1.11         7.15 Relu6;StatefulPartitionedCall/StatefulPartitionedCall/PartitionedCall_9/PartitionedCall/Relu6;FusedBatchNormV3;StatefulPartitionedCall/StatefulPartitionedCall/StatefulPartitionedCall_7/StatefulPartitionedCall/FusedBatchNormV3;FusedBatchNormV3;StatefulPartitionedCall/StatefulPartitionedCall/StatefulPartitionedCall_15/StatefulPartitionedCall/FusedBatchNormV3;depthwise;StatefulPartitionedCall/StatefulPartitionedCall/PartitionedCall_16/PartitionedCall/depthwise;depthwise;StatefulPartitionedCall/StatefulPartitionedCall/PartitionedCall_8/PartitionedCall/depthwise 
DepthwiseConv2D      Relu6                NPU                0             0.00          0              0.00          0          0          0          0           0          0           0.00       100.00 Relu6;StatefulPartitionedCall/StatefulPartitionedCall/PartitionedCall_9/PartitionedCall/Relu6;FusedBatchNormV3;StatefulPartitionedCall/StatefulPartitionedCall/StatefulPartitionedCall_7/StatefulPartitionedCall/FusedBatchNormV3;FusedBatchNormV3;StatefulPartitionedCall/StatefulPartitionedCall/StatefulPartitionedCall_15/StatefulPartitionedCall/FusedBatchNormV3;depthwise;StatefulPartitionedCall/StatefulPartitionedCall/PartitionedCall_16/PartitionedCall/depthwise;depthwise;StatefulPartitionedCall/StatefulPartitionedCall/PartitionedCall_8/PartitionedCall/depthwise 
Conv2D               Conv2D               NPU            59296            53.38      17473              8.03      17473       6045      10546          0           0    2450000          17.24        54.77 Relu6;StatefulPartitionedCall/StatefulPartitionedCall/PartitionedCall_11/PartitionedCall/Relu6;FusedBatchNormV3;StatefulPartitionedCall/StatefulPartitionedCall/StatefulPartitionedCall_9/StatefulPartitionedCall/FusedBatchNormV3;FusedBatchNormV3;StatefulPartitionedCall/StatefulPartitionedCall/StatefulPartitionedCall_15/StatefulPartitionedCall/FusedBatchNormV3;depthwise;StatefulPartitionedCall/StatefulPartitionedCall/PartitionedCall_16/PartitionedCall/depthwise;Conv2D;StatefulPartitionedCall/StatefulPartitionedCall/PartitionedCall_10/PartitionedCall/Conv2D 
Conv2D               Relu6                NPU                0             0.00          0              0.00          0          0          0          0           0          0           0.00       100.00 Relu6;StatefulPartitionedCall/StatefulPartitionedCall/PartitionedCall_11/PartitionedCall/Relu6;FusedBatchNormV3;StatefulPartitionedCall/StatefulPartitionedCall/StatefulPartitionedCall_9/StatefulPartitionedCall/FusedBatchNormV3;FusedBatchNormV3;StatefulPartitionedCall/StatefulPartitionedCall/StatefulPartitionedCall_15/StatefulPartitionedCall/FusedBatchNormV3;depthwise;StatefulPartitionedCall/StatefulPartitionedCall/PartitionedCall_16/PartitionedCall/depthwise;Conv2D;StatefulPartitionedCall/StatefulPartitionedCall/PartitionedCall_10/PartitionedCall/Conv2D 
DepthwiseConv2D      DepthwiseConv2D      NPU            36000            32.41       8600              3.95       8600       1125       3515          0           0     157500           1.11         7.15 Relu6;StatefulPartitionedCall/StatefulPartitionedCall/PartitionedCall_13/PartitionedCall/Relu6;FusedBatchNormV3;StatefulPartitionedCall/StatefulPartitionedCall/StatefulPartitionedCall_11/StatefulPartitionedCall/FusedBatchNormV3;FusedBatchNormV3;StatefulPartitionedCall/StatefulPartitionedCall/StatefulPartitionedCall_15/StatefulPartitionedCall/FusedBatchNormV3;depthwise;StatefulPartitionedCall/StatefulPartitionedCall/PartitionedCall_16/PartitionedCall/depthwise;depthwise;StatefulPartitionedCall/StatefulPartitionedCall/PartitionedCall_12/PartitionedCall/depthwise 
DepthwiseConv2D      Relu6                NPU                0             0.00          0              0.00          0          0          0          0           0          0           0.00       100.00 Relu6;StatefulPartitionedCall/StatefulPartitionedCall/PartitionedCall_13/PartitionedCall/Relu6;FusedBatchNormV3;StatefulPartitionedCall/StatefulPartitionedCall/StatefulPartitionedCall_11/StatefulPartitionedCall/FusedBatchNormV3;FusedBatchNormV3;StatefulPartitionedCall/StatefulPartitionedCall/StatefulPartitionedCall_15/StatefulPartitionedCall/FusedBatchNormV3;depthwise;StatefulPartitionedCall/StatefulPartitionedCall/PartitionedCall_16/PartitionedCall/depthwise;depthwise;StatefulPartitionedCall/StatefulPartitionedCall/PartitionedCall_12/PartitionedCall/depthwise 
Conv2D               Conv2D               NPU            59296            53.38      17473              8.03      17473       6045      10546          0           0    2450000          17.24        54.77 Relu6;StatefulPartitionedCall/StatefulPartitionedCall/PartitionedCall_15/PartitionedCall/Relu6;FusedBatchNormV3;StatefulPartitionedCall/StatefulPartitionedCall/StatefulPartitionedCall_13/StatefulPartitionedCall/FusedBatchNormV3;FusedBatchNormV3;StatefulPartitionedCall/StatefulPartitionedCall/StatefulPartitionedCall_15/StatefulPartitionedCall/FusedBatchNormV3;depthwise;StatefulPartitionedCall/StatefulPartitionedCall/PartitionedCall_16/PartitionedCall/depthwise;Conv2D;StatefulPartitionedCall/StatefulPartitionedCall/PartitionedCall_14/PartitionedCall/Conv2D 
Conv2D               Relu6                NPU                0             0.00          0              0.00          0          0          0          0           0          0           0.00       100.00 Relu6;StatefulPartitionedCall/StatefulPartitionedCall/PartitionedCall_15/PartitionedCall/Relu6;FusedBatchNormV3;StatefulPartitionedCall/StatefulPartitionedCall/StatefulPartitionedCall_13/StatefulPartitionedCall/FusedBatchNormV3;FusedBatchNormV3;StatefulPartitionedCall/StatefulPartitionedCall/StatefulPartitionedCall_15/StatefulPartitionedCall/FusedBatchNormV3;depthwise;StatefulPartitionedCall/StatefulPartitionedCall/PartitionedCall_16/PartitionedCall/depthwise;Conv2D;StatefulPartitionedCall/StatefulPartitionedCall/PartitionedCall_14/PartitionedCall/Conv2D 
DepthwiseConv2D      DepthwiseConv2D      NPU            36000            32.41       8600              3.95       8600       1125       3515          0           0     157500           1.11         7.15 Relu6;StatefulPartitionedCall/StatefulPartitionedCall/PartitionedCall_17/PartitionedCall/Relu6;FusedBatchNormV3;StatefulPartitionedCall/StatefulPartitionedCall/StatefulPartitionedCall_15/StatefulPartitionedCall/FusedBatchNormV3;depthwise;StatefulPartitionedCall/StatefulPartitionedCall/PartitionedCall_16/PartitionedCall/depthwise 
DepthwiseConv2D      Relu6                NPU                0             0.00          0              0.00          0          0          0          0           0          0           0.00       100.00 Relu6;StatefulPartitionedCall/StatefulPartitionedCall/PartitionedCall_17/PartitionedCall/Relu6;FusedBatchNormV3;StatefulPartitionedCall/StatefulPartitionedCall/StatefulPartitionedCall_15/StatefulPartitionedCall/FusedBatchNormV3;depthwise;StatefulPartitionedCall/StatefulPartitionedCall/PartitionedCall_16/PartitionedCall/depthwise 
Conv2D               Conv2D               NPU            50464            45.43      13729              6.31      13729       4763       8203          0           0    1960000          13.79        55.77 Relu6;StatefulPartitionedCall/StatefulPartitionedCall/PartitionedCall_19/PartitionedCall/Relu6;FusedBatchNormV3;StatefulPartitionedCall/StatefulPartitionedCall/StatefulPartitionedCall_17/StatefulPartitionedCall/FusedBatchNormV3;FusedBatchNormV3;StatefulPartitionedCall/StatefulPartitionedCall/StatefulPartitionedCall_19/StatefulPartitionedCall/FusedBatchNormV3;depthwise;StatefulPartitionedCall/StatefulPartitionedCall/PartitionedCall_20/PartitionedCall/depthwise;Conv2D;StatefulPartitionedCall/StatefulPartitionedCall/PartitionedCall_18/PartitionedCall/Conv2D 
Conv2D               Relu6                NPU                0             0.00          0              0.00          0          0          0          0           0          0           0.00       100.00 Relu6;StatefulPartitionedCall/StatefulPartitionedCall/PartitionedCall_19/PartitionedCall/Relu6;FusedBatchNormV3;StatefulPartitionedCall/StatefulPartitionedCall/StatefulPartitionedCall_17/StatefulPartitionedCall/FusedBatchNormV3;FusedBatchNormV3;StatefulPartitionedCall/StatefulPartitionedCall/StatefulPartitionedCall_19/StatefulPartitionedCall/FusedBatchNormV3;depthwise;StatefulPartitionedCall/StatefulPartitionedCall/PartitionedCall_20/PartitionedCall/depthwise;Conv2D;StatefulPartitionedCall/StatefulPartitionedCall/PartitionedCall_18/PartitionedCall/Conv2D 
DepthwiseConv2D      DepthwiseConv2D      NPU            28000            25.21       6800              3.13       6800        875       2734          0           0     126000           0.89         7.24 Relu6;StatefulPartitionedCall/StatefulPartitionedCall/PartitionedCall_21/PartitionedCall/Relu6;FusedBatchNormV3;StatefulPartitionedCall/StatefulPartitionedCall/StatefulPartitionedCall_19/StatefulPartitionedCall/FusedBatchNormV3;depthwise;StatefulPartitionedCall/StatefulPartitionedCall/PartitionedCall_20/PartitionedCall/depthwise 
DepthwiseConv2D      Relu6                NPU                0             0.00          0              0.00          0          0          0          0           0          0           0.00       100.00 Relu6;StatefulPartitionedCall/StatefulPartitionedCall/PartitionedCall_21/PartitionedCall/Relu6;FusedBatchNormV3;StatefulPartitionedCall/StatefulPartitionedCall/StatefulPartitionedCall_19/StatefulPartitionedCall/FusedBatchNormV3;depthwise;StatefulPartitionedCall/StatefulPartitionedCall/PartitionedCall_20/PartitionedCall/depthwise 
Conv2D               Conv2D               NPU            65744            59.18      16010              7.36      16010      11648      10156          0           0    2744000          19.31        66.95 Relu6;StatefulPartitionedCall/StatefulPartitionedCall/PartitionedCall_23/PartitionedCall/Relu6;FusedBatchNormV3;StatefulPartitionedCall/StatefulPartitionedCall/StatefulPartitionedCall_21/StatefulPartitionedCall/FusedBatchNormV3;Conv2D;StatefulPartitionedCall/StatefulPartitionedCall/PartitionedCall_22/PartitionedCall/Conv2D 
Conv2D               Relu6                NPU                0             0.00          0              0.00          0          0          0          0           0          0           0.00       100.00 Relu6;StatefulPartitionedCall/StatefulPartitionedCall/PartitionedCall_23/PartitionedCall/Relu6;FusedBatchNormV3;StatefulPartitionedCall/StatefulPartitionedCall/StatefulPartitionedCall_21/StatefulPartitionedCall/FusedBatchNormV3;Conv2D;StatefulPartitionedCall/StatefulPartitionedCall/PartitionedCall_22/PartitionedCall/Conv2D 
AvgPool              AvgPool              NPU            26208            23.59       7558              3.47       7558       1053          0          0           0      24500           0.17         1.27 AvgPool;StatefulPartitionedCall/StatefulPartitionedCall/PartitionedCall_24/PartitionedCall/AvgPool 
Conv2D               Conv2D               NPU              208             0.19        810              0.37        490          6        810          0           0       2352           0.02         1.13 Identity             

Network summary for kws_micronet_m
Accelerator configuration               Ethos_U85_256
System configuration             Ethos_U85_SYS_DRAM_Low
Memory mode                            Dedicated_Sram
Accelerator clock                                 500 MHz
Design peak SRAM bandwidth                      14.90 GB/s
Design peak DRAM bandwidth                       3.49 GB/s

Total SRAM used                                108.48 KiB
Total DRAM used                                137.98 KiB

CPU operators = 0 (0.0%)
NPU operators = 13 (100.0%)

Average SRAM bandwidth                           3.54 GB/s
Input   SRAM bandwidth                           0.83 MB/batch
Weight  SRAM bandwidth                           0.44 MB/batch
Output  SRAM bandwidth                           0.24 MB/batch
Total   SRAM bandwidth                           1.54 MB/batch
Total   SRAM bandwidth            per input      1.54 MB/inference (batch size 1)

Average DRAM bandwidth                           0.62 GB/s
Input   DRAM bandwidth                           0.14 MB/batch
Weight  DRAM bandwidth                           0.13 MB/batch
Output  DRAM bandwidth                           0.00 MB/batch
Total   DRAM bandwidth                           0.27 MB/batch
Total   DRAM bandwidth            per input      0.27 MB/inference (batch size 1)

Neural network macs                          14208852 MACs/batch

