Schedule: 'graph_MIN_BUFFERED'
	0: Operation FullyConnected  - OFM 1, 1, 1, 72
		Kernel: size=1,1 stride=1,1, dilation=1,1 padding=[t:0,l:0,b:0,r:0,n:0,f:0]
		Time index = 0
		Operator Config = OFM Block=[1, 1, 4, 72], IFM Block=[1, 1, 4, 64], OFM UBlock=[1, 4, 8] Traversal=DepthFirst, AccType=Acc32
		IFM Stripe   = [1, 1, 1, 24]
		IFM2 Stripe  = []
		OFM Stripe   = [1, 1, 1, 72]
		Assigned Cascade = 0
		Encoded Weights = 3104 bytes
		Weight buffer = 0 bytes
		Depth slices = [0, 72]
		sub-operations: -
		Estimated Perf: Macs=1728 Cycles=2037
		Memory Used: 80 bytes (op=80, buf=0, ccd=0, nl=0)
	1: Operation MemoryCopy  - OFM 1, 1, 1, 42
		Kernel: size=1,1 stride=1,1, dilation=1,1 padding=[t:0,l:0,b:0,r:0,n:0,f:0]
		Time index = 2
		Operator Config = OFM Block=[1, 1, 2, 48], IFM Block=[1, 1, 2, 48], OFM UBlock=[1, 2, 16] Traversal=DepthFirst, AccType=Acc32
		IFM Stripe   = [1, 1, 1, 42]
		IFM2 Stripe  = []
		OFM Stripe   = [1, 1, 1, 42]
		Assigned Cascade = 0
		sub-operations: -
		Estimated Perf: Macs=42 Cycles=422
		Memory Used: 128 bytes (op=48, buf=0, ccd=0, nl=80)
	2: Operation FullyConnected  - OFM 1, 1, 1, 24
		Kernel: size=1,1 stride=1,1, dilation=1,1 padding=[t:0,l:0,b:0,r:0,n:0,f:0]
		Time index = 4
		Operator Config = OFM Block=[1, 1, 4, 24], IFM Block=[1, 1, 4, 64], OFM UBlock=[1, 4, 8] Traversal=DepthFirst, AccType=Acc32
		IFM Stripe   = [1, 1, 1, 42]
		IFM2 Stripe  = []
		OFM Stripe   = [1, 1, 1, 24]
		Assigned Cascade = 0
		Encoded Weights = 1536 bytes
		Weight buffer = 0 bytes
		Depth slices = [0, 24]
		sub-operations: [ LUT ]
		Estimated Perf: Macs=1008 Cycles=801
		Memory Used: 160 bytes (op=32, buf=0, ccd=0, nl=128)
	3: Operation FullyConnected  - OFM 1, 1, 1, 72
		Kernel: size=1,1 stride=1,1, dilation=1,1 padding=[t:0,l:0,b:0,r:0,n:0,f:0]
		Time index = 6
		Operator Config = OFM Block=[1, 1, 4, 72], IFM Block=[1, 1, 4, 64], OFM UBlock=[1, 4, 8] Traversal=DepthFirst, AccType=Acc32
		IFM Stripe   = [1, 1, 1, 24]
		IFM2 Stripe  = []
		OFM Stripe   = [1, 1, 1, 72]
		Assigned Cascade = 0
		Encoded Weights = 3120 bytes
		Weight buffer = 0 bytes
		Depth slices = [0, 72]
		sub-operations: -
		Estimated Perf: Macs=1728 Cycles=2037
		Memory Used: 240 bytes (op=80, buf=0, ccd=0, nl=160)
	4: Operation Add  - OFM 1, 1, 1, 24
		Kernel: size=1,1 stride=1,1, dilation=1,1 padding=[t:0,l:0,b:0,r:0,n:0,f:0]
		Time index = 8
		Operator Config = OFM Block=[1, 64, 32], IFM Block=[1, 64, 32], OFM UBlock=[1, 2, 16] Traversal=DepthFirst, AccType=Acc32
		IFM Stripe   = [1, 1, 1, 24]
		IFM2 Stripe  = [1, 1, 1, 24]
		OFM Stripe   = [1, 1, 1, 24]
		Assigned Cascade = 0
		sub-operations: [ LUT Mul ]
		Estimated Perf: Macs=0 Cycles=16
		Memory Used: 272 bytes (op=32, buf=0, ccd=0, nl=240)
	5: Operation Add  - OFM 1, 1, 1, 24
		Kernel: size=1,1 stride=1,1, dilation=1,1 padding=[t:0,l:0,b:0,r:0,n:0,f:0]
		Time index = 10
		Operator Config = OFM Block=[1, 64, 32], IFM Block=[1, 64, 32], OFM UBlock=[1, 2, 16] Traversal=DepthFirst, AccType=Acc32
		IFM Stripe   = [1, 1, 1, 24]
		IFM2 Stripe  = [1, 1, 1, 24]
		OFM Stripe   = [1, 1, 1, 24]
		Assigned Cascade = 0
		sub-operations: [ LUT ]
		Estimated Perf: Macs=0 Cycles=8
		Memory Used: 272 bytes (op=0, buf=0, ccd=0, nl=272)
	6: Operation Add  - OFM 1, 1, 1, 24
		Kernel: size=1,1 stride=1,1, dilation=1,1 padding=[t:0,l:0,b:0,r:0,n:0,f:0]
		Time index = 12
		Operator Config = OFM Block=[1, 64, 32], IFM Block=[1, 64, 32], OFM UBlock=[1, 2, 16] Traversal=DepthFirst, AccType=Acc32
		IFM Stripe   = [1, 1, 1, 24]
		IFM2 Stripe  = [1, 1, 1, 24]
		OFM Stripe   = [1, 1, 1, 24]
		Assigned Cascade = 0
		sub-operations: [ LUT ]
		Estimated Perf: Macs=0 Cycles=8
		Memory Used: 272 bytes (op=0, buf=0, ccd=0, nl=272)
	7: Operation Sub  - OFM 1, 1, 1, 24
		Kernel: size=1,1 stride=1,1, dilation=1,1 padding=[t:0,l:0,b:0,r:0,n:0,f:0]
		Time index = 14
		Operator Config = OFM Block=[1, 64, 32], IFM Block=[1, 64, 32], OFM UBlock=[1, 2, 16] Traversal=DepthFirst, AccType=Acc32
		IFM Stripe   = [1, 1, 1, 24]
		IFM2 Stripe  = [1, 1, 1, 1]
		OFM Stripe   = [1, 1, 1, 24]
		Assigned Cascade = 0
		sub-operations: [ Mul ]
		Estimated Perf: Macs=0 Cycles=16
		Memory Used: 112 bytes (op=0, buf=0, ccd=0, nl=112)
	8: Operation Mul  - OFM 1, 1, 1, 24
		Kernel: size=1,1 stride=1,1, dilation=1,1 padding=[t:0,l:0,b:0,r:0,n:0,f:0]
		Time index = 16
		Operator Config = OFM Block=[1, 64, 32], IFM Block=[1, 64, 32], OFM UBlock=[1, 2, 16] Traversal=DepthFirst, AccType=Acc32
		IFM Stripe   = [1, 1, 1, 24]
		IFM2 Stripe  = [1, 1, 1, 24]
		OFM Stripe   = [1, 1, 1, 24]
		Assigned Cascade = 0
		sub-operations: [ Add ]
		Estimated Perf: Macs=0 Cycles=16
		Memory Used: 112 bytes (op=32, buf=0, ccd=0, nl=80)
	9: Operation MemoryCopy  - OFM 1, 1, 1, 24
		Kernel: size=1,1 stride=1,1, dilation=1,1 padding=[t:0,l:0,b:0,r:0,n:0,f:0]
		Time index = 18
		Operator Config = OFM Block=[1, 1, 2, 32], IFM Block=[1, 1, 2, 32], OFM UBlock=[1, 2, 16] Traversal=DepthFirst, AccType=Acc32
		IFM Stripe   = [1, 1, 1, 24]
		IFM2 Stripe  = []
		OFM Stripe   = [1, 1, 1, 24]
		Assigned Cascade = 0
		sub-operations: -
		Estimated Perf: Macs=24 Cycles=412
		Memory Used: 112 bytes (op=0, buf=0, ccd=0, nl=112)
	10: Operation MemoryCopy  - OFM 1, 1, 1, 24
		Kernel: size=1,1 stride=1,1, dilation=1,1 padding=[t:0,l:0,b:0,r:0,n:0,f:0]
		Time index = 20
		Operator Config = OFM Block=[1, 1, 2, 32], IFM Block=[1, 1, 2, 32], OFM UBlock=[1, 2, 16] Traversal=DepthFirst, AccType=Acc32
		IFM Stripe   = [1, 1, 1, 24]
		IFM2 Stripe  = []
		OFM Stripe   = [1, 1, 1, 24]
		Assigned Cascade = 0
		sub-operations: -
		Estimated Perf: Macs=24 Cycles=406
		Memory Used: 112 bytes (op=32, buf=0, ccd=0, nl=80)
	11: Operation FullyConnected  - OFM 1, 1, 1, 1
		Kernel: size=1,1 stride=1,1, dilation=1,1 padding=[t:0,l:0,b:0,r:0,n:0,f:0]
		Time index = 22
		Operator Config = OFM Block=[1, 1, 4, 16], IFM Block=[1, 1, 4, 64], OFM UBlock=[1, 4, 8] Traversal=DepthFirst, AccType=Acc32
		IFM Stripe   = [1, 1, 1, 24]
		IFM2 Stripe  = []
		OFM Stripe   = [1, 1, 1, 1]
		Assigned Cascade = 0
		Encoded Weights = 208 bytes
		Weight buffer = 0 bytes
		Depth slices = [0, 1]
		sub-operations: [ LUT ]
		Estimated Perf: Macs=24 Cycles=405
		Memory Used: 112 bytes (op=0, buf=0, ccd=0, nl=112)
	12: Operation FullyConnected  - OFM 1, 1, 1, 144
		Kernel: size=1,1 stride=1,1, dilation=1,1 padding=[t:0,l:0,b:0,r:0,n:0,f:0]
		Time index = 24
		Operator Config = OFM Block=[1, 1, 4, 144], IFM Block=[1, 1, 4, 64], OFM UBlock=[1, 4, 8] Traversal=DepthFirst, AccType=Acc32
		IFM Stripe   = [1, 1, 1, 48]
		IFM2 Stripe  = []
		OFM Stripe   = [1, 1, 1, 144]
		Assigned Cascade = 0
		Encoded Weights = 9472 bytes
		Weight buffer = 0 bytes
		Depth slices = [0, 144]
		sub-operations: -
		Estimated Perf: Macs=6912 Cycles=3888
		Memory Used: 256 bytes (op=144, buf=0, ccd=0, nl=112)
	13: Operation MemoryCopy  - OFM 1, 1, 1, 90
		Kernel: size=1,1 stride=1,1, dilation=1,1 padding=[t:0,l:0,b:0,r:0,n:0,f:0]
		Time index = 26
		Operator Config = OFM Block=[1, 1, 2, 48], IFM Block=[1, 1, 2, 48], OFM UBlock=[1, 2, 16] Traversal=DepthFirst, AccType=Acc32
		IFM Stripe   = [1, 1, 1, 42]
		IFM2 Stripe  = []
		OFM Stripe   = [1, 1, 1, 42]
		Assigned Cascade = 0
		sub-operations: -
		Estimated Perf: Macs=42 Cycles=437
		Memory Used: 352 bytes (op=96, buf=0, ccd=0, nl=256)
	14: Operation Quantize  - OFM 1, 1, 1, 24
		Kernel: size=1,1 stride=1,1, dilation=1,1 padding=[t:0,l:0,b:0,r:0,n:0,f:0]
		Time index = 28
		Operator Config = OFM Block=[1, 2, 32], IFM Block=[1, 1, 2, 32], OFM UBlock=[1, 2, 16] Traversal=DepthFirst, AccType=Acc32
		IFM Stripe   = [1, 1, 1, 24]
		IFM2 Stripe  = []
		OFM Stripe   = [1, 1, 1, 24]
		Assigned Cascade = 0
		sub-operations: -
		Estimated Perf: Macs=24 Cycles=406
		Memory Used: 384 bytes (op=32, buf=0, ccd=0, nl=352)
	15: Operation MemoryCopy  - OFM 1, 1, 1, 90
		Kernel: size=1,1 stride=1,1, dilation=1,1 padding=[t:0,l:0,b:0,r:0,n:0,f:0]
		Time index = 30
		Operator Config = OFM Block=[1, 1, 2, 32], IFM Block=[1, 1, 2, 32], OFM UBlock=[1, 2, 16] Traversal=DepthFirst, AccType=Acc32
		IFM Stripe   = [1, 1, 1, 24]
		IFM2 Stripe  = []
		OFM Stripe   = [1, 1, 1, 24]
		Assigned Cascade = 0
		sub-operations: -
		Estimated Perf: Macs=24 Cycles=412
		Memory Used: 384 bytes (op=0, buf=0, ccd=0, nl=384)
	16: Operation Quantize  - OFM 1, 1, 1, 24
		Kernel: size=1,1 stride=1,1, dilation=1,1 padding=[t:0,l:0,b:0,r:0,n:0,f:0]
		Time index = 32
		Operator Config = OFM Block=[1, 2, 32], IFM Block=[1, 1, 2, 32], OFM UBlock=[1, 2, 16] Traversal=DepthFirst, AccType=Acc32
		IFM Stripe   = [1, 1, 1, 24]
		IFM2 Stripe  = []
		OFM Stripe   = [1, 1, 1, 24]
		Assigned Cascade = 0
		sub-operations: -
		Estimated Perf: Macs=24 Cycles=406
		Memory Used: 384 bytes (op=32, buf=0, ccd=0, nl=352)
	17: Operation MemoryCopy  - OFM 1, 1, 1, 90
		Kernel: size=1,1 stride=1,1, dilation=1,1 padding=[t:0,l:0,b:0,r:0,n:0,f:0]
		Time index = 34
		Operator Config = OFM Block=[1, 1, 2, 32], IFM Block=[1, 1, 2, 32], OFM UBlock=[1, 2, 16] Traversal=DepthFirst, AccType=Acc32
		IFM Stripe   = [1, 1, 1, 24]
		IFM2 Stripe  = []
		OFM Stripe   = [1, 1, 1, 24]
		Assigned Cascade = 0
		sub-operations: -
		Estimated Perf: Macs=24 Cycles=412
		Memory Used: 352 bytes (op=0, buf=0, ccd=0, nl=352)
	18: Operation FullyConnected  - OFM 1, 1, 1, 144
		Kernel: size=1,1 stride=1,1, dilation=1,1 padding=[t:0,l:0,b:0,r:0,n:0,f:0]
		Time index = 36
		Operator Config = OFM Block=[1, 1, 4, 144], IFM Block=[1, 1, 4, 64], OFM UBlock=[1, 4, 8] Traversal=DepthFirst, AccType=Acc32
		IFM Stripe   = [1, 1, 1, 90]
		IFM2 Stripe  = []
		OFM Stripe   = [1, 1, 1, 144]
		Assigned Cascade = 0
		Encoded Weights = 16592 bytes
		Weight buffer = 0 bytes
		Depth slices = [0, 144]
		sub-operations: -
		Estimated Perf: Macs=12960 Cycles=4033
		Memory Used: 464 bytes (op=144, buf=0, ccd=0, nl=320)
	19: Operation Add  - OFM 1, 1, 1, 48
		Kernel: size=1,1 stride=1,1, dilation=1,1 padding=[t:0,l:0,b:0,r:0,n:0,f:0]
		Time index = 38
		Operator Config = OFM Block=[1, 42, 48], IFM Block=[1, 42, 48], OFM UBlock=[1, 2, 16] Traversal=DepthFirst, AccType=Acc32
		IFM Stripe   = [1, 1, 1, 48]
		IFM2 Stripe  = [1, 1, 1, 48]
		OFM Stripe   = [1, 1, 1, 48]
		Assigned Cascade = 0
		sub-operations: [ LUT Mul ]
		Estimated Perf: Macs=0 Cycles=24
		Memory Used: 416 bytes (op=48, buf=0, ccd=0, nl=368)
	20: Operation Add  - OFM 1, 1, 1, 48
		Kernel: size=1,1 stride=1,1, dilation=1,1 padding=[t:0,l:0,b:0,r:0,n:0,f:0]
		Time index = 40
		Operator Config = OFM Block=[1, 42, 48], IFM Block=[1, 42, 48], OFM UBlock=[1, 2, 16] Traversal=DepthFirst, AccType=Acc32
		IFM Stripe   = [1, 1, 1, 48]
		IFM2 Stripe  = [1, 1, 1, 48]
		OFM Stripe   = [1, 1, 1, 48]
		Assigned Cascade = 0
		sub-operations: [ Relu ]
		Estimated Perf: Macs=0 Cycles=12
		Memory Used: 416 bytes (op=0, buf=0, ccd=0, nl=416)
	21: Operation Add  - OFM 1, 1, 1, 48
		Kernel: size=1,1 stride=1,1, dilation=1,1 padding=[t:0,l:0,b:0,r:0,n:0,f:0]
		Time index = 42
		Operator Config = OFM Block=[1, 42, 48], IFM Block=[1, 42, 48], OFM UBlock=[1, 2, 16] Traversal=DepthFirst, AccType=Acc32
		IFM Stripe   = [1, 1, 1, 48]
		IFM2 Stripe  = [1, 1, 1, 48]
		OFM Stripe   = [1, 1, 1, 48]
		Assigned Cascade = 0
		sub-operations: [ LUT ]
		Estimated Perf: Macs=0 Cycles=12
		Memory Used: 416 bytes (op=0, buf=0, ccd=0, nl=416)
	22: Operation Sub  - OFM 1, 1, 1, 48
		Kernel: size=1,1 stride=1,1, dilation=1,1 padding=[t:0,l:0,b:0,r:0,n:0,f:0]
		Time index = 44
		Operator Config = OFM Block=[1, 42, 48], IFM Block=[1, 42, 48], OFM UBlock=[1, 2, 16] Traversal=DepthFirst, AccType=Acc32
		IFM Stripe   = [1, 1, 1, 48]
		IFM2 Stripe  = [1, 1, 1, 1]
		OFM Stripe   = [1, 1, 1, 48]
		Assigned Cascade = 0
		sub-operations: [ Mul ]
		Estimated Perf: Macs=0 Cycles=24
		Memory Used: 128 bytes (op=0, buf=0, ccd=0, nl=128)
	23: Operation Mul  - OFM 1, 1, 1, 48
		Kernel: size=1,1 stride=1,1, dilation=1,1 padding=[t:0,l:0,b:0,r:0,n:0,f:0]
		Time index = 46
		Operator Config = OFM Block=[1, 42, 48], IFM Block=[1, 42, 48], OFM UBlock=[1, 2, 16] Traversal=DepthFirst, AccType=Acc32
		IFM Stripe   = [1, 1, 1, 48]
		IFM2 Stripe  = [1, 1, 1, 48]
		OFM Stripe   = [1, 1, 1, 48]
		Assigned Cascade = 0
		sub-operations: [ Add ]
		Estimated Perf: Macs=0 Cycles=24
		Memory Used: 128 bytes (op=48, buf=0, ccd=0, nl=80)
	24: Operation MemoryCopy  - OFM 1, 1, 1, 48
		Kernel: size=1,1 stride=1,1, dilation=1,1 padding=[t:0,l:0,b:0,r:0,n:0,f:0]
		Time index = 48
		Operator Config = OFM Block=[1, 1, 2, 48], IFM Block=[1, 1, 2, 48], OFM UBlock=[1, 2, 16] Traversal=DepthFirst, AccType=Acc32
		IFM Stripe   = [1, 1, 1, 48]
		IFM2 Stripe  = []
		OFM Stripe   = [1, 1, 1, 48]
		Assigned Cascade = 0
		sub-operations: -
		Estimated Perf: Macs=48 Cycles=443
		Memory Used: 128 bytes (op=0, buf=0, ccd=0, nl=128)
	25: Operation FullyConnected  - OFM 1, 1, 1, 288
		Kernel: size=1,1 stride=1,1, dilation=1,1 padding=[t:0,l:0,b:0,r:0,n:0,f:0]
		Time index = 50
		Operator Config = OFM Block=[1, 1, 4, 288], IFM Block=[1, 1, 4, 64], OFM UBlock=[1, 4, 8] Traversal=DepthFirst, AccType=Acc32
		IFM Stripe   = [1, 1, 1, 96]
		IFM2 Stripe  = []
		OFM Stripe   = [1, 1, 1, 288]
		Assigned Cascade = 0
		Encoded Weights = 34992 bytes
		Weight buffer = 0 bytes
		Depth slices = [0, 288]
		sub-operations: -
		Estimated Perf: Macs=27648 Cycles=7929
		Memory Used: 368 bytes (op=288, buf=0, ccd=0, nl=80)
	26: Operation MemoryCopy  - OFM 1, 1, 1, 114
		Kernel: size=1,1 stride=1,1, dilation=1,1 padding=[t:0,l:0,b:0,r:0,n:0,f:0]
		Time index = 52
		Operator Config = OFM Block=[1, 1, 2, 48], IFM Block=[1, 1, 2, 48], OFM UBlock=[1, 2, 16] Traversal=DepthFirst, AccType=Acc32
		IFM Stripe   = [1, 1, 1, 42]
		IFM2 Stripe  = []
		OFM Stripe   = [1, 1, 1, 42]
		Assigned Cascade = 0
		sub-operations: -
		Estimated Perf: Macs=42 Cycles=437
		Memory Used: 496 bytes (op=128, buf=0, ccd=0, nl=368)
	27: Operation Quantize  - OFM 1, 1, 1, 48
		Kernel: size=1,1 stride=1,1, dilation=1,1 padding=[t:0,l:0,b:0,r:0,n:0,f:0]
		Time index = 54
		Operator Config = OFM Block=[1, 2, 48], IFM Block=[1, 1, 2, 64], OFM UBlock=[1, 2, 16] Traversal=DepthFirst, AccType=Acc32
		IFM Stripe   = [1, 1, 1, 48]
		IFM2 Stripe  = []
		OFM Stripe   = [1, 1, 1, 48]
		Assigned Cascade = 0
		sub-operations: -
		Estimated Perf: Macs=48 Cycles=423
		Memory Used: 496 bytes (op=48, buf=0, ccd=0, nl=448)
	28: Operation MemoryCopy  - OFM 1, 1, 1, 114
		Kernel: size=1,1 stride=1,1, dilation=1,1 padding=[t:0,l:0,b:0,r:0,n:0,f:0]
		Time index = 56
		Operator Config = OFM Block=[1, 1, 2, 48], IFM Block=[1, 1, 2, 48], OFM UBlock=[1, 2, 16] Traversal=DepthFirst, AccType=Acc32
		IFM Stripe   = [1, 1, 1, 48]
		IFM2 Stripe  = []
		OFM Stripe   = [1, 1, 1, 48]
		Assigned Cascade = 0
		sub-operations: -
		Estimated Perf: Macs=48 Cycles=443
		Memory Used: 496 bytes (op=0, buf=0, ccd=0, nl=496)
	29: Operation Quantize  - OFM 1, 1, 1, 24
		Kernel: size=1,1 stride=1,1, dilation=1,1 padding=[t:0,l:0,b:0,r:0,n:0,f:0]
		Time index = 58
		Operator Config = OFM Block=[1, 2, 32], IFM Block=[1, 1, 2, 32], OFM UBlock=[1, 2, 16] Traversal=DepthFirst, AccType=Acc32
		IFM Stripe   = [1, 1, 1, 24]
		IFM2 Stripe  = []
		OFM Stripe   = [1, 1, 1, 24]
		Assigned Cascade = 0
		sub-operations: -
		Estimated Perf: Macs=24 Cycles=406
		Memory Used: 480 bytes (op=32, buf=0, ccd=0, nl=448)
	30: Operation MemoryCopy  - OFM 1, 1, 1, 114
		Kernel: size=1,1 stride=1,1, dilation=1,1 padding=[t:0,l:0,b:0,r:0,n:0,f:0]
		Time index = 60
		Operator Config = OFM Block=[1, 1, 2, 32], IFM Block=[1, 1, 2, 32], OFM UBlock=[1, 2, 16] Traversal=DepthFirst, AccType=Acc32
		IFM Stripe   = [1, 1, 1, 24]
		IFM2 Stripe  = []
		OFM Stripe   = [1, 1, 1, 24]
		Assigned Cascade = 0
		sub-operations: -
		Estimated Perf: Macs=24 Cycles=412
		Memory Used: 448 bytes (op=0, buf=0, ccd=0, nl=448)
	31: Operation FullyConnected  - OFM 1, 1, 1, 288
		Kernel: size=1,1 stride=1,1, dilation=1,1 padding=[t:0,l:0,b:0,r:0,n:0,f:0]
		Time index = 62
		Operator Config = OFM Block=[1, 1, 4, 288], IFM Block=[1, 1, 4, 64], OFM UBlock=[1, 4, 8] Traversal=DepthFirst, AccType=Acc32
		IFM Stripe   = [1, 1, 1, 114]
		IFM2 Stripe  = []
		OFM Stripe   = [1, 1, 1, 288]
		Assigned Cascade = 0
		Encoded Weights = 39776 bytes
		Weight buffer = 0 bytes
		Depth slices = [0, 288]
		sub-operations: -
		Estimated Perf: Macs=32832 Cycles=7929
		Memory Used: 704 bytes (op=288, buf=0, ccd=0, nl=416)
	32: Operation Add  - OFM 1, 1, 1, 96
		Kernel: size=1,1 stride=1,1, dilation=1,1 padding=[t:0,l:0,b:0,r:0,n:0,f:0]
		Time index = 64
		Operator Config = OFM Block=[1, 22, 96], IFM Block=[1, 22, 96], OFM UBlock=[1, 2, 16] Traversal=DepthFirst, AccType=Acc32
		IFM Stripe   = [1, 1, 1, 96]
		IFM2 Stripe  = [1, 1, 1, 96]
		OFM Stripe   = [1, 1, 1, 96]
		Assigned Cascade = 0
		sub-operations: [ LUT Mul ]
		Estimated Perf: Macs=0 Cycles=48
		Memory Used: 672 bytes (op=96, buf=0, ccd=0, nl=576)
	33: Operation Add  - OFM 1, 1, 1, 96
		Kernel: size=1,1 stride=1,1, dilation=1,1 padding=[t:0,l:0,b:0,r:0,n:0,f:0]
		Time index = 66
		Operator Config = OFM Block=[1, 22, 96], IFM Block=[1, 22, 96], OFM UBlock=[1, 2, 16] Traversal=DepthFirst, AccType=Acc32
		IFM Stripe   = [1, 1, 1, 96]
		IFM2 Stripe  = [1, 1, 1, 96]
		OFM Stripe   = [1, 1, 1, 96]
		Assigned Cascade = 0
		sub-operations: [ LUT ]
		Estimated Perf: Macs=0 Cycles=24
		Memory Used: 672 bytes (op=0, buf=0, ccd=0, nl=672)
	34: Operation Add  - OFM 1, 1, 1, 96
		Kernel: size=1,1 stride=1,1, dilation=1,1 padding=[t:0,l:0,b:0,r:0,n:0,f:0]
		Time index = 68
		Operator Config = OFM Block=[1, 22, 96], IFM Block=[1, 22, 96], OFM UBlock=[1, 2, 16] Traversal=DepthFirst, AccType=Acc32
		IFM Stripe   = [1, 1, 1, 96]
		IFM2 Stripe  = [1, 1, 1, 96]
		OFM Stripe   = [1, 1, 1, 96]
		Assigned Cascade = 0
		sub-operations: [ LUT ]
		Estimated Perf: Macs=0 Cycles=24
		Memory Used: 672 bytes (op=0, buf=0, ccd=0, nl=672)
	35: Operation Sub  - OFM 1, 1, 1, 96
		Kernel: size=1,1 stride=1,1, dilation=1,1 padding=[t:0,l:0,b:0,r:0,n:0,f:0]
		Time index = 70
		Operator Config = OFM Block=[1, 22, 96], IFM Block=[1, 22, 96], OFM UBlock=[1, 2, 16] Traversal=DepthFirst, AccType=Acc32
		IFM Stripe   = [1, 1, 1, 96]
		IFM2 Stripe  = [1, 1, 1, 1]
		OFM Stripe   = [1, 1, 1, 96]
		Assigned Cascade = 0
		sub-operations: [ Mul ]
		Estimated Perf: Macs=0 Cycles=48
		Memory Used: 96 bytes (op=0, buf=0, ccd=0, nl=96)
	36: Operation Mul  - OFM 1, 1, 1, 96
		Kernel: size=1,1 stride=1,1, dilation=1,1 padding=[t:0,l:0,b:0,r:0,n:0,f:0]
		Time index = 72
		Operator Config = OFM Block=[1, 22, 96], IFM Block=[1, 22, 96], OFM UBlock=[1, 2, 16] Traversal=DepthFirst, AccType=Acc32
		IFM Stripe   = [1, 1, 1, 96]
		IFM2 Stripe  = [1, 1, 1, 96]
		OFM Stripe   = [1, 1, 1, 96]
		Assigned Cascade = 0
		sub-operations: [ Add ]
		Estimated Perf: Macs=0 Cycles=48
		Memory Used: 96 bytes (op=96, buf=0, ccd=0, nl=0)
	37: Operation MemoryCopy  - OFM 1, 1, 1, 96
		Kernel: size=1,1 stride=1,1, dilation=1,1 padding=[t:0,l:0,b:0,r:0,n:0,f:0]
		Time index = 74
		Operator Config = OFM Block=[1, 1, 2, 96], IFM Block=[1, 1, 2, 96], OFM UBlock=[1, 2, 16] Traversal=DepthFirst, AccType=Acc32
		IFM Stripe   = [1, 1, 1, 96]
		IFM2 Stripe  = []
		OFM Stripe   = [1, 1, 1, 96]
		Assigned Cascade = 0
		sub-operations: -
		Estimated Perf: Macs=96 Cycles=511
		Memory Used: 96 bytes (op=0, buf=0, ccd=0, nl=96)
	38: Operation FullyConnected  - OFM 1, 1, 1, 22
		Kernel: size=1,1 stride=1,1, dilation=1,1 padding=[t:0,l:0,b:0,r:0,n:0,f:0]
		Time index = 76
		Operator Config = OFM Block=[1, 1, 4, 24], IFM Block=[1, 1, 4, 64], OFM UBlock=[1, 4, 8] Traversal=DepthFirst, AccType=Acc32
		IFM Stripe   = [1, 1, 1, 96]
		IFM2 Stripe  = []
		OFM Stripe   = [1, 1, 1, 22]
		Assigned Cascade = 0
		Encoded Weights = 2800 bytes
		Weight buffer = 0 bytes
		Depth slices = [0, 22]
		sub-operations: [ LUT ]
		Estimated Perf: Macs=2112 Cycles=782
		Memory Used: 0 bytes (op=0, buf=0, ccd=0, nl=0)
	Cascades:

################################################################################
Performance for NPU Grap /work/u85mech/pd/rnnoise_INT8__256_Low/vela_verbose/rnnoise_INT8
Original Operator    NNG Operator         Target Staging Usage  Peak% (Staging)  Op Cycles Network% (cycles)        NPU    SRAM AC    DRAM AC OnFlash AC OffFlash AC  MAC Count Network% (MAC)  Util% (MAC) Name                 
-------------------- -------------------- ------ ------------- ---------------- ---------- ----------------- ---------- ---------- ---------- ---------- ----------- ---------- -------------- ------------ -------------------- 
FullyConnected       FullyConnected       NPU               80            11.36       1962              5.19       1962          9       1953          0           0       1728           1.97         0.34 MatMul_1;model_1/vad_gru/gru_cell_3/StatefulPartitionedCall/MatMul_1;BiasAdd_1;model_1/vad_gru/gru_cell_3/StatefulPartitionedCall/BiasAdd_1 
Reshape              MemoryCopy           NPU              128            18.18        295              0.78        295          3         34          0           0         42           0.05         0.06 main_input_int8_copy 
FullyConnected       FullyConnected       NPU              160            22.73        781              2.06        618          2        781          0           0       1008           1.15         0.50 Tanh;model_1/fc1/StatefulPartitionedCall/Tanh;BiasAdd;model_1/fc1/StatefulPartitionedCall/BiasAdd;Tensordot/shape;model_1/fc1/StatefulPartitionedCall/Tensordot/shape;Tensordot;model_1/fc1/StatefulPartitionedCall/Tensordot;model_1/fc1/1869 
Tanh                 LUT                  NPU                0             0.00          0              0.00          0          0          0          0           0          0           0.00       100.00 Tanh;model_1/fc1/StatefulPartitionedCall/Tanh;BiasAdd;model_1/fc1/StatefulPartitionedCall/BiasAdd;Tensordot/shape;model_1/fc1/StatefulPartitionedCall/Tensordot/shape;Tensordot;model_1/fc1/StatefulPartitionedCall/Tensordot;model_1/fc1/1869 
FullyConnected       FullyConnected       NPU              240            34.09       1953              5.16       1840         10       1953          0           0       1728           1.97         0.35 MatMul;model_1/vad_gru/gru_cell_3/StatefulPartitionedCall/MatMul;BiasAdd;model_1/vad_gru/gru_cell_3/StatefulPartitionedCall/BiasAdd 
Add                  Add                  NPU              272            38.64         16              0.04         16          4          0          0           0          0           0.00         0.00 Sigmoid_1;model_1/vad_gru/gru_cell_3/StatefulPartitionedCall/Sigmoid_1 
Sigmoid              LUT                  NPU                0             0.00          0              0.00          0          0          0          0           0          0           0.00       100.00 Sigmoid_1;model_1/vad_gru/gru_cell_3/StatefulPartitionedCall/Sigmoid_1 
Mul                  Mul                  NPU                0             0.00          0              0.00          0          0          0          0           0          0           0.00       100.00 mul;model_1/vad_gru/gru_cell_3/StatefulPartitionedCall/mul 
Add                  Add                  NPU              272            38.64          8              0.02          8          3          0          0           0          0           0.00         0.00 Tanh;model_1/vad_gru/gru_cell_3/StatefulPartitionedCall/Tanh 
Tanh                 LUT                  NPU                0             0.00          0              0.00          0          0          0          0           0          0           0.00       100.00 Tanh;model_1/vad_gru/gru_cell_3/StatefulPartitionedCall/Tanh 
Add                  Add                  NPU              272            38.64          8              0.02          8          3          8          0           0          0           0.00         0.00 Sigmoid;model_1/vad_gru/gru_cell_3/StatefulPartitionedCall/Sigmoid 
Sigmoid              LUT                  NPU                0             0.00          0              0.00          0          0          0          0           0          0           0.00       100.00 Sigmoid;model_1/vad_gru/gru_cell_3/StatefulPartitionedCall/Sigmoid 
Sub                  Sub                  NPU              112            15.91         16              0.04         16          1          9          0           0          0           0.00         0.00 sub;model_1/vad_gru/gru_cell_3/StatefulPartitionedCall/sub 
Mul                  Mul                  NPU                0             0.00          0              0.00          0          0          0          0           0          0           0.00       100.00 mul_2;model_1/vad_gru/gru_cell_3/StatefulPartitionedCall/mul_2 
Mul                  Mul                  NPU              112            15.91         72              0.19         16          0         72          0           0          0           0.00         0.00 mul_1;model_1/vad_gru/gru_cell_3/StatefulPartitionedCall/mul_1 
Add                  Add                  NPU                0             0.00          0              0.00          0          0          0          0           0          0           0.00       100.00 add_3;model_1/vad_gru/gru_cell_3/StatefulPartitionedCall/add_3 
Pack                 MemoryCopy           NPU              112            15.91        165              0.44        165          2         48          0           0         24           0.03         0.06 Identity_3_int8      
Reshape              MemoryCopy           NPU              112            15.91        283              0.75        283          2         29          0           0         24           0.03         0.03 Identity_3_int8_copy 
FullyConnected       FullyConnected       NPU              112            15.91        390              1.03        160          1        390          0           0         24           0.03         0.02 Identity_4_int8      
Sigmoid              LUT                  NPU                0             0.00          0              0.00          0          0          0          0           0          0           0.00       100.00 Identity_4_int8      
FullyConnected       FullyConnected       NPU              256            36.36       3796             10.03       3796         18       3515          0           0       6912           7.90         0.71 model_1/noise_gru/gru_cell_4/MatMul_1;model_1/noise_gru/gru_cell_4/BiasAdd_1 
Concat               MemoryCopy           NPU              352            50.00         72              0.19         72          8          0          0           0         42           0.05         0.23 model_1/concatenate_2/concat 
Quantize             Quantize             NPU              384            54.55         50              0.13         50          4          0          0           0         24           0.03         0.19 Identity_3_requantized 
Concat               MemoryCopy           NPU              384            54.55         50              0.13         50          5          0          0           0         24           0.03         0.19 model_1/concatenate_2/concat 
Quantize             Quantize             NPU              384            54.55         50              0.13         50          4          0          0           0         24           0.03         0.19 Tanh;model_1/fc1/StatefulPartitionedCall/Tanh;BiasAdd;model_1/fc1/StatefulPartitionedCall/BiasAdd;Tensordot/shape;model_1/fc1/StatefulPartitionedCall/Tensordot/shape;Tensordot;model_1/fc1/StatefulPartitionedCall/Tensordot;model_1/fc1/18691_requantized 
Concat               MemoryCopy           NPU              352            50.00         50              0.13         50          5          0          0           0         24           0.03         0.19 model_1/concatenate_2/concat 
FullyConnected       FullyConnected       NPU              464            65.91       4624             12.22       3964         20       4624          0           0      12960          14.81         1.09 model_1/noise_gru/gru_cell_4/MatMul;model_1/noise_gru/gru_cell_4/BiasAdd 
Add                  Add                  NPU              416            59.09         24              0.06         24          4          0          0           0          0           0.00         0.00 model_1/noise_gru/gru_cell_4/Sigmoid_1 
Sigmoid              LUT                  NPU                0             0.00          0              0.00          0          0          0          0           0          0           0.00       100.00 model_1/noise_gru/gru_cell_4/Sigmoid_1 
Mul                  Mul                  NPU                0             0.00          0              0.00          0          0          0          0           0          0           0.00       100.00 model_1/noise_gru/gru_cell_4/mul 
Add                  Add                  NPU              416            59.09         12              0.03         12          4          0          0           0          0           0.00         0.00 model_1/noise_gru/gru_cell_4/Relu;model_1/noise_gru/gru_cell_4/add_2 
Add                  Relu                 NPU                0             0.00          0              0.00          0          0          0          0           0          0           0.00       100.00 model_1/noise_gru/gru_cell_4/Relu;model_1/noise_gru/gru_cell_4/add_2 
Add                  Add                  NPU              416            59.09         12              0.03         12          3         12          0           0          0           0.00         0.00 model_1/noise_gru/gru_cell_4/Sigmoid 
Sigmoid              LUT                  NPU                0             0.00          0              0.00          0          0          0          0           0          0           0.00       100.00 model_1/noise_gru/gru_cell_4/Sigmoid 
Sub                  Sub                  NPU              128            18.18         24              0.06         24          1         18          0           0          0           0.00         0.00 model_1/noise_gru/gru_cell_4/sub 
Mul                  Mul                  NPU                0             0.00          0              0.00          0          0          0          0           0          0           0.00       100.00 model_1/noise_gru/gru_cell_4/mul_2 
Mul                  Mul                  NPU              128            18.18         54              0.14         24          0         54          0           0          0           0.00         0.00 model_1/noise_gru/gru_cell_4/mul_1 
Add                  Add                  NPU                0             0.00          0              0.00          0          0          0          0           0          0           0.00       100.00 model_1/noise_gru/gru_cell_4/add_3 
Pack                 MemoryCopy           NPU              128            18.18        190              0.50        190          3         97          0           0         48           0.05         0.10 Identity_2_int8      
FullyConnected       FullyConnected       NPU              368            52.27       9799             25.90       7929         36       9799          0           0      27648          31.59         1.10 model_1/denoise_gru/gru_cell_5/MatMul_1;model_1/denoise_gru/gru_cell_5/BiasAdd_1 
Concat               MemoryCopy           NPU              496            70.45         72              0.19         72          8          0          0           0         42           0.05         0.23 model_1/concatenate_3/concat 
Quantize             Quantize             NPU              496            70.45        295              0.78        295          3         29          0           0         48           0.05         0.06 Identity_2_requantized 
Concat               MemoryCopy           NPU              496            70.45         73              0.19         73          9          0          0           0         48           0.05         0.26 model_1/concatenate_3/concat 
Quantize             Quantize             NPU              480            68.18         50              0.13         50          4          0          0           0         24           0.03         0.19 Identity_3_requantized 
Concat               MemoryCopy           NPU              448            63.64         50              0.13         50          5          0          0           0         24           0.03         0.19 model_1/concatenate_3/concat 
FullyConnected       FullyConnected       NPU              704           100.00      11259             29.76       7929         39      11259          0           0      32832          37.52         1.14 model_1/denoise_gru/gru_cell_5/MatMul;model_1/denoise_gru/gru_cell_5/BiasAdd 
Add                  Add                  NPU              672            95.45         48              0.13         48          9          0          0           0          0           0.00         0.00 model_1/denoise_gru/gru_cell_5/Sigmoid_1 
Sigmoid              LUT                  NPU                0             0.00          0              0.00          0          0          0          0           0          0           0.00       100.00 model_1/denoise_gru/gru_cell_5/Sigmoid_1 
Mul                  Mul                  NPU                0             0.00          0              0.00          0          0          0          0           0          0           0.00       100.00 model_1/denoise_gru/gru_cell_5/mul 
Add                  Add                  NPU              672            95.45         24              0.06         24          9          0          0           0          0           0.00         0.00 model_1/denoise_gru/gru_cell_5/Tanh 
Tanh                 LUT                  NPU                0             0.00          0              0.00          0          0          0          0           0          0           0.00       100.00 model_1/denoise_gru/gru_cell_5/Tanh 
Add                  Add                  NPU              672            95.45         24              0.06         24          6         24          0           0          0           0.00         0.00 model_1/denoise_gru/gru_cell_5/Sigmoid 
Sigmoid              LUT                  NPU                0             0.00          0              0.00          0          0          0          0           0          0           0.00       100.00 model_1/denoise_gru/gru_cell_5/Sigmoid 
Sub                  Sub                  NPU               96            13.64         48              0.13         48          3         36          0           0          0           0.00         0.00 model_1/denoise_gru/gru_cell_5/sub 
Mul                  Mul                  NPU                0             0.00          0              0.00          0          0          0          0           0          0           0.00       100.00 model_1/denoise_gru/gru_cell_5/mul_2 
Mul                  Mul                  NPU               96            13.64        108              0.29         48          0        108          0           0          0           0.00         0.00 model_1/denoise_gru/gru_cell_5/mul_1 
Add                  Add                  NPU                0             0.00          0              0.00          0          0          0          0           0          0           0.00       100.00 model_1/denoise_gru/gru_cell_5/add_3 
Pack                 MemoryCopy           NPU               96            13.64        247              0.65        247          6        195          0           0         96           0.11         0.15 Identity_int8        
FullyConnected       FullyConnected       NPU                0             0.00        782              2.07        782          0        781          0           0       2112           2.41         1.05 Identity_1_int8      
Sigmoid              LUT                  NPU                0             0.00          0              0.00          0          0          0          0           0          0           0.00       100.00 Identity_1_int8      

Network summary for rnnoise_INT8
Accelerator configuration               Ethos_U85_256
System configuration             Ethos_U85_SYS_DRAM_Low
Memory mode                            Dedicated_Sram
Accelerator clock                                 500 MHz
Design peak SRAM bandwidth                      14.90 GB/s
Design peak DRAM bandwidth                       3.49 GB/s

Total SRAM used                                  0.69 KiB
Total DRAM used                                112.12 KiB

CPU operators = 0 (0.0%)
NPU operators = 39 (100.0%)

Average SRAM bandwidth                           0.11 GB/s
Input   SRAM bandwidth                           0.00 MB/batch
Weight  SRAM bandwidth                           0.00 MB/batch
Output  SRAM bandwidth                           0.01 MB/batch
Total   SRAM bandwidth                           0.01 MB/batch
Total   SRAM bandwidth            per input      0.01 MB/inference (batch size 1)

Average DRAM bandwidth                           1.45 GB/s
Input   DRAM bandwidth                           0.00 MB/batch
Weight  DRAM bandwidth                           0.10 MB/batch
Output  DRAM bandwidth                           0.00 MB/batch
Total   DRAM bandwidth                           0.11 MB/batch
Total   DRAM bandwidth            per input      0.11 MB/inference (batch size 1)

Neural network macs                             87510 MACs/batch

