INFO - WARN - MPS4_SCC->CFG_ACLK reads 0. Assuming default clock of 32000000
Processor internal clock: 32000000Hz
INFO - V2M-MPS4 revision A
INFO - Application Note AN22b, Revision C
INFO - MPS4 build 3
INFO - MPS4 core clock has been set to: 32000000Hz
INFO - CPU ID: 0x411fd230
INFO - CPU: Cortex-M85 r1p0
INFO - Enabling I-cache.
INFO - Enabling D-cache.
INFO - Relocating vector table to 0x10000000
INFO - Configured TA_SRAM	@0x50006000
INFO - Configured TA_EXT	@0x50006800
INFO - Initialising Ethos-U device@0x50004000
INFO - Using Dedicated_Sram memory mode; fast cache size: 393216
I: Initializing NPU: base_address=0x50004000, fast_memory=0x31000000, fast_memory_size=393216, secure=1, privileged=1
I: Soft reset NPU
I: New NPU driver registered (handle: 0x0x1209ec50, NPU: 0x0x50004000)
INFO - Ethos-U device initialised
INFO - Ethos-U version info:
INFO - 	Arch:       v2.0.0
INFO - 	Driver:     v1.0.0
INFO - 	MACs/cc:    512
INFO - 	Cmd stream: v1
INFO - HDLCD resolution id: 4
INFO - Target system design: Arm Corstone-320
I: Soft reset NPU
INFO - Device MPS4 HDLCD configured
INFO - Resolution:    320 x 240
INFO - Colour format: ARGB8888
INFO - ARM ML Embedded Evaluation Kit
INFO - Version 26.03.0 Build date: Apr 21 2026 @ 09:25:19
INFO - Compiler: GNU-15.2.1
INFO - Copyright 2021-2026 Arm Limited and/or its affiliates <open-source-office@arm.com>
INFO - Creating allocator using tensor arena at 0x0x700236e0
INFO - Allocating tensors
INFO - Model INPUT tensors: 
INFO - 	tensor type is int8
INFO - 	tensor occupies 490 bytes with dimensions
INFO - 		0:   1
INFO - 		1:  49
INFO - 		2:  10
INFO - 		3:   1
INFO - Scale = 0.201095
INFO - ZeroPoint = -5
INFO - Model OUTPUT tensors: 
INFO - 	tensor type is int8
INFO - 	tensor occupies 12 bytes with dimensions
INFO - 		0:   1
INFO - 		1:  12
INFO - Scale = 0.056054
INFO - ZeroPoint = -54
INFO - Activation buffer (a.k.a tensor arena) size used: 89028
INFO - Number of operators: 1
INFO - 	Operator 0: ethos-u
INFO - NPU memory mode likely to be: Dedicated_Sram
I: Acquiring NPU driver handle
I: Optimizer release nbr: 0 patch: 1
I: Optimizer config. product=2, cmd_stream_version=1, macs_per_cc=9, num_axi_ext=1, num_axi_sram=2, custom_dma=0
I: Optimizer config. arch version=2.0.0
I: Ethos-U config. product=2, cmd_stream_version=1, macs_per_cc=9, num_axi_ext=1, num_axi_sram=2, custom_dma=0
I: Ethos-U. arch version=2.0.0
I: handle_command_stream: cmd_stream=0x70022ed0, cms_length 514
I: === PER-LAYER NPU PROFILING (3 layers) ===
I: Layer,TotalCycles,ActiveCycles,EvtCnt1,EvtCnt2,EvtCnt3
I: 0,8055,8007,610,1166,861
I: 1,42025,42024,1923,3920,739
I: 2,13025,13024,5917,2250,3017
I: === END PER-LAYER PROFILING ===
INFO - Final results:
INFO - Total number of inferences: 1
INFO - Profile for Inference:
INFO - NPU ACTIVE: 50797 cycles
INFO - NPU ETHOSU_PMU_SRAM_RD_DATA_BEAT_RECEIVED: 13831 beats
INFO - NPU ETHOSU_PMU_SRAM_WR_DATA_BEAT_WRITTEN: 10169 beats
INFO - NPU ETHOSU_PMU_EXT_RD_DATA_BEAT_RECEIVED: 11174 beats
INFO - NPU ETHOSU_PMU_EXT_WR_DATA_BEAT_WRITTEN: 1 beats
INFO - NPU IDLE: 243 cycles
INFO - NPU TOTAL: 51040 cycles
INFO - C04_OUTPUT_CRC[0]: bytes=12 crc32=0xCEE9B7FE
INFO - Inference completed.
INFO - program terminating...
<NUL>