INFO - WARN - MPS4_SCC->CFG_ACLK reads 0. Assuming default clock of 32000000
Processor internal clock: 32000000Hz
INFO - V2M-MPS4 revision A
INFO - Application Note AN22b, Revision C
INFO - MPS4 build 3
INFO - MPS4 core clock has been set to: 32000000Hz
INFO - CPU ID: 0x411fd230
INFO - CPU: Cortex-M85 r1p0
INFO - Enabling I-cache.
INFO - Enabling D-cache.
INFO - Relocating vector table to 0x10000000
INFO - Configured TA_SRAM	@0x50006000
INFO - Configured TA_EXT	@0x50006800
INFO - Initialising Ethos-U device@0x50004000
INFO - Using Dedicated_Sram memory mode; fast cache size: 393216
INFO - Ethos-U device initialised
INFO - Ethos-U version info:
INFO - 	Arch:       v2.0.0
INFO - 	Driver:     v1.0.0
INFO - 	MACs/cc:    512
INFO - 	Cmd stream: v1
INFO - HDLCD resolution id: 4
INFO - Target system design: Arm Corstone-320
INFO - Device MPS4 HDLCD configured
INFO - Resolution:    320 x 240
INFO - Colour format: ARGB8888
INFO - ARM ML Embedded Evaluation Kit
INFO - Version 26.03.0 Build date: Apr 21 2026 @ 09:25:19
INFO - Compiler: GNU-15.2.1
INFO - Copyright 2021-2026 Arm Limited and/or its affiliates <open-source-office@arm.com>
INFO - Creating allocator using tensor arena at 0x0x70055890
INFO - Allocating tensors
INFO - Model INPUT tensors: 
INFO - 	tensor type is int8
INFO - 	tensor occupies 16384 bytes with dimensions
INFO - 		0:   1
INFO - 		1: 128
INFO - 		2: 128
INFO - 		3:   1
INFO - Scale = 0.008138
INFO - ZeroPoint = -70
INFO - Model OUTPUT tensors: 
INFO - 	tensor type is int8
INFO - 	tensor occupies 2 bytes with dimensions
INFO - 		0:   1
INFO - 		1:   2
INFO - Scale = 0.022299
INFO - ZeroPoint = -17
INFO - Activation buffer (a.k.a tensor arena) size used: 132244
INFO - Number of operators: 1
INFO - 	Operator 0: ethos-u
INFO - NPU memory mode likely to be: Dedicated_Sram
PLPROF_BEGIN,75
PLPROF,0,21055,21007,1516,4144,1981,0
PLPROF,1,7025,7024,4866,1410,8,0
PLPROF,2,2025,2024,632,702,37,0
PLPROF,3,9025,9024,1337,1115,27,0
PLPROF,4,2025,2024,818,975,36,0
PLPROF,5,7025,7024,2852,4484,28,0
PLPROF,6,6025,6024,4783,4129,50,0
PLPROF,7,4025,4024,3620,1030,44,0
PLPROF,8,2025,2024,1327,1044,31,0
PLPROF,9,2025,2024,621,888,50,0
PLPROF,10,2025,2024,881,835,0,0
PLPROF,11,3025,3024,1225,1256,8,0
PLPROF,12,4025,4024,703,917,120,0
PLPROF,13,4025,4024,618,1202,256,0
PLPROF,14,2025,2024,1830,825,0,0
PLPROF,15,4025,4024,1096,2029,57,0
PLPROF,16,4025,4024,2707,948,247,0
PLPROF,17,1025,1024,0,400,224,0
PLPROF,18,5025,5024,3114,2056,335,0
PLPROF,19,3025,3024,1238,1234,28,0
PLPROF,20,2025,2024,1202,533,8,0
PLPROF,21,2025,2024,330,612,64,0
PLPROF,22,1025,1024,262,341,153,0
PLPROF,23,2025,2024,1305,744,240,0
PLPROF,24,1025,1024,841,443,0,0
PLPROF,25,3025,3024,2211,1500,336,0
PLPROF,26,3025,3024,1242,1242,28,0
PLPROF,27,2025,2024,1204,529,4,0
PLPROF,28,2025,2024,339,617,48,0
PLPROF,29,1025,1024,166,352,224,0
PLPROF,30,2025,2024,1233,841,393,0
PLPROF,31,2025,2024,1407,948,8,0
PLPROF,32,4025,4024,2869,1717,149,0
PLPROF,33,4025,4024,1801,646,592,0
PLPROF,34,1025,1024,192,112,267,0
PLPROF,35,7025,7024,1088,1084,981,0
PLPROF,36,7025,7024,1088,1204,931,0
PLPROF,37,1025,1024,192,311,4,0
PLPROF,38,1025,1024,7,64,28,0
PLPROF,39,1025,1024,682,192,4,0
PLPROF,40,7025,7024,1088,1152,1269,0
PLPROF,41,7025,7024,1141,1024,1110,0
PLPROF,42,2025,2024,124,616,73,0
PLPROF,43,1025,1024,606,233,20,0
PLPROF,44,1025,1024,299,56,0,0
PLPROF,45,7025,7024,1085,1092,1380,0
PLPROF,46,7025,7024,1088,1211,980,0
PLPROF,47,1025,1024,192,375,0,0
PLPROF,48,1025,1024,318,176,52,0
PLPROF,49,1025,1024,582,160,4,0
PLPROF,50,5025,5024,768,873,1005,0
PLPROF,51,5025,5024,768,784,902,0
PLPROF,52,1025,1024,78,192,144,0
PLPROF,53,5025,5024,929,768,1158,0
PLPROF,54,4025,4024,72,640,108,0
PLPROF,55,4025,4024,1234,320,868,0
PLPROF,56,5025,5024,716,768,1160,0
PLPROF,57,3025,3024,577,640,657,0
PLPROF,58,2025,2024,304,248,34,0
PLPROF,59,1025,1024,0,182,166,0
PLPROF,60,1025,1024,436,234,23,0
PLPROF,61,1025,1024,509,144,0,0
PLPROF,62,8025,8024,1152,1184,1920,0
PLPROF,63,6025,6024,208,256,467,0
PLPROF,64,1025,1024,72,16,15,0
PLPROF,65,3025,3024,96,112,314,0
PLPROF,66,2025,2024,112,80,50,0
PLPROF,67,1025,1024,16,16,133,0
PLPROF,68,3025,3024,96,112,304,0
PLPROF,69,3025,3024,112,96,289,0
PLPROF,70,1025,1024,96,73,28,0
PLPROF,71,4025,4024,96,112,450,0
PLPROF,72,2025,2024,96,96,288,0
PLPROF,73,1025,1024,32,16,0,0
PLPROF,74,3025,3024,136,136,464,0
PLPROF_END
INFO - Final results:
INFO - Total number of inferences: 1
INFO - Profile for Inference:
INFO - NPU ACTIVE: 749 cycles
INFO - NPU ETHOSU_PMU_SRAM_RD_DATA_BEAT_RECEIVED: 0 beats
INFO - NPU ETHOSU_PMU_SRAM_WR_DATA_BEAT_WRITTEN: 0 beats
INFO - NPU ETHOSU_PMU_EXT_RD_DATA_BEAT_RECEIVED: 43 beats
INFO - NPU ETHOSU_PMU_EXT_WR_DATA_BEAT_WRITTEN: 1 beats
INFO - NPU IDLE: 291 cycles
INFO - NPU TOTAL: 1040 cycles
INFO - C04_OUTPUT_CRC[0]: bytes=2 crc32=0x823CFFFB
INFO - Inference completed.
INFO - program terminating...
<NUL>