1 rnnoise_INT8__SSE-300__ethos-u55-32 match 0.1
2 rnnoise_INT8__SSE-300__ethos-u55-64 match 0.1
3 rnnoise_INT8__SSE-300__ethos-u55-128 match 0.1
4 rnnoise_INT8__SSE-300__ethos-u55-256 match 0.1
5 rnnoise_INT8__SSE-300__ethos-u65-256 match 0.1
6 rnnoise_INT8__SSE-300__ethos-u65-512 match 0.1
7 rnnoise_INT8__SSE-310__ethos-u55-32 match 0.1
8 rnnoise_INT8__SSE-310__ethos-u55-64 match 0.1
9 rnnoise_INT8__SSE-310__ethos-u55-128 match 0.1
10 rnnoise_INT8__SSE-310__ethos-u55-256 match 0.2
11 rnnoise_INT8__SSE-310__ethos-u65-256 match 0.1
12 rnnoise_INT8__SSE-310__ethos-u65-512 match 0.2
13 rnnoise_INT8__SSE-315__ethos-u65-256 match 0.1
14 rnnoise_INT8__SSE-315__ethos-u65-512 match 0.2
15 rnnoise_INT8__SSE-320__ethos-u85-128 match 0.2
16 rnnoise_INT8__SSE-320__ethos-u85-256 match 0.2
17 rnnoise_INT8__SSE-320__ethos-u85-512 match 0.1
18 rnnoise_INT8__SSE-320__ethos-u85-1024 match 0.2
19 rnnoise_INT8__SSE-320__ethos-u85-2048 match 0.2
20 kws_micronet_m__SSE-300__ethos-u55-32 match 0.2
21 kws_micronet_m__SSE-300__ethos-u55-64 match 0.2
22 kws_micronet_m__SSE-300__ethos-u55-128 match 0.2
23 kws_micronet_m__SSE-300__ethos-u55-256 match 0.2
24 kws_micronet_m__SSE-300__ethos-u65-256 match 0.2
25 kws_micronet_m__SSE-300__ethos-u65-512 match 0.2
26 kws_micronet_m__SSE-310__ethos-u55-32 match 0.2
27 kws_micronet_m__SSE-310__ethos-u55-64 match 0.2
28 kws_micronet_m__SSE-310__ethos-u55-128 match 0.2
29 kws_micronet_m__SSE-310__ethos-u55-256 match 0.2
30 kws_micronet_m__SSE-310__ethos-u65-256 match 0.2
31 kws_micronet_m__SSE-310__ethos-u65-512 match 0.2
32 kws_micronet_m__SSE-315__ethos-u65-256 match 0.2
33 kws_micronet_m__SSE-315__ethos-u65-512 match 0.2
34 kws_micronet_m__SSE-320__ethos-u85-128 match 0.2
35 kws_micronet_m__SSE-320__ethos-u85-256 match 0.2
36 kws_micronet_m__SSE-320__ethos-u85-512 match 0.2
37 kws_micronet_m__SSE-320__ethos-u85-1024 match 0.2
38 kws_micronet_m__SSE-320__ethos-u85-2048 match 0.2
39 ad_medium_int8__SSE-300__ethos-u55-32 match 0.2
40 ad_medium_int8__SSE-300__ethos-u55-64 match 0.2
41 ad_medium_int8__SSE-300__ethos-u55-128 match 0.2
42 ad_medium_int8__SSE-300__ethos-u55-256 match 0.2
43 ad_medium_int8__SSE-300__ethos-u65-256 match 0.2
44 ad_medium_int8__SSE-300__ethos-u65-512 match 0.2
45 ad_medium_int8__SSE-310__ethos-u55-32 match 0.2
46 ad_medium_int8__SSE-310__ethos-u55-64 match 0.2
47 ad_medium_int8__SSE-310__ethos-u55-128 match 0.2
48 ad_medium_int8__SSE-310__ethos-u55-256 match 0.2
49 ad_medium_int8__SSE-310__ethos-u65-256 match 0.2
50 ad_medium_int8__SSE-310__ethos-u65-512 match 0.2
51 ad_medium_int8__SSE-315__ethos-u65-256 match 0.2
52 ad_medium_int8__SSE-315__ethos-u65-512 match 0.2
53 ad_medium_int8__SSE-320__ethos-u85-128 match 0.2
54 ad_medium_int8__SSE-320__ethos-u85-256 match 0.2
55 ad_medium_int8__SSE-320__ethos-u85-512 match 0.2
56 ad_medium_int8__SSE-320__ethos-u85-1024 match 0.2
57 ad_medium_int8__SSE-320__ethos-u85-2048 match 0.2
58 vww4_128_128_INT8__SSE-300__ethos-u55-32 match 0.2
59 vww4_128_128_INT8__SSE-300__ethos-u55-64 match 0.2
60 vww4_128_128_INT8__SSE-300__ethos-u55-128 match 0.2
61 vww4_128_128_INT8__SSE-300__ethos-u55-256 match 0.2
62 vww4_128_128_INT8__SSE-300__ethos-u65-256 match 0.2
63 vww4_128_128_INT8__SSE-300__ethos-u65-512 match 0.2
64 vww4_128_128_INT8__SSE-310__ethos-u55-32 match 0.2
65 vww4_128_128_INT8__SSE-310__ethos-u55-64 match 0.2
66 vww4_128_128_INT8__SSE-310__ethos-u55-128 match 0.2
67 vww4_128_128_INT8__SSE-310__ethos-u55-256 match 0.2
68 vww4_128_128_INT8__SSE-310__ethos-u65-256 match 0.2
69 vww4_128_128_INT8__SSE-310__ethos-u65-512 match 0.2
70 vww4_128_128_INT8__SSE-315__ethos-u65-256 match 0.2
71 vww4_128_128_INT8__SSE-315__ethos-u65-512 match 0.2
72 vww4_128_128_INT8__SSE-320__ethos-u85-128 match 0.2
73 vww4_128_128_INT8__SSE-320__ethos-u85-256 match 0.2
74 vww4_128_128_INT8__SSE-320__ethos-u85-512 match 0.2
75 vww4_128_128_INT8__SSE-320__ethos-u85-1024 match 0.2
76 vww4_128_128_INT8__SSE-320__ethos-u85-2048 match 0.2
77 yolo-fastest_192_face_v4__SSE-300__ethos-u55-32 match 0.2
78 yolo-fastest_192_face_v4__SSE-300__ethos-u55-64 match 0.2
79 yolo-fastest_192_face_v4__SSE-300__ethos-u55-128 match 0.2
80 yolo-fastest_192_face_v4__SSE-300__ethos-u55-256 match 0.2
81 yolo-fastest_192_face_v4__SSE-300__ethos-u65-256 match 0.2
82 yolo-fastest_192_face_v4__SSE-300__ethos-u65-512 match 0.2
83 yolo-fastest_192_face_v4__SSE-310__ethos-u55-32 match 0.2
84 yolo-fastest_192_face_v4__SSE-310__ethos-u55-64 match 0.2
85 yolo-fastest_192_face_v4__SSE-310__ethos-u55-128 match 0.2
86 yolo-fastest_192_face_v4__SSE-310__ethos-u55-256 match 0.2
87 yolo-fastest_192_face_v4__SSE-310__ethos-u65-256 match 0.2
88 yolo-fastest_192_face_v4__SSE-310__ethos-u65-512 match 0.2
89 yolo-fastest_192_face_v4__SSE-315__ethos-u65-256 match 0.2
90 yolo-fastest_192_face_v4__SSE-315__ethos-u65-512 match 0.2
91 yolo-fastest_192_face_v4__SSE-320__ethos-u85-128 match 0.2
92 yolo-fastest_192_face_v4__SSE-320__ethos-u85-256 match 0.2
93 yolo-fastest_192_face_v4__SSE-320__ethos-u85-512 match 0.2
94 yolo-fastest_192_face_v4__SSE-320__ethos-u85-1024 match 0.2
95 yolo-fastest_192_face_v4__SSE-320__ethos-u85-2048 match 0.2
96 mobilenet_v2_1.0_224_INT8__SSE-300__ethos-u55-32 match 0.5
97 mobilenet_v2_1.0_224_INT8__SSE-300__ethos-u55-64 match 0.5
98 mobilenet_v2_1.0_224_INT8__SSE-300__ethos-u55-128 match 0.5
99 mobilenet_v2_1.0_224_INT8__SSE-300__ethos-u55-256 match 0.5
100 mobilenet_v2_1.0_224_INT8__SSE-300__ethos-u65-256 match 0.4
101 mobilenet_v2_1.0_224_INT8__SSE-300__ethos-u65-512 match 0.4
102 mobilenet_v2_1.0_224_INT8__SSE-310__ethos-u55-32 match 0.5
103 mobilenet_v2_1.0_224_INT8__SSE-310__ethos-u55-64 match 0.5
104 mobilenet_v2_1.0_224_INT8__SSE-310__ethos-u55-128 match 0.5
105 mobilenet_v2_1.0_224_INT8__SSE-310__ethos-u55-256 match 0.5
106 mobilenet_v2_1.0_224_INT8__SSE-310__ethos-u65-256 match 0.4
107 mobilenet_v2_1.0_224_INT8__SSE-310__ethos-u65-512 match 0.4
108 mobilenet_v2_1.0_224_INT8__SSE-315__ethos-u65-256 match 0.4
109 mobilenet_v2_1.0_224_INT8__SSE-315__ethos-u65-512 match 0.4
110 mobilenet_v2_1.0_224_INT8__SSE-320__ethos-u85-128 match 0.4
111 mobilenet_v2_1.0_224_INT8__SSE-320__ethos-u85-256 match 0.4
112 mobilenet_v2_1.0_224_INT8__SSE-320__ethos-u85-512 match 0.4
113 mobilenet_v2_1.0_224_INT8__SSE-320__ethos-u85-1024 match 0.4
114 mobilenet_v2_1.0_224_INT8__SSE-320__ethos-u85-2048 match 0.4
115 wav2letter_pruned_int8__SSE-300__ethos-u55-32 match 1.6
116 wav2letter_pruned_int8__SSE-300__ethos-u55-64 match 1.6
117 wav2letter_pruned_int8__SSE-300__ethos-u55-128 match 1.7
118 wav2letter_pruned_int8__SSE-300__ethos-u55-256 match 1.8
119 wav2letter_pruned_int8__SSE-300__ethos-u65-256 match 4.5
120 wav2letter_pruned_int8__SSE-300__ethos-u65-512 match 3.6
121 wav2letter_pruned_int8__SSE-310__ethos-u55-32 match 1.5
122 wav2letter_pruned_int8__SSE-310__ethos-u55-64 match 1.5
123 wav2letter_pruned_int8__SSE-310__ethos-u55-128 match 1.7
124 wav2letter_pruned_int8__SSE-310__ethos-u55-256 match 1.8
125 wav2letter_pruned_int8__SSE-310__ethos-u65-256 match 4.5
126 wav2letter_pruned_int8__SSE-310__ethos-u65-512 match 3.6
127 wav2letter_pruned_int8__SSE-315__ethos-u65-256 match 4.5
128 wav2letter_pruned_int8__SSE-315__ethos-u65-512 match 3.6
129 wav2letter_pruned_int8__SSE-320__ethos-u85-128 match 3.6
130 wav2letter_pruned_int8__SSE-320__ethos-u85-256 match 3.8
131 wav2letter_pruned_int8__SSE-320__ethos-u85-512 match 1.0
132 wav2letter_pruned_int8__SSE-320__ethos-u85-1024 match 1.0
133 wav2letter_pruned_int8__SSE-320__ethos-u85-2048 match 1.0
DONE
