Tensor 'input_int8' has a dynamic signature in axis 0. Setting shape axis 0 to 1 and proceeding.
Tensor 'functional_1/dense/Relu;functional_1/dense/BiasAdd' has a dynamic signature in axis 0. Setting shape axis 0 to 1 and proceeding.
Tensor 'functional_1/dense_1/Relu;functional_1/dense_1/BiasAdd' has a dynamic signature in axis 0. Setting shape axis 0 to 1 and proceeding.
Tensor 'functional_1/dense_2/Relu;functional_1/dense_2/BiasAdd' has a dynamic signature in axis 0. Setting shape axis 0 to 1 and proceeding.
Tensor 'functional_1/dense_3/BiasAdd' has a dynamic signature in axis 0. Setting shape axis 0 to 1 and proceeding.
Tensor 'Identity_int8' has a dynamic signature in axis 0. Setting shape axis 0 to 1 and proceeding.
Tensor 'input' has a dynamic signature in axis 0. Setting shape axis 0 to 1 and proceeding.
Tensor 'Identity' has a dynamic signature in axis 0. Setting shape axis 0 to 1 and proceeding.

Warning (supported operators) operator:DEQUANTIZE ofm:Identity
Reason: Unsupported opType

Warning (supported operators) operator:QUANTIZE ofm:input_int8
Reason: Operation has tensor with unsupported DataType Float32
Feature-map dataTypes must be one of {"BOOL", "INT16", "INT32", "INT64", "INT8", "UINT8"}
CPU performance estimation for "Passthrough" not implemented
CPU performance estimation for "Passthrough" not implemented
CPU performance estimation for "Passthrough" not implemented
CPU performance estimation for "Passthrough" not implemented
Schedule: 'graph_MIN_BUFFERED'
	0: Operation Passthrough  - OFM 1, 1, 1, 250
		Kernel: size=1,1 stride=1,1, dilation=1,1 padding=[t:0,l:0,b:0,r:0,n:0,f:0]
		CPU Operation
		sub-operations: -
		Estimated Perf: Macs=0 Cycles=0
		Memory Used: 0 bytes (op=0, buf=0, ccd=0, nl=0)
	1: Operation FullyConnected  - OFM 1, 1, 1, 144
		Kernel: size=1,1 stride=1,1, dilation=1,1 padding=[t:0,l:0,b:0,r:0,n:0,f:0]
		Time index = 2
		Operator Config = OFM Block=[1, 2, 2, 144], IFM Block=[1, 2, 2, 64], OFM UBlock=[2, 2, 16] Traversal=DepthFirst, AccType=Acc32
		IFM Stripe   = [1, 1, 1, 250]
		IFM2 Stripe  = []
		OFM Stripe   = [1, 1, 1, 144]
		Assigned Cascade = 0
		Encoded Weights = 34576 bytes
		Weight buffer = 0 bytes
		Depth slices = [0, 144]
		sub-operations: [ Relu ]
		Estimated Perf: Macs=36000 Cycles=5116
		Memory Used: 144 bytes (op=144, buf=0, ccd=0, nl=0)
	2: Operation FullyConnected  - OFM 1, 1, 1, 144
		Kernel: size=1,1 stride=1,1, dilation=1,1 padding=[t:0,l:0,b:0,r:0,n:0,f:0]
		Time index = 4
		Operator Config = OFM Block=[1, 2, 2, 144], IFM Block=[1, 2, 2, 64], OFM UBlock=[2, 2, 16] Traversal=DepthFirst, AccType=Acc32
		IFM Stripe   = [1, 1, 1, 144]
		IFM2 Stripe  = []
		OFM Stripe   = [1, 1, 1, 144]
		Assigned Cascade = 0
		Encoded Weights = 23584 bytes
		Weight buffer = 0 bytes
		Depth slices = [0, 144]
		sub-operations: [ Relu ]
		Estimated Perf: Macs=20736 Cycles=4540
		Memory Used: 288 bytes (op=144, buf=0, ccd=0, nl=144)
	3: Operation FullyConnected  - OFM 1, 1, 1, 144
		Kernel: size=1,1 stride=1,1, dilation=1,1 padding=[t:0,l:0,b:0,r:0,n:0,f:0]
		Time index = 6
		Operator Config = OFM Block=[1, 2, 2, 144], IFM Block=[1, 2, 2, 64], OFM UBlock=[2, 2, 16] Traversal=DepthFirst, AccType=Acc32
		IFM Stripe   = [1, 1, 1, 144]
		IFM2 Stripe  = []
		OFM Stripe   = [1, 1, 1, 144]
		Assigned Cascade = 0
		Encoded Weights = 22832 bytes
		Weight buffer = 0 bytes
		Depth slices = [0, 144]
		sub-operations: [ Relu ]
		Estimated Perf: Macs=20736 Cycles=4540
		Memory Used: 288 bytes (op=144, buf=0, ccd=0, nl=144)
	4: Operation FullyConnected  - OFM 1, 1, 1, 12
		Kernel: size=1,1 stride=1,1, dilation=1,1 padding=[t:0,l:0,b:0,r:0,n:0,f:0]
		Time index = 8
		Operator Config = OFM Block=[1, 2, 2, 16], IFM Block=[1, 2, 2, 64], OFM UBlock=[2, 2, 16] Traversal=DepthFirst, AccType=Acc32
		IFM Stripe   = [1, 1, 1, 144]
		IFM2 Stripe  = []
		OFM Stripe   = [1, 1, 1, 12]
		Assigned Cascade = 0
		Encoded Weights = 2080 bytes
		Weight buffer = 0 bytes
		Depth slices = [0, 12]
		sub-operations: -
		Estimated Perf: Macs=1728 Cycles=614
		Memory Used: 160 bytes (op=16, buf=0, ccd=0, nl=144)
	5: Operation MaxPool  - OFM 1, 1, 1, 1
		Kernel: size=12,1 stride=1,1, dilation=1,1 padding=[t:0,l:0,b:0,r:0,n:0,f:0]
		Time index = 10
		Operator Config = OFM Block=[2, 2, 16], IFM Block=[1, 2, 10, 16], OFM UBlock=[2, 2, 16] Traversal=DepthFirst, AccType=Acc32
		IFM Stripe   = [1, 1, 12, 1]
		IFM2 Stripe  = []
		OFM Stripe   = [1, 1, 1, 1]
		Assigned Cascade = 0
		sub-operations: -
		Estimated Perf: Macs=12 Cycles=406
		Memory Used: 32 bytes (op=16, buf=0, ccd=0, nl=16)
	6: Operation Sub  - OFM 1, 1, 1, 12
		Kernel: size=1,1 stride=1,1, dilation=1,1 padding=[t:0,l:0,b:0,r:0,n:0,f:0]
		Time index = 12
		Operator Config = OFM Block=[2, 256, 16], IFM Block=[2, 256, 16], OFM UBlock=[2, 2, 16] Traversal=DepthFirst, AccType=Acc32
		IFM Stripe   = [1, 1, 1, 12]
		IFM2 Stripe  = [1, 1, 1, 1]
		OFM Stripe   = [1, 1, 1, 12]
		Assigned Cascade = 0
		sub-operations: [ LUT ]
		Estimated Perf: Macs=0 Cycles=2
		Memory Used: 96 bytes (op=64, buf=0, ccd=0, nl=32)
	7: Operation Asr  - OFM 1, 1, 1, 12
		Kernel: size=1,1 stride=1,1, dilation=1,1 padding=[t:0,l:0,b:0,r:0,n:0,f:0]
		Time index = 14
		Operator Config = OFM Block=[2, 64, 16], IFM Block=[2, 64, 16], OFM UBlock=[2, 2, 16] Traversal=DepthFirst, AccType=Acc32
		IFM Stripe   = [1, 1, 1, 12]
		IFM2 Stripe  = [1, 1, 1, 1]
		OFM Stripe   = [1, 1, 1, 12]
		Assigned Cascade = 0
		sub-operations: -
		Estimated Perf: Macs=0 Cycles=3
		Memory Used: 112 bytes (op=48, buf=0, ccd=0, nl=64)
	8: Operation ReduceSum  - OFM 1, 1, 1, 1
		Kernel: size=1,1 stride=1,1, dilation=1,1 padding=[t:0,l:0,b:0,r:0,n:0,f:0]
		Time index = 16
		Operator Config = OFM Block=[2, 2, 16], IFM Block=[1, 2, 2, 32], OFM UBlock=[2, 2, 16] Traversal=DepthFirst, AccType=Acc32
		IFM Stripe   = [1, 1, 1, 12]
		IFM2 Stripe  = []
		OFM Stripe   = [1, 1, 1, 1]
		Assigned Cascade = 0
		sub-operations: -
		Estimated Perf: Macs=12 Cycles=511
		Memory Used: 176 bytes (op=64, buf=0, ccd=0, nl=112)
	9: Operation CLZ  - OFM 1, 1, 1, 1
		Kernel: size=1,1 stride=1,1, dilation=1,1 padding=[t:0,l:0,b:0,r:0,n:0,f:0]
		Time index = 18
		Operator Config = OFM Block=[2, 64, 16], IFM Block=[2, 64, 16], OFM UBlock=[2, 2, 16] Traversal=DepthFirst, AccType=Acc32
		IFM Stripe   = [1, 1, 1, 1]
		IFM2 Stripe  = []
		OFM Stripe   = [1, 1, 1, 1]
		Assigned Cascade = 0
		sub-operations: -
		Estimated Perf: Macs=0 Cycles=4
		Memory Used: 192 bytes (op=64, buf=0, ccd=0, nl=128)
	10: Operation Sub  - OFM 1, 1, 1, 1
		Kernel: size=1,1 stride=1,1, dilation=1,1 padding=[t:0,l:0,b:0,r:0,n:0,f:0]
		Time index = 20
		Operator Config = OFM Block=[2, 64, 16], IFM Block=[2, 64, 16], OFM UBlock=[2, 2, 16] Traversal=DepthFirst, AccType=Acc32
		IFM Stripe   = [1, 1, 1, 1]
		IFM2 Stripe  = [1, 1, 1, 1]
		OFM Stripe   = [1, 1, 1, 1]
		Assigned Cascade = 0
		sub-operations: -
		Estimated Perf: Macs=0 Cycles=4
		Memory Used: 256 bytes (op=64, buf=0, ccd=0, nl=192)
	11: Operation Sub  - OFM 1, 1, 1, 1
		Kernel: size=1,1 stride=1,1, dilation=1,1 padding=[t:0,l:0,b:0,r:0,n:0,f:0]
		Time index = 22
		Operator Config = OFM Block=[2, 64, 16], IFM Block=[2, 64, 16], OFM UBlock=[2, 2, 16] Traversal=DepthFirst, AccType=Acc32
		IFM Stripe   = [1, 1, 1, 1]
		IFM2 Stripe  = [1, 1, 1, 1]
		OFM Stripe   = [1, 1, 1, 1]
		Assigned Cascade = 0
		sub-operations: [ SHL ]
		Estimated Perf: Macs=0 Cycles=8
		Memory Used: 320 bytes (op=64, buf=0, ccd=0, nl=256)
	12: Operation Mul  - OFM 1, 1, 1, 1
		Kernel: size=1,1 stride=1,1, dilation=1,1 padding=[t:0,l:0,b:0,r:0,n:0,f:0]
		Time index = 24
		Operator Config = OFM Block=[2, 64, 16], IFM Block=[2, 64, 16], OFM UBlock=[2, 2, 16] Traversal=DepthFirst, AccType=Acc32
		IFM Stripe   = [1, 1, 1, 1]
		IFM2 Stripe  = [1, 1, 1, 1]
		OFM Stripe   = [1, 1, 1, 1]
		Assigned Cascade = 0
		sub-operations: [ Add ]
		Estimated Perf: Macs=0 Cycles=8
		Memory Used: 256 bytes (op=64, buf=0, ccd=0, nl=192)
	13: Operation Mul  - OFM 1, 1, 1, 1
		Kernel: size=1,1 stride=1,1, dilation=1,1 padding=[t:0,l:0,b:0,r:0,n:0,f:0]
		Time index = 26
		Operator Config = OFM Block=[2, 64, 16], IFM Block=[2, 64, 16], OFM UBlock=[2, 2, 16] Traversal=DepthFirst, AccType=Acc32
		IFM Stripe   = [1, 1, 1, 1]
		IFM2 Stripe  = [1, 1, 1, 1]
		OFM Stripe   = [1, 1, 1, 1]
		Assigned Cascade = 0
		sub-operations: [ Sub Mul Mul ]
		Estimated Perf: Macs=0 Cycles=16
		Memory Used: 320 bytes (op=64, buf=0, ccd=0, nl=256)
	14: Operation Add  - OFM 1, 1, 1, 1
		Kernel: size=1,1 stride=1,1, dilation=1,1 padding=[t:0,l:0,b:0,r:0,n:0,f:0]
		Time index = 28
		Operator Config = OFM Block=[2, 64, 16], IFM Block=[2, 64, 16], OFM UBlock=[2, 2, 16] Traversal=DepthFirst, AccType=Acc32
		IFM Stripe   = [1, 1, 1, 1]
		IFM2 Stripe  = [1, 1, 1, 1]
		OFM Stripe   = [1, 1, 1, 1]
		Assigned Cascade = 0
		sub-operations: -
		Estimated Perf: Macs=0 Cycles=4
		Memory Used: 320 bytes (op=0, buf=0, ccd=0, nl=320)
	15: Operation Mul  - OFM 1, 1, 1, 1
		Kernel: size=1,1 stride=1,1, dilation=1,1 padding=[t:0,l:0,b:0,r:0,n:0,f:0]
		Time index = 30
		Operator Config = OFM Block=[2, 64, 16], IFM Block=[2, 64, 16], OFM UBlock=[2, 2, 16] Traversal=DepthFirst, AccType=Acc32
		IFM Stripe   = [1, 1, 1, 1]
		IFM2 Stripe  = [1, 1, 1, 1]
		OFM Stripe   = [1, 1, 1, 1]
		Assigned Cascade = 0
		sub-operations: [ Sub Mul Mul ]
		Estimated Perf: Macs=0 Cycles=16
		Memory Used: 320 bytes (op=64, buf=0, ccd=0, nl=256)
	16: Operation Add  - OFM 1, 1, 1, 1
		Kernel: size=1,1 stride=1,1, dilation=1,1 padding=[t:0,l:0,b:0,r:0,n:0,f:0]
		Time index = 32
		Operator Config = OFM Block=[2, 64, 16], IFM Block=[2, 64, 16], OFM UBlock=[2, 2, 16] Traversal=DepthFirst, AccType=Acc32
		IFM Stripe   = [1, 1, 1, 1]
		IFM2 Stripe  = [1, 1, 1, 1]
		OFM Stripe   = [1, 1, 1, 1]
		Assigned Cascade = 0
		sub-operations: -
		Estimated Perf: Macs=0 Cycles=4
		Memory Used: 320 bytes (op=0, buf=0, ccd=0, nl=320)
	17: Operation Mul  - OFM 1, 1, 1, 1
		Kernel: size=1,1 stride=1,1, dilation=1,1 padding=[t:0,l:0,b:0,r:0,n:0,f:0]
		Time index = 34
		Operator Config = OFM Block=[2, 64, 16], IFM Block=[2, 64, 16], OFM UBlock=[2, 2, 16] Traversal=DepthFirst, AccType=Acc32
		IFM Stripe   = [1, 1, 1, 1]
		IFM2 Stripe  = [1, 1, 1, 1]
		OFM Stripe   = [1, 1, 1, 1]
		Assigned Cascade = 0
		sub-operations: [ Sub Mul Mul ]
		Estimated Perf: Macs=0 Cycles=16
		Memory Used: 320 bytes (op=64, buf=0, ccd=0, nl=256)
	18: Operation Add  - OFM 1, 1, 1, 1
		Kernel: size=1,1 stride=1,1, dilation=1,1 padding=[t:0,l:0,b:0,r:0,n:0,f:0]
		Time index = 36
		Operator Config = OFM Block=[2, 64, 16], IFM Block=[2, 64, 16], OFM UBlock=[2, 2, 16] Traversal=DepthFirst, AccType=Acc32
		IFM Stripe   = [1, 1, 1, 1]
		IFM2 Stripe  = [1, 1, 1, 1]
		OFM Stripe   = [1, 1, 1, 1]
		Assigned Cascade = 0
		sub-operations: -
		Estimated Perf: Macs=0 Cycles=4
		Memory Used: 256 bytes (op=0, buf=0, ccd=0, nl=256)
	19: Operation Mul  - OFM 1, 1, 1, 12
		Kernel: size=1,1 stride=1,1, dilation=1,1 padding=[t:0,l:0,b:0,r:0,n:0,f:0]
		Time index = 38
		Operator Config = OFM Block=[2, 64, 16], IFM Block=[2, 64, 16], OFM UBlock=[2, 2, 16] Traversal=DepthFirst, AccType=Acc32
		IFM Stripe   = [1, 1, 1, 12]
		IFM2 Stripe  = [1, 1, 1, 1]
		OFM Stripe   = [1, 1, 1, 12]
		Assigned Cascade = 0
		sub-operations: [ Asr ]
		Estimated Perf: Macs=0 Cycles=8
		Memory Used: 192 bytes (op=0, buf=0, ccd=0, nl=192)
	20: Operation Passthrough  - OFM 1, 1, 1, 12
		Kernel: size=1,1 stride=1,1, dilation=1,1 padding=[t:0,l:0,b:0,r:0,n:0,f:0]
		CPU Operation
		sub-operations: -
		Estimated Perf: Macs=0 Cycles=0
		Memory Used: 0 bytes (op=0, buf=0, ccd=0, nl=0)
	Cascades:

################################################################################
Performance for NPU Grap /work/u85mech/pd/dnn_s_quantized__512_Low/vela_verbose/dnn_s_quantized
Original Operator    NNG Operator         Target Staging Usage  Peak% (Staging)  Op Cycles Network% (cycles)        NPU    SRAM AC    DRAM AC OnFlash AC OffFlash AC  MAC Count Network% (MAC)  Util% (MAC) Name                 
-------------------- -------------------- ------ ------------- ---------------- ---------- ----------------- ---------- ---------- ---------- ---------- ----------- ---------- -------------- ------------ -------------------- 
Quantize             Passthrough          CPU                0             0.00          0              0.00          0          0          0          0           0          0           0.00       100.00 input_int8           
FullyConnected       FullyConnected       NPU              144            45.00       8426             41.00       5116          4       8426          0           0      36000          45.44         0.83 functional_1/dense/Relu;functional_1/dense/BiasAdd 
FullyConnected       Relu                 NPU                0             0.00          0              0.00          0          0          0          0           0          0           0.00       100.00 functional_1/dense/Relu;functional_1/dense/BiasAdd 
FullyConnected       FullyConnected       NPU              288            90.00       5631             27.40       4540         13       5631          0           0      20736          26.17         0.72 functional_1/dense_1/Relu;functional_1/dense_1/BiasAdd 
FullyConnected       Relu                 NPU                0             0.00          0              0.00          0          0          0          0           0          0           0.00       100.00 functional_1/dense_1/Relu;functional_1/dense_1/BiasAdd 
FullyConnected       FullyConnected       NPU              288            90.00       5440             26.47       4540         13       5440          0           0      20736          26.17         0.74 functional_1/dense_2/Relu;functional_1/dense_2/BiasAdd 
FullyConnected       Relu                 NPU                0             0.00          0              0.00          0          0          0          0           0          0           0.00       100.00 functional_1/dense_2/Relu;functional_1/dense_2/BiasAdd 
FullyConnected       FullyConnected       NPU              160            50.00        488              2.37        432         10        488          0           0       1728           2.18         0.69 functional_1/dense_3/BiasAdd 
Softmax              MaxPool              NPU               32            10.00         73              0.36         73          3          0          0           0         12           0.02         0.03 MaxPool#functional_1/dense_3/BiasAdd 
Softmax              Sub                  NPU               96            30.00          3              0.01          2          3          0          0           0          0           0.00         0.00 LUT#Sub#functional_1/dense_3/BiasAdd/MaxPool#functional_1/dense_3/BiasAdd/exp_lut 
Softmax              LUT                  NPU                0             0.00          0              0.00          0          0          0          0           0          0           0.00       100.00 LUT#Sub#functional_1/dense_3/BiasAdd/MaxPool#functional_1/dense_3/BiasAdd/exp_lut 
Softmax              Asr                  NPU              112            35.00          3              0.01          3          3          0          0           0          0           0.00         0.00 Asr#LUT#Sub#functional_1/dense_3/BiasAdd/MaxPool#functional_1/dense_3/BiasAdd/exp_lut/right_shift12 
Softmax              ReduceSum            NPU              176            55.00        331              1.61        331          3          0          0           0         12           0.02         0.01 ReduceSum#Asr#LUT#Sub#functional_1/dense_3/BiasAdd/MaxPool#functional_1/dense_3/BiasAdd/exp_lut/right_shift12 
Softmax              CLZ                  NPU              192            60.00          4              0.02          4          2          0          0           0          0           0.00         0.00 CLZ#ReduceSum#Asr#LUT#Sub#functional_1/dense_3/BiasAdd/MaxPool#functional_1/dense_3/BiasAdd/exp_lut/right_shift12 
Softmax              Sub                  NPU              256            80.00          4              0.02          4          2          0          0           0          0           0.00         0.00 Sub#headroom_offset/CLZ#ReduceSum#Asr#LUT#Sub#functional_1/dense_3/BiasAdd/MaxPool#functional_1/dense_3/BiasAdd/exp_lut/right_shift12 
Softmax              Sub                  NPU              320           100.00         39              0.19          8          0         39          0           0          0           0.00         0.00 Sub#CLZ#ReduceSum#Asr#LUT#Sub#functional_1/dense_3/BiasAdd/MaxPool#functional_1/dense_3/BiasAdd/exp_lut/right_shift12/one_const 
Softmax              SHL                  NPU                0             0.00          0              0.00          0          0          0          0           0          0           0.00       100.00 SHL#ReduceSum#Asr#LUT#Sub#functional_1/dense_3/BiasAdd/MaxPool#functional_1/dense_3/BiasAdd/exp_lut/right_shift12/Sub#CLZ#ReduceSum#Asr#LUT#Sub#functional_1/dense_3/BiasAdd/MaxPool#functional_1/dense_3/BiasAdd/exp_lut/right_shift12/one_const 
Softmax              Mul                  NPU              256            80.00         39              0.19          8          0         39          0           0          0           0.00         0.00 Mul#SHL#ReduceSum#Asr#LUT#Sub#functional_1/dense_3/BiasAdd/MaxPool#functional_1/dense_3/BiasAdd/exp_lut/right_shift12/Sub#CLZ#ReduceSum#Asr#LUT#Sub#functional_1/dense_3/BiasAdd/MaxPool#functional_1/dense_3/BiasAdd/exp_lut/right_shift12/one_const/neg_32_over_17 
Softmax              Add                  NPU                0             0.00          0              0.00          0          0          0          0           0          0           0.00       100.00 Add#Mul#SHL#ReduceSum#Asr#LUT#Sub#functional_1/dense_3/BiasAdd/MaxPool#functional_1/dense_3/BiasAdd/exp_lut/right_shift12/Sub#CLZ#ReduceSum#Asr#LUT#Sub#functional_1/dense_3/BiasAdd/MaxPool#functional_1/dense_3/BiasAdd/exp_lut/right_shift12/one_const/neg_32_over_17/const_48_over_17 
Softmax              Mul                  NPU              320           100.00         16              0.08         16          2          0          0           0          0           0.00         0.00 Mul#Add#Mul#SHL#ReduceSum#Asr#LUT#Sub#functional_1/dense_3/BiasAdd/MaxPool#functional_1/dense_3/BiasAdd/exp_lut/right_shift12/Sub#CLZ#ReduceSum#Asr#LUT#Sub#functional_1/dense_3/BiasAdd/MaxPool#functional_1/dense_3/BiasAdd/exp_lut/right_shift12/one_const/neg_32_over_17/const_48_over_17/SHL#ReduceSum#Asr#LUT#Sub#functional_1/dense_3/BiasAdd/MaxPool#functional_1/dense_3/BiasAdd/exp_lut/right_shift12/Sub#CLZ#ReduceSum#Asr#LUT#Sub#functional_1/dense_3/BiasAdd/MaxPool#functional_1/dense_3/BiasAdd/exp_lut/right_shift12/one_const 
Softmax              Sub                  NPU                0             0.00          0              0.00          0          0          0          0           0          0           0.00       100.00 Sub#F2_one/Mul#Add#Mul#SHL#ReduceSum#Asr#LUT#Sub#functional_1/dense_3/BiasAdd/MaxPool#functional_1/dense_3/BiasAdd/exp_lut/right_shift12/Sub#CLZ#ReduceSum#Asr#LUT#Sub#functional_1/dense_3/BiasAdd/MaxPool#functional_1/dense_3/BiasAdd/exp_lut/right_shift12/one_const/neg_32_over_17/const_48_over_17/SHL#ReduceSum#Asr#LUT#Sub#functional_1/dense_3/BiasAdd/MaxPool#functional_1/dense_3/BiasAdd/exp_lut/right_shift12/Sub#CLZ#ReduceSum#Asr#LUT#Sub#functional_1/dense_3/BiasAdd/MaxPool#functional_1/dense_3/BiasAdd/exp_lut/right_shift12/one_const 
Softmax              Mul                  NPU                0             0.00          0              0.00          0          0          0          0           0          0           0.00       100.00 Mul#Add#Mul#SHL#ReduceSum#Asr#LUT#Sub#functional_1/dense_3/BiasAdd/MaxPool#functional_1/dense_3/BiasAdd/exp_lut/right_shift12/Sub#CLZ#ReduceSum#Asr#LUT#Sub#functional_1/dense_3/BiasAdd/MaxPool#functional_1/dense_3/BiasAdd/exp_lut/right_shift12/one_const/neg_32_over_17/const_48_over_17/Sub#F2_one/Mul#Add#Mul#SHL#ReduceSum#Asr#LUT#Sub#functional_1/dense_3/BiasAdd/MaxPool#functional_1/dense_3/BiasAdd/exp_lut/right_shift12/Sub#CLZ#ReduceSum#Asr#LUT#Sub#functional_1/dense_3/BiasAdd/MaxPool#functional_1/dense_3/BiasAdd/exp_lut/right_shift12/one_const/neg_32_over_17/const_48_over_17/SHL#ReduceSum#Asr#LUT#Sub#functional_1/dense_3/BiasAdd/MaxPool#functional_1/dense_3/BiasAdd/exp_lut/right_shift12/Sub#CLZ#ReduceSum#Asr#LUT#Sub#functional_1/dense_3/BiasAdd/MaxPool#functional_1/dense_3/BiasAdd/exp_lut/right_shift12/one_const 
Softmax              Mul                  NPU                0             0.00          0              0.00          0          0          0          0           0          0           0.00       100.00 Mul#Mul#Add#Mul#SHL#ReduceSum#Asr#LUT#Sub#functional_1/dense_3/BiasAdd/MaxPool#functional_1/dense_3/BiasAdd/exp_lut/right_shift12/Sub#CLZ#ReduceSum#Asr#LUT#Sub#functional_1/dense_3/BiasAdd/MaxPool#functional_1/dense_3/BiasAdd/exp_lut/right_shift12/one_const/neg_32_over_17/const_48_over_17/Sub#F2_one/Mul#Add#Mul#SHL#ReduceSum#Asr#LUT#Sub#functional_1/dense_3/BiasAdd/MaxPool#functional_1/dense_3/BiasAdd/exp_lut/right_shift12/Sub#CLZ#ReduceSum#Asr#LUT#Sub#functional_1/dense_3/BiasAdd/MaxPool#functional_1/dense_3/BiasAdd/exp_lut/right_shift12/one_const/neg_32_over_17/const_48_over_17/SHL#ReduceSum#Asr#LUT#Sub#functional_1/dense_3/BiasAdd/MaxPool#functional_1/dense_3/BiasAdd/exp_lut/right_shift12/Sub#CLZ#ReduceSum#Asr#LUT#Sub#functional_1/dense_3/BiasAdd/MaxPool#functional_1/dense_3/BiasAdd/exp_lut/right_shift12/one_const/four 
Softmax              Add                  NPU              320           100.00          4              0.02          4          4          0          0           0          0           0.00         0.00 Add#Add#Mul#SHL#ReduceSum#Asr#LUT#Sub#functional_1/dense_3/BiasAdd/MaxPool#functional_1/dense_3/BiasAdd/exp_lut/right_shift12/Sub#CLZ#ReduceSum#Asr#LUT#Sub#functional_1/dense_3/BiasAdd/MaxPool#functional_1/dense_3/BiasAdd/exp_lut/right_shift12/one_const/neg_32_over_17/const_48_over_17/Mul#Mul#Add#Mul#SHL#ReduceSum#Asr#LUT#Sub#functional_1/dense_3/BiasAdd/MaxPool#functional_1/dense_3/BiasAdd/exp_lut/right_shift12/Sub#CLZ#ReduceSum#Asr#LUT#Sub#functional_1/dense_3/BiasAdd/MaxPool#functional_1/dense_3/BiasAdd/exp_lut/right_shift12/one_const/neg_32_over_17/const_48_over_17/Sub#F2_one/Mul#Add#Mul#SHL#ReduceSum#Asr#LUT#Sub#functional_1/dense_3/BiasAdd/MaxPool#functional_1/dense_3/BiasAdd/exp_lut/right_shift12/Sub#CLZ#ReduceSum#Asr#LUT#Sub#functional_1/dense_3/BiasAdd/MaxPool#functional_1/dense_3/BiasAdd/exp_lut/right_shift12/one_const/neg_32_over_17/const_48_over_17/SHL#ReduceSum#Asr#LUT#Sub#functional_1/dense_3/BiasAdd/MaxPool#functional_1/dense_3/BiasAdd/exp_lut/right_shift12/Sub#CLZ#ReduceSum#Asr#LUT#Sub#functional_1/dense_3/BiasAdd/MaxPool#functional_1/dense_3/BiasAdd/exp_lut/right_shift12/one_const/four 
Softmax              Mul                  NPU              320           100.00         16              0.08         16          2          0          0           0          0           0.00         0.00 Mul#Add#Add#Mul#SHL#ReduceSum#Asr#LUT#Sub#functional_1/dense_3/BiasAdd/MaxPool#functional_1/dense_3/BiasAdd/exp_lut/right_shift12/Sub#CLZ#ReduceSum#Asr#LUT#Sub#functional_1/dense_3/BiasAdd/MaxPool#functional_1/dense_3/BiasAdd/exp_lut/right_shift12/one_const/neg_32_over_17/const_48_over_17/Mul#Mul#Add#Mul#SHL#ReduceSum#Asr#LUT#Sub#functional_1/dense_3/BiasAdd/MaxPool#functional_1/dense_3/BiasAdd/exp_lut/right_shift12/Sub#CLZ#ReduceSum#Asr#LUT#Sub#functional_1/dense_3/BiasAdd/MaxPool#functional_1/dense_3/BiasAdd/exp_lut/right_shift12/one_const/neg_32_over_17/const_48_over_17/Sub#F2_one/Mul#Add#Mul#SHL#ReduceSum#Asr#LUT#Sub#functional_1/dense_3/BiasAdd/MaxPool#functional_1/dense_3/BiasAdd/exp_lut/right_shift12/Sub#CLZ#ReduceSum#Asr#LUT#Sub#functional_1/dense_3/BiasAdd/MaxPool#functional_1/dense_3/BiasAdd/exp_lut/right_shift12/one_const/neg_32_over_17/const_48_over_17/SHL#ReduceSum#Asr#LUT#Sub#functional_1/dense_3/BiasAdd/MaxPool#functional_1/dense_3/BiasAdd/exp_lut/right_shift12/Sub#CLZ#ReduceSum#Asr#LUT#Sub#functional_1/dense_3/BiasAdd/MaxPool#functional_1/dense_3/BiasAdd/exp_lut/right_shift12/one_const/four/SHL#ReduceSum#Asr#LUT#Sub#functional_1/dense_3/BiasAdd/MaxPool#functional_1/dense_3/BiasAdd/exp_lut/right_shift12/Sub#CLZ#ReduceSum#Asr#LUT#Sub#functional_1/dense_3/BiasAdd/MaxPool#functional_1/dense_3/BiasAdd/exp_lut/right_shift12/one_const 
Softmax              Sub                  NPU                0             0.00          0              0.00          0          0          0          0           0          0           0.00       100.00 Sub#F2_one/Mul#Add#Add#Mul#SHL#ReduceSum#Asr#LUT#Sub#functional_1/dense_3/BiasAdd/MaxPool#functional_1/dense_3/BiasAdd/exp_lut/right_shift12/Sub#CLZ#ReduceSum#Asr#LUT#Sub#functional_1/dense_3/BiasAdd/MaxPool#functional_1/dense_3/BiasAdd/exp_lut/right_shift12/one_const/neg_32_over_17/const_48_over_17/Mul#Mul#Add#Mul#SHL#ReduceSum#Asr#LUT#Sub#functional_1/dense_3/BiasAdd/MaxPool#functional_1/dense_3/BiasAdd/exp_lut/right_shift12/Sub#CLZ#ReduceSum#Asr#LUT#Sub#functional_1/dense_3/BiasAdd/MaxPool#functional_1/dense_3/BiasAdd/exp_lut/right_shift12/one_const/neg_32_over_17/const_48_over_17/Sub#F2_one/Mul#Add#Mul#SHL#ReduceSum#Asr#LUT#Sub#functional_1/dense_3/BiasAdd/MaxPool#functional_1/dense_3/BiasAdd/exp_lut/right_shift12/Sub#CLZ#ReduceSum#Asr#LUT#Sub#functional_1/dense_3/BiasAdd/MaxPool#functional_1/dense_3/BiasAdd/exp_lut/right_shift12/one_const/neg_32_over_17/const_48_over_17/SHL#ReduceSum#Asr#LUT#Sub#functional_1/dense_3/BiasAdd/MaxPool#functional_1/dense_3/BiasAdd/exp_lut/right_shift12/Sub#CLZ#ReduceSum#Asr#LUT#Sub#functional_1/dense_3/BiasAdd/MaxPool#functional_1/dense_3/BiasAdd/exp_lut/right_shift12/one_const/four/SHL#ReduceSum#Asr#LUT#Sub#functional_1/dense_3/BiasAdd/MaxPool#functional_1/dense_3/BiasAdd/exp_lut/right_shift12/Sub#CLZ#ReduceSum#Asr#LUT#Sub#functional_1/dense_3/BiasAdd/MaxPool#functional_1/dense_3/BiasAdd/exp_lut/right_shift12/one_const 
Softmax              Mul                  NPU                0             0.00          0              0.00          0          0          0          0           0          0           0.00       100.00 Mul#Add#Add#Mul#SHL#ReduceSum#Asr#LUT#Sub#functional_1/dense_3/BiasAdd/MaxPool#functional_1/dense_3/BiasAdd/exp_lut/right_shift12/Sub#CLZ#ReduceSum#Asr#LUT#Sub#functional_1/dense_3/BiasAdd/MaxPool#functional_1/dense_3/BiasAdd/exp_lut/right_shift12/one_const/neg_32_over_17/const_48_over_17/Mul#Mul#Add#Mul#SHL#ReduceSum#Asr#LUT#Sub#functional_1/dense_3/BiasAdd/MaxPool#functional_1/dense_3/BiasAdd/exp_lut/right_shift12/Sub#CLZ#ReduceSum#Asr#LUT#Sub#functional_1/dense_3/BiasAdd/MaxPool#functional_1/dense_3/BiasAdd/exp_lut/right_shift12/one_const/neg_32_over_17/const_48_over_17/Sub#F2_one/Mul#Add#Mul#SHL#ReduceSum#Asr#LUT#Sub#functional_1/dense_3/BiasAdd/MaxPool#functional_1/dense_3/BiasAdd/exp_lut/right_shift12/Sub#CLZ#ReduceSum#Asr#LUT#Sub#functional_1/dense_3/BiasAdd/MaxPool#functional_1/dense_3/BiasAdd/exp_lut/right_shift12/one_const/neg_32_over_17/const_48_over_17/SHL#ReduceSum#Asr#LUT#Sub#functional_1/dense_3/BiasAdd/MaxPool#functional_1/dense_3/BiasAdd/exp_lut/right_shift12/Sub#CLZ#ReduceSum#Asr#LUT#Sub#functional_1/dense_3/BiasAdd/MaxPool#functional_1/dense_3/BiasAdd/exp_lut/right_shift12/one_const/four/Sub#F2_one/Mul#Add#Add#Mul#SHL#ReduceSum#Asr#LUT#Sub#functional_1/dense_3/BiasAdd/MaxPool#functional_1/dense_3/BiasAdd/exp_lut/right_shift12/Sub#CLZ#ReduceSum#Asr#LUT#Sub#functional_1/dense_3/BiasAdd/MaxPool#functional_1/dense_3/BiasAdd/exp_lut/right_shift12/one_const/neg_32_over_17/const_48_over_17/Mul#Mul#Add#Mul#SHL#ReduceSum#Asr#LUT#Sub#functional_1/dense_3/BiasAdd/MaxPool#functional_1/dense_3/BiasAdd/exp_lut/right_shift12/Sub#CLZ#ReduceSum#Asr#LUT#Sub#functional_1/dense_3/BiasAdd/MaxPool#functional_1/dense_3/BiasAdd/exp_lut/right_shift12/one_const/neg_32_over_17/const_48_over_17/Sub#F2_one/Mul#Add#Mul#SHL#ReduceSum#Asr#LUT#Sub#functional_1/dense_3/BiasAdd/MaxPool#functional_1/dense_3/BiasAdd/exp_lut/right_shift12/Sub#CLZ#ReduceSum#Asr#LUT#Sub#functional_1/dense_3/BiasAdd/MaxPool#functional_1/dense_3/BiasAdd/exp_lut/right_shift12/one_const/neg_32_over_17/const_48_over_17/SHL#ReduceSum#Asr#LUT#Sub#functional_1/dense_3/BiasAdd/MaxPool#functional_1/dense_3/BiasAdd/exp_lut/right_shift12/Sub#CLZ#ReduceSum#Asr#LUT#Sub#functional_1/dense_3/BiasAdd/MaxPool#functional_1/dense_3/BiasAdd/exp_lut/right_shift12/one_const/four/SHL#ReduceSum#Asr#LUT#Sub#functional_1/dense_3/BiasAdd/MaxPool#functional_1/dense_3/BiasAdd/exp_lut/right_shift12/Sub#CLZ#ReduceSum#Asr#LUT#Sub#functional_1/dense_3/BiasAdd/MaxPool#functional_1/dense_3/BiasAdd/exp_lut/right_shift12/one_const 
Softmax              Mul                  NPU                0             0.00          0              0.00          0          0          0          0           0          0           0.00       100.00 Mul#Mul#Add#Add#Mul#SHL#ReduceSum#Asr#LUT#Sub#functional_1/dense_3/BiasAdd/MaxPool#functional_1/dense_3/BiasAdd/exp_lut/right_shift12/Sub#CLZ#ReduceSum#Asr#LUT#Sub#functional_1/dense_3/BiasAdd/MaxPool#functional_1/dense_3/BiasAdd/exp_lut/right_shift12/one_const/neg_32_over_17/const_48_over_17/Mul#Mul#Add#Mul#SHL#ReduceSum#Asr#LUT#Sub#functional_1/dense_3/BiasAdd/MaxPool#functional_1/dense_3/BiasAdd/exp_lut/right_shift12/Sub#CLZ#ReduceSum#Asr#LUT#Sub#functional_1/dense_3/BiasAdd/MaxPool#functional_1/dense_3/BiasAdd/exp_lut/right_shift12/one_const/neg_32_over_17/const_48_over_17/Sub#F2_one/Mul#Add#Mul#SHL#ReduceSum#Asr#LUT#Sub#functional_1/dense_3/BiasAdd/MaxPool#functional_1/dense_3/BiasAdd/exp_lut/right_shift12/Sub#CLZ#ReduceSum#Asr#LUT#Sub#functional_1/dense_3/BiasAdd/MaxPool#functional_1/dense_3/BiasAdd/exp_lut/right_shift12/one_const/neg_32_over_17/const_48_over_17/SHL#ReduceSum#Asr#LUT#Sub#functional_1/dense_3/BiasAdd/MaxPool#functional_1/dense_3/BiasAdd/exp_lut/right_shift12/Sub#CLZ#ReduceSum#Asr#LUT#Sub#functional_1/dense_3/BiasAdd/MaxPool#functional_1/dense_3/BiasAdd/exp_lut/right_shift12/one_const/four/Sub#F2_one/Mul#Add#Add#Mul#SHL#ReduceSum#Asr#LUT#Sub#functional_1/dense_3/BiasAdd/MaxPool#functional_1/dense_3/BiasAdd/exp_lut/right_shift12/Sub#CLZ#ReduceSum#Asr#LUT#Sub#functional_1/dense_3/BiasAdd/MaxPool#functional_1/dense_3/BiasAdd/exp_lut/right_shift12/one_const/neg_32_over_17/const_48_over_17/Mul#Mul#Add#Mul#SHL#ReduceSum#Asr#LUT#Sub#functional_1/dense_3/BiasAdd/MaxPool#functional_1/dense_3/BiasAdd/exp_lut/right_shift12/Sub#CLZ#ReduceSum#Asr#LUT#Sub#functional_1/dense_3/BiasAdd/MaxPool#functional_1/dense_3/BiasAdd/exp_lut/right_shift12/one_const/neg_32_over_17/const_48_over_17/Sub#F2_one/Mul#Add#Mul#SHL#ReduceSum#Asr#LUT#Sub#functional_1/dense_3/BiasAdd/MaxPool#functional_1/dense_3/BiasAdd/exp_lut/right_shift12/Sub#CLZ#ReduceSum#Asr#LUT#Sub#functional_1/dense_3/BiasAdd/MaxPool#functional_1/dense_3/BiasAdd/exp_lut/right_shift12/one_const/neg_32_over_17/const_48_over_17/SHL#ReduceSum#Asr#LUT#Sub#functional_1/dense_3/BiasAdd/MaxPool#functional_1/dense_3/BiasAdd/exp_lut/right_shift12/Sub#CLZ#ReduceSum#Asr#LUT#Sub#functional_1/dense_3/BiasAdd/MaxPool#functional_1/dense_3/BiasAdd/exp_lut/right_shift12/one_const/four/SHL#ReduceSum#Asr#LUT#Sub#functional_1/dense_3/BiasAdd/MaxPool#functional_1/dense_3/BiasAdd/exp_lut/right_shift12/Sub#CLZ#ReduceSum#Asr#LUT#Sub#functional_1/dense_3/BiasAdd/MaxPool#functional_1/dense_3/BiasAdd/exp_lut/right_shift12/one_const/four 
Softmax              Add                  NPU              320           100.00          4              0.02          4          4          0          0           0          0           0.00         0.00 Add#Add#Add#Mul#SHL#ReduceSum#Asr#LUT#Sub#functional_1/dense_3/BiasAdd/MaxPool#functional_1/dense_3/BiasAdd/exp_lut/right_shift12/Sub#CLZ#ReduceSum#Asr#LUT#Sub#functional_1/dense_3/BiasAdd/MaxPool#functional_1/dense_3/BiasAdd/exp_lut/right_shift12/one_const/neg_32_over_17/const_48_over_17/Mul#Mul#Add#Mul#SHL#ReduceSum#Asr#LUT#Sub#functional_1/dense_3/BiasAdd/MaxPool#functional_1/dense_3/BiasAdd/exp_lut/right_shift12/Sub#CLZ#ReduceSum#Asr#LUT#Sub#functional_1/dense_3/BiasAdd/MaxPool#functional_1/dense_3/BiasAdd/exp_lut/right_shift12/one_const/neg_32_over_17/const_48_over_17/Sub#F2_one/Mul#Add#Mul#SHL#ReduceSum#Asr#LUT#Sub#functional_1/dense_3/BiasAdd/MaxPool#functional_1/dense_3/BiasAdd/exp_lut/right_shift12/Sub#CLZ#ReduceSum#Asr#LUT#Sub#functional_1/dense_3/BiasAdd/MaxPool#functional_1/dense_3/BiasAdd/exp_lut/right_shift12/one_const/neg_32_over_17/const_48_over_17/SHL#ReduceSum#Asr#LUT#Sub#functional_1/dense_3/BiasAdd/MaxPool#functional_1/dense_3/BiasAdd/exp_lut/right_shift12/Sub#CLZ#ReduceSum#Asr#LUT#Sub#functional_1/dense_3/BiasAdd/MaxPool#functional_1/dense_3/BiasAdd/exp_lut/right_shift12/one_const/four/Mul#Mul#Add#Add#Mul#SHL#ReduceSum#Asr#LUT#Sub#functional_1/dense_3/BiasAdd/MaxPool#functional_1/dense_3/BiasAdd/exp_lut/right_shift12/Sub#CLZ#ReduceSum#Asr#LUT#Sub#functional_1/dense_3/BiasAdd/MaxPool#functional_1/dense_3/BiasAdd/exp_lut/right_shift12/one_const/neg_32_over_17/const_48_over_17/Mul#Mul#Add#Mul#SHL#ReduceSum#Asr#LUT#Sub#functional_1/dense_3/BiasAdd/MaxPool#functional_1/dense_3/BiasAdd/exp_lut/right_shift12/Sub#CLZ#ReduceSum#Asr#LUT#Sub#functional_1/dense_3/BiasAdd/MaxPool#functional_1/dense_3/BiasAdd/exp_lut/right_shift12/one_const/neg_32_over_17/const_48_over_17/Sub#F2_one/Mul#Add#Mul#SHL#ReduceSum#Asr#LUT#Sub#functional_1/dense_3/BiasAdd/MaxPool#functional_1/dense_3/BiasAdd/exp_lut/right_shift12/Sub#CLZ#ReduceSum#Asr#LUT#Sub#functional_1/dense_3/BiasAdd/MaxPool#functional_1/dense_3/BiasAdd/exp_lut/right_shift12/one_const/neg_32_over_17/const_48_over_17/SHL#ReduceSum#Asr#LUT#Sub#functional_1/dense_3/BiasAdd/MaxPool#functional_1/dense_3/BiasAdd/exp_lut/right_shift12/Sub#CLZ#ReduceSum#Asr#LUT#Sub#functional_1/dense_3/BiasAdd/MaxPool#functional_1/dense_3/BiasAdd/exp_lut/right_shift12/one_const/four/Sub#F2_one/Mul#Add#Add#Mul#SHL#ReduceSum#Asr#LUT#Sub#functional_1/dense_3/BiasAdd/MaxPool#functional_1/dense_3/BiasAdd/exp_lut/right_shift12/Sub#CLZ#ReduceSum#Asr#LUT#Sub#functional_1/dense_3/BiasAdd/MaxPool#functional_1/dense_3/BiasAdd/exp_lut/right_shift12/one_const/neg_32_over_17/const_48_over_17/Mul#Mul#Add#Mul#SHL#ReduceSum#Asr#LUT#Sub#functional_1/dense_3/BiasAdd/MaxPool#functional_1/dense_3/BiasAdd/exp_lut/right_shift12/Sub#CLZ#ReduceSum#Asr#LUT#Sub#functional_1/dense_3/BiasAdd/MaxPool#functional_1/dense_3/BiasAdd/exp_lut/right_shift12/one_const/neg_32_over_17/const_48_over_17/Sub#F2_one/Mul#Add#Mul#SHL#ReduceSum#Asr#LUT#Sub#functional_1/dense_3/BiasAdd/MaxPool#functional_1/dense_3/BiasAdd/exp_lut/right_shift12/Sub#CLZ#ReduceSum#Asr#LUT#Sub#functional_1/dense_3/BiasAdd/MaxPool#functional_1/dense_3/BiasAdd/exp_lut/right_shift12/one_const/neg_32_over_17/const_48_over_17/SHL#ReduceSum#Asr#LUT#Sub#functional_1/dense_3/BiasAdd/MaxPool#functional_1/dense_3/BiasAdd/exp_lut/right_shift12/Sub#CLZ#ReduceSum#Asr#LUT#Sub#functional_1/dense_3/BiasAdd/MaxPool#functional_1/dense_3/BiasAdd/exp_lut/right_shift12/one_const/four/SHL#ReduceSum#Asr#LUT#Sub#functional_1/dense_3/BiasAdd/MaxPool#functional_1/dense_3/BiasAdd/exp_lut/right_shift12/Sub#CLZ#ReduceSum#Asr#LUT#Sub#functional_1/dense_3/BiasAdd/MaxPool#functional_1/dense_3/BiasAdd/exp_lut/right_shift12/one_const/four 
Softmax              Mul                  NPU              320           100.00         16              0.08         16          2          0          0           0          0           0.00         0.00 Mul#Add#Add#Add#Mul#SHL#ReduceSum#Asr#LUT#Sub#functional_1/dense_3/BiasAdd/MaxPool#functional_1/dense_3/BiasAdd/exp_lut/right_shift12/Sub#CLZ#ReduceSum#Asr#LUT#Sub#functional_1/dense_3/BiasAdd/MaxPool#functional_1/dense_3/BiasAdd/exp_lut/right_shift12/one_const/neg_32_over_17/const_48_over_17/Mul#Mul#Add#Mul#SHL#ReduceSum#Asr#LUT#Sub#functional_1/dense_3/BiasAdd/MaxPool#functional_1/dense_3/BiasAdd/exp_lut/right_shift12/Sub#CLZ#ReduceSum#Asr#LUT#Sub#functional_1/dense_3/BiasAdd/MaxPool#functional_1/dense_3/BiasAdd/exp_lut/right_shift12/one_const/neg_32_over_17/const_48_over_17/Sub#F2_one/Mul#Add#Mul#SHL#ReduceSum#Asr#LUT#Sub#functional_1/dense_3/BiasAdd/MaxPool#functional_1/dense_3/BiasAdd/exp_lut/right_shift12/Sub#CLZ#ReduceSum#Asr#LUT#Sub#functional_1/dense_3/BiasAdd/MaxPool#functional_1/dense_3/BiasAdd/exp_lut/right_shift12/one_const/neg_32_over_17/const_48_over_17/SHL#ReduceSum#Asr#LUT#Sub#functional_1/dense_3/BiasAdd/MaxPool#functional_1/dense_3/BiasAdd/exp_lut/right_shift12/Sub#CLZ#ReduceSum#Asr#LUT#Sub#functional_1/dense_3/BiasAdd/MaxPool#functional_1/dense_3/BiasAdd/exp_lut/right_shift12/one_const/four/Mul#Mul#Add#Add#Mul#SHL#ReduceSum#Asr#LUT#Sub#functional_1/dense_3/BiasAdd/MaxPool#functional_1/dense_3/BiasAdd/exp_lut/right_shift12/Sub#CLZ#ReduceSum#Asr#LUT#Sub#functional_1/dense_3/BiasAdd/MaxPool#functional_1/dense_3/BiasAdd/exp_lut/right_shift12/one_const/neg_32_over_17/const_48_over_17/Mul#Mul#Add#Mul#SHL#ReduceSum#Asr#LUT#Sub#functional_1/dense_3/BiasAdd/MaxPool#functional_1/dense_3/BiasAdd/exp_lut/right_shift12/Sub#CLZ#ReduceSum#Asr#LUT#Sub#functional_1/dense_3/BiasAdd/MaxPool#functional_1/dense_3/BiasAdd/exp_lut/right_shift12/one_const/neg_32_over_17/const_48_over_17/Sub#F2_one/Mul#Add#Mul#SHL#ReduceSum#Asr#LUT#Sub#functional_1/dense_3/BiasAdd/MaxPool#functional_1/dense_3/BiasAdd/exp_lut/right_shift12/Sub#CLZ#ReduceSum#Asr#LUT#Sub#functional_1/dense_3/BiasAdd/MaxPool#functional_1/dense_3/BiasAdd/exp_lut/right_shift12/one_const/neg_32_over_17/const_48_over_17/SHL#ReduceSum#Asr#LUT#Sub#functional_1/dense_3/BiasAdd/MaxPool#functional_1/dense_3/BiasAdd/exp_lut/right_shift12/Sub#CLZ#ReduceSum#Asr#LUT#Sub#functional_1/dense_3/BiasAdd/MaxPool#functional_1/dense_3/BiasAdd/exp_lut/right_shift12/one_const/four/Sub#F2_one/Mul#Add#Add#Mul#SHL#ReduceSum#Asr#LUT#Sub#functional_1/dense_3/BiasAdd/MaxPool#functional_1/dense_3/BiasAdd/exp_lut/right_shift12/Sub#CLZ#ReduceSum#Asr#LUT#Sub#functional_1/dense_3/BiasAdd/MaxPool#functional_1/dense_3/BiasAdd/exp_lut/right_shift12/one_const/neg_32_over_17/const_48_over_17/Mul#Mul#Add#Mul#SHL#ReduceSum#Asr#LUT#Sub#functional_1/dense_3/BiasAdd/MaxPool#functional_1/dense_3/BiasAdd/exp_lut/right_shift12/Sub#CLZ#ReduceSum#Asr#LUT#Sub#functional_1/dense_3/BiasAdd/MaxPool#functional_1/dense_3/BiasAdd/exp_lut/right_shift12/one_const/neg_32_over_17/const_48_over_17/Sub#F2_one/Mul#Add#Mul#SHL#ReduceSum#Asr#LUT#Sub#functional_1/dense_3/BiasAdd/MaxPool#functional_1/dense_3/BiasAdd/exp_lut/right_shift12/Sub#CLZ#ReduceSum#Asr#LUT#Sub#functional_1/dense_3/BiasAdd/MaxPool#functional_1/dense_3/BiasAdd/exp_lut/right_shift12/one_const/neg_32_over_17/const_48_over_17/SHL#ReduceSum#Asr#LUT#Sub#functional_1/dense_3/BiasAdd/MaxPool#functional_1/dense_3/BiasAdd/exp_lut/right_shift12/Sub#CLZ#ReduceSum#Asr#LUT#Sub#functional_1/dense_3/BiasAdd/MaxPool#functional_1/dense_3/BiasAdd/exp_lut/right_shift12/one_const/four/SHL#ReduceSum#Asr#LUT#Sub#functional_1/dense_3/BiasAdd/MaxPool#functional_1/dense_3/BiasAdd/exp_lut/right_shift12/Sub#CLZ#ReduceSum#Asr#LUT#Sub#functional_1/dense_3/BiasAdd/MaxPool#functional_1/dense_3/BiasAdd/exp_lut/right_shift12/one_const/four/SHL#ReduceSum#Asr#LUT#Sub#functional_1/dense_3/BiasAdd/MaxPool#functional_1/dense_3/BiasAdd/exp_lut/right_shift12/Sub#CLZ#ReduceSum#Asr#LUT#Sub#functional_1/dense_3/BiasAdd/MaxPool#functional_1/dense_3/BiasAdd/exp_lut/right_shift12/one_const 
Softmax              Sub                  NPU                0             0.00          0              0.00          0          0          0          0           0          0           0.00       100.00 Sub#F2_one/Mul#Add#Add#Add#Mul#SHL#ReduceSum#Asr#LUT#Sub#functional_1/dense_3/BiasAdd/MaxPool#functional_1/dense_3/BiasAdd/exp_lut/right_shift12/Sub#CLZ#ReduceSum#Asr#LUT#Sub#functional_1/dense_3/BiasAdd/MaxPool#functional_1/dense_3/BiasAdd/exp_lut/right_shift12/one_const/neg_32_over_17/const_48_over_17/Mul#Mul#Add#Mul#SHL#ReduceSum#Asr#LUT#Sub#functional_1/dense_3/BiasAdd/MaxPool#functional_1/dense_3/BiasAdd/exp_lut/right_shift12/Sub#CLZ#ReduceSum#Asr#LUT#Sub#functional_1/dense_3/BiasAdd/MaxPool#functional_1/dense_3/BiasAdd/exp_lut/right_shift12/one_const/neg_32_over_17/const_48_over_17/Sub#F2_one/Mul#Add#Mul#SHL#ReduceSum#Asr#LUT#Sub#functional_1/dense_3/BiasAdd/MaxPool#functional_1/dense_3/BiasAdd/exp_lut/right_shift12/Sub#CLZ#ReduceSum#Asr#LUT#Sub#functional_1/dense_3/BiasAdd/MaxPool#functional_1/dense_3/BiasAdd/exp_lut/right_shift12/one_const/neg_32_over_17/const_48_over_17/SHL#ReduceSum#Asr#LUT#Sub#functional_1/dense_3/BiasAdd/MaxPool#functional_1/dense_3/BiasAdd/exp_lut/right_shift12/Sub#CLZ#ReduceSum#Asr#LUT#Sub#functional_1/dense_3/BiasAdd/MaxPool#functional_1/dense_3/BiasAdd/exp_lut/right_shift12/one_const/four/Mul#Mul#Add#Add#Mul#SHL#ReduceSum#Asr#LUT#Sub#functional_1/dense_3/BiasAdd/MaxPool#functional_1/dense_3/BiasAdd/exp_lut/right_shift12/Sub#CLZ#ReduceSum#Asr#LUT#Sub#functional_1/dense_3/BiasAdd/MaxPool#functional_1/dense_3/BiasAdd/exp_lut/right_shift12/one_const/neg_32_over_17/const_48_over_17/Mul#Mul#Add#Mul#SHL#ReduceSum#Asr#LUT#Sub#functional_1/dense_3/BiasAdd/MaxPool#functional_1/dense_3/BiasAdd/exp_lut/right_shift12/Sub#CLZ#ReduceSum#Asr#LUT#Sub#functional_1/dense_3/BiasAdd/MaxPool#functional_1/dense_3/BiasAdd/exp_lut/right_shift12/one_const/neg_32_over_17/const_48_over_17/Sub#F2_one/Mul#Add#Mul#SHL#ReduceSum#Asr#LUT#Sub#functional_1/dense_3/BiasAdd/MaxPool#functional_1/dense_3/BiasAdd/exp_lut/right_shift12/Sub#CLZ#ReduceSum#Asr#LUT#Sub#functional_1/dense_3/BiasAdd/MaxPool#functional_1/dense_3/BiasAdd/exp_lut/right_shift12/one_const/neg_32_over_17/const_48_over_17/SHL#ReduceSum#Asr#LUT#Sub#functional_1/dense_3/BiasAdd/MaxPool#functional_1/dense_3/BiasAdd/exp_lut/right_shift12/Sub#CLZ#ReduceSum#Asr#LUT#Sub#functional_1/dense_3/BiasAdd/MaxPool#functional_1/dense_3/BiasAdd/exp_lut/right_shift12/one_const/four/Sub#F2_one/Mul#Add#Add#Mul#SHL#ReduceSum#Asr#LUT#Sub#functional_1/dense_3/BiasAdd/MaxPool#functional_1/dense_3/BiasAdd/exp_lut/right_shift12/Sub#CLZ#ReduceSum#Asr#LUT#Sub#functional_1/dense_3/BiasAdd/MaxPool#functional_1/dense_3/BiasAdd/exp_lut/right_shift12/one_const/neg_32_over_17/const_48_over_17/Mul#Mul#Add#Mul#SHL#ReduceSum#Asr#LUT#Sub#functional_1/dense_3/BiasAdd/MaxPool#functional_1/dense_3/BiasAdd/exp_lut/right_shift12/Sub#CLZ#ReduceSum#Asr#LUT#Sub#functional_1/dense_3/BiasAdd/MaxPool#functional_1/dense_3/BiasAdd/exp_lut/right_shift12/one_const/neg_32_over_17/const_48_over_17/Sub#F2_one/Mul#Add#Mul#SHL#ReduceSum#Asr#LUT#Sub#functional_1/dense_3/BiasAdd/MaxPool#functional_1/dense_3/BiasAdd/exp_lut/right_shift12/Sub#CLZ#ReduceSum#Asr#LUT#Sub#functional_1/dense_3/BiasAdd/MaxPool#functional_1/dense_3/BiasAdd/exp_lut/right_shift12/one_const/neg_32_over_17/const_48_over_17/SHL#ReduceSum#Asr#LUT#Sub#functional_1/dense_3/BiasAdd/MaxPool#functional_1/dense_3/BiasAdd/exp_lut/right_shift12/Sub#CLZ#ReduceSum#Asr#LUT#Sub#functional_1/dense_3/BiasAdd/MaxPool#functional_1/dense_3/BiasAdd/exp_lut/right_shift12/one_const/four/SHL#ReduceSum#Asr#LUT#Sub#functional_1/dense_3/BiasAdd/MaxPool#functional_1/dense_3/BiasAdd/exp_lut/right_shift12/Sub#CLZ#ReduceSum#Asr#LUT#Sub#functional_1/dense_3/BiasAdd/MaxPool#functional_1/dense_3/BiasAdd/exp_lut/right_shift12/one_const/four/SHL#ReduceSum#Asr#LUT#Sub#functional_1/dense_3/BiasAdd/MaxPool#functional_1/dense_3/BiasAdd/exp_lut/right_shift12/Sub#CLZ#ReduceSum#Asr#LUT#Sub#functional_1/dense_3/BiasAdd/MaxPool#functional_1/dense_3/BiasAdd/exp_lut/right_shift12/one_const 
Softmax              Mul                  NPU                0             0.00          0              0.00          0          0          0          0           0          0           0.00       100.00 Mul#Add#Add#Add#Mul#SHL#ReduceSum#Asr#LUT#Sub#functional_1/dense_3/BiasAdd/MaxPool#functional_1/dense_3/BiasAdd/exp_lut/right_shift12/Sub#CLZ#ReduceSum#Asr#LUT#Sub#functional_1/dense_3/BiasAdd/MaxPool#functional_1/dense_3/BiasAdd/exp_lut/right_shift12/one_const/neg_32_over_17/const_48_over_17/Mul#Mul#Add#Mul#SHL#ReduceSum#Asr#LUT#Sub#functional_1/dense_3/BiasAdd/MaxPool#functional_1/dense_3/BiasAdd/exp_lut/right_shift12/Sub#CLZ#ReduceSum#Asr#LUT#Sub#functional_1/dense_3/BiasAdd/MaxPool#functional_1/dense_3/BiasAdd/exp_lut/right_shift12/one_const/neg_32_over_17/const_48_over_17/Sub#F2_one/Mul#Add#Mul#SHL#ReduceSum#Asr#LUT#Sub#functional_1/dense_3/BiasAdd/MaxPool#functional_1/dense_3/BiasAdd/exp_lut/right_shift12/Sub#CLZ#ReduceSum#Asr#LUT#Sub#functional_1/dense_3/BiasAdd/MaxPool#functional_1/dense_3/BiasAdd/exp_lut/right_shift12/one_const/neg_32_over_17/const_48_over_17/SHL#ReduceSum#Asr#LUT#Sub#functional_1/dense_3/BiasAdd/MaxPool#functional_1/dense_3/BiasAdd/exp_lut/right_shift12/Sub#CLZ#ReduceSum#Asr#LUT#Sub#functional_1/dense_3/BiasAdd/MaxPool#functional_1/dense_3/BiasAdd/exp_lut/right_shift12/one_const/four/Mul#Mul#Add#Add#Mul#SHL#ReduceSum#Asr#LUT#Sub#functional_1/dense_3/BiasAdd/MaxPool#functional_1/dense_3/BiasAdd/exp_lut/right_shift12/Sub#CLZ#ReduceSum#Asr#LUT#Sub#functional_1/dense_3/BiasAdd/MaxPool#functional_1/dense_3/BiasAdd/exp_lut/right_shift12/one_const/neg_32_over_17/const_48_over_17/Mul#Mul#Add#Mul#SHL#ReduceSum#Asr#LUT#Sub#functional_1/dense_3/BiasAdd/MaxPool#functional_1/dense_3/BiasAdd/exp_lut/right_shift12/Sub#CLZ#ReduceSum#Asr#LUT#Sub#functional_1/dense_3/BiasAdd/MaxPool#functional_1/dense_3/BiasAdd/exp_lut/right_shift12/one_const/neg_32_over_17/const_48_over_17/Sub#F2_one/Mul#Add#Mul#SHL#ReduceSum#Asr#LUT#Sub#functional_1/dense_3/BiasAdd/MaxPool#functional_1/dense_3/BiasAdd/exp_lut/right_shift12/Sub#CLZ#ReduceSum#Asr#LUT#Sub#functional_1/dense_3/BiasAdd/MaxPool#functional_1/dense_3/BiasAdd/exp_lut/right_shift12/one_const/neg_32_over_17/const_48_over_17/SHL#ReduceSum#Asr#LUT#Sub#functional_1/dense_3/BiasAdd/MaxPool#functional_1/dense_3/BiasAdd/exp_lut/right_shift12/Sub#CLZ#ReduceSum#Asr#LUT#Sub#functional_1/dense_3/BiasAdd/MaxPool#functional_1/dense_3/BiasAdd/exp_lut/right_shift12/one_const/four/Sub#F2_one/Mul#Add#Add#Mul#SHL#ReduceSum#Asr#LUT#Sub#functional_1/dense_3/BiasAdd/MaxPool#functional_1/dense_3/BiasAdd/exp_lut/right_shift12/Sub#CLZ#ReduceSum#Asr#LUT#Sub#functional_1/dense_3/BiasAdd/MaxPool#functional_1/dense_3/BiasAdd/exp_lut/right_shift12/one_const/neg_32_over_17/const_48_over_17/Mul#Mul#Add#Mul#SHL#ReduceSum#Asr#LUT#Sub#functional_1/dense_3/BiasAdd/MaxPool#functional_1/dense_3/BiasAdd/exp_lut/right_shift12/Sub#CLZ#ReduceSum#Asr#LUT#Sub#functional_1/dense_3/BiasAdd/MaxPool#functional_1/dense_3/BiasAdd/exp_lut/right_shift12/one_const/neg_32_over_17/const_48_over_17/Sub#F2_one/Mul#Add#Mul#SHL#ReduceSum#Asr#LUT#Sub#functional_1/dense_3/BiasAdd/MaxPool#functional_1/dense_3/BiasAdd/exp_lut/right_shift12/Sub#CLZ#ReduceSum#Asr#LUT#Sub#functional_1/dense_3/BiasAdd/MaxPool#functional_1/dense_3/BiasAdd/exp_lut/right_shift12/one_const/neg_32_over_17/const_48_over_17/SHL#ReduceSum#Asr#LUT#Sub#functional_1/dense_3/BiasAdd/MaxPool#functional_1/dense_3/BiasAdd/exp_lut/right_shift12/Sub#CLZ#ReduceSum#Asr#LUT#Sub#functional_1/dense_3/BiasAdd/MaxPool#functional_1/dense_3/BiasAdd/exp_lut/right_shift12/one_const/four/SHL#ReduceSum#Asr#LUT#Sub#functional_1/dense_3/BiasAdd/MaxPool#functional_1/dense_3/BiasAdd/exp_lut/right_shift12/Sub#CLZ#ReduceSum#Asr#LUT#Sub#functional_1/dense_3/BiasAdd/MaxPool#functional_1/dense_3/BiasAdd/exp_lut/right_shift12/one_const/four/Sub#F2_one/Mul#Add#Add#Add#Mul#SHL#ReduceSum#Asr#LUT#Sub#functional_1/dense_3/BiasAdd/MaxPool#functional_1/dense_3/BiasAdd/exp_lut/right_shift12/Sub#CLZ#ReduceSum#Asr#LUT#Sub#functional_1/dense_3/BiasAdd/MaxPool#functional_1/dense_3/BiasAdd/exp_lut/right_shift12/one_const/neg_32_over_17/const_48_over_17/Mul#Mul#Add#Mul#SHL#ReduceSum#Asr#LUT#Sub#functional_1/dense_3/BiasAdd/MaxPool#functional_1/dense_3/BiasAdd/exp_lut/right_shift12/Sub#CLZ#ReduceSum#Asr#LUT#Sub#functional_1/dense_3/BiasAdd/MaxPool#functional_1/dense_3/BiasAdd/exp_lut/right_shift12/one_const/neg_32_over_17/const_48_over_17/Sub#F2_one/Mul#Add#Mul#SHL#ReduceSum#Asr#LUT#Sub#functional_1/dense_3/BiasAdd/MaxPool#functional_1/dense_3/BiasAdd/exp_lut/right_shift12/Sub#CLZ#ReduceSum#Asr#LUT#Sub#functional_1/dense_3/BiasAdd/MaxPool#functional_1/dense_3/BiasAdd/exp_lut/right_shift12/one_const/neg_32_over_17/const_48_over_17/SHL#ReduceSum#Asr#LUT#Sub#functional_1/dense_3/BiasAdd/MaxPool#functional_1/dense_3/BiasAdd/exp_lut/right_shift12/Sub#CLZ#ReduceSum#Asr#LUT#Sub#functional_1/dense_3/BiasAdd/MaxPool#functional_1/dense_3/BiasAdd/exp_lut/right_shift12/one_const/four/Mul#Mul#Add#Add#Mul#SHL#ReduceSum#Asr#LUT#Sub#functional_1/dense_3/BiasAdd/MaxPool#functional_1/dense_3/BiasAdd/exp_lut/right_shift12/Sub#CLZ#ReduceSum#Asr#LUT#Sub#functional_1/dense_3/BiasAdd/MaxPool#functional_1/dense_3/BiasAdd/exp_lut/right_shift12/one_const/neg_32_over_17/const_48_over_17/Mul#Mul#Add#Mul#SHL#ReduceSum#Asr#LUT#Sub#functional_1/dense_3/BiasAdd/MaxPool#functional_1/dense_3/BiasAdd/exp_lut/right_shift12/Sub#CLZ#ReduceSum#Asr#LUT#Sub#functional_1/dense_3/BiasAdd/MaxPool#functional_1/dense_3/BiasAdd/exp_lut/right_shift12/one_const/neg_32_over_17/const_48_over_17/Sub#F2_one/Mul#Add#Mul#SHL#ReduceSum#Asr#LUT#Sub#functional_1/dense_3/BiasAdd/MaxPool#functional_1/dense_3/BiasAdd/exp_lut/right_shift12/Sub#CLZ#ReduceSum#Asr#LUT#Sub#functional_1/dense_3/BiasAdd/MaxPool#functional_1/dense_3/BiasAdd/exp_lut/right_shift12/one_const/neg_32_over_17/const_48_over_17/SHL#ReduceSum#Asr#LUT#Sub#functional_1/dense_3/BiasAdd/MaxPool#functional_1/dense_3/BiasAdd/exp_lut/right_shift12/Sub#CLZ#ReduceSum#Asr#LUT#Sub#functional_1/dense_3/BiasAdd/MaxPool#functional_1/dense_3/BiasAdd/exp_lut/right_shift12/one_const/four/Sub#F2_one/Mul#Add#Add#Mul#SHL#ReduceSum#Asr#LUT#Sub#functional_1/dense_3/BiasAdd/MaxPool#functional_1/dense_3/BiasAdd/exp_lut/right_shift12/Sub#CLZ#ReduceSum#Asr#LUT#Sub#functional_1/dense_3/BiasAdd/MaxPool#functional_1/dense_3/BiasAdd/exp_lut/right_shift12/one_const/neg_32_over_17/const_48_over_17/Mul#Mul#Add#Mul#SHL#ReduceSum#Asr#LUT#Sub#functional_1/dense_3/BiasAdd/MaxPool#functional_1/dense_3/BiasAdd/exp_lut/right_shift12/Sub#CLZ#ReduceSum#Asr#LUT#Sub#functional_1/dense_3/BiasAdd/MaxPool#functional_1/dense_3/BiasAdd/exp_lut/right_shift12/one_const/neg_32_over_17/const_48_over_17/Sub#F2_one/Mul#Add#Mul#SHL#ReduceSum#Asr#LUT#Sub#functional_1/dense_3/BiasAdd/MaxPool#functional_1/dense_3/BiasAdd/exp_lut/right_shift12/Sub#CLZ#ReduceSum#Asr#LUT#Sub#functional_1/dense_3/BiasAdd/MaxPool#functional_1/dense_3/BiasAdd/exp_lut/right_shift12/one_const/neg_32_over_17/const_48_over_17/SHL#ReduceSum#Asr#LUT#Sub#functional_1/dense_3/BiasAdd/MaxPool#functional_1/dense_3/BiasAdd/exp_lut/right_shift12/Sub#CLZ#ReduceSum#Asr#LUT#Sub#functional_1/dense_3/BiasAdd/MaxPool#functional_1/dense_3/BiasAdd/exp_lut/right_shift12/one_const/four/SHL#ReduceSum#Asr#LUT#Sub#functional_1/dense_3/BiasAdd/MaxPool#functional_1/dense_3/BiasAdd/exp_lut/right_shift12/Sub#CLZ#ReduceSum#Asr#LUT#Sub#functional_1/dense_3/BiasAdd/MaxPool#functional_1/dense_3/BiasAdd/exp_lut/right_shift12/one_const/four/SHL#ReduceSum#Asr#LUT#Sub#functional_1/dense_3/BiasAdd/MaxPool#functional_1/dense_3/BiasAdd/exp_lut/right_shift12/Sub#CLZ#ReduceSum#Asr#LUT#Sub#functional_1/dense_3/BiasAdd/MaxPool#functional_1/dense_3/BiasAdd/exp_lut/right_shift12/one_const 
Softmax              Mul                  NPU                0             0.00          0              0.00          0          0          0          0           0          0           0.00       100.00 Mul#Mul#Add#Add#Add#Mul#SHL#ReduceSum#Asr#LUT#Sub#functional_1/dense_3/BiasAdd/MaxPool#functional_1/dense_3/BiasAdd/exp_lut/right_shift12/Sub#CLZ#ReduceSum#Asr#LUT#Sub#functional_1/dense_3/BiasAdd/MaxPool#functional_1/dense_3/BiasAdd/exp_lut/right_shift12/one_const/neg_32_over_17/const_48_over_17/Mul#Mul#Add#Mul#SHL#ReduceSum#Asr#LUT#Sub#functional_1/dense_3/BiasAdd/MaxPool#functional_1/dense_3/BiasAdd/exp_lut/right_shift12/Sub#CLZ#ReduceSum#Asr#LUT#Sub#functional_1/dense_3/BiasAdd/MaxPool#functional_1/dense_3/BiasAdd/exp_lut/right_shift12/one_const/neg_32_over_17/const_48_over_17/Sub#F2_one/Mul#Add#Mul#SHL#ReduceSum#Asr#LUT#Sub#functional_1/dense_3/BiasAdd/MaxPool#functional_1/dense_3/BiasAdd/exp_lut/right_shift12/Sub#CLZ#ReduceSum#Asr#LUT#Sub#functional_1/dense_3/BiasAdd/MaxPool#functional_1/dense_3/BiasAdd/exp_lut/right_shift12/one_const/neg_32_over_17/const_48_over_17/SHL#ReduceSum#Asr#LUT#Sub#functional_1/dense_3/BiasAdd/MaxPool#functional_1/dense_3/BiasAdd/exp_lut/right_shift12/Sub#CLZ#ReduceSum#Asr#LUT#Sub#functional_1/dense_3/BiasAdd/MaxPool#functional_1/dense_3/BiasAdd/exp_lut/right_shift12/one_const/four/Mul#Mul#Add#Add#Mul#SHL#ReduceSum#Asr#LUT#Sub#functional_1/dense_3/BiasAdd/MaxPool#functional_1/dense_3/BiasAdd/exp_lut/right_shift12/Sub#CLZ#ReduceSum#Asr#LUT#Sub#functional_1/dense_3/BiasAdd/MaxPool#functional_1/dense_3/BiasAdd/exp_lut/right_shift12/one_const/neg_32_over_17/const_48_over_17/Mul#Mul#Add#Mul#SHL#ReduceSum#Asr#LUT#Sub#functional_1/dense_3/BiasAdd/MaxPool#functional_1/dense_3/BiasAdd/exp_lut/right_shift12/Sub#CLZ#ReduceSum#Asr#LUT#Sub#functional_1/dense_3/BiasAdd/MaxPool#functional_1/dense_3/BiasAdd/exp_lut/right_shift12/one_const/neg_32_over_17/const_48_over_17/Sub#F2_one/Mul#Add#Mul#SHL#ReduceSum#Asr#LUT#Sub#functional_1/dense_3/BiasAdd/MaxPool#functional_1/dense_3/BiasAdd/exp_lut/right_shift12/Sub#CLZ#ReduceSum#Asr#LUT#Sub#functional_1/dense_3/BiasAdd/MaxPool#functional_1/dense_3/BiasAdd/exp_lut/right_shift12/one_const/neg_32_over_17/const_48_over_17/SHL#ReduceSum#Asr#LUT#Sub#functional_1/dense_3/BiasAdd/MaxPool#functional_1/dense_3/BiasAdd/exp_lut/right_shift12/Sub#CLZ#ReduceSum#Asr#LUT#Sub#functional_1/dense_3/BiasAdd/MaxPool#functional_1/dense_3/BiasAdd/exp_lut/right_shift12/one_const/four/Sub#F2_one/Mul#Add#Add#Mul#SHL#ReduceSum#Asr#LUT#Sub#functional_1/dense_3/BiasAdd/MaxPool#functional_1/dense_3/BiasAdd/exp_lut/right_shift12/Sub#CLZ#ReduceSum#Asr#LUT#Sub#functional_1/dense_3/BiasAdd/MaxPool#functional_1/dense_3/BiasAdd/exp_lut/right_shift12/one_const/neg_32_over_17/const_48_over_17/Mul#Mul#Add#Mul#SHL#ReduceSum#Asr#LUT#Sub#functional_1/dense_3/BiasAdd/MaxPool#functional_1/dense_3/BiasAdd/exp_lut/right_shift12/Sub#CLZ#ReduceSum#Asr#LUT#Sub#functional_1/dense_3/BiasAdd/MaxPool#functional_1/dense_3/BiasAdd/exp_lut/right_shift12/one_const/neg_32_over_17/const_48_over_17/Sub#F2_one/Mul#Add#Mul#SHL#ReduceSum#Asr#LUT#Sub#functional_1/dense_3/BiasAdd/MaxPool#functional_1/dense_3/BiasAdd/exp_lut/right_shift12/Sub#CLZ#ReduceSum#Asr#LUT#Sub#functional_1/dense_3/BiasAdd/MaxPool#functional_1/dense_3/BiasAdd/exp_lut/right_shift12/one_const/neg_32_over_17/const_48_over_17/SHL#ReduceSum#Asr#LUT#Sub#functional_1/dense_3/BiasAdd/MaxPool#functional_1/dense_3/BiasAdd/exp_lut/right_shift12/Sub#CLZ#ReduceSum#Asr#LUT#Sub#functional_1/dense_3/BiasAdd/MaxPool#functional_1/dense_3/BiasAdd/exp_lut/right_shift12/one_const/four/SHL#ReduceSum#Asr#LUT#Sub#functional_1/dense_3/BiasAdd/MaxPool#functional_1/dense_3/BiasAdd/exp_lut/right_shift12/Sub#CLZ#ReduceSum#Asr#LUT#Sub#functional_1/dense_3/BiasAdd/MaxPool#functional_1/dense_3/BiasAdd/exp_lut/right_shift12/one_const/four/Sub#F2_one/Mul#Add#Add#Add#Mul#SHL#ReduceSum#Asr#LUT#Sub#functional_1/dense_3/BiasAdd/MaxPool#functional_1/dense_3/BiasAdd/exp_lut/right_shift12/Sub#CLZ#ReduceSum#Asr#LUT#Sub#functional_1/dense_3/BiasAdd/MaxPool#functional_1/dense_3/BiasAdd/exp_lut/right_shift12/one_const/neg_32_over_17/const_48_over_17/Mul#Mul#Add#Mul#SHL#ReduceSum#Asr#LUT#Sub#functional_1/dense_3/BiasAdd/MaxPool#functional_1/dense_3/BiasAdd/exp_lut/right_shift12/Sub#CLZ#ReduceSum#Asr#LUT#Sub#functional_1/dense_3/BiasAdd/MaxPool#functional_1/dense_3/BiasAdd/exp_lut/right_shift12/one_const/neg_32_over_17/const_48_over_17/Sub#F2_one/Mul#Add#Mul#SHL#ReduceSum#Asr#LUT#Sub#functional_1/dense_3/BiasAdd/MaxPool#functional_1/dense_3/BiasAdd/exp_lut/right_shift12/Sub#CLZ#ReduceSum#Asr#LUT#Sub#functional_1/dense_3/BiasAdd/MaxPool#functional_1/dense_3/BiasAdd/exp_lut/right_shift12/one_const/neg_32_over_17/const_48_over_17/SHL#ReduceSum#Asr#LUT#Sub#functional_1/dense_3/BiasAdd/MaxPool#functional_1/dense_3/BiasAdd/exp_lut/right_shift12/Sub#CLZ#ReduceSum#Asr#LUT#Sub#functional_1/dense_3/BiasAdd/MaxPool#functional_1/dense_3/BiasAdd/exp_lut/right_shift12/one_const/four/Mul#Mul#Add#Add#Mul#SHL#ReduceSum#Asr#LUT#Sub#functional_1/dense_3/BiasAdd/MaxPool#functional_1/dense_3/BiasAdd/exp_lut/right_shift12/Sub#CLZ#ReduceSum#Asr#LUT#Sub#functional_1/dense_3/BiasAdd/MaxPool#functional_1/dense_3/BiasAdd/exp_lut/right_shift12/one_const/neg_32_over_17/const_48_over_17/Mul#Mul#Add#Mul#SHL#ReduceSum#Asr#LUT#Sub#functional_1/dense_3/BiasAdd/MaxPool#functional_1/dense_3/BiasAdd/exp_lut/right_shift12/Sub#CLZ#ReduceSum#Asr#LUT#Sub#functional_1/dense_3/BiasAdd/MaxPool#functional_1/dense_3/BiasAdd/exp_lut/right_shift12/one_const/neg_32_over_17/const_48_over_17/Sub#F2_one/Mul#Add#Mul#SHL#ReduceSum#Asr#LUT#Sub#functional_1/dense_3/BiasAdd/MaxPool#functional_1/dense_3/BiasAdd/exp_lut/right_shift12/Sub#CLZ#ReduceSum#Asr#LUT#Sub#functional_1/dense_3/BiasAdd/MaxPool#functional_1/dense_3/BiasAdd/exp_lut/right_shift12/one_const/neg_32_over_17/const_48_over_17/SHL#ReduceSum#Asr#LUT#Sub#functional_1/dense_3/BiasAdd/MaxPool#functional_1/dense_3/BiasAdd/exp_lut/right_shift12/Sub#CLZ#ReduceSum#Asr#LUT#Sub#functional_1/dense_3/BiasAdd/MaxPool#functional_1/dense_3/BiasAdd/exp_lut/right_shift12/one_const/four/Sub#F2_one/Mul#Add#Add#Mul#SHL#ReduceSum#Asr#LUT#Sub#functional_1/dense_3/BiasAdd/MaxPool#functional_1/dense_3/BiasAdd/exp_lut/right_shift12/Sub#CLZ#ReduceSum#Asr#LUT#Sub#functional_1/dense_3/BiasAdd/MaxPool#functional_1/dense_3/BiasAdd/exp_lut/right_shift12/one_const/neg_32_over_17/const_48_over_17/Mul#Mul#Add#Mul#SHL#ReduceSum#Asr#LUT#Sub#functional_1/dense_3/BiasAdd/MaxPool#functional_1/dense_3/BiasAdd/exp_lut/right_shift12/Sub#CLZ#ReduceSum#Asr#LUT#Sub#functional_1/dense_3/BiasAdd/MaxPool#functional_1/dense_3/BiasAdd/exp_lut/right_shift12/one_const/neg_32_over_17/const_48_over_17/Sub#F2_one/Mul#Add#Mul#SHL#ReduceSum#Asr#LUT#Sub#functional_1/dense_3/BiasAdd/MaxPool#functional_1/dense_3/BiasAdd/exp_lut/right_shift12/Sub#CLZ#ReduceSum#Asr#LUT#Sub#functional_1/dense_3/BiasAdd/MaxPool#functional_1/dense_3/BiasAdd/exp_lut/right_shift12/one_const/neg_32_over_17/const_48_over_17/SHL#ReduceSum#Asr#LUT#Sub#functional_1/dense_3/BiasAdd/MaxPool#functional_1/dense_3/BiasAdd/exp_lut/right_shift12/Sub#CLZ#ReduceSum#Asr#LUT#Sub#functional_1/dense_3/BiasAdd/MaxPool#functional_1/dense_3/BiasAdd/exp_lut/right_shift12/one_const/four/SHL#ReduceSum#Asr#LUT#Sub#functional_1/dense_3/BiasAdd/MaxPool#functional_1/dense_3/BiasAdd/exp_lut/right_shift12/Sub#CLZ#ReduceSum#Asr#LUT#Sub#functional_1/dense_3/BiasAdd/MaxPool#functional_1/dense_3/BiasAdd/exp_lut/right_shift12/one_const/four/SHL#ReduceSum#Asr#LUT#Sub#functional_1/dense_3/BiasAdd/MaxPool#functional_1/dense_3/BiasAdd/exp_lut/right_shift12/Sub#CLZ#ReduceSum#Asr#LUT#Sub#functional_1/dense_3/BiasAdd/MaxPool#functional_1/dense_3/BiasAdd/exp_lut/right_shift12/one_const/four 
Softmax              Add                  NPU              256            80.00          4              0.02          4          4          0          0           0          0           0.00         0.00 Add#Add#Add#Add#Mul#SHL#ReduceSum#Asr#LUT#Sub#functional_1/dense_3/BiasAdd/MaxPool#functional_1/dense_3/BiasAdd/exp_lut/right_shift12/Sub#CLZ#ReduceSum#Asr#LUT#Sub#functional_1/dense_3/BiasAdd/MaxPool#functional_1/dense_3/BiasAdd/exp_lut/right_shift12/one_const/neg_32_over_17/const_48_over_17/Mul#Mul#Add#Mul#SHL#ReduceSum#Asr#LUT#Sub#functional_1/dense_3/BiasAdd/MaxPool#functional_1/dense_3/BiasAdd/exp_lut/right_shift12/Sub#CLZ#ReduceSum#Asr#LUT#Sub#functional_1/dense_3/BiasAdd/MaxPool#functional_1/dense_3/BiasAdd/exp_lut/right_shift12/one_const/neg_32_over_17/const_48_over_17/Sub#F2_one/Mul#Add#Mul#SHL#ReduceSum#Asr#LUT#Sub#functional_1/dense_3/BiasAdd/MaxPool#functional_1/dense_3/BiasAdd/exp_lut/right_shift12/Sub#CLZ#ReduceSum#Asr#LUT#Sub#functional_1/dense_3/BiasAdd/MaxPool#functional_1/dense_3/BiasAdd/exp_lut/right_shift12/one_const/neg_32_over_17/const_48_over_17/SHL#ReduceSum#Asr#LUT#Sub#functional_1/dense_3/BiasAdd/MaxPool#functional_1/dense_3/BiasAdd/exp_lut/right_shift12/Sub#CLZ#ReduceSum#Asr#LUT#Sub#functional_1/dense_3/BiasAdd/MaxPool#functional_1/dense_3/BiasAdd/exp_lut/right_shift12/one_const/four/Mul#Mul#Add#Add#Mul#SHL#ReduceSum#Asr#LUT#Sub#functional_1/dense_3/BiasAdd/MaxPool#functional_1/dense_3/BiasAdd/exp_lut/right_shift12/Sub#CLZ#ReduceSum#Asr#LUT#Sub#functional_1/dense_3/BiasAdd/MaxPool#functional_1/dense_3/BiasAdd/exp_lut/right_shift12/one_const/neg_32_over_17/const_48_over_17/Mul#Mul#Add#Mul#SHL#ReduceSum#Asr#LUT#Sub#functional_1/dense_3/BiasAdd/MaxPool#functional_1/dense_3/BiasAdd/exp_lut/right_shift12/Sub#CLZ#ReduceSum#Asr#LUT#Sub#functional_1/dense_3/BiasAdd/MaxPool#functional_1/dense_3/BiasAdd/exp_lut/right_shift12/one_const/neg_32_over_17/const_48_over_17/Sub#F2_one/Mul#Add#Mul#SHL#ReduceSum#Asr#LUT#Sub#functional_1/dense_3/BiasAdd/MaxPool#functional_1/dense_3/BiasAdd/exp_lut/right_shift12/Sub#CLZ#ReduceSum#Asr#LUT#Sub#functional_1/dense_3/BiasAdd/MaxPool#functional_1/dense_3/BiasAdd/exp_lut/right_shift12/one_const/neg_32_over_17/const_48_over_17/SHL#ReduceSum#Asr#LUT#Sub#functional_1/dense_3/BiasAdd/MaxPool#functional_1/dense_3/BiasAdd/exp_lut/right_shift12/Sub#CLZ#ReduceSum#Asr#LUT#Sub#functional_1/dense_3/BiasAdd/MaxPool#functional_1/dense_3/BiasAdd/exp_lut/right_shift12/one_const/four/Sub#F2_one/Mul#Add#Add#Mul#SHL#ReduceSum#Asr#LUT#Sub#functional_1/dense_3/BiasAdd/MaxPool#functional_1/dense_3/BiasAdd/exp_lut/right_shift12/Sub#CLZ#ReduceSum#Asr#LUT#Sub#functional_1/dense_3/BiasAdd/MaxPool#functional_1/dense_3/BiasAdd/exp_lut/right_shift12/one_const/neg_32_over_17/const_48_over_17/Mul#Mul#Add#Mul#SHL#ReduceSum#Asr#LUT#Sub#functional_1/dense_3/BiasAdd/MaxPool#functional_1/dense_3/BiasAdd/exp_lut/right_shift12/Sub#CLZ#ReduceSum#Asr#LUT#Sub#functional_1/dense_3/BiasAdd/MaxPool#functional_1/dense_3/BiasAdd/exp_lut/right_shift12/one_const/neg_32_over_17/const_48_over_17/Sub#F2_one/Mul#Add#Mul#SHL#ReduceSum#Asr#LUT#Sub#functional_1/dense_3/BiasAdd/MaxPool#functional_1/dense_3/BiasAdd/exp_lut/right_shift12/Sub#CLZ#ReduceSum#Asr#LUT#Sub#functional_1/dense_3/BiasAdd/MaxPool#functional_1/dense_3/BiasAdd/exp_lut/right_shift12/one_const/neg_32_over_17/const_48_over_17/SHL#ReduceSum#Asr#LUT#Sub#functional_1/dense_3/BiasAdd/MaxPool#functional_1/dense_3/BiasAdd/exp_lut/right_shift12/Sub#CLZ#ReduceSum#Asr#LUT#Sub#functional_1/dense_3/BiasAdd/MaxPool#functional_1/dense_3/BiasAdd/exp_lut/right_shift12/one_const/four/SHL#ReduceSum#Asr#LUT#Sub#functional_1/dense_3/BiasAdd/MaxPool#functional_1/dense_3/BiasAdd/exp_lut/right_shift12/Sub#CLZ#ReduceSum#Asr#LUT#Sub#functional_1/dense_3/BiasAdd/MaxPool#functional_1/dense_3/BiasAdd/exp_lut/right_shift12/one_const/four/Mul#Mul#Add#Add#Add#Mul#SHL#ReduceSum#Asr#LUT#Sub#functional_1/dense_3/BiasAdd/MaxPool#functional_1/dense_3/BiasAdd/exp_lut/right_shift12/Sub#CLZ#ReduceSum#Asr#LUT#Sub#functional_1/dense_3/BiasAdd/MaxPool#functional_1/dense_3/BiasAdd/exp_lut/right_shift12/one_const/neg_32_over_17/const_48_over_17/Mul#Mul#Add#Mul#SHL#ReduceSum#Asr#LUT#Sub#functional_1/dense_3/BiasAdd/MaxPool#functional_1/dense_3/BiasAdd/exp_lut/right_shift12/Sub#CLZ#ReduceSum#Asr#LUT#Sub#functional_1/dense_3/BiasAdd/MaxPool#functional_1/dense_3/BiasAdd/exp_lut/right_shift12/one_const/neg_32_over_17/const_48_over_17/Sub#F2_one/Mul#Add#Mul#SHL#ReduceSum#Asr#LUT#Sub#functional_1/dense_3/BiasAdd/MaxPool#functional_1/dense_3/BiasAdd/exp_lut/right_shift12/Sub#CLZ#ReduceSum#Asr#LUT#Sub#functional_1/dense_3/BiasAdd/MaxPool#functional_1/dense_3/BiasAdd/exp_lut/right_shift12/one_const/neg_32_over_17/const_48_over_17/SHL#ReduceSum#Asr#LUT#Sub#functional_1/dense_3/BiasAdd/MaxPool#functional_1/dense_3/BiasAdd/exp_lut/right_shift12/Sub#CLZ#ReduceSum#Asr#LUT#Sub#functional_1/dense_3/BiasAdd/MaxPool#functional_1/dense_3/BiasAdd/exp_lut/right_shift12/one_const/four/Mul#Mul#Add#Add#Mul#SHL#ReduceSum#Asr#LUT#Sub#functional_1/dense_3/BiasAdd/MaxPool#functional_1/dense_3/BiasAdd/exp_lut/right_shift12/Sub#CLZ#ReduceSum#Asr#LUT#Sub#functional_1/dense_3/BiasAdd/MaxPool#functional_1/dense_3/BiasAdd/exp_lut/right_shift12/one_const/neg_32_over_17/const_48_over_17/Mul#Mul#Add#Mul#SHL#ReduceSum#Asr#LUT#Sub#functional_1/dense_3/BiasAdd/MaxPool#functional_1/dense_3/BiasAdd/exp_lut/right_shift12/Sub#CLZ#ReduceSum#Asr#LUT#Sub#functional_1/dense_3/BiasAdd/MaxPool#functional_1/dense_3/BiasAdd/exp_lut/right_shift12/one_const/neg_32_over_17/const_48_over_17/Sub#F2_one/Mul#Add#Mul#SHL#ReduceSum#Asr#LUT#Sub#functional_1/dense_3/BiasAdd/MaxPool#functional_1/dense_3/BiasAdd/exp_lut/right_shift12/Sub#CLZ#ReduceSum#Asr#LUT#Sub#functional_1/dense_3/BiasAdd/MaxPool#functional_1/dense_3/BiasAdd/exp_lut/right_shift12/one_const/neg_32_over_17/const_48_over_17/SHL#ReduceSum#Asr#LUT#Sub#functional_1/dense_3/BiasAdd/MaxPool#functional_1/dense_3/BiasAdd/exp_lut/right_shift12/Sub#CLZ#ReduceSum#Asr#LUT#Sub#functional_1/dense_3/BiasAdd/MaxPool#functional_1/dense_3/BiasAdd/exp_lut/right_shift12/one_const/four/Sub#F2_one/Mul#Add#Add#Mul#SHL#ReduceSum#Asr#LUT#Sub#functional_1/dense_3/BiasAdd/MaxPool#functional_1/dense_3/BiasAdd/exp_lut/right_shift12/Sub#CLZ#ReduceSum#Asr#LUT#Sub#functional_1/dense_3/BiasAdd/MaxPool#functional_1/dense_3/BiasAdd/exp_lut/right_shift12/one_const/neg_32_over_17/const_48_over_17/Mul#Mul#Add#Mul#SHL#ReduceSum#Asr#LUT#Sub#functional_1/dense_3/BiasAdd/MaxPool#functional_1/dense_3/BiasAdd/exp_lut/right_shift12/Sub#CLZ#ReduceSum#Asr#LUT#Sub#functional_1/dense_3/BiasAdd/MaxPool#functional_1/dense_3/BiasAdd/exp_lut/right_shift12/one_const/neg_32_over_17/const_48_over_17/Sub#F2_one/Mul#Add#Mul#SHL#ReduceSum#Asr#LUT#Sub#functional_1/dense_3/BiasAdd/MaxPool#functional_1/dense_3/BiasAdd/exp_lut/right_shift12/Sub#CLZ#ReduceSum#Asr#LUT#Sub#functional_1/dense_3/BiasAdd/MaxPool#functional_1/dense_3/BiasAdd/exp_lut/right_shift12/one_const/neg_32_over_17/const_48_over_17/SHL#ReduceSum#Asr#LUT#Sub#functional_1/dense_3/BiasAdd/MaxPool#functional_1/dense_3/BiasAdd/exp_lut/right_shift12/Sub#CLZ#ReduceSum#Asr#LUT#Sub#functional_1/dense_3/BiasAdd/MaxPool#functional_1/dense_3/BiasAdd/exp_lut/right_shift12/one_const/four/SHL#ReduceSum#Asr#LUT#Sub#functional_1/dense_3/BiasAdd/MaxPool#functional_1/dense_3/BiasAdd/exp_lut/right_shift12/Sub#CLZ#ReduceSum#Asr#LUT#Sub#functional_1/dense_3/BiasAdd/MaxPool#functional_1/dense_3/BiasAdd/exp_lut/right_shift12/one_const/four/Sub#F2_one/Mul#Add#Add#Add#Mul#SHL#ReduceSum#Asr#LUT#Sub#functional_1/dense_3/BiasAdd/MaxPool#functional_1/dense_3/BiasAdd/exp_lut/right_shift12/Sub#CLZ#ReduceSum#Asr#LUT#Sub#functional_1/dense_3/BiasAdd/MaxPool#functional_1/dense_3/BiasAdd/exp_lut/right_shift12/one_const/neg_32_over_17/const_48_over_17/Mul#Mul#Add#Mul#SHL#ReduceSum#Asr#LUT#Sub#functional_1/dense_3/BiasAdd/MaxPool#functional_1/dense_3/BiasAdd/exp_lut/right_shift12/Sub#CLZ#ReduceSum#Asr#LUT#Sub#functional_1/dense_3/BiasAdd/MaxPool#functional_1/dense_3/BiasAdd/exp_lut/right_shift12/one_const/neg_32_over_17/const_48_over_17/Sub#F2_one/Mul#Add#Mul#SHL#ReduceSum#Asr#LUT#Sub#functional_1/dense_3/BiasAdd/MaxPool#functional_1/dense_3/BiasAdd/exp_lut/right_shift12/Sub#CLZ#ReduceSum#Asr#LUT#Sub#functional_1/dense_3/BiasAdd/MaxPool#functional_1/dense_3/BiasAdd/exp_lut/right_shift12/one_const/neg_32_over_17/const_48_over_17/SHL#ReduceSum#Asr#LUT#Sub#functional_1/dense_3/BiasAdd/MaxPool#functional_1/dense_3/BiasAdd/exp_lut/right_shift12/Sub#CLZ#ReduceSum#Asr#LUT#Sub#functional_1/dense_3/BiasAdd/MaxPool#functional_1/dense_3/BiasAdd/exp_lut/right_shift12/one_const/four/Mul#Mul#Add#Add#Mul#SHL#ReduceSum#Asr#LUT#Sub#functional_1/dense_3/BiasAdd/MaxPool#functional_1/dense_3/BiasAdd/exp_lut/right_shift12/Sub#CLZ#ReduceSum#Asr#LUT#Sub#functional_1/dense_3/BiasAdd/MaxPool#functional_1/dense_3/BiasAdd/exp_lut/right_shift12/one_const/neg_32_over_17/const_48_over_17/Mul#Mul#Add#Mul#SHL#ReduceSum#Asr#LUT#Sub#functional_1/dense_3/BiasAdd/MaxPool#functional_1/dense_3/BiasAdd/exp_lut/right_shift12/Sub#CLZ#ReduceSum#Asr#LUT#Sub#functional_1/dense_3/BiasAdd/MaxPool#functional_1/dense_3/BiasAdd/exp_lut/right_shift12/one_const/neg_32_over_17/const_48_over_17/Sub#F2_one/Mul#Add#Mul#SHL#ReduceSum#Asr#LUT#Sub#functional_1/dense_3/BiasAdd/MaxPool#functional_1/dense_3/BiasAdd/exp_lut/right_shift12/Sub#CLZ#ReduceSum#Asr#LUT#Sub#functional_1/dense_3/BiasAdd/MaxPool#functional_1/dense_3/BiasAdd/exp_lut/right_shift12/one_const/neg_32_over_17/const_48_over_17/SHL#ReduceSum#Asr#LUT#Sub#functional_1/dense_3/BiasAdd/MaxPool#functional_1/dense_3/BiasAdd/exp_lut/right_shift12/Sub#CLZ#ReduceSum#Asr#LUT#Sub#functional_1/dense_3/BiasAdd/MaxPool#functional_1/dense_3/BiasAdd/exp_lut/right_shift12/one_const/four/Sub#F2_one/Mul#Add#Add#Mul#SHL#ReduceSum#Asr#LUT#Sub#functional_1/dense_3/BiasAdd/MaxPool#functional_1/dense_3/BiasAdd/exp_lut/right_shift12/Sub#CLZ#ReduceSum#Asr#LUT#Sub#functional_1/dense_3/BiasAdd/MaxPool#functional_1/dense_3/BiasAdd/exp_lut/right_shift12/one_const/neg_32_over_17/const_48_over_17/Mul#Mul#Add#Mul#SHL#ReduceSum#Asr#LUT#Sub#functional_1/dense_3/BiasAdd/MaxPool#functional_1/dense_3/BiasAdd/exp_lut/right_shift12/Sub#CLZ#ReduceSum#Asr#LUT#Sub#functional_1/dense_3/BiasAdd/MaxPool#functional_1/dense_3/BiasAdd/exp_lut/right_shift12/one_const/neg_32_over_17/const_48_over_17/Sub#F2_one/Mul#Add#Mul#SHL#ReduceSum#Asr#LUT#Sub#functional_1/dense_3/BiasAdd/MaxPool#functional_1/dense_3/BiasAdd/exp_lut/right_shift12/Sub#CLZ#ReduceSum#Asr#LUT#Sub#functional_1/dense_3/BiasAdd/MaxPool#functional_1/dense_3/BiasAdd/exp_lut/right_shift12/one_const/neg_32_over_17/const_48_over_17/SHL#ReduceSum#Asr#LUT#Sub#functional_1/dense_3/BiasAdd/MaxPool#functional_1/dense_3/BiasAdd/exp_lut/right_shift12/Sub#CLZ#ReduceSum#Asr#LUT#Sub#functional_1/dense_3/BiasAdd/MaxPool#functional_1/dense_3/BiasAdd/exp_lut/right_shift12/one_const/four/SHL#ReduceSum#Asr#LUT#Sub#functional_1/dense_3/BiasAdd/MaxPool#functional_1/dense_3/BiasAdd/exp_lut/right_shift12/Sub#CLZ#ReduceSum#Asr#LUT#Sub#functional_1/dense_3/BiasAdd/MaxPool#functional_1/dense_3/BiasAdd/exp_lut/right_shift12/one_const/four/SHL#ReduceSum#Asr#LUT#Sub#functional_1/dense_3/BiasAdd/MaxPool#functional_1/dense_3/BiasAdd/exp_lut/right_shift12/Sub#CLZ#ReduceSum#Asr#LUT#Sub#functional_1/dense_3/BiasAdd/MaxPool#functional_1/dense_3/BiasAdd/exp_lut/right_shift12/one_const/four 
Softmax              Mul                  NPU              192            60.00          8              0.04          8          2          0          0           0          0           0.00         0.00 Mul#LUT#Sub#functional_1/dense_3/BiasAdd/MaxPool#functional_1/dense_3/BiasAdd/exp_lut/Add#Add#Add#Add#Mul#SHL#ReduceSum#Asr#LUT#Sub#functional_1/dense_3/BiasAdd/MaxPool#functional_1/dense_3/BiasAdd/exp_lut/right_shift12/Sub#CLZ#ReduceSum#Asr#LUT#Sub#functional_1/dense_3/BiasAdd/MaxPool#functional_1/dense_3/BiasAdd/exp_lut/right_shift12/one_const/neg_32_over_17/const_48_over_17/Mul#Mul#Add#Mul#SHL#ReduceSum#Asr#LUT#Sub#functional_1/dense_3/BiasAdd/MaxPool#functional_1/dense_3/BiasAdd/exp_lut/right_shift12/Sub#CLZ#ReduceSum#Asr#LUT#Sub#functional_1/dense_3/BiasAdd/MaxPool#functional_1/dense_3/BiasAdd/exp_lut/right_shift12/one_const/neg_32_over_17/const_48_over_17/Sub#F2_one/Mul#Add#Mul#SHL#ReduceSum#Asr#LUT#Sub#functional_1/dense_3/BiasAdd/MaxPool#functional_1/dense_3/BiasAdd/exp_lut/right_shift12/Sub#CLZ#ReduceSum#Asr#LUT#Sub#functional_1/dense_3/BiasAdd/MaxPool#functional_1/dense_3/BiasAdd/exp_lut/right_shift12/one_const/neg_32_over_17/const_48_over_17/SHL#ReduceSum#Asr#LUT#Sub#functional_1/dense_3/BiasAdd/MaxPool#functional_1/dense_3/BiasAdd/exp_lut/right_shift12/Sub#CLZ#ReduceSum#Asr#LUT#Sub#functional_1/dense_3/BiasAdd/MaxPool#functional_1/dense_3/BiasAdd/exp_lut/right_shift12/one_const/four/Mul#Mul#Add#Add#Mul#SHL#ReduceSum#Asr#LUT#Sub#functional_1/dense_3/BiasAdd/MaxPool#functional_1/dense_3/BiasAdd/exp_lut/right_shift12/Sub#CLZ#ReduceSum#Asr#LUT#Sub#functional_1/dense_3/BiasAdd/MaxPool#functional_1/dense_3/BiasAdd/exp_lut/right_shift12/one_const/neg_32_over_17/const_48_over_17/Mul#Mul#Add#Mul#SHL#ReduceSum#Asr#LUT#Sub#functional_1/dense_3/BiasAdd/MaxPool#functional_1/dense_3/BiasAdd/exp_lut/right_shift12/Sub#CLZ#ReduceSum#Asr#LUT#Sub#functional_1/dense_3/BiasAdd/MaxPool#functional_1/dense_3/BiasAdd/exp_lut/right_shift12/one_const/neg_32_over_17/const_48_over_17/Sub#F2_one/Mul#Add#Mul#SHL#ReduceSum#Asr#LUT#Sub#functional_1/dense_3/BiasAdd/MaxPool#functional_1/dense_3/BiasAdd/exp_lut/right_shift12/Sub#CLZ#ReduceSum#Asr#LUT#Sub#functional_1/dense_3/BiasAdd/MaxPool#functional_1/dense_3/BiasAdd/exp_lut/right_shift12/one_const/neg_32_over_17/const_48_over_17/SHL#ReduceSum#Asr#LUT#Sub#functional_1/dense_3/BiasAdd/MaxPool#functional_1/dense_3/BiasAdd/exp_lut/right_shift12/Sub#CLZ#ReduceSum#Asr#LUT#Sub#functional_1/dense_3/BiasAdd/MaxPool#functional_1/dense_3/BiasAdd/exp_lut/right_shift12/one_const/four/Sub#F2_one/Mul#Add#Add#Mul#SHL#ReduceSum#Asr#LUT#Sub#functional_1/dense_3/BiasAdd/MaxPool#functional_1/dense_3/BiasAdd/exp_lut/right_shift12/Sub#CLZ#ReduceSum#Asr#LUT#Sub#functional_1/dense_3/BiasAdd/MaxPool#functional_1/dense_3/BiasAdd/exp_lut/right_shift12/one_const/neg_32_over_17/const_48_over_17/Mul#Mul#Add#Mul#SHL#ReduceSum#Asr#LUT#Sub#functional_1/dense_3/BiasAdd/MaxPool#functional_1/dense_3/BiasAdd/exp_lut/right_shift12/Sub#CLZ#ReduceSum#Asr#LUT#Sub#functional_1/dense_3/BiasAdd/MaxPool#functional_1/dense_3/BiasAdd/exp_lut/right_shift12/one_const/neg_32_over_17/const_48_over_17/Sub#F2_one/Mul#Add#Mul#SHL#ReduceSum#Asr#LUT#Sub#functional_1/dense_3/BiasAdd/MaxPool#functional_1/dense_3/BiasAdd/exp_lut/right_shift12/Sub#CLZ#ReduceSum#Asr#LUT#Sub#functional_1/dense_3/BiasAdd/MaxPool#functional_1/dense_3/BiasAdd/exp_lut/right_shift12/one_const/neg_32_over_17/const_48_over_17/SHL#ReduceSum#Asr#LUT#Sub#functional_1/dense_3/BiasAdd/MaxPool#functional_1/dense_3/BiasAdd/exp_lut/right_shift12/Sub#CLZ#ReduceSum#Asr#LUT#Sub#functional_1/dense_3/BiasAdd/MaxPool#functional_1/dense_3/BiasAdd/exp_lut/right_shift12/one_const/four/SHL#ReduceSum#Asr#LUT#Sub#functional_1/dense_3/BiasAdd/MaxPool#functional_1/dense_3/BiasAdd/exp_lut/right_shift12/Sub#CLZ#ReduceSum#Asr#LUT#Sub#functional_1/dense_3/BiasAdd/MaxPool#functional_1/dense_3/BiasAdd/exp_lut/right_shift12/one_const/four/Mul#Mul#Add#Add#Add#Mul#SHL#ReduceSum#Asr#LUT#Sub#functional_1/dense_3/BiasAdd/MaxPool#functional_1/dense_3/BiasAdd/exp_lut/right_shift12/Sub#CLZ#ReduceSum#Asr#LUT#Sub#functional_1/dense_3/BiasAdd/MaxPool#functional_1/dense_3/BiasAdd/exp_lut/right_shift12/one_const/neg_32_over_17/const_48_over_17/Mul#Mul#Add#Mul#SHL#ReduceSum#Asr#LUT#Sub#functional_1/dense_3/BiasAdd/MaxPool#functional_1/dense_3/BiasAdd/exp_lut/right_shift12/Sub#CLZ#ReduceSum#Asr#LUT#Sub#functional_1/dense_3/BiasAdd/MaxPool#functional_1/dense_3/BiasAdd/exp_lut/right_shift12/one_const/neg_32_over_17/const_48_over_17/Sub#F2_one/Mul#Add#Mul#SHL#ReduceSum#Asr#LUT#Sub#functional_1/dense_3/BiasAdd/MaxPool#functional_1/dense_3/BiasAdd/exp_lut/right_shift12/Sub#CLZ#ReduceSum#Asr#LUT#Sub#functional_1/dense_3/BiasAdd/MaxPool#functional_1/dense_3/BiasAdd/exp_lut/right_shift12/one_const/neg_32_over_17/const_48_over_17/SHL#ReduceSum#Asr#LUT#Sub#functional_1/dense_3/BiasAdd/MaxPool#functional_1/dense_3/BiasAdd/exp_lut/right_shift12/Sub#CLZ#ReduceSum#Asr#LUT#Sub#functional_1/dense_3/BiasAdd/MaxPool#functional_1/dense_3/BiasAdd/exp_lut/right_shift12/one_const/four/Mul#Mul#Add#Add#Mul#SHL#ReduceSum#Asr#LUT#Sub#functional_1/dense_3/BiasAdd/MaxPool#functional_1/dense_3/BiasAdd/exp_lut/right_shift12/Sub#CLZ#ReduceSum#Asr#LUT#Sub#functional_1/dense_3/BiasAdd/MaxPool#functional_1/dense_3/BiasAdd/exp_lut/right_shift12/one_const/neg_32_over_17/const_48_over_17/Mul#Mul#Add#Mul#SHL#ReduceSum#Asr#LUT#Sub#functional_1/dense_3/BiasAdd/MaxPool#functional_1/dense_3/BiasAdd/exp_lut/right_shift12/Sub#CLZ#ReduceSum#Asr#LUT#Sub#functional_1/dense_3/BiasAdd/MaxPool#functional_1/dense_3/BiasAdd/exp_lut/right_shift12/one_const/neg_32_over_17/const_48_over_17/Sub#F2_one/Mul#Add#Mul#SHL#ReduceSum#Asr#LUT#Sub#functional_1/dense_3/BiasAdd/MaxPool#functional_1/dense_3/BiasAdd/exp_lut/right_shift12/Sub#CLZ#ReduceSum#Asr#LUT#Sub#functional_1/dense_3/BiasAdd/MaxPool#functional_1/dense_3/BiasAdd/exp_lut/right_shift12/one_const/neg_32_over_17/const_48_over_17/SHL#ReduceSum#Asr#LUT#Sub#functional_1/dense_3/BiasAdd/MaxPool#functional_1/dense_3/BiasAdd/exp_lut/right_shift12/Sub#CLZ#ReduceSum#Asr#LUT#Sub#functional_1/dense_3/BiasAdd/MaxPool#functional_1/dense_3/BiasAdd/exp_lut/right_shift12/one_const/four/Sub#F2_one/Mul#Add#Add#Mul#SHL#ReduceSum#Asr#LUT#Sub#functional_1/dense_3/BiasAdd/MaxPool#functional_1/dense_3/BiasAdd/exp_lut/right_shift12/Sub#CLZ#ReduceSum#Asr#LUT#Sub#functional_1/dense_3/BiasAdd/MaxPool#functional_1/dense_3/BiasAdd/exp_lut/right_shift12/one_const/neg_32_over_17/const_48_over_17/Mul#Mul#Add#Mul#SHL#ReduceSum#Asr#LUT#Sub#functional_1/dense_3/BiasAdd/MaxPool#functional_1/dense_3/BiasAdd/exp_lut/right_shift12/Sub#CLZ#ReduceSum#Asr#LUT#Sub#functional_1/dense_3/BiasAdd/MaxPool#functional_1/dense_3/BiasAdd/exp_lut/right_shift12/one_const/neg_32_over_17/const_48_over_17/Sub#F2_one/Mul#Add#Mul#SHL#ReduceSum#Asr#LUT#Sub#functional_1/dense_3/BiasAdd/MaxPool#functional_1/dense_3/BiasAdd/exp_lut/right_shift12/Sub#CLZ#ReduceSum#Asr#LUT#Sub#functional_1/dense_3/BiasAdd/MaxPool#functional_1/dense_3/BiasAdd/exp_lut/right_shift12/one_const/neg_32_over_17/const_48_over_17/SHL#ReduceSum#Asr#LUT#Sub#functional_1/dense_3/BiasAdd/MaxPool#functional_1/dense_3/BiasAdd/exp_lut/right_shift12/Sub#CLZ#ReduceSum#Asr#LUT#Sub#functional_1/dense_3/BiasAdd/MaxPool#functional_1/dense_3/BiasAdd/exp_lut/right_shift12/one_const/four/SHL#ReduceSum#Asr#LUT#Sub#functional_1/dense_3/BiasAdd/MaxPool#functional_1/dense_3/BiasAdd/exp_lut/right_shift12/Sub#CLZ#ReduceSum#Asr#LUT#Sub#functional_1/dense_3/BiasAdd/MaxPool#functional_1/dense_3/BiasAdd/exp_lut/right_shift12/one_const/four/Sub#F2_one/Mul#Add#Add#Add#Mul#SHL#ReduceSum#Asr#LUT#Sub#functional_1/dense_3/BiasAdd/MaxPool#functional_1/dense_3/BiasAdd/exp_lut/right_shift12/Sub#CLZ#ReduceSum#Asr#LUT#Sub#functional_1/dense_3/BiasAdd/MaxPool#functional_1/dense_3/BiasAdd/exp_lut/right_shift12/one_const/neg_32_over_17/const_48_over_17/Mul#Mul#Add#Mul#SHL#ReduceSum#Asr#LUT#Sub#functional_1/dense_3/BiasAdd/MaxPool#functional_1/dense_3/BiasAdd/exp_lut/right_shift12/Sub#CLZ#ReduceSum#Asr#LUT#Sub#functional_1/dense_3/BiasAdd/MaxPool#functional_1/dense_3/BiasAdd/exp_lut/right_shift12/one_const/neg_32_over_17/const_48_over_17/Sub#F2_one/Mul#Add#Mul#SHL#ReduceSum#Asr#LUT#Sub#functional_1/dense_3/BiasAdd/MaxPool#functional_1/dense_3/BiasAdd/exp_lut/right_shift12/Sub#CLZ#ReduceSum#Asr#LUT#Sub#functional_1/dense_3/BiasAdd/MaxPool#functional_1/dense_3/BiasAdd/exp_lut/right_shift12/one_const/neg_32_over_17/const_48_over_17/SHL#ReduceSum#Asr#LUT#Sub#functional_1/dense_3/BiasAdd/MaxPool#functional_1/dense_3/BiasAdd/exp_lut/right_shift12/Sub#CLZ#ReduceSum#Asr#LUT#Sub#functional_1/dense_3/BiasAdd/MaxPool#functional_1/dense_3/BiasAdd/exp_lut/right_shift12/one_const/four/Mul#Mul#Add#Add#Mul#SHL#ReduceSum#Asr#LUT#Sub#functional_1/dense_3/BiasAdd/MaxPool#functional_1/dense_3/BiasAdd/exp_lut/right_shift12/Sub#CLZ#ReduceSum#Asr#LUT#Sub#functional_1/dense_3/BiasAdd/MaxPool#functional_1/dense_3/BiasAdd/exp_lut/right_shift12/one_const/neg_32_over_17/const_48_over_17/Mul#Mul#Add#Mul#SHL#ReduceSum#Asr#LUT#Sub#functional_1/dense_3/BiasAdd/MaxPool#functional_1/dense_3/BiasAdd/exp_lut/right_shift12/Sub#CLZ#ReduceSum#Asr#LUT#Sub#functional_1/dense_3/BiasAdd/MaxPool#functional_1/dense_3/BiasAdd/exp_lut/right_shift12/one_const/neg_32_over_17/const_48_over_17/Sub#F2_one/Mul#Add#Mul#SHL#ReduceSum#Asr#LUT#Sub#functional_1/dense_3/BiasAdd/MaxPool#functional_1/dense_3/BiasAdd/exp_lut/right_shift12/Sub#CLZ#ReduceSum#Asr#LUT#Sub#functional_1/dense_3/BiasAdd/MaxPool#functional_1/dense_3/BiasAdd/exp_lut/right_shift12/one_const/neg_32_over_17/const_48_over_17/SHL#ReduceSum#Asr#LUT#Sub#functional_1/dense_3/BiasAdd/MaxPool#functional_1/dense_3/BiasAdd/exp_lut/right_shift12/Sub#CLZ#ReduceSum#Asr#LUT#Sub#functional_1/dense_3/BiasAdd/MaxPool#functional_1/dense_3/BiasAdd/exp_lut/right_shift12/one_const/four/Sub#F2_one/Mul#Add#Add#Mul#SHL#ReduceSum#Asr#LUT#Sub#functional_1/dense_3/BiasAdd/MaxPool#functional_1/dense_3/BiasAdd/exp_lut/right_shift12/Sub#CLZ#ReduceSum#Asr#LUT#Sub#functional_1/dense_3/BiasAdd/MaxPool#functional_1/dense_3/BiasAdd/exp_lut/right_shift12/one_const/neg_32_over_17/const_48_over_17/Mul#Mul#Add#Mul#SHL#ReduceSum#Asr#LUT#Sub#functional_1/dense_3/BiasAdd/MaxPool#functional_1/dense_3/BiasAdd/exp_lut/right_shift12/Sub#CLZ#ReduceSum#Asr#LUT#Sub#functional_1/dense_3/BiasAdd/MaxPool#functional_1/dense_3/BiasAdd/exp_lut/right_shift12/one_const/neg_32_over_17/const_48_over_17/Sub#F2_one/Mul#Add#Mul#SHL#ReduceSum#Asr#LUT#Sub#functional_1/dense_3/BiasAdd/MaxPool#functional_1/dense_3/BiasAdd/exp_lut/right_shift12/Sub#CLZ#ReduceSum#Asr#LUT#Sub#functional_1/dense_3/BiasAdd/MaxPool#functional_1/dense_3/BiasAdd/exp_lut/right_shift12/one_const/neg_32_over_17/const_48_over_17/SHL#ReduceSum#Asr#LUT#Sub#functional_1/dense_3/BiasAdd/MaxPool#functional_1/dense_3/BiasAdd/exp_lut/right_shift12/Sub#CLZ#ReduceSum#Asr#LUT#Sub#functional_1/dense_3/BiasAdd/MaxPool#functional_1/dense_3/BiasAdd/exp_lut/right_shift12/one_const/four/SHL#ReduceSum#Asr#LUT#Sub#functional_1/dense_3/BiasAdd/MaxPool#functional_1/dense_3/BiasAdd/exp_lut/right_shift12/Sub#CLZ#ReduceSum#Asr#LUT#Sub#functional_1/dense_3/BiasAdd/MaxPool#functional_1/dense_3/BiasAdd/exp_lut/right_shift12/one_const/four/SHL#ReduceSum#Asr#LUT#Sub#functional_1/dense_3/BiasAdd/MaxPool#functional_1/dense_3/BiasAdd/exp_lut/right_shift12/Sub#CLZ#ReduceSum#Asr#LUT#Sub#functional_1/dense_3/BiasAdd/MaxPool#functional_1/dense_3/BiasAdd/exp_lut/right_shift12/one_const/four 
Softmax              Asr                  NPU                0             0.00          0              0.00          0          0          0          0           0          0           0.00       100.00 Identity_int8        
Dequantize           Passthrough          CPU                0             0.00          0              0.00          0          0          0          0           0          0           0.00       100.00 Identity             

Network summary for dnn_s_quantized
Accelerator configuration               Ethos_U85_512
System configuration             Ethos_U85_SYS_DRAM_Low
Memory mode                            Dedicated_Sram
Accelerator clock                                 500 MHz
Design peak SRAM bandwidth                      14.90 GB/s
Design peak DRAM bandwidth                       3.49 GB/s

Total SRAM used                                  0.31 KiB
Total DRAM used                                 83.47 KiB

CPU operators = 2 (9.5%)
NPU operators = 19 (90.5%)

Average SRAM bandwidth                           0.06 GB/s
Input   SRAM bandwidth                           0.00 MB/batch
Weight  SRAM bandwidth                           0.00 MB/batch
Output  SRAM bandwidth                           0.00 MB/batch
Total   SRAM bandwidth                           0.00 MB/batch
Total   SRAM bandwidth            per input      0.00 MB/inference (batch size 1)

Average DRAM bandwidth                           1.95 GB/s
Input   DRAM bandwidth                           0.00 MB/batch
Weight  DRAM bandwidth                           0.07 MB/batch
Output  DRAM bandwidth                           0.00 MB/batch
Total   DRAM bandwidth                           0.08 MB/batch
Total   DRAM bandwidth            per input      0.08 MB/inference (batch size 1)

Neural network macs                             79224 MACs/batch

