set  1 rep 1 rc=0 valid=False ['cycle_valid']
set  1 rep 2 rc=0 valid=False ['cycle_valid']
set  1 rep 3 rc=0 valid=False ['cycle_valid']
set  2 rep 1 rc=0 valid=False ['cycle_valid']
set  2 rep 2 rc=0 valid=False ['cycle_valid']
set  2 rep 3 rc=0 valid=False ['cycle_valid']
set  3 rep 1 rc=0 valid=False ['cycle_valid']
set  3 rep 2 rc=0 valid=False ['cycle_valid']
set  3 rep 3 rc=0 valid=False ['cycle_valid']
set  4 rep 1 rc=0 valid=False ['cycle_valid']
set  4 rep 2 rc=0 valid=False ['cycle_valid']
set  4 rep 3 rc=0 valid=False ['cycle_valid']
set  5 rep 1 rc=0 valid=False ['cycle_valid']
set  5 rep 2 rc=0 valid=False ['cycle_valid']
set  5 rep 3 rc=0 valid=False ['cycle_valid']
set  6 rep 1 rc=0 valid=False ['cycle_valid']
set  6 rep 2 rc=0 valid=False ['cycle_valid']
set  6 rep 3 rc=0 valid=False ['cycle_valid']
set  7 rep 1 rc=0 valid=False ['cycle_valid']
set  7 rep 2 rc=0 valid=False ['cycle_valid']
set  7 rep 3 rc=0 valid=False ['cycle_valid']
set  8 rep 1 rc=0 valid=False ['cycle_valid']
set  8 rep 2 rc=0 valid=False ['cycle_valid']
set  8 rep 3 rc=0 valid=False ['cycle_valid']
set  9 rep 1 rc=0 valid=False ['cycle_valid']
set  9 rep 2 rc=0 valid=False ['cycle_valid']
set  9 rep 3 rc=0 valid=False ['cycle_valid']
set 10 rep 1 rc=0 valid=False ['cycle_valid']
set 10 rep 2 rc=0 valid=False ['cycle_valid']
set 10 rep 3 rc=0 valid=False ['cycle_valid']
set 11 rep 1 rc=0 valid=False ['cycle_valid']
set 11 rep 2 rc=0 valid=False ['cycle_valid']
set 11 rep 3 rc=0 valid=False ['cycle_valid']
set 12 rep 1 rc=0 valid=False ['cycle_valid']
set 12 rep 2 rc=0 valid=False ['cycle_valid']
set 12 rep 3 rc=0 valid=False ['cycle_valid']
set 13 rep 1 rc=0 valid=False ['cycle_valid']
set 13 rep 2 rc=0 valid=False ['cycle_valid']
set 13 rep 3 rc=0 valid=False ['cycle_valid']
set 14 rep 1 rc=0 valid=False ['cycle_valid']
set 14 rep 2 rc=0 valid=False ['cycle_valid']
set 14 rep 3 rc=0 valid=False ['cycle_valid']
set 15 rep 1 rc=0 valid=False ['cycle_valid']
set 15 rep 2 rc=0 valid=False ['cycle_valid']
set 15 rep 3 rc=0 valid=False ['cycle_valid']
set 16 rep 1 rc=0 valid=False ['cycle_valid']
set 16 rep 2 rc=0 valid=False ['cycle_valid']
set 16 rep 3 rc=0 valid=False ['cycle_valid']
set 17 rep 1 rc=0 valid=False ['cycle_valid']
set 17 rep 2 rc=0 valid=False ['cycle_valid']
set 17 rep 3 rc=0 valid=False ['cycle_valid']
set 18 rep 1 rc=0 valid=False ['cycle_valid']
set 18 rep 2 rc=0 valid=False ['cycle_valid']
set 18 rep 3 rc=0 valid=False ['cycle_valid']
set 19 rep 1 rc=0 valid=False ['cycle_valid']
set 19 rep 2 rc=0 valid=False ['cycle_valid']
set 19 rep 3 rc=0 valid=False ['cycle_valid']
set 20 rep 1 rc=0 valid=False ['cycle_valid']
set 20 rep 2 rc=0 valid=False ['cycle_valid']
set 20 rep 3 rc=0 valid=False ['cycle_valid']
set 21 rep 1 rc=0 valid=False ['cycle_valid']
set 21 rep 2 rc=0 valid=False ['cycle_valid']
set 21 rep 3 rc=0 valid=False ['cycle_valid']
set 22 rep 1 rc=0 valid=False ['cycle_valid']
set 22 rep 2 rc=0 valid=True 
set 22 rep 3 rc=0 valid=True 
{
 "runs": 66,
 "coverage": "COMPLETE",
 "consistency": {
  "CYCLE_EVENT_VS_PMCCNTR": "UNPROVEN",
  "NPU_ACTIVE_LE_CYCLE": "UNPROVEN"
 },
 "verdict_counts": {
  "COUNTED_NONZERO": 0,
  "COUNTED_ZERO": 0,
  "INCONSISTENT": 0,
  "NOT_OBSERVED": 171
 },
 "refusal": null
}
