set  1 rep 1 rc=1 vendor_rc=2 seam_status/qread=('0xffff0020', 17468) ofm_mismatch(count,maxdiff,first)=(5, 4, 491) valid=True 
set  1 rep 2 rc=1 vendor_rc=2 seam_status/qread=('0xffff0020', 17468) ofm_mismatch(count,maxdiff,first)=(5, 4, 491) valid=True 
set  1 rep 3 rc=1 vendor_rc=2 seam_status/qread=('0xffff0020', 17468) ofm_mismatch(count,maxdiff,first)=(5, 4, 491) valid=True 
set  2 rep 1 rc=1 vendor_rc=2 seam_status/qread=('0xffff0020', 17468) ofm_mismatch(count,maxdiff,first)=(5, 4, 491) valid=True 
set  2 rep 2 rc=1 vendor_rc=2 seam_status/qread=('0xffff0020', 17468) ofm_mismatch(count,maxdiff,first)=(5, 4, 491) valid=True 
set  2 rep 3 rc=1 vendor_rc=2 seam_status/qread=('0xffff0020', 17468) ofm_mismatch(count,maxdiff,first)=(5, 4, 491) valid=True 
set  3 rep 1 rc=1 vendor_rc=2 seam_status/qread=('0xffff0020', 17468) ofm_mismatch(count,maxdiff,first)=(5, 4, 491) valid=True 
set  3 rep 2 rc=1 vendor_rc=2 seam_status/qread=('0xffff0020', 17468) ofm_mismatch(count,maxdiff,first)=(5, 4, 491) valid=True 
set  3 rep 3 rc=1 vendor_rc=2 seam_status/qread=('0xffff0020', 17468) ofm_mismatch(count,maxdiff,first)=(5, 4, 491) valid=True 
{
 "runs": 9,
 "coverage": "COMPLETE_SUBSET(19)",
 "consistency": {
  "CYCLE_EVENT_VS_PMCCNTR": "PASS",
  "NPU_ACTIVE_LE_CYCLE": "PASS"
 },
 "verdict_counts": {
  "COUNTED_NONZERO": 16,
  "COUNTED_ZERO": 3,
  "INCONSISTENT": 0,
  "NOT_OBSERVED": 0
 },
 "refusal": null
}
