INFO - WARN - MPS4_SCC->CFG_ACLK reads 0. Assuming default clock of 32000000
Processor internal clock: 32000000Hz
INFO - V2M-MPS4 revision A
INFO - Application Note AN22b, Revision C
INFO - MPS4 build 3
INFO - MPS4 core clock has been set to: 32000000Hz
INFO - CPU ID: 0x411fd230
INFO - CPU: Cortex-M85 r1p0
INFO - Enabling I-cache.
INFO - Enabling D-cache.
INFO - Relocating vector table to 0x10000000
INFO - Configured TA_SRAM	@0x50006000
INFO - Configured TA_EXT	@0x50006800
INFO - Initialising Ethos-U device@0x50004000
INFO - Using Dedicated_Sram memory mode; fast cache size: 393216
INFO - Ethos-U device initialised
INFO - Ethos-U version info:
INFO - 	Arch:       v2.0.0
INFO - 	Driver:     v1.0.0
INFO - 	MACs/cc:    512
INFO - 	Cmd stream: v1
INFO - HDLCD resolution id: 4
INFO - Target system design: Arm Corstone-320
INFO - Device MPS4 HDLCD configured
INFO - Resolution:    320 x 240
INFO - Colour format: ARGB8888
INFO - ARM ML Embedded Evaluation Kit
INFO - Version 26.03.0 Build date: Apr 21 2026 @ 09:25:19
INFO - Compiler: GNU-15.2.1
INFO - Copyright 2021-2026 Arm Limited and/or its affiliates <open-source-office@arm.com>
INFO - Creating allocator using tensor arena at 0x0x7006fbe0
INFO - Allocating tensors
INFO - Model INPUT tensors: 
INFO - 	tensor type is int8
INFO - 	tensor occupies 1024 bytes with dimensions
INFO - 		0:   1
INFO - 		1:  32
INFO - 		2:  32
INFO - 		3:   1
INFO - Scale = 0.192437
INFO - ZeroPoint = 11
INFO - Model OUTPUT tensors: 
INFO - 	tensor type is int8
INFO - 	tensor occupies 8 bytes with dimensions
INFO - 		0:   1
INFO - 		1:   8
INFO - Scale = 0.048891
INFO - ZeroPoint = -30
INFO - Activation buffer (a.k.a tensor arena) size used: 308404
INFO - Number of operators: 1
INFO - 	Operator 0: ethos-u
INFO - NPU memory mode likely to be: Dedicated_Sram
PLPROF_BEGIN,15
PLPROF,0,5055,5007,343,1963,783,0
PLPROF,1,25025,25024,2690,11635,620,0
PLPROF,2,16025,16024,11410,5928,3132,0
PLPROF,3,29025,29024,18677,5191,624,0
PLPROF,4,10025,10024,3456,6192,1934,0
PLPROF,5,28025,28024,19163,5768,3459,0
PLPROF,6,22025,22024,16752,2587,437,0
PLPROF,7,11025,11024,3505,6721,2357,0
PLPROF,8,26025,26024,18748,5527,3226,0
PLPROF,9,22025,22024,16767,2304,52,0
PLPROF,10,7025,7024,5202,1280,1818,0
PLPROF,11,12025,12024,1792,1048,4359,0
PLPROF,12,6025,6024,173,256,1559,0
PLPROF,13,14025,14024,456,306,4218,0
PLPROF,14,25,24,0,0,0,0
PLPROF_END
INFO - Final results:
INFO - Total number of inferences: 1
INFO - Profile for Inference:
INFO - NPU ACTIVE: 956 cycles
INFO - NPU ETHOSU_PMU_SRAM_RD_DATA_BEAT_RECEIVED: 14 beats
INFO - NPU ETHOSU_PMU_SRAM_WR_DATA_BEAT_WRITTEN: 0 beats
INFO - NPU ETHOSU_PMU_EXT_RD_DATA_BEAT_RECEIVED: 188 beats
INFO - NPU ETHOSU_PMU_EXT_WR_DATA_BEAT_WRITTEN: 1 beats
INFO - NPU IDLE: 84 cycles
INFO - NPU TOTAL: 1040 cycles
INFO - C04_OUTPUT_CRC[0]: bytes=8 crc32=0x5A91D6D3
INFO - Inference completed.
INFO - program terminating...
<NUL>