INFO - WARN - MPS4_SCC->CFG_ACLK reads 0. Assuming default clock of 32000000
Processor internal clock: 32000000Hz
INFO - V2M-MPS4 revision A
INFO - Application Note AN22b, Revision C
INFO - MPS4 build 3
INFO - MPS4 core clock has been set to: 32000000Hz
INFO - CPU ID: 0x411fd230
INFO - CPU: Cortex-M85 r1p0
INFO - Enabling I-cache.
INFO - Enabling D-cache.
INFO - Relocating vector table to 0x10000000
INFO - Configured TA_SRAM	@0x50006000
INFO - Configured TA_EXT	@0x50006800
INFO - Initialising Ethos-U device@0x50004000
INFO - Using Dedicated_Sram memory mode; fast cache size: 393216
INFO - Ethos-U device initialised
INFO - Ethos-U version info:
INFO - 	Arch:       v2.0.0
INFO - 	Driver:     v1.0.0
INFO - 	MACs/cc:    512
INFO - 	Cmd stream: v1
INFO - HDLCD resolution id: 4
INFO - Target system design: Arm Corstone-320
INFO - Device MPS4 HDLCD configured
INFO - Resolution:    320 x 240
INFO - Colour format: ARGB8888
INFO - ARM ML Embedded Evaluation Kit
INFO - Version 26.03.0 Build date: Apr 21 2026 @ 09:25:19
INFO - Compiler: GNU-15.2.1
INFO - Copyright 2021-2026 Arm Limited and/or its affiliates <open-source-office@arm.com>
INFO - Creating allocator using tensor arena at 0x0x70023710
INFO - Allocating tensors
INFO - Model INPUT tensors: 
INFO - 	tensor type is int8
INFO - 	tensor occupies 490 bytes with dimensions
INFO - 		0:   1
INFO - 		1:  49
INFO - 		2:  10
INFO - 		3:   1
INFO - Scale = 0.201095
INFO - ZeroPoint = -5
INFO - Model OUTPUT tensors: 
INFO - 	tensor type is int8
INFO - 	tensor occupies 12 bytes with dimensions
INFO - 		0:   1
INFO - 		1:  12
INFO - Scale = 0.056054
INFO - ZeroPoint = -54
INFO - Activation buffer (a.k.a tensor arena) size used: 89028
INFO - Number of operators: 1
INFO - 	Operator 0: ethos-u
INFO - NPU memory mode likely to be: Dedicated_Sram
PLPROF_BEGIN,13
PLPROF,0,8055,8007,610,1166,861,0,0x0001
PLPROF,1,42015,42014,1909,3920,739,0,0x0002
PLPROF,2,5015,5014,4534,1125,742,0,0x0004
PLPROF,3,8015,8014,1395,1125,2264,0,0x0008
PLPROF,4,4015,4014,855,1125,668,0,0x0010
PLPROF,5,9015,9014,1395,1290,2586,0,0x0020
PLPROF,6,3015,3014,557,952,419,0,0x0040
PLPROF,7,8015,8014,1393,1519,3064,0,0x0080
PLPROF,8,4015,4014,1105,1814,816,0,0x0100
PLPROF,9,5015,5014,3899,802,46,0,0x0200
PLPROF,10,2015,2014,1857,125,69,0,0x0400
PLPROF,11,3015,3014,894,875,337,0,0x0800
PLPROF,12,11015,11014,1211,1625,2983,0,0x1000
PLPROF_FINAL_HIST,0xFFFF
PLPROF_END
INFO - Final results:
INFO - Total number of inferences: 1
INFO - Profile for Inference:
INFO - NPU ACTIVE: 1509 cycles
INFO - NPU ETHOSU_PMU_SRAM_RD_DATA_BEAT_RECEIVED: 587 beats
INFO - NPU ETHOSU_PMU_SRAM_WR_DATA_BEAT_WRITTEN: 13 beats
INFO - NPU ETHOSU_PMU_EXT_RD_DATA_BEAT_RECEIVED: 178 beats
INFO - NPU ETHOSU_PMU_EXT_WR_DATA_BEAT_WRITTEN: 1 beats
INFO - NPU IDLE: 521 cycles
INFO - NPU TOTAL: 2030 cycles
INFO - C04_OUTPUT_CRC[0]: bytes=12 crc32=0xCEE9B7FE
INFO - Inference completed.
INFO - program terminating...
<NUL>