[1/133] rnnoise_INT8__SSE-300__ethos-u55-32                  EXECUTABLE                    52s  foot=  53MiB free=4.93GiB rec=True
[2/133] rnnoise_INT8__SSE-300__ethos-u55-64                  EXECUTABLE                    53s  foot=  53MiB free=4.93GiB rec=True
[3/133] rnnoise_INT8__SSE-300__ethos-u55-128                 EXECUTABLE                    53s  foot=  53MiB free=4.93GiB rec=True
[4/133] rnnoise_INT8__SSE-300__ethos-u55-256                 EXECUTABLE                    53s  foot=  53MiB free=4.93GiB rec=True
[5/133] rnnoise_INT8__SSE-300__ethos-u65-256                 EXECUTABLE                    52s  foot=  61MiB free=4.93GiB rec=True
[6/133] rnnoise_INT8__SSE-300__ethos-u65-512                 EXECUTABLE                    52s  foot=  61MiB free=4.93GiB rec=True
[7/133] rnnoise_INT8__SSE-310__ethos-u55-32                  EXECUTABLE                    53s  foot=  53MiB free=4.93GiB rec=True
[8/133] rnnoise_INT8__SSE-310__ethos-u55-64                  EXECUTABLE                    52s  foot=  53MiB free=4.93GiB rec=True
[9/133] rnnoise_INT8__SSE-310__ethos-u55-128                 EXECUTABLE                    52s  foot=  53MiB free=4.93GiB rec=True
[10/133] rnnoise_INT8__SSE-310__ethos-u55-256                 EXECUTABLE                    55s  foot= 123MiB free=4.86GiB rec=False
[11/133] rnnoise_INT8__SSE-310__ethos-u65-256                 EXECUTABLE                    52s  foot=  68MiB free=4.85GiB rec=True
[12/133] rnnoise_INT8__SSE-310__ethos-u65-512                 EXECUTABLE                    53s  foot= -17MiB free=4.93GiB rec=True
[13/133] rnnoise_INT8__SSE-315__ethos-u65-256                 EXECUTABLE                    53s  foot=  61MiB free=4.93GiB rec=True
[14/133] rnnoise_INT8__SSE-315__ethos-u65-512                 EXECUTABLE                    52s  foot=  61MiB free=4.93GiB rec=True
[15/133] rnnoise_INT8__SSE-320__ethos-u85-128                 EXECUTABLE                    52s  foot=  62MiB free=4.93GiB rec=True
[16/133] rnnoise_INT8__SSE-320__ethos-u85-256                 EXECUTABLE                    53s  foot=  62MiB free=4.93GiB rec=True
[17/133] rnnoise_INT8__SSE-320__ethos-u85-512                 EXECUTABLE                    52s  foot=  62MiB free=4.93GiB rec=True
[18/133] rnnoise_INT8__SSE-320__ethos-u85-1024                EXECUTABLE                    52s  foot=  62MiB free=4.93GiB rec=True
[19/133] rnnoise_INT8__SSE-320__ethos-u85-2048                EXECUTABLE                    58s  foot=  62MiB free=4.93GiB rec=True
[20/133] kws_micronet_m__SSE-300__ethos-u55-32                EXECUTABLE                    57s  foot=  54MiB free=4.93GiB rec=True
[21/133] kws_micronet_m__SSE-300__ethos-u55-64                EXECUTABLE                    55s  foot=  54MiB free=4.93GiB rec=True
[22/133] kws_micronet_m__SSE-300__ethos-u55-128               EXECUTABLE                    56s  foot=  54MiB free=4.93GiB rec=True
[23/133] kws_micronet_m__SSE-300__ethos-u55-256               EXECUTABLE                    54s  foot=  54MiB free=4.93GiB rec=True
[24/133] kws_micronet_m__SSE-300__ethos-u65-256               EXECUTABLE                    54s  foot=  62MiB free=4.93GiB rec=True
[25/133] kws_micronet_m__SSE-300__ethos-u65-512               EXECUTABLE                    54s  foot=  62MiB free=4.93GiB rec=True
[26/133] kws_micronet_m__SSE-310__ethos-u55-32                EXECUTABLE                    58s  foot=  53MiB free=4.93GiB rec=True
[27/133] kws_micronet_m__SSE-310__ethos-u55-64                EXECUTABLE                    56s  foot=  53MiB free=4.93GiB rec=True
[28/133] kws_micronet_m__SSE-310__ethos-u55-128               EXECUTABLE                    60s  foot=  53MiB free=4.93GiB rec=True
[29/133] kws_micronet_m__SSE-310__ethos-u55-256               EXECUTABLE                    53s  foot=  53MiB free=4.93GiB rec=True
[30/133] kws_micronet_m__SSE-310__ethos-u65-256               EXECUTABLE                    54s  foot=  61MiB free=4.93GiB rec=True
[31/133] kws_micronet_m__SSE-310__ethos-u65-512               EXECUTABLE                    55s  foot=  61MiB free=4.93GiB rec=True
[32/133] kws_micronet_m__SSE-315__ethos-u65-256               EXECUTABLE                    53s  foot=  61MiB free=4.93GiB rec=True
[33/133] kws_micronet_m__SSE-315__ethos-u65-512               EXECUTABLE                    53s  foot=  62MiB free=4.93GiB rec=True
[34/133] kws_micronet_m__SSE-320__ethos-u85-128               EXECUTABLE                    55s  foot=  62MiB free=4.93GiB rec=True
[35/133] kws_micronet_m__SSE-320__ethos-u85-256               EXECUTABLE                    59s  foot=  62MiB free=4.93GiB rec=True
[36/133] kws_micronet_m__SSE-320__ethos-u85-512               EXECUTABLE                    53s  foot=  62MiB free=4.93GiB rec=True
[37/133] kws_micronet_m__SSE-320__ethos-u85-1024              EXECUTABLE                    54s  foot=  62MiB free=4.93GiB rec=True
[38/133] kws_micronet_m__SSE-320__ethos-u85-2048              EXECUTABLE                    54s  foot=  62MiB free=4.93GiB rec=True
[39/133] ad_medium_int8__SSE-300__ethos-u55-32                EXECUTABLE                    64s  foot=  57MiB free=4.93GiB rec=True
[40/133] ad_medium_int8__SSE-300__ethos-u55-64                EXECUTABLE                    60s  foot=  57MiB free=4.93GiB rec=True
[41/133] ad_medium_int8__SSE-300__ethos-u55-128               EXECUTABLE                    57s  foot=  57MiB free=4.93GiB rec=True
[42/133] ad_medium_int8__SSE-300__ethos-u55-256               EXECUTABLE                    56s  foot=  57MiB free=4.93GiB rec=True
[43/133] ad_medium_int8__SSE-300__ethos-u65-256               EXECUTABLE                    56s  foot=  65MiB free=4.93GiB rec=True
[44/133] ad_medium_int8__SSE-300__ethos-u65-512               EXECUTABLE                    56s  foot=  65MiB free=4.93GiB rec=True
[45/133] ad_medium_int8__SSE-310__ethos-u55-32                EXECUTABLE                    64s  foot=  57MiB free=4.93GiB rec=True
[46/133] ad_medium_int8__SSE-310__ethos-u55-64                EXECUTABLE                    59s  foot=  57MiB free=4.93GiB rec=True
[47/133] ad_medium_int8__SSE-310__ethos-u55-128               EXECUTABLE                    56s  foot=  57MiB free=4.93GiB rec=True
[48/133] ad_medium_int8__SSE-310__ethos-u55-256               EXECUTABLE                    56s  foot=  57MiB free=4.93GiB rec=True
[49/133] ad_medium_int8__SSE-310__ethos-u65-256               EXECUTABLE                    56s  foot=  65MiB free=4.93GiB rec=True
[50/133] ad_medium_int8__SSE-310__ethos-u65-512               EXECUTABLE                    56s  foot=  65MiB free=4.93GiB rec=True
[51/133] ad_medium_int8__SSE-315__ethos-u65-256               EXECUTABLE                    55s  foot=  65MiB free=4.93GiB rec=True
[52/133] ad_medium_int8__SSE-315__ethos-u65-512               EXECUTABLE                    61s  foot=  65MiB free=4.93GiB rec=True
[53/133] ad_medium_int8__SSE-320__ethos-u85-128               EXECUTABLE                    56s  foot=  65MiB free=4.93GiB rec=True
[54/133] ad_medium_int8__SSE-320__ethos-u85-256               EXECUTABLE                    55s  foot=  65MiB free=4.93GiB rec=True
[55/133] ad_medium_int8__SSE-320__ethos-u85-512               EXECUTABLE                    55s  foot=  65MiB free=4.93GiB rec=True
[56/133] ad_medium_int8__SSE-320__ethos-u85-1024              EXECUTABLE                    54s  foot=  65MiB free=4.93GiB rec=True
[57/133] ad_medium_int8__SSE-320__ethos-u85-2048              EXECUTABLE                    55s  foot=  65MiB free=4.93GiB rec=True
[58/133] vww4_128_128_INT8__SSE-300__ethos-u55-32             EXECUTABLE                    60s  foot=  56MiB free=4.93GiB rec=True
[59/133] vww4_128_128_INT8__SSE-300__ethos-u55-64             EXECUTABLE                    57s  foot=  56MiB free=4.93GiB rec=True
[60/133] vww4_128_128_INT8__SSE-300__ethos-u55-128            EXECUTABLE                    56s  foot=  56MiB free=4.93GiB rec=True
[61/133] vww4_128_128_INT8__SSE-300__ethos-u55-256            EXECUTABLE                    56s  foot=  56MiB free=4.93GiB rec=True
[62/133] vww4_128_128_INT8__SSE-300__ethos-u65-256            EXECUTABLE                    55s  foot=  64MiB free=4.93GiB rec=True
[63/133] vww4_128_128_INT8__SSE-300__ethos-u65-512            EXECUTABLE                    56s  foot=  64MiB free=4.93GiB rec=True
[64/133] vww4_128_128_INT8__SSE-310__ethos-u55-32             EXECUTABLE                    60s  foot=  55MiB free=4.93GiB rec=True
[65/133] vww4_128_128_INT8__SSE-310__ethos-u55-64             EXECUTABLE                    61s  foot=  55MiB free=4.93GiB rec=True
[66/133] vww4_128_128_INT8__SSE-310__ethos-u55-128            EXECUTABLE                    55s  foot=  56MiB free=4.93GiB rec=True
[67/133] vww4_128_128_INT8__SSE-310__ethos-u55-256            EXECUTABLE                    54s  foot=  56MiB free=4.93GiB rec=True
[68/133] vww4_128_128_INT8__SSE-310__ethos-u65-256            EXECUTABLE                    59s  foot=  63MiB free=4.93GiB rec=True
[69/133] vww4_128_128_INT8__SSE-310__ethos-u65-512            EXECUTABLE                    56s  foot=  64MiB free=4.93GiB rec=True
[70/133] vww4_128_128_INT8__SSE-315__ethos-u65-256            EXECUTABLE                    53s  foot=  63MiB free=4.93GiB rec=True
[71/133] vww4_128_128_INT8__SSE-315__ethos-u65-512            EXECUTABLE                    54s  foot=  64MiB free=4.93GiB rec=True
[72/133] vww4_128_128_INT8__SSE-320__ethos-u85-128            EXECUTABLE                    56s  foot=  64MiB free=4.93GiB rec=True
[73/133] vww4_128_128_INT8__SSE-320__ethos-u85-256            EXECUTABLE                    54s  foot=  64MiB free=4.93GiB rec=True
[74/133] vww4_128_128_INT8__SSE-320__ethos-u85-512            EXECUTABLE                    54s  foot=  64MiB free=4.93GiB rec=True
[75/133] vww4_128_128_INT8__SSE-320__ethos-u85-1024           EXECUTABLE                    56s  foot=  64MiB free=4.93GiB rec=True
[76/133] vww4_128_128_INT8__SSE-320__ethos-u85-2048           EXECUTABLE                    56s  foot=  64MiB free=4.93GiB rec=True
[77/133] yolo-fastest_192_face_v4__SSE-300__ethos-u55-32      EXECUTABLE                    75s  foot=  56MiB free=4.93GiB rec=True
[78/133] yolo-fastest_192_face_v4__SSE-300__ethos-u55-64      EXECUTABLE                    66s  foot=  56MiB free=4.93GiB rec=True
[79/133] yolo-fastest_192_face_v4__SSE-300__ethos-u55-128     EXECUTABLE                    61s  foot=  56MiB free=4.93GiB rec=True
[80/133] yolo-fastest_192_face_v4__SSE-300__ethos-u55-256     EXECUTABLE                    60s  foot=  56MiB free=4.93GiB rec=True
[81/133] yolo-fastest_192_face_v4__SSE-300__ethos-u65-256     EXECUTABLE                    59s  foot=  64MiB free=4.93GiB rec=True
[82/133] yolo-fastest_192_face_v4__SSE-300__ethos-u65-512     EXECUTABLE                    59s  foot=  64MiB free=4.93GiB rec=True
[83/133] yolo-fastest_192_face_v4__SSE-310__ethos-u55-32      EXECUTABLE                    76s  foot=  56MiB free=4.93GiB rec=True
[84/133] yolo-fastest_192_face_v4__SSE-310__ethos-u55-64      EXECUTABLE                    65s  foot=  56MiB free=4.93GiB rec=True
[85/133] yolo-fastest_192_face_v4__SSE-310__ethos-u55-128     EXECUTABLE                    61s  foot=  56MiB free=4.93GiB rec=True
[86/133] yolo-fastest_192_face_v4__SSE-310__ethos-u55-256     EXECUTABLE                    59s  foot=  56MiB free=4.93GiB rec=True
[87/133] yolo-fastest_192_face_v4__SSE-310__ethos-u65-256     EXECUTABLE                    58s  foot=  64MiB free=4.93GiB rec=True
[88/133] yolo-fastest_192_face_v4__SSE-310__ethos-u65-512     EXECUTABLE                    60s  foot=  64MiB free=4.93GiB rec=True
[89/133] yolo-fastest_192_face_v4__SSE-315__ethos-u65-256     EXECUTABLE                    57s  foot=  64MiB free=4.93GiB rec=True
[90/133] yolo-fastest_192_face_v4__SSE-315__ethos-u65-512     EXECUTABLE                    58s  foot=  64MiB free=4.93GiB rec=True
[91/133] yolo-fastest_192_face_v4__SSE-320__ethos-u85-128     EXECUTABLE                    61s  foot=  64MiB free=4.93GiB rec=True
[92/133] yolo-fastest_192_face_v4__SSE-320__ethos-u85-256     EXECUTABLE                    59s  foot=  64MiB free=4.93GiB rec=True
[93/133] yolo-fastest_192_face_v4__SSE-320__ethos-u85-512     EXECUTABLE                    58s  foot=  65MiB free=4.93GiB rec=True
[94/133] yolo-fastest_192_face_v4__SSE-320__ethos-u85-1024    EXECUTABLE                    59s  foot=  65MiB free=4.93GiB rec=True
[95/133] yolo-fastest_192_face_v4__SSE-320__ethos-u85-2048    EXECUTABLE                    59s  foot=  65MiB free=4.93GiB rec=True
[96/133] mobilenet_v2_1.0_224_INT8__SSE-300__ethos-u55-32     EXECUTABLE                   131s  foot=  89MiB free=4.93GiB rec=True
[97/133] mobilenet_v2_1.0_224_INT8__SSE-300__ethos-u55-64     EXECUTABLE                   100s  foot=  89MiB free=4.93GiB rec=True
[98/133] mobilenet_v2_1.0_224_INT8__SSE-300__ethos-u55-128    EXECUTABLE                    92s  foot=  89MiB free=4.93GiB rec=True
[99/133] mobilenet_v2_1.0_224_INT8__SSE-300__ethos-u55-256    EXECUTABLE                    81s  foot=  89MiB free=4.93GiB rec=True
[100/133] mobilenet_v2_1.0_224_INT8__SSE-300__ethos-u65-256    EXECUTABLE                    81s  foot=  97MiB free=4.93GiB rec=True
[101/133] mobilenet_v2_1.0_224_INT8__SSE-300__ethos-u65-512    EXECUTABLE                    77s  foot=  97MiB free=4.93GiB rec=True
[102/133] mobilenet_v2_1.0_224_INT8__SSE-310__ethos-u55-32     EXECUTABLE                   130s  foot=  88MiB free=4.93GiB rec=True
[103/133] mobilenet_v2_1.0_224_INT8__SSE-310__ethos-u55-64     EXECUTABLE                    98s  foot=  89MiB free=4.93GiB rec=True
[104/133] mobilenet_v2_1.0_224_INT8__SSE-310__ethos-u55-128    EXECUTABLE                    84s  foot=  89MiB free=4.93GiB rec=True
[105/133] mobilenet_v2_1.0_224_INT8__SSE-310__ethos-u55-256    EXECUTABLE                    78s  foot=  89MiB free=4.93GiB rec=True
[106/133] mobilenet_v2_1.0_224_INT8__SSE-310__ethos-u65-256    EXECUTABLE                    75s  foot=  97MiB free=4.93GiB rec=True
[107/133] mobilenet_v2_1.0_224_INT8__SSE-310__ethos-u65-512    EXECUTABLE                    76s  foot=  97MiB free=4.93GiB rec=True
[108/133] mobilenet_v2_1.0_224_INT8__SSE-315__ethos-u65-256    EXECUTABLE                    70s  foot=  97MiB free=4.93GiB rec=True
[109/133] mobilenet_v2_1.0_224_INT8__SSE-315__ethos-u65-512    EXECUTABLE                    75s  foot=  97MiB free=4.93GiB rec=True
[110/133] mobilenet_v2_1.0_224_INT8__SSE-320__ethos-u85-128    EXECUTABLE                    81s  foot=  98MiB free=4.93GiB rec=True
[111/133] mobilenet_v2_1.0_224_INT8__SSE-320__ethos-u85-256    EXECUTABLE                    75s  foot=  98MiB free=4.93GiB rec=True
[112/133] mobilenet_v2_1.0_224_INT8__SSE-320__ethos-u85-512    EXECUTABLE                    76s  foot=  98MiB free=4.93GiB rec=True
[113/133] mobilenet_v2_1.0_224_INT8__SSE-320__ethos-u85-1024   EXECUTABLE                    72s  foot=  98MiB free=4.93GiB rec=True
[114/133] mobilenet_v2_1.0_224_INT8__SSE-320__ethos-u85-2048   EXECUTABLE                    76s  foot=  98MiB free=4.93GiB rec=True
[115/133] wav2letter_pruned_int8__SSE-300__ethos-u55-32        NOT_EXECUTABLE_MEMORY        108s  foot= 355MiB free=4.93GiB rec=True
[116/133] wav2letter_pruned_int8__SSE-300__ethos-u55-64        NOT_EXECUTABLE_MEMORY        108s  foot= 355MiB free=4.93GiB rec=True
[117/133] wav2letter_pruned_int8__SSE-300__ethos-u55-128       NOT_EXECUTABLE_MEMORY        109s  foot= 355MiB free=4.93GiB rec=True
[118/133] wav2letter_pruned_int8__SSE-300__ethos-u55-256       EXECUTABLE                   166s  foot= 198MiB free=4.93GiB rec=True
[119/133] wav2letter_pruned_int8__SSE-300__ethos-u65-256       EXECUTABLE                   167s  foot= 206MiB free=4.93GiB rec=True
[120/133] wav2letter_pruned_int8__SSE-300__ethos-u65-512       EXECUTABLE                   171s  foot= 205MiB free=4.93GiB rec=True
[121/133] wav2letter_pruned_int8__SSE-310__ethos-u55-32        NOT_EXECUTABLE_MEMORY        109s  foot= 354MiB free=4.93GiB rec=True
[122/133] wav2letter_pruned_int8__SSE-310__ethos-u55-64        NOT_EXECUTABLE_MEMORY        109s  foot= 354MiB free=4.93GiB rec=True
[123/133] wav2letter_pruned_int8__SSE-310__ethos-u55-128       NOT_EXECUTABLE_MEMORY        108s  foot= 355MiB free=4.93GiB rec=True
[124/133] wav2letter_pruned_int8__SSE-310__ethos-u55-256       EXECUTABLE                   167s  foot= 198MiB free=4.93GiB rec=True
[125/133] wav2letter_pruned_int8__SSE-310__ethos-u65-256       EXECUTABLE                   164s  foot= 205MiB free=4.93GiB rec=True
[126/133] wav2letter_pruned_int8__SSE-310__ethos-u65-512       EXECUTABLE                   163s  foot= 205MiB free=4.93GiB rec=True
[127/133] wav2letter_pruned_int8__SSE-315__ethos-u65-256       EXECUTABLE                   133s  foot= 205MiB free=4.93GiB rec=True
[128/133] wav2letter_pruned_int8__SSE-315__ethos-u65-512       EXECUTABLE                   126s  foot= 205MiB free=4.93GiB rec=True
[129/133] wav2letter_pruned_int8__SSE-320__ethos-u85-128       EXECUTABLE                   186s  foot= 213MiB free=4.93GiB rec=True
[130/133] wav2letter_pruned_int8__SSE-320__ethos-u85-256       EXECUTABLE                   150s  foot= 213MiB free=4.93GiB rec=True
[131/133] wav2letter_pruned_int8__SSE-320__ethos-u85-512       EXECUTABLE                   125s  foot= 213MiB free=4.93GiB rec=True
[132/133] wav2letter_pruned_int8__SSE-320__ethos-u85-1024      EXECUTABLE                   122s  foot= 213MiB free=4.93GiB rec=True
[133/133] wav2letter_pruned_int8__SSE-320__ethos-u85-2048      EXECUTABLE                   129s  foot= 213MiB free=4.93GiB rec=True
PEAK_CELL_FOOTPRINT_MiB=355
ALL_DONE
