=== gate 1: runner responds ===
  [ 1] PASS runner answers PING                      state=IDLE

=== gate 2: PING x100 ===
  [ 2] PASS 100 consecutive PINGs                    100/100

=== gates 3-6: malformed frame rejection ===
  [ 3] PASS bad MAGIC ignored (no response)          bad_magic 0 -> 20
  [ 4] PASS bad VERSION rejected                     bad_version 0 -> 1
  [ 5] PASS over-length rejected without waiting     length_error 0 -> 1
  [ 6] PASS bad CRC rejected                         bad_crc 0 -> 1

=== gate 8: state violation ===
  [ 7] PASS RUN rejected while IDLE                  NACK STATE (cmd 0x30, state IDLE)

=== gates 9-10: model transfer ===
     staging_base=0x90120000 staging_max=0x1000000 (from firmware)
  [ 8] PASS 1/3/4/15/16/17-byte chunks accepted      
  [ 9] PASS 4 KiB transfer, whole-blob CRC matches   computed 0x829D8A23 expected 0x829D8A23

=== gate 11: staging boundary rejection ===
  [10] PASS write at staging limit rejected          NACK RANGE (cmd 0x11, state MODEL_LOADING)

=== gates 12-15: fixed inference ===
  [11] PASS RUN executed                             rc=0
  [12] PASS GET_RESULT returned 256 bytes            base=0x90020CC0 len=0x100
  [13] PASS output CRC32 == 0x27084C4C               got 0x27084C4C

=== gates 16-17: RESET_RUNNER then re-run, no reboot ===
  [14] PASS state is IDLE after RESET_RUNNER         IDLE
  [15] PASS re-run reproduces CRC without reboot     rc=0 crc=0x27084C4C

=== firmware counters ===
  rx_bytes=7218 tx_bytes=7836 rx_overrun=2
  bad_magic=22 bad_version=1 bad_crc=1 length_err=1 seq_err=0 resync=22
  host-side resyncs=0, legacy text lines captured=0

=== RESULT ===
ALL GATES PASSED
