INFO - WARN - MPS4_SCC->CFG_ACLK reads 0. Assuming default clock of 32000000
Processor internal clock: 32000000Hz
INFO - V2M-MPS4 revision A
INFO - Application Note AN22b, Revision C
INFO - MPS4 build 3
INFO - MPS4 core clock has been set to: 32000000Hz
INFO - CPU ID: 0x411fd230
INFO - CPU: Cortex-M85 r1p0
INFO - Enabling I-cache.
INFO - Enabling D-cache.
INFO - Relocating vector table to 0x10000000
INFO - Configured TA_SRAM	@0x50006000
INFO - Configured TA_EXT	@0x50006800
INFO - Initialising Ethos-U device@0x50004000
INFO - Using Dedicated_Sram memory mode; fast cache size: 393216
INFO - Ethos-U device initialised
INFO - Ethos-U version info:
INFO - 	Arch:       v2.0.0
INFO - 	Driver:     v1.0.0
INFO - 	MACs/cc:    256
INFO - 	Cmd stream: v1
INFO - HDLCD resolution id: 4
INFO - Target system design: Arm Corstone-320
INFO - Device MPS4 HDLCD configured
INFO - Resolution:    320 x 240
INFO - Colour format: ARGB8888
INFO - ARM ML Embedded Evaluation Kit
INFO - Version 26.03.0 Build date: Apr 21 2026 @ 09:25:19
INFO - Compiler: GNU-15.2.1
INFO - Copyright 2021-2026 Arm Limited and/or its affiliates <open-source-office@arm.com>
INFO - Creating allocator using tensor arena at 0x0x70023370
INFO - Allocating tensors
INFO - Model INPUT tensors: 
INFO - 	tensor type is int8
INFO - 	tensor occupies 490 bytes with dimensions
INFO - 		0:   1
INFO - 		1:  49
INFO - 		2:  10
INFO - 		3:   1
INFO - Scale = 0.201095
INFO - ZeroPoint = -5
INFO - Model OUTPUT tensors: 
INFO - 	tensor type is int8
INFO - 	tensor occupies 12 bytes with dimensions
INFO - 		0:   1
INFO - 		1:  12
INFO - Scale = 0.056054
INFO - ZeroPoint = -54
INFO - Activation buffer (a.k.a tensor arena) size used: 111556
INFO - Number of operators: 1
INFO - 	Operator 0: ethos-u
INFO - NPU memory mode likely to be: Dedicated_Sram
PLPROF_BEGIN,16
PLPROF,0,12055,12007,599,1165,916,0,0x0001
PLPROF,1,85015,85014,4346,4584,1580,0,0x0002
PLPROF,2,6015,6014,3695,1869,919,0,0x0004
PLPROF,3,14015,14014,5104,1449,436,0,0x0008
PLPROF,4,6015,6014,1226,2252,1213,0,0x0010
PLPROF,5,13015,13014,5173,1000,12,0,0x0020
PLPROF,6,2015,2014,1315,176,187,0,0x0040
PLPROF,7,6015,6014,1124,2513,1452,0,0x0080
PLPROF,8,13015,13014,5114,1000,4,0,0x0100
PLPROF,9,2015,2014,1466,554,528,0,0x0200
PLPROF,10,6015,6014,1311,1832,825,0,0x0400
PLPROF,11,11015,11014,4280,880,116,0,0x0800
PLPROF,12,5015,5014,1335,2189,1360,0,0x3000
PLPROF,13,9015,9014,2866,1285,285,0,0x4000
PLPROF,14,5015,5014,1502,625,0,0,0x8000
PLPROF,15,2015,2014,1213,13,163,0,0x0001
PLPROF_FINAL_HIST,0xFFFF
PLPROF_END
INFO - Final results:
INFO - Total number of inferences: 1
INFO - Profile for Inference:
INFO - NPU ACTIVE: 814 cycles
INFO - NPU ETHOSU_PMU_SRAM_RD_DATA_BEAT_RECEIVED: 0 beats
INFO - NPU ETHOSU_PMU_SRAM_WR_DATA_BEAT_WRITTEN: 0 beats
INFO - NPU ETHOSU_PMU_EXT_RD_DATA_BEAT_RECEIVED: 13 beats
INFO - NPU ETHOSU_PMU_EXT_WR_DATA_BEAT_WRITTEN: 1 beats
INFO - NPU IDLE: 216 cycles
INFO - NPU TOTAL: 1030 cycles
INFO - C04_OUTPUT_CRC[0]: bytes=12 crc32=0xCEE9B7FE
INFO - Inference completed.
INFO - program terminating...
<NUL>