set  1 rep 1 rc=1 valid=False ['rc_zero', 'required_flags_ok']
set  1 rep 2 rc=1 valid=False ['rc_zero', 'required_flags_ok']
set  1 rep 3 rc=1 valid=False ['rc_zero', 'required_flags_ok']
set  2 rep 1 rc=1 valid=False ['rc_zero', 'required_flags_ok']
set  2 rep 2 rc=1 valid=False ['rc_zero', 'required_flags_ok']
set  2 rep 3 rc=1 valid=False ['rc_zero', 'required_flags_ok']
set  3 rep 1 rc=1 valid=False ['rc_zero', 'required_flags_ok']
set  3 rep 2 rc=1 valid=False ['rc_zero', 'required_flags_ok']
set  3 rep 3 rc=1 valid=False ['rc_zero', 'required_flags_ok']
set  4 rep 1 rc=1 valid=False ['rc_zero', 'required_flags_ok']
set  4 rep 2 rc=1 valid=False ['rc_zero', 'required_flags_ok']
set  4 rep 3 rc=1 valid=False ['rc_zero', 'required_flags_ok']
set  5 rep 1 rc=1 valid=False ['rc_zero', 'required_flags_ok']
set  5 rep 2 rc=1 valid=False ['rc_zero', 'required_flags_ok']
set  5 rep 3 rc=1 valid=False ['rc_zero', 'required_flags_ok']
set  6 rep 1 rc=1 valid=False ['rc_zero', 'required_flags_ok']
set  6 rep 2 rc=1 valid=False ['rc_zero', 'required_flags_ok']
set  6 rep 3 rc=1 valid=False ['rc_zero', 'required_flags_ok']
{
 "runs": 18,
 "coverage": "COMPLETE_SUBSET(48)",
 "consistency": {
  "CYCLE_EVENT_VS_PMCCNTR": "UNPROVEN",
  "NPU_ACTIVE_LE_CYCLE": "UNPROVEN"
 },
 "verdict_counts": {
  "COUNTED_NONZERO": 0,
  "COUNTED_ZERO": 0,
  "INCONSISTENT": 0,
  "NOT_OBSERVED": 48
 },
 "refusal": null
}
