INFO - WARN - MPS4_SCC->CFG_ACLK reads 0. Assuming default clock of 32000000
Processor internal clock: 32000000Hz
INFO - V2M-MPS4 revision A
INFO - Application Note AN22b, Revision C
INFO - MPS4 build 3
INFO - MPS4 core clock has been set to: 32000000Hz
INFO - CPU ID: 0x411fd230
INFO - CPU: Cortex-M85 r1p0
INFO - Enabling I-cache.
INFO - Enabling D-cache.
INFO - Relocating vector table to 0x10000000
INFO - Configured TA_SRAM	@0x50006000
INFO - Configured TA_EXT	@0x50006800
INFO - Initialising Ethos-U device@0x50004000
INFO - Using Dedicated_Sram memory mode; fast cache size: 393216
INFO - Ethos-U device initialised
INFO - Ethos-U version info:
INFO - 	Arch:       v2.0.0
INFO - 	Driver:     v1.0.0
INFO - 	MACs/cc:    512
INFO - 	Cmd stream: v1
INFO - HDLCD resolution id: 4
INFO - Target system design: Arm Corstone-320
INFO - Device MPS4 HDLCD configured
INFO - Resolution:    320 x 240
INFO - Colour format: ARGB8888
INFO - ARM ML Embedded Evaluation Kit
INFO - Version 26.03.0 Build date: Apr 21 2026 @ 09:25:19
INFO - Compiler: GNU-15.2.1
INFO - Copyright 2021-2026 Arm Limited and/or its affiliates <open-source-office@arm.com>
INFO - Creating allocator using tensor arena at 0x0x70015e60
INFO - Allocating tensors
INFO - Model INPUT tensors: 
INFO - 	tensor type is fp32
INFO - 	tensor occupies 1000 bytes with dimensions
INFO - 		0:   1
INFO - 		1: 250
INFO - Scale = 0.000000
INFO - ZeroPoint = 0
INFO - Model OUTPUT tensors: 
INFO - 	tensor type is fp32
INFO - 	tensor occupies 48 bytes with dimensions
INFO - 		0:   1
INFO - 		1:  12
INFO - Scale = 0.000000
INFO - ZeroPoint = 0
INFO - Activation buffer (a.k.a tensor arena) size used: 1856
INFO - Number of operators: 3
INFO - 	Operator 0: QUANTIZE
INFO - 	Operator 1: ethos-u
INFO - 	Operator 2: DEQUANTIZE
INFO - NPU memory mode likely to be: Dedicated_Sram
INFO - Final results:
INFO - Total number of inferences: 1
INFO - Profile for Inference:
INFO - NPU ACTIVE: 28653 cycles
INFO - NPU ETHOSU_PMU_SRAM_RD_DATA_BEAT_RECEIVED: 130 beats
INFO - NPU ETHOSU_PMU_SRAM_WR_DATA_BEAT_WRITTEN: 80 beats
INFO - NPU ETHOSU_PMU_EXT_RD_DATA_BEAT_RECEIVED: 5524 beats
INFO - NPU ETHOSU_PMU_EXT_WR_DATA_BEAT_WRITTEN: 1 beats
INFO - NPU IDLE: 415 cycles
INFO - NPU TOTAL: 29068 cycles
INFO - C04_OUTPUT_CRC[0]: bytes=48 crc32=0x5974B086
INFO - Inference completed.
INFO - program terminating...
<NUL>