INFO - WARN - MPS4_SCC->CFG_ACLK reads 0. Assuming default clock of 32000000
Processor internal clock: 32000000Hz
INFO - V2M-MPS4 revision A
INFO - Application Note AN22b, Revision C
INFO - MPS4 build 3
INFO - MPS4 core clock has been set to: 32000000Hz
INFO - CPU ID: 0x411fd230
INFO - CPU: Cortex-M85 r1p0
INFO - Enabling I-cache.
INFO - Enabling D-cache.
INFO - Relocating vector table to 0x10000000
INFO - Configured TA_SRAM	@0x50006000
INFO - Configured TA_EXT	@0x50006800
INFO - Initialising Ethos-U device@0x50004000
INFO - Using Sram_Only/Shared_Sram memory mode
INFO - Ethos-U device initialised
INFO - Ethos-U version info:
INFO - 	Arch:       v2.0.0
INFO - 	Driver:     v1.0.0
INFO - 	MACs/cc:    512
INFO - 	Cmd stream: v1
INFO - HDLCD resolution id: 4
INFO - Target system design: Arm Corstone-320
INFO - Device MPS4 HDLCD configured
INFO - Resolution:    320 x 240
INFO - Colour format: ARGB8888
INFO - ARM ML Embedded Evaluation Kit
INFO - Version 26.03.0 Build date: Apr 21 2026 @ 09:25:19
INFO - Compiler: GNU-15.2.1
INFO - Copyright 2021-2026 Arm Limited and/or its affiliates <open-source-office@arm.com>
INFO - Creating allocator using tensor arena at 0x0x31000000
INFO - Allocating tensors
INFO - Model INPUT tensors: 
INFO - 	tensor type is int8
INFO - 	tensor occupies 36864 bytes with dimensions
INFO - 		0:   1
INFO - 		1: 192
INFO - 		2: 192
INFO - 		3:   1
INFO - Scale = 0.003921
INFO - ZeroPoint = -128
INFO - Model OUTPUT tensors: 
INFO - 	tensor type is int8
INFO - 	tensor occupies 648 bytes with dimensions
INFO - 		0:   1
INFO - 		1:   6
INFO - 		2:   6
INFO - 		3:  18
INFO - Scale = 0.134084
INFO - ZeroPoint = 47
INFO - 	tensor type is int8
INFO - 	tensor occupies 2592 bytes with dimensions
INFO - 		0:   1
INFO - 		1:  12
INFO - 		2:  12
INFO - 		3:  18
INFO - Scale = 0.185359
INFO - ZeroPoint = 10
INFO - Activation buffer (a.k.a tensor arena) size used: 369176
INFO - Number of operators: 1
INFO - 	Operator 0: ethos-u
INFO - NPU memory mode likely to be: Sram_Only/Shared_Sram
INFO - Final results:
INFO - Total number of inferences: 1
INFO - Profile for Inference:
INFO - NPU ACTIVE: 503698 cycles
INFO - NPU ETHOSU_PMU_SRAM_RD_DATA_BEAT_RECEIVED: 268894 beats
INFO - NPU ETHOSU_PMU_SRAM_WR_DATA_BEAT_WRITTEN: 182173 beats
INFO - NPU ETHOSU_PMU_EXT_RD_DATA_BEAT_RECEIVED: 0 beats
INFO - NPU ETHOSU_PMU_EXT_WR_DATA_BEAT_WRITTEN: 0 beats
INFO - NPU IDLE: 376 cycles
INFO - NPU TOTAL: 504074 cycles
INFO - C04_OUTPUT_CRC[0]: bytes=648 crc32=0x5B9BFCEC
INFO - C04_OUTPUT_CRC[1]: bytes=2592 crc32=0x772F633F
INFO - Inference completed.
INFO - program terminating...
<NUL>