H3R h3r_conv1x1_6x6_c128__SSE-320__ethos-u85-256   equalized              R1 SUCCESS total=4068 hdr=True vfy=9946a899
H3R h3r_conv1x1_6x6_c128__SSE-320__ethos-u85-256   equalized              R2 SUCCESS total=4068 hdr=True vfy=9946a899
H3R h3r_conv1x1_6x6_c128__SSE-320__ethos-u85-256   equalized              R3 SUCCESS total=4068 hdr=True vfy=9946a899
H3R h3r_conv1x1_6x6_c128__SSE-320__ethos-u85-512   base                   R1 SUCCESS total=7068 hdr=True vfy=9946a899
H3R h3r_conv1x1_6x6_c128__SSE-320__ethos-u85-512   base                   R2 SUCCESS total=7068 hdr=True vfy=9946a899
H3R h3r_conv1x1_6x6_c128__SSE-320__ethos-u85-512   base                   R3 SUCCESS total=7068 hdr=True vfy=9946a899
H3R h3r_conv1x1_6x6_c128__SSE-320__ethos-u85-512   equalized              R1 SUCCESS total=3068 hdr=True vfy=9946a899
H3R h3r_conv1x1_6x6_c128__SSE-320__ethos-u85-512   equalized              R2 SUCCESS total=3068 hdr=True vfy=9946a899
H3R h3r_conv1x1_6x6_c128__SSE-320__ethos-u85-512   equalized              R3 SUCCESS total=3068 hdr=True vfy=9946a899
H3R h3r_conv1x1_1x36_c128__SSE-320__ethos-u85-256  base                   R1 SUCCESS total=6068 hdr=True vfy=9946a899
H3R h3r_conv1x1_1x36_c128__SSE-320__ethos-u85-256  base                   R2 SUCCESS total=6068 hdr=True vfy=9946a899
H3R h3r_conv1x1_1x36_c128__SSE-320__ethos-u85-256  base                   R3 SUCCESS total=6068 hdr=True vfy=9946a899
H3R h3r_conv1x1_1x36_c128__SSE-320__ethos-u85-256  equalized              R1 SUCCESS total=4068 hdr=True vfy=9946a899
H3R h3r_conv1x1_1x36_c128__SSE-320__ethos-u85-256  equalized              R2 SUCCESS total=4068 hdr=True vfy=9946a899
H3R h3r_conv1x1_1x36_c128__SSE-320__ethos-u85-256  equalized              R3 SUCCESS total=4068 hdr=True vfy=9946a899
H3R h3r_conv1x1_1x36_c128__SSE-320__ethos-u85-512  base                   R1 SUCCESS total=7068 hdr=True vfy=9946a899
H3R h3r_conv1x1_1x36_c128__SSE-320__ethos-u85-512  base                   R2 SUCCESS total=7068 hdr=True vfy=9946a899
H3R h3r_conv1x1_1x36_c128__SSE-320__ethos-u85-512  base                   R3 SUCCESS total=7068 hdr=True vfy=9946a899
H3R h3r_conv1x1_1x36_c128__SSE-320__ethos-u85-512  equalized              R1 SUCCESS total=3068 hdr=True vfy=9946a899
H3R h3r_conv1x1_1x36_c128__SSE-320__ethos-u85-512  equalized              R2 SUCCESS total=3068 hdr=True vfy=9946a899
H3R h3r_conv1x1_1x36_c128__SSE-320__ethos-u85-512  equalized              R3 SUCCESS total=3068 hdr=True vfy=9946a899
H3R h3r_conv1x1_2x18_c128__SSE-320__ethos-u85-256  base                   R1 SUCCESS total=6068 hdr=True vfy=9946a899
H3R h3r_conv1x1_2x18_c128__SSE-320__ethos-u85-256  base                   R2 SUCCESS total=6068 hdr=True vfy=9946a899
H3R h3r_conv1x1_2x18_c128__SSE-320__ethos-u85-256  base                   R3 SUCCESS total=6068 hdr=True vfy=9946a899
H3R h3r_conv1x1_2x18_c128__SSE-320__ethos-u85-256  equalized              R1 SUCCESS total=4068 hdr=True vfy=9946a899
H3R h3r_conv1x1_2x18_c128__SSE-320__ethos-u85-256  equalized              R2 SUCCESS total=4068 hdr=True vfy=9946a899
H3R h3r_conv1x1_2x18_c128__SSE-320__ethos-u85-256  equalized              R3 SUCCESS total=4068 hdr=True vfy=9946a899
H3R h3r_conv1x1_2x18_c128__SSE-320__ethos-u85-512  base                   R1 SUCCESS total=7068 hdr=True vfy=9946a899
H3R h3r_conv1x1_2x18_c128__SSE-320__ethos-u85-512  base                   R2 SUCCESS total=7068 hdr=True vfy=9946a899
H3R h3r_conv1x1_2x18_c128__SSE-320__ethos-u85-512  base                   R3 SUCCESS total=7068 hdr=True vfy=9946a899
H3R h3r_conv1x1_2x18_c128__SSE-320__ethos-u85-512  equalized              R1 SUCCESS total=3068 hdr=True vfy=9946a899
H3R h3r_conv1x1_2x18_c128__SSE-320__ethos-u85-512  equalized              R2 SUCCESS total=3068 hdr=True vfy=9946a899
H3R h3r_conv1x1_2x18_c128__SSE-320__ethos-u85-512  equalized              R3 SUCCESS total=3068 hdr=True vfy=9946a899
H3R h3r_conv1x1_3x12_c128__SSE-320__ethos-u85-256  base                   R1 SUCCESS total=6068 hdr=True vfy=9946a899
H3R h3r_conv1x1_3x12_c128__SSE-320__ethos-u85-256  base                   R2 SUCCESS total=6068 hdr=True vfy=9946a899
H3R h3r_conv1x1_3x12_c128__SSE-320__ethos-u85-256  base                   R3 SUCCESS total=6068 hdr=True vfy=9946a899
H3R h3r_conv1x1_3x12_c128__SSE-320__ethos-u85-256  equalized              R1 SUCCESS total=4068 hdr=True vfy=9946a899
H3R h3r_conv1x1_3x12_c128__SSE-320__ethos-u85-256  equalized              R2 SUCCESS total=4068 hdr=True vfy=9946a899
H3R h3r_conv1x1_3x12_c128__SSE-320__ethos-u85-256  equalized              R3 SUCCESS total=4068 hdr=True vfy=9946a899
H3R h3r_conv1x1_3x12_c128__SSE-320__ethos-u85-512  base                   R1 SUCCESS total=7068 hdr=True vfy=9946a899
H3R h3r_conv1x1_3x12_c128__SSE-320__ethos-u85-512  base                   R2 SUCCESS total=7068 hdr=True vfy=9946a899
H3R h3r_conv1x1_3x12_c128__SSE-320__ethos-u85-512  base                   R3 SUCCESS total=7068 hdr=True vfy=9946a899
H3R h3r_conv1x1_3x12_c128__SSE-320__ethos-u85-512  equalized              R1 SUCCESS total=3068 hdr=True vfy=9946a899
H3R h3r_conv1x1_3x12_c128__SSE-320__ethos-u85-512  equalized              R2 SUCCESS total=3068 hdr=True vfy=9946a899
H3R h3r_conv1x1_3x12_c128__SSE-320__ethos-u85-512  equalized              R3 SUCCESS total=3068 hdr=True vfy=9946a899
H3R h3r_conv1x1_4x9_c128__SSE-320__ethos-u85-256   base                   R1 SUCCESS total=6068 hdr=True vfy=9946a899
H3R h3r_conv1x1_4x9_c128__SSE-320__ethos-u85-256   base                   R2 SUCCESS total=6068 hdr=True vfy=9946a899
H3R h3r_conv1x1_4x9_c128__SSE-320__ethos-u85-256   base                   R3 SUCCESS total=6068 hdr=True vfy=9946a899
H3R h3r_conv1x1_4x9_c128__SSE-320__ethos-u85-256   equalized              R1 SUCCESS total=4068 hdr=True vfy=9946a899
H3R h3r_conv1x1_4x9_c128__SSE-320__ethos-u85-256   equalized              R2 SUCCESS total=4068 hdr=True vfy=9946a899
H3R h3r_conv1x1_4x9_c128__SSE-320__ethos-u85-256   equalized              R3 SUCCESS total=4068 hdr=True vfy=9946a899
H3R h3r_conv1x1_4x9_c128__SSE-320__ethos-u85-512   base                   R1 SUCCESS total=7068 hdr=True vfy=9946a899
H3R h3r_conv1x1_4x9_c128__SSE-320__ethos-u85-512   base                   R2 SUCCESS total=7068 hdr=True vfy=9946a899
H3R h3r_conv1x1_4x9_c128__SSE-320__ethos-u85-512   base                   R3 SUCCESS total=7068 hdr=True vfy=9946a899
H3R h3r_conv1x1_4x9_c128__SSE-320__ethos-u85-512   equalized              R1 SUCCESS total=3068 hdr=True vfy=9946a899
H3R h3r_conv1x1_4x9_c128__SSE-320__ethos-u85-512   equalized              R2 SUCCESS total=3068 hdr=True vfy=9946a899
H3R h3r_conv1x1_4x9_c128__SSE-320__ethos-u85-512   equalized              R3 SUCCESS total=3068 hdr=True vfy=9946a899
H3R h3r_conv1x1_9x4_c128__SSE-320__ethos-u85-256   base                   R1 SUCCESS total=6068 hdr=True vfy=9946a899
H3R h3r_conv1x1_9x4_c128__SSE-320__ethos-u85-256   base                   R2 SUCCESS total=6068 hdr=True vfy=9946a899
H3R h3r_conv1x1_9x4_c128__SSE-320__ethos-u85-256   base                   R3 SUCCESS total=6068 hdr=True vfy=9946a899
H3R h3r_conv1x1_9x4_c128__SSE-320__ethos-u85-256   equalized              R1 SUCCESS total=4068 hdr=True vfy=9946a899
H3R h3r_conv1x1_9x4_c128__SSE-320__ethos-u85-256   equalized              R2 SUCCESS total=4068 hdr=True vfy=9946a899
H3R h3r_conv1x1_9x4_c128__SSE-320__ethos-u85-256   equalized              R3 SUCCESS total=4068 hdr=True vfy=9946a899
H3R h3r_conv1x1_9x4_c128__SSE-320__ethos-u85-512   base                   R1 SUCCESS total=6068 hdr=True vfy=9946a899
H3R h3r_conv1x1_9x4_c128__SSE-320__ethos-u85-512   base                   R2 SUCCESS total=6068 hdr=True vfy=9946a899
H3R h3r_conv1x1_9x4_c128__SSE-320__ethos-u85-512   base                   R3 SUCCESS total=6068 hdr=True vfy=9946a899
H3R h3r_conv1x1_9x4_c128__SSE-320__ethos-u85-512   equalized              R1 SUCCESS total=3068 hdr=True vfy=9946a899
H3R h3r_conv1x1_9x4_c128__SSE-320__ethos-u85-512   equalized              R2 SUCCESS total=3068 hdr=True vfy=9946a899
H3R h3r_conv1x1_9x4_c128__SSE-320__ethos-u85-512   equalized              R3 SUCCESS total=3068 hdr=True vfy=9946a899
H3R h3r_conv1x1_12x3_c128__SSE-320__ethos-u85-256  base                   R1 SUCCESS total=6068 hdr=True vfy=9946a899
H3R h3r_conv1x1_12x3_c128__SSE-320__ethos-u85-256  base                   R2 SUCCESS total=6068 hdr=True vfy=9946a899
H3R h3r_conv1x1_12x3_c128__SSE-320__ethos-u85-256  base                   R3 SUCCESS total=6068 hdr=True vfy=9946a899
H3R h3r_conv1x1_12x3_c128__SSE-320__ethos-u85-256  equalized              R1 SUCCESS total=5068 hdr=True vfy=9946a899
H3R h3r_conv1x1_12x3_c128__SSE-320__ethos-u85-256  equalized              R2 SUCCESS total=5068 hdr=True vfy=9946a899
H3R h3r_conv1x1_12x3_c128__SSE-320__ethos-u85-256  equalized              R3 SUCCESS total=5068 hdr=True vfy=9946a899
H3R h3r_conv1x1_12x3_c128__SSE-320__ethos-u85-512  base                   R1 SUCCESS total=7068 hdr=True vfy=9946a899
H3R h3r_conv1x1_12x3_c128__SSE-320__ethos-u85-512  base                   R2 SUCCESS total=7068 hdr=True vfy=9946a899
H3R h3r_conv1x1_12x3_c128__SSE-320__ethos-u85-512  base                   R3 SUCCESS total=7068 hdr=True vfy=9946a899
H3R h3r_conv1x1_12x3_c128__SSE-320__ethos-u85-512  equalized              R1 SUCCESS total=4068 hdr=True vfy=9946a899
H3R h3r_conv1x1_12x3_c128__SSE-320__ethos-u85-512  equalized              R2 SUCCESS total=4068 hdr=True vfy=9946a899
H3R h3r_conv1x1_12x3_c128__SSE-320__ethos-u85-512  equalized              R3 SUCCESS total=4068 hdr=True vfy=9946a899
H3R h3r_conv1x1_18x2_c128__SSE-320__ethos-u85-256  base                   R1 SUCCESS total=6068 hdr=True vfy=9946a899
H3R h3r_conv1x1_18x2_c128__SSE-320__ethos-u85-256  base                   R2 SUCCESS total=6068 hdr=True vfy=9946a899
H3R h3r_conv1x1_18x2_c128__SSE-320__ethos-u85-256  base                   R3 SUCCESS total=6068 hdr=True vfy=9946a899
H3R h3r_conv1x1_18x2_c128__SSE-320__ethos-u85-256  equalized              R1 SUCCESS total=4068 hdr=True vfy=9946a899
H3R h3r_conv1x1_18x2_c128__SSE-320__ethos-u85-256  equalized              R2 SUCCESS total=4068 hdr=True vfy=9946a899
H3R h3r_conv1x1_18x2_c128__SSE-320__ethos-u85-256  equalized              R3 SUCCESS total=4068 hdr=True vfy=9946a899
H3R h3r_conv1x1_18x2_c128__SSE-320__ethos-u85-512  base                   R1 SUCCESS total=6068 hdr=True vfy=9946a899
H3R h3r_conv1x1_18x2_c128__SSE-320__ethos-u85-512  base                   R2 SUCCESS total=6068 hdr=True vfy=9946a899
H3R h3r_conv1x1_18x2_c128__SSE-320__ethos-u85-512  base                   R3 SUCCESS total=6068 hdr=True vfy=9946a899
H3R h3r_conv1x1_18x2_c128__SSE-320__ethos-u85-512  equalized              R1 SUCCESS total=3068 hdr=True vfy=9946a899
H3R h3r_conv1x1_18x2_c128__SSE-320__ethos-u85-512  equalized              R2 SUCCESS total=3068 hdr=True vfy=9946a899
H3R h3r_conv1x1_18x2_c128__SSE-320__ethos-u85-512  equalized              R3 SUCCESS total=3068 hdr=True vfy=9946a899
H3R h3r_conv1x1_36x1_c128__SSE-320__ethos-u85-256  base                   R1 SUCCESS total=10068 hdr=True vfy=9946a899
H3R h3r_conv1x1_36x1_c128__SSE-320__ethos-u85-256  base                   R2 SUCCESS total=10068 hdr=True vfy=9946a899
H3R h3r_conv1x1_36x1_c128__SSE-320__ethos-u85-256  base                   R3 SUCCESS total=10068 hdr=True vfy=9946a899
H3R h3r_conv1x1_36x1_c128__SSE-320__ethos-u85-256  equalized              R1 SUCCESS total=6068 hdr=True vfy=9946a899
H3R h3r_conv1x1_36x1_c128__SSE-320__ethos-u85-256  equalized              R2 SUCCESS total=6068 hdr=True vfy=9946a899
H3R h3r_conv1x1_36x1_c128__SSE-320__ethos-u85-256  equalized              R3 SUCCESS total=6068 hdr=True vfy=9946a899
H3R h3r_conv1x1_36x1_c128__SSE-320__ethos-u85-512  base                   R1 SUCCESS total=7068 hdr=True vfy=9946a899
H3R h3r_conv1x1_36x1_c128__SSE-320__ethos-u85-512  base                   R2 SUCCESS total=7068 hdr=True vfy=9946a899
H3R h3r_conv1x1_36x1_c128__SSE-320__ethos-u85-512  base                   R3 SUCCESS total=7068 hdr=True vfy=9946a899
H3R h3r_conv1x1_36x1_c128__SSE-320__ethos-u85-512  equalized              R1 SUCCESS total=4068 hdr=True vfy=9946a899
H3R h3r_conv1x1_36x1_c128__SSE-320__ethos-u85-512  equalized              R2 SUCCESS total=4068 hdr=True vfy=9946a899
H3R h3r_conv1x1_36x1_c128__SSE-320__ethos-u85-512  equalized              R3 SUCCESS total=4068 hdr=True vfy=9946a899
H3R h3r_conv3x3_1x36_c128__SSE-320__ethos-u85-256  base                   R1 SUCCESS total=31068 hdr=True vfy=4e7cd7a4
H3R h3r_conv3x3_1x36_c128__SSE-320__ethos-u85-256  base                   R2 SUCCESS total=31068 hdr=True vfy=4e7cd7a4
H3R h3r_conv3x3_1x36_c128__SSE-320__ethos-u85-256  base                   R3 SUCCESS total=31068 hdr=True vfy=4e7cd7a4
H3R h3r_conv3x3_1x36_c128__SSE-320__ethos-u85-256  equalized              R1 SUCCESS total=25068 hdr=True vfy=4e7cd7a4
H3R h3r_conv3x3_1x36_c128__SSE-320__ethos-u85-256  equalized              R2 SUCCESS total=25068 hdr=True vfy=4e7cd7a4
H3R h3r_conv3x3_1x36_c128__SSE-320__ethos-u85-256  equalized              R3 SUCCESS total=25068 hdr=True vfy=4e7cd7a4
H3R h3r_conv3x3_1x36_c128__SSE-320__ethos-u85-512  base                   R1 SUCCESS total=29068 hdr=True vfy=4e7cd7a4
H3R h3r_conv3x3_1x36_c128__SSE-320__ethos-u85-512  base                   R2 SUCCESS total=29068 hdr=True vfy=4e7cd7a4
H3R h3r_conv3x3_1x36_c128__SSE-320__ethos-u85-512  base                   R3 SUCCESS total=29068 hdr=True vfy=4e7cd7a4
H3R h3r_conv3x3_1x36_c128__SSE-320__ethos-u85-512  equalized              R1 SUCCESS total=14068 hdr=True vfy=4e7cd7a4
H3R h3r_conv3x3_1x36_c128__SSE-320__ethos-u85-512  equalized              R2 SUCCESS total=14068 hdr=True vfy=4e7cd7a4
H3R h3r_conv3x3_1x36_c128__SSE-320__ethos-u85-512  equalized              R3 SUCCESS total=14068 hdr=True vfy=4e7cd7a4
H3R h3r_conv3x3_2x18_c128__SSE-320__ethos-u85-256  base                   R1 SUCCESS total=31068 hdr=True vfy=89319aef
H3R h3r_conv3x3_2x18_c128__SSE-320__ethos-u85-256  base                   R2 SUCCESS total=31068 hdr=True vfy=89319aef
H3R h3r_conv3x3_2x18_c128__SSE-320__ethos-u85-256  base                   R3 SUCCESS total=31068 hdr=True vfy=89319aef
H3R h3r_conv3x3_2x18_c128__SSE-320__ethos-u85-256  equalized              R1 SUCCESS total=25068 hdr=True vfy=89319aef
H3R h3r_conv3x3_2x18_c128__SSE-320__ethos-u85-256  equalized              R2 SUCCESS total=25068 hdr=True vfy=89319aef
H3R h3r_conv3x3_2x18_c128__SSE-320__ethos-u85-256  equalized              R3 SUCCESS total=25068 hdr=True vfy=89319aef
H3R h3r_conv3x3_2x18_c128__SSE-320__ethos-u85-512  base                   R1 SUCCESS total=29068 hdr=True vfy=89319aef
H3R h3r_conv3x3_2x18_c128__SSE-320__ethos-u85-512  base                   R2 SUCCESS total=29068 hdr=True vfy=89319aef
H3R h3r_conv3x3_2x18_c128__SSE-320__ethos-u85-512  base                   R3 SUCCESS total=29068 hdr=True vfy=89319aef
H3R h3r_conv3x3_2x18_c128__SSE-320__ethos-u85-512  equalized              R1 SUCCESS total=14068 hdr=True vfy=89319aef
H3R h3r_conv3x3_2x18_c128__SSE-320__ethos-u85-512  equalized              R2 SUCCESS total=14068 hdr=True vfy=89319aef
H3R h3r_conv3x3_2x18_c128__SSE-320__ethos-u85-512  equalized              R3 SUCCESS total=14068 hdr=True vfy=89319aef
H3R h3r_conv3x3_3x12_c128__SSE-320__ethos-u85-256  base                   R1 SUCCESS total=31068 hdr=True vfy=34bd5564
H3R h3r_conv3x3_3x12_c128__SSE-320__ethos-u85-256  base                   R2 SUCCESS total=31068 hdr=True vfy=34bd5564
H3R h3r_conv3x3_3x12_c128__SSE-320__ethos-u85-256  base                   R3 SUCCESS total=31068 hdr=True vfy=34bd5564
H3R h3r_conv3x3_3x12_c128__SSE-320__ethos-u85-256  equalized              R1 SUCCESS total=25068 hdr=True vfy=34bd5564
H3R h3r_conv3x3_3x12_c128__SSE-320__ethos-u85-256  equalized              R2 SUCCESS total=25068 hdr=True vfy=34bd5564
H3R h3r_conv3x3_3x12_c128__SSE-320__ethos-u85-256  equalized              R3 SUCCESS total=25068 hdr=True vfy=34bd5564
H3R h3r_conv3x3_3x12_c128__SSE-320__ethos-u85-512  base                   R1 SUCCESS total=29068 hdr=True vfy=34bd5564
H3R h3r_conv3x3_3x12_c128__SSE-320__ethos-u85-512  base                   R2 SUCCESS total=29068 hdr=True vfy=34bd5564
H3R h3r_conv3x3_3x12_c128__SSE-320__ethos-u85-512  base                   R3 SUCCESS total=29068 hdr=True vfy=34bd5564
H3R h3r_conv3x3_3x12_c128__SSE-320__ethos-u85-512  equalized              R1 SUCCESS total=14068 hdr=True vfy=34bd5564
H3R h3r_conv3x3_3x12_c128__SSE-320__ethos-u85-512  equalized              R2 SUCCESS total=14068 hdr=True vfy=34bd5564
H3R h3r_conv3x3_3x12_c128__SSE-320__ethos-u85-512  equalized              R3 SUCCESS total=14068 hdr=True vfy=34bd5564
H3R h3r_conv3x3_4x9_c128__SSE-320__ethos-u85-256   base                   R1 SUCCESS total=32068 hdr=True vfy=3b90d0c8
H3R h3r_conv3x3_4x9_c128__SSE-320__ethos-u85-256   base                   R2 SUCCESS total=32068 hdr=True vfy=3b90d0c8
H3R h3r_conv3x3_4x9_c128__SSE-320__ethos-u85-256   base                   R3 SUCCESS total=32068 hdr=True vfy=3b90d0c8
H3R h3r_conv3x3_4x9_c128__SSE-320__ethos-u85-256   equalized              R1 SUCCESS total=28068 hdr=True vfy=3b90d0c8
H3R h3r_conv3x3_4x9_c128__SSE-320__ethos-u85-256   equalized              R2 SUCCESS total=28068 hdr=True vfy=3b90d0c8
H3R h3r_conv3x3_4x9_c128__SSE-320__ethos-u85-256   equalized              R3 SUCCESS total=28068 hdr=True vfy=3b90d0c8
H3R h3r_conv3x3_4x9_c128__SSE-320__ethos-u85-512   base                   R1 SUCCESS total=29068 hdr=True vfy=3b90d0c8
H3R h3r_conv3x3_4x9_c128__SSE-320__ethos-u85-512   base                   R2 SUCCESS total=29068 hdr=True vfy=3b90d0c8
H3R h3r_conv3x3_4x9_c128__SSE-320__ethos-u85-512   base                   R3 SUCCESS total=29068 hdr=True vfy=3b90d0c8
H3R h3r_conv3x3_4x9_c128__SSE-320__ethos-u85-512   equalized              R1 SUCCESS total=15068 hdr=True vfy=3b90d0c8
H3R h3r_conv3x3_4x9_c128__SSE-320__ethos-u85-512   equalized              R2 SUCCESS total=15068 hdr=True vfy=3b90d0c8
H3R h3r_conv3x3_4x9_c128__SSE-320__ethos-u85-512   equalized              R3 SUCCESS total=15068 hdr=True vfy=3b90d0c8
H3R h3r_conv3x3_6x6_c128__SSE-320__ethos-u85-256   base                   R1 SUCCESS total=31068 hdr=True vfy=277e86c6
H3R h3r_conv3x3_6x6_c128__SSE-320__ethos-u85-256   base                   R2 SUCCESS total=31068 hdr=True vfy=277e86c6
H3R h3r_conv3x3_6x6_c128__SSE-320__ethos-u85-256   base                   R3 SUCCESS total=31068 hdr=True vfy=277e86c6
H3R h3r_conv3x3_6x6_c128__SSE-320__ethos-u85-256   equalized              R1 SUCCESS total=25068 hdr=True vfy=277e86c6
H3R h3r_conv3x3_6x6_c128__SSE-320__ethos-u85-256   equalized              R2 SUCCESS total=25068 hdr=True vfy=277e86c6
H3R h3r_conv3x3_6x6_c128__SSE-320__ethos-u85-256   equalized              R3 SUCCESS total=25068 hdr=True vfy=277e86c6
H3R h3r_conv3x3_6x6_c128__SSE-320__ethos-u85-512   base                   R1 SUCCESS total=29068 hdr=True vfy=277e86c6
H3R h3r_conv3x3_6x6_c128__SSE-320__ethos-u85-512   base                   R2 SUCCESS total=29068 hdr=True vfy=277e86c6
H3R h3r_conv3x3_6x6_c128__SSE-320__ethos-u85-512   base                   R3 SUCCESS total=29068 hdr=True vfy=277e86c6
H3R h3r_conv3x3_6x6_c128__SSE-320__ethos-u85-512   equalized              R1 SUCCESS total=14068 hdr=True vfy=277e86c6
H3R h3r_conv3x3_6x6_c128__SSE-320__ethos-u85-512   equalized              R2 SUCCESS total=14068 hdr=True vfy=277e86c6
H3R h3r_conv3x3_6x6_c128__SSE-320__ethos-u85-512   equalized              R3 SUCCESS total=14068 hdr=True vfy=277e86c6
H3R h3r_conv3x3_9x4_c128__SSE-320__ethos-u85-256   base                   R1 SUCCESS total=31068 hdr=True vfy=e85434dd
H3R h3r_conv3x3_9x4_c128__SSE-320__ethos-u85-256   base                   R2 SUCCESS total=31068 hdr=True vfy=e85434dd
H3R h3r_conv3x3_9x4_c128__SSE-320__ethos-u85-256   base                   R3 SUCCESS total=31068 hdr=True vfy=e85434dd
H3R h3r_conv3x3_9x4_c128__SSE-320__ethos-u85-256   equalized              R1 SUCCESS total=25068 hdr=True vfy=e85434dd
H3R h3r_conv3x3_9x4_c128__SSE-320__ethos-u85-256   equalized              R2 SUCCESS total=25068 hdr=True vfy=e85434dd
H3R h3r_conv3x3_9x4_c128__SSE-320__ethos-u85-256   equalized              R3 SUCCESS total=25068 hdr=True vfy=e85434dd
H3R h3r_conv3x3_9x4_c128__SSE-320__ethos-u85-512   base                   R1 SUCCESS total=29068 hdr=True vfy=e85434dd
H3R h3r_conv3x3_9x4_c128__SSE-320__ethos-u85-512   base                   R2 SUCCESS total=29068 hdr=True vfy=e85434dd
H3R h3r_conv3x3_9x4_c128__SSE-320__ethos-u85-512   base                   R3 SUCCESS total=29068 hdr=True vfy=e85434dd
H3R h3r_conv3x3_9x4_c128__SSE-320__ethos-u85-512   equalized              R1 SUCCESS total=14068 hdr=True vfy=e85434dd
H3R h3r_conv3x3_9x4_c128__SSE-320__ethos-u85-512   equalized              R2 SUCCESS total=14068 hdr=True vfy=e85434dd
H3R h3r_conv3x3_9x4_c128__SSE-320__ethos-u85-512   equalized              R3 SUCCESS total=14068 hdr=True vfy=e85434dd
H3R h3r_conv3x3_12x3_c128__SSE-320__ethos-u85-256  base                   R1 SUCCESS total=36068 hdr=True vfy=2965dc1f
H3R h3r_conv3x3_12x3_c128__SSE-320__ethos-u85-256  base                   R2 SUCCESS total=36068 hdr=True vfy=2965dc1f
H3R h3r_conv3x3_12x3_c128__SSE-320__ethos-u85-256  base                   R3 SUCCESS total=36068 hdr=True vfy=2965dc1f
H3R h3r_conv3x3_12x3_c128__SSE-320__ethos-u85-256  equalized              R1 SUCCESS total=32068 hdr=True vfy=2965dc1f
H3R h3r_conv3x3_12x3_c128__SSE-320__ethos-u85-256  equalized              R2 SUCCESS total=32068 hdr=True vfy=2965dc1f
H3R h3r_conv3x3_12x3_c128__SSE-320__ethos-u85-256  equalized              R3 SUCCESS total=32068 hdr=True vfy=2965dc1f
H3R h3r_conv3x3_12x3_c128__SSE-320__ethos-u85-512  base                   R1 SUCCESS total=29068 hdr=True vfy=2965dc1f
H3R h3r_conv3x3_12x3_c128__SSE-320__ethos-u85-512  base                   R2 SUCCESS total=29068 hdr=True vfy=2965dc1f
H3R h3r_conv3x3_12x3_c128__SSE-320__ethos-u85-512  base                   R3 SUCCESS total=29068 hdr=True vfy=2965dc1f
H3R h3r_conv3x3_12x3_c128__SSE-320__ethos-u85-512  equalized              R1 SUCCESS total=17068 hdr=True vfy=2965dc1f
H3R h3r_conv3x3_12x3_c128__SSE-320__ethos-u85-512  equalized              R2 SUCCESS total=17068 hdr=True vfy=2965dc1f
H3R h3r_conv3x3_12x3_c128__SSE-320__ethos-u85-512  equalized              R3 SUCCESS total=17068 hdr=True vfy=2965dc1f
H3R h3r_conv3x3_18x2_c128__SSE-320__ethos-u85-256  base                   R1 SUCCESS total=31068 hdr=True vfy=d77a00d7
H3R h3r_conv3x3_18x2_c128__SSE-320__ethos-u85-256  base                   R2 SUCCESS total=31068 hdr=True vfy=d77a00d7
H3R h3r_conv3x3_18x2_c128__SSE-320__ethos-u85-256  base                   R3 SUCCESS total=31068 hdr=True vfy=d77a00d7
H3R h3r_conv3x3_18x2_c128__SSE-320__ethos-u85-256  equalized              R1 SUCCESS total=25068 hdr=True vfy=d77a00d7
H3R h3r_conv3x3_18x2_c128__SSE-320__ethos-u85-256  equalized              R2 SUCCESS total=25068 hdr=True vfy=d77a00d7
H3R h3r_conv3x3_18x2_c128__SSE-320__ethos-u85-256  equalized              R3 SUCCESS total=25068 hdr=True vfy=d77a00d7
H3R h3r_conv3x3_18x2_c128__SSE-320__ethos-u85-512  base                   R1 SUCCESS total=29068 hdr=True vfy=d77a00d7
H3R h3r_conv3x3_18x2_c128__SSE-320__ethos-u85-512  base                   R2 SUCCESS total=29068 hdr=True vfy=d77a00d7
H3R h3r_conv3x3_18x2_c128__SSE-320__ethos-u85-512  base                   R3 SUCCESS total=29068 hdr=True vfy=d77a00d7
H3R h3r_conv3x3_18x2_c128__SSE-320__ethos-u85-512  equalized              R1 SUCCESS total=14068 hdr=True vfy=d77a00d7
H3R h3r_conv3x3_18x2_c128__SSE-320__ethos-u85-512  equalized              R2 SUCCESS total=14068 hdr=True vfy=d77a00d7
H3R h3r_conv3x3_18x2_c128__SSE-320__ethos-u85-512  equalized              R3 SUCCESS total=14068 hdr=True vfy=d77a00d7
H3R h3r_conv3x3_36x1_c128__SSE-320__ethos-u85-256  base                   R1 SUCCESS total=50068 hdr=True vfy=03209419
H3R h3r_conv3x3_36x1_c128__SSE-320__ethos-u85-256  base                   R2 SUCCESS total=50068 hdr=True vfy=03209419
H3R h3r_conv3x3_36x1_c128__SSE-320__ethos-u85-256  base                   R3 SUCCESS total=50068 hdr=True vfy=03209419
H3R h3r_conv3x3_36x1_c128__SSE-320__ethos-u85-256  equalized              R1 SUCCESS total=45068 hdr=True vfy=03209419
H3R h3r_conv3x3_36x1_c128__SSE-320__ethos-u85-256  equalized              R2 SUCCESS total=45068 hdr=True vfy=03209419
H3R h3r_conv3x3_36x1_c128__SSE-320__ethos-u85-256  equalized              R3 SUCCESS total=45068 hdr=True vfy=03209419
H3R h3r_conv3x3_36x1_c128__SSE-320__ethos-u85-512  base                   R1 SUCCESS total=29068 hdr=True vfy=03209419
H3R h3r_conv3x3_36x1_c128__SSE-320__ethos-u85-512  base                   R2 SUCCESS total=29068 hdr=True vfy=03209419
H3R h3r_conv3x3_36x1_c128__SSE-320__ethos-u85-512  base                   R3 SUCCESS total=29068 hdr=True vfy=03209419
H3R h3r_conv3x3_36x1_c128__SSE-320__ethos-u85-512  equalized              R1 SUCCESS total=23068 hdr=True vfy=03209419
H3R h3r_conv3x3_36x1_c128__SSE-320__ethos-u85-512  equalized              R2 SUCCESS total=23068 hdr=True vfy=03209419
H3R h3r_conv3x3_36x1_c128__SSE-320__ethos-u85-512  equalized              R3 SUCCESS total=23068 hdr=True vfy=03209419
H3R h3r_dw3x3_1x36_c128__SSE-320__ethos-u85-256    base                   R1 SUCCESS total=6068 hdr=True vfy=d963d9ee
H3R h3r_dw3x3_1x36_c128__SSE-320__ethos-u85-256    base                   R2 SUCCESS total=6068 hdr=True vfy=d963d9ee
H3R h3r_dw3x3_1x36_c128__SSE-320__ethos-u85-256    base                   R3 SUCCESS total=6068 hdr=True vfy=d963d9ee
H3R h3r_dw3x3_1x36_c128__SSE-320__ethos-u85-256    equalized              R1 SUCCESS total=3068 hdr=True vfy=d963d9ee
H3R h3r_dw3x3_1x36_c128__SSE-320__ethos-u85-256    equalized              R2 SUCCESS total=3068 hdr=True vfy=d963d9ee
H3R h3r_dw3x3_1x36_c128__SSE-320__ethos-u85-256    equalized              R3 SUCCESS total=3068 hdr=True vfy=d963d9ee
H3R h3r_dw3x3_1x36_c128__SSE-320__ethos-u85-256    bridge_legacy_relaxed  R1 SUCCESS total=3068 hdr=True vfy=d963d9ee
H3R h3r_dw3x3_1x36_c128__SSE-320__ethos-u85-256    bridge_legacy_relaxed  R2 SUCCESS total=3068 hdr=True vfy=d963d9ee
H3R h3r_dw3x3_1x36_c128__SSE-320__ethos-u85-256    bridge_legacy_relaxed  R3 SUCCESS total=3068 hdr=True vfy=d963d9ee
H3R h3r_dw3x3_1x36_c128__SSE-320__ethos-u85-512    base                   R1 SUCCESS total=6068 hdr=True vfy=d963d9ee
H3R h3r_dw3x3_1x36_c128__SSE-320__ethos-u85-512    base                   R2 SUCCESS total=6068 hdr=True vfy=d963d9ee
H3R h3r_dw3x3_1x36_c128__SSE-320__ethos-u85-512    base                   R3 SUCCESS total=6068 hdr=True vfy=d963d9ee
H3R h3r_dw3x3_1x36_c128__SSE-320__ethos-u85-512    equalized              R1 SUCCESS total=2068 hdr=True vfy=d963d9ee
H3R h3r_dw3x3_1x36_c128__SSE-320__ethos-u85-512    equalized              R2 SUCCESS total=2068 hdr=True vfy=d963d9ee
H3R h3r_dw3x3_1x36_c128__SSE-320__ethos-u85-512    equalized              R3 SUCCESS total=2068 hdr=True vfy=d963d9ee
H3R h3r_dw3x3_1x36_c128__SSE-320__ethos-u85-512    bridge_legacy_relaxed  R1 SUCCESS total=2068 hdr=True vfy=d963d9ee
H3R h3r_dw3x3_1x36_c128__SSE-320__ethos-u85-512    bridge_legacy_relaxed  R2 SUCCESS total=2068 hdr=True vfy=d963d9ee
H3R h3r_dw3x3_1x36_c128__SSE-320__ethos-u85-512    bridge_legacy_relaxed  R3 SUCCESS total=2068 hdr=True vfy=d963d9ee
H3R h3r_dw3x3_2x18_c128__SSE-320__ethos-u85-256    base                   R1 SUCCESS total=6068 hdr=True vfy=ee47c2b6
H3R h3r_dw3x3_2x18_c128__SSE-320__ethos-u85-256    base                   R2 SUCCESS total=6068 hdr=True vfy=ee47c2b6
H3R h3r_dw3x3_2x18_c128__SSE-320__ethos-u85-256    base                   R3 SUCCESS total=6068 hdr=True vfy=ee47c2b6
H3R h3r_dw3x3_2x18_c128__SSE-320__ethos-u85-256    equalized              R1 SUCCESS total=3068 hdr=True vfy=ee47c2b6
H3R h3r_dw3x3_2x18_c128__SSE-320__ethos-u85-256    equalized              R2 SUCCESS total=3068 hdr=True vfy=ee47c2b6
H3R h3r_dw3x3_2x18_c128__SSE-320__ethos-u85-256    equalized              R3 SUCCESS total=3068 hdr=True vfy=ee47c2b6
H3R h3r_dw3x3_2x18_c128__SSE-320__ethos-u85-256    bridge_legacy_relaxed  R1 SUCCESS total=3068 hdr=True vfy=ee47c2b6
H3R h3r_dw3x3_2x18_c128__SSE-320__ethos-u85-256    bridge_legacy_relaxed  R2 SUCCESS total=3068 hdr=True vfy=ee47c2b6
H3R h3r_dw3x3_2x18_c128__SSE-320__ethos-u85-256    bridge_legacy_relaxed  R3 SUCCESS total=3068 hdr=True vfy=ee47c2b6
H3R h3r_dw3x3_2x18_c128__SSE-320__ethos-u85-512    base                   R1 SUCCESS total=6068 hdr=True vfy=ee47c2b6
H3R h3r_dw3x3_2x18_c128__SSE-320__ethos-u85-512    base                   R2 SUCCESS total=6068 hdr=True vfy=ee47c2b6
H3R h3r_dw3x3_2x18_c128__SSE-320__ethos-u85-512    base                   R3 SUCCESS total=6068 hdr=True vfy=ee47c2b6
H3R h3r_dw3x3_2x18_c128__SSE-320__ethos-u85-512    equalized              R1 SUCCESS total=2068 hdr=True vfy=ee47c2b6
H3R h3r_dw3x3_2x18_c128__SSE-320__ethos-u85-512    equalized              R2 SUCCESS total=2068 hdr=True vfy=ee47c2b6
H3R h3r_dw3x3_2x18_c128__SSE-320__ethos-u85-512    equalized              R3 SUCCESS total=2068 hdr=True vfy=ee47c2b6
H3R h3r_dw3x3_2x18_c128__SSE-320__ethos-u85-512    bridge_legacy_relaxed  R1 SUCCESS total=2068 hdr=True vfy=ee47c2b6
H3R h3r_dw3x3_2x18_c128__SSE-320__ethos-u85-512    bridge_legacy_relaxed  R2 SUCCESS total=2068 hdr=True vfy=ee47c2b6
H3R h3r_dw3x3_2x18_c128__SSE-320__ethos-u85-512    bridge_legacy_relaxed  R3 SUCCESS total=2068 hdr=True vfy=ee47c2b6
H3R h3r_dw3x3_3x12_c128__SSE-320__ethos-u85-256    base                   R1 SUCCESS total=6068 hdr=True vfy=c244e1c4
H3R h3r_dw3x3_3x12_c128__SSE-320__ethos-u85-256    base                   R2 SUCCESS total=6068 hdr=True vfy=c244e1c4
H3R h3r_dw3x3_3x12_c128__SSE-320__ethos-u85-256    base                   R3 SUCCESS total=6068 hdr=True vfy=c244e1c4
H3R h3r_dw3x3_3x12_c128__SSE-320__ethos-u85-256    equalized              R1 SUCCESS total=3068 hdr=True vfy=c244e1c4
H3R h3r_dw3x3_3x12_c128__SSE-320__ethos-u85-256    equalized              R2 SUCCESS total=3068 hdr=True vfy=c244e1c4
H3R h3r_dw3x3_3x12_c128__SSE-320__ethos-u85-256    equalized              R3 SUCCESS total=3068 hdr=True vfy=c244e1c4
H3R h3r_dw3x3_3x12_c128__SSE-320__ethos-u85-256    bridge_legacy_relaxed  R1 SUCCESS total=3068 hdr=True vfy=c244e1c4
H3R h3r_dw3x3_3x12_c128__SSE-320__ethos-u85-256    bridge_legacy_relaxed  R2 SUCCESS total=3068 hdr=True vfy=c244e1c4
H3R h3r_dw3x3_3x12_c128__SSE-320__ethos-u85-256    bridge_legacy_relaxed  R3 SUCCESS total=3068 hdr=True vfy=c244e1c4
H3R h3r_dw3x3_3x12_c128__SSE-320__ethos-u85-512    base                   R1 SUCCESS total=6068 hdr=True vfy=c244e1c4
H3R h3r_dw3x3_3x12_c128__SSE-320__ethos-u85-512    base                   R2 SUCCESS total=6068 hdr=True vfy=c244e1c4
H3R h3r_dw3x3_3x12_c128__SSE-320__ethos-u85-512    base                   R3 SUCCESS total=6068 hdr=True vfy=c244e1c4
H3R h3r_dw3x3_3x12_c128__SSE-320__ethos-u85-512    equalized              R1 SUCCESS total=2068 hdr=True vfy=c244e1c4
H3R h3r_dw3x3_3x12_c128__SSE-320__ethos-u85-512    equalized              R2 SUCCESS total=2068 hdr=True vfy=c244e1c4
H3R h3r_dw3x3_3x12_c128__SSE-320__ethos-u85-512    equalized              R3 SUCCESS total=2068 hdr=True vfy=c244e1c4
H3R h3r_dw3x3_3x12_c128__SSE-320__ethos-u85-512    bridge_legacy_relaxed  R1 SUCCESS total=2068 hdr=True vfy=c244e1c4
H3R h3r_dw3x3_3x12_c128__SSE-320__ethos-u85-512    bridge_legacy_relaxed  R2 SUCCESS total=2068 hdr=True vfy=c244e1c4
H3R h3r_dw3x3_3x12_c128__SSE-320__ethos-u85-512    bridge_legacy_relaxed  R3 SUCCESS total=2068 hdr=True vfy=c244e1c4
H3R h3r_dw3x3_4x9_c128__SSE-320__ethos-u85-256     base                   R1 SUCCESS total=6068 hdr=True vfy=dd3cea02
H3R h3r_dw3x3_4x9_c128__SSE-320__ethos-u85-256     base                   R2 SUCCESS total=6068 hdr=True vfy=dd3cea02
H3R h3r_dw3x3_4x9_c128__SSE-320__ethos-u85-256     base                   R3 SUCCESS total=6068 hdr=True vfy=dd3cea02
H3R h3r_dw3x3_4x9_c128__SSE-320__ethos-u85-256     equalized              R1 SUCCESS total=3068 hdr=True vfy=dd3cea02
H3R h3r_dw3x3_4x9_c128__SSE-320__ethos-u85-256     equalized              R2 SUCCESS total=3068 hdr=True vfy=dd3cea02
H3R h3r_dw3x3_4x9_c128__SSE-320__ethos-u85-256     equalized              R3 SUCCESS total=3068 hdr=True vfy=dd3cea02
H3R h3r_dw3x3_4x9_c128__SSE-320__ethos-u85-256     bridge_legacy_relaxed  R1 SUCCESS total=3068 hdr=True vfy=dd3cea02
H3R h3r_dw3x3_4x9_c128__SSE-320__ethos-u85-256     bridge_legacy_relaxed  R2 SUCCESS total=3068 hdr=True vfy=dd3cea02
H3R h3r_dw3x3_4x9_c128__SSE-320__ethos-u85-256     bridge_legacy_relaxed  R3 SUCCESS total=3068 hdr=True vfy=dd3cea02
H3R h3r_dw3x3_4x9_c128__SSE-320__ethos-u85-512     base                   R1 SUCCESS total=6068 hdr=True vfy=dd3cea02
H3R h3r_dw3x3_4x9_c128__SSE-320__ethos-u85-512     base                   R2 SUCCESS total=6068 hdr=True vfy=dd3cea02
H3R h3r_dw3x3_4x9_c128__SSE-320__ethos-u85-512     base                   R3 SUCCESS total=6068 hdr=True vfy=dd3cea02
H3R h3r_dw3x3_4x9_c128__SSE-320__ethos-u85-512     equalized              R1 SUCCESS total=2068 hdr=True vfy=dd3cea02
H3R h3r_dw3x3_4x9_c128__SSE-320__ethos-u85-512     equalized              R2 SUCCESS total=2068 hdr=True vfy=dd3cea02
H3R h3r_dw3x3_4x9_c128__SSE-320__ethos-u85-512     equalized              R3 SUCCESS total=2068 hdr=True vfy=dd3cea02
H3R h3r_dw3x3_4x9_c128__SSE-320__ethos-u85-512     bridge_legacy_relaxed  R1 SUCCESS total=2068 hdr=True vfy=dd3cea02
H3R h3r_dw3x3_4x9_c128__SSE-320__ethos-u85-512     bridge_legacy_relaxed  R2 SUCCESS total=2068 hdr=True vfy=dd3cea02
H3R h3r_dw3x3_4x9_c128__SSE-320__ethos-u85-512     bridge_legacy_relaxed  R3 SUCCESS total=2068 hdr=True vfy=dd3cea02
H3R h3r_dw3x3_6x6_c128__SSE-320__ethos-u85-256     base                   R1 SUCCESS total=6068 hdr=True vfy=3669c664
H3R h3r_dw3x3_6x6_c128__SSE-320__ethos-u85-256     base                   R2 SUCCESS total=6068 hdr=True vfy=3669c664
H3R h3r_dw3x3_6x6_c128__SSE-320__ethos-u85-256     base                   R3 SUCCESS total=6068 hdr=True vfy=3669c664
H3R h3r_dw3x3_6x6_c128__SSE-320__ethos-u85-256     equalized              R1 SUCCESS total=3068 hdr=True vfy=3669c664
H3R h3r_dw3x3_6x6_c128__SSE-320__ethos-u85-256     equalized              R2 SUCCESS total=3068 hdr=True vfy=3669c664
H3R h3r_dw3x3_6x6_c128__SSE-320__ethos-u85-256     equalized              R3 SUCCESS total=3068 hdr=True vfy=3669c664
H3R h3r_dw3x3_6x6_c128__SSE-320__ethos-u85-256     bridge_legacy_relaxed  R1 SUCCESS total=3068 hdr=True vfy=3669c664
H3R h3r_dw3x3_6x6_c128__SSE-320__ethos-u85-256     bridge_legacy_relaxed  R2 SUCCESS total=3068 hdr=True vfy=3669c664
H3R h3r_dw3x3_6x6_c128__SSE-320__ethos-u85-256     bridge_legacy_relaxed  R3 SUCCESS total=3068 hdr=True vfy=3669c664
H3R h3r_dw3x3_6x6_c128__SSE-320__ethos-u85-512     base                   R1 SUCCESS total=6068 hdr=True vfy=3669c664
H3R h3r_dw3x3_6x6_c128__SSE-320__ethos-u85-512     base                   R2 SUCCESS total=6068 hdr=True vfy=3669c664
H3R h3r_dw3x3_6x6_c128__SSE-320__ethos-u85-512     base                   R3 SUCCESS total=6068 hdr=True vfy=3669c664
H3R h3r_dw3x3_6x6_c128__SSE-320__ethos-u85-512     equalized              R1 SUCCESS total=2068 hdr=True vfy=3669c664
H3R h3r_dw3x3_6x6_c128__SSE-320__ethos-u85-512     equalized              R2 SUCCESS total=2068 hdr=True vfy=3669c664
H3R h3r_dw3x3_6x6_c128__SSE-320__ethos-u85-512     equalized              R3 SUCCESS total=2068 hdr=True vfy=3669c664
H3R h3r_dw3x3_6x6_c128__SSE-320__ethos-u85-512     bridge_legacy_relaxed  R1 SUCCESS total=2068 hdr=True vfy=3669c664
H3R h3r_dw3x3_6x6_c128__SSE-320__ethos-u85-512     bridge_legacy_relaxed  R2 SUCCESS total=2068 hdr=True vfy=3669c664
H3R h3r_dw3x3_6x6_c128__SSE-320__ethos-u85-512     bridge_legacy_relaxed  R3 SUCCESS total=2068 hdr=True vfy=3669c664
H3R h3r_dw3x3_9x4_c128__SSE-320__ethos-u85-256     base                   R1 SUCCESS total=6068 hdr=True vfy=20e9ba13
H3R h3r_dw3x3_9x4_c128__SSE-320__ethos-u85-256     base                   R2 SUCCESS total=6068 hdr=True vfy=20e9ba13
H3R h3r_dw3x3_9x4_c128__SSE-320__ethos-u85-256     base                   R3 SUCCESS total=6068 hdr=True vfy=20e9ba13
H3R h3r_dw3x3_9x4_c128__SSE-320__ethos-u85-256     equalized              R1 SUCCESS total=3068 hdr=True vfy=20e9ba13
H3R h3r_dw3x3_9x4_c128__SSE-320__ethos-u85-256     equalized              R2 SUCCESS total=3068 hdr=True vfy=20e9ba13
H3R h3r_dw3x3_9x4_c128__SSE-320__ethos-u85-256     equalized              R3 SUCCESS total=3068 hdr=True vfy=20e9ba13
H3R h3r_dw3x3_9x4_c128__SSE-320__ethos-u85-256     bridge_legacy_relaxed  R1 SUCCESS total=3068 hdr=True vfy=20e9ba13
H3R h3r_dw3x3_9x4_c128__SSE-320__ethos-u85-256     bridge_legacy_relaxed  R2 SUCCESS total=3068 hdr=True vfy=20e9ba13
H3R h3r_dw3x3_9x4_c128__SSE-320__ethos-u85-256     bridge_legacy_relaxed  R3 SUCCESS total=3068 hdr=True vfy=20e9ba13
H3R h3r_dw3x3_9x4_c128__SSE-320__ethos-u85-512     base                   R1 SUCCESS total=6068 hdr=True vfy=20e9ba13
H3R h3r_dw3x3_9x4_c128__SSE-320__ethos-u85-512     base                   R2 SUCCESS total=6068 hdr=True vfy=20e9ba13
H3R h3r_dw3x3_9x4_c128__SSE-320__ethos-u85-512     base                   R3 SUCCESS total=6068 hdr=True vfy=20e9ba13
H3R h3r_dw3x3_9x4_c128__SSE-320__ethos-u85-512     equalized              R1 SUCCESS total=2068 hdr=True vfy=20e9ba13
H3R h3r_dw3x3_9x4_c128__SSE-320__ethos-u85-512     equalized              R2 SUCCESS total=2068 hdr=True vfy=20e9ba13
H3R h3r_dw3x3_9x4_c128__SSE-320__ethos-u85-512     equalized              R3 SUCCESS total=2068 hdr=True vfy=20e9ba13
H3R h3r_dw3x3_9x4_c128__SSE-320__ethos-u85-512     bridge_legacy_relaxed  R1 SUCCESS total=2068 hdr=True vfy=20e9ba13
H3R h3r_dw3x3_9x4_c128__SSE-320__ethos-u85-512     bridge_legacy_relaxed  R2 SUCCESS total=2068 hdr=True vfy=20e9ba13
H3R h3r_dw3x3_9x4_c128__SSE-320__ethos-u85-512     bridge_legacy_relaxed  R3 SUCCESS total=2068 hdr=True vfy=20e9ba13
H3R h3r_dw3x3_12x3_c128__SSE-320__ethos-u85-256    base                   R1 SUCCESS total=6068 hdr=True vfy=eb02792a
H3R h3r_dw3x3_12x3_c128__SSE-320__ethos-u85-256    base                   R2 SUCCESS total=6068 hdr=True vfy=eb02792a
H3R h3r_dw3x3_12x3_c128__SSE-320__ethos-u85-256    base                   R3 SUCCESS total=6068 hdr=True vfy=eb02792a
H3R h3r_dw3x3_12x3_c128__SSE-320__ethos-u85-256    equalized              R1 SUCCESS total=3068 hdr=True vfy=eb02792a
H3R h3r_dw3x3_12x3_c128__SSE-320__ethos-u85-256    equalized              R2 SUCCESS total=3068 hdr=True vfy=eb02792a
H3R h3r_dw3x3_12x3_c128__SSE-320__ethos-u85-256    equalized              R3 SUCCESS total=3068 hdr=True vfy=eb02792a
H3R h3r_dw3x3_12x3_c128__SSE-320__ethos-u85-256    bridge_legacy_relaxed  R1 SUCCESS total=3068 hdr=True vfy=eb02792a
H3R h3r_dw3x3_12x3_c128__SSE-320__ethos-u85-256    bridge_legacy_relaxed  R2 SUCCESS total=3068 hdr=True vfy=eb02792a
H3R h3r_dw3x3_12x3_c128__SSE-320__ethos-u85-256    bridge_legacy_relaxed  R3 SUCCESS total=3068 hdr=True vfy=eb02792a
H3R h3r_dw3x3_12x3_c128__SSE-320__ethos-u85-512    base                   R1 SUCCESS total=6068 hdr=True vfy=eb02792a
H3R h3r_dw3x3_12x3_c128__SSE-320__ethos-u85-512    base                   R2 SUCCESS total=6068 hdr=True vfy=eb02792a
H3R h3r_dw3x3_12x3_c128__SSE-320__ethos-u85-512    base                   R3 SUCCESS total=6068 hdr=True vfy=eb02792a
H3R h3r_dw3x3_12x3_c128__SSE-320__ethos-u85-512    equalized              R1 SUCCESS total=2068 hdr=True vfy=eb02792a
H3R h3r_dw3x3_12x3_c128__SSE-320__ethos-u85-512    equalized              R2 SUCCESS total=2068 hdr=True vfy=eb02792a
H3R h3r_dw3x3_12x3_c128__SSE-320__ethos-u85-512    equalized              R3 SUCCESS total=2068 hdr=True vfy=eb02792a
H3R h3r_dw3x3_12x3_c128__SSE-320__ethos-u85-512    bridge_legacy_relaxed  R1 SUCCESS total=2068 hdr=True vfy=eb02792a
H3R h3r_dw3x3_12x3_c128__SSE-320__ethos-u85-512    bridge_legacy_relaxed  R2 SUCCESS total=2068 hdr=True vfy=eb02792a
H3R h3r_dw3x3_12x3_c128__SSE-320__ethos-u85-512    bridge_legacy_relaxed  R3 SUCCESS total=2068 hdr=True vfy=eb02792a
H3R h3r_dw3x3_18x2_c128__SSE-320__ethos-u85-256    base                   R1 SUCCESS total=6068 hdr=True vfy=4732558c
H3R h3r_dw3x3_18x2_c128__SSE-320__ethos-u85-256    base                   R2 SUCCESS total=6068 hdr=True vfy=4732558c
H3R h3r_dw3x3_18x2_c128__SSE-320__ethos-u85-256    base                   R3 SUCCESS total=6068 hdr=True vfy=4732558c
H3R h3r_dw3x3_18x2_c128__SSE-320__ethos-u85-256    equalized              R1 SUCCESS total=2068 hdr=True vfy=4732558c
H3R h3r_dw3x3_18x2_c128__SSE-320__ethos-u85-256    equalized              R2 SUCCESS total=2068 hdr=True vfy=4732558c
H3R h3r_dw3x3_18x2_c128__SSE-320__ethos-u85-256    equalized              R3 SUCCESS total=2068 hdr=True vfy=4732558c
H3R h3r_dw3x3_18x2_c128__SSE-320__ethos-u85-256    bridge_legacy_relaxed  R1 SUCCESS total=2068 hdr=True vfy=4732558c
H3R h3r_dw3x3_18x2_c128__SSE-320__ethos-u85-256    bridge_legacy_relaxed  R2 SUCCESS total=2068 hdr=True vfy=4732558c
H3R h3r_dw3x3_18x2_c128__SSE-320__ethos-u85-256    bridge_legacy_relaxed  R3 SUCCESS total=2068 hdr=True vfy=4732558c
H3R h3r_dw3x3_18x2_c128__SSE-320__ethos-u85-512    base                   R1 SUCCESS total=6068 hdr=True vfy=4732558c
H3R h3r_dw3x3_18x2_c128__SSE-320__ethos-u85-512    base                   R2 SUCCESS total=6068 hdr=True vfy=4732558c
H3R h3r_dw3x3_18x2_c128__SSE-320__ethos-u85-512    base                   R3 SUCCESS total=6068 hdr=True vfy=4732558c
H3R h3r_dw3x3_18x2_c128__SSE-320__ethos-u85-512    equalized              R1 SUCCESS total=2068 hdr=True vfy=4732558c
H3R h3r_dw3x3_18x2_c128__SSE-320__ethos-u85-512    equalized              R2 SUCCESS total=2068 hdr=True vfy=4732558c
H3R h3r_dw3x3_18x2_c128__SSE-320__ethos-u85-512    equalized              R3 SUCCESS total=2068 hdr=True vfy=4732558c
H3R h3r_dw3x3_18x2_c128__SSE-320__ethos-u85-512    bridge_legacy_relaxed  R1 SUCCESS total=2068 hdr=True vfy=4732558c
H3R h3r_dw3x3_18x2_c128__SSE-320__ethos-u85-512    bridge_legacy_relaxed  R2 SUCCESS total=2068 hdr=True vfy=4732558c
H3R h3r_dw3x3_18x2_c128__SSE-320__ethos-u85-512    bridge_legacy_relaxed  R3 SUCCESS total=2068 hdr=True vfy=4732558c
H3R h3r_dw3x3_36x1_c128__SSE-320__ethos-u85-256    base                   R1 SUCCESS total=6068 hdr=True vfy=967d2ae3
H3R h3r_dw3x3_36x1_c128__SSE-320__ethos-u85-256    base                   R2 SUCCESS total=6068 hdr=True vfy=967d2ae3
H3R h3r_dw3x3_36x1_c128__SSE-320__ethos-u85-256    base                   R3 SUCCESS total=6068 hdr=True vfy=967d2ae3
H3R h3r_dw3x3_36x1_c128__SSE-320__ethos-u85-256    equalized              R1 SUCCESS total=4068 hdr=True vfy=967d2ae3
H3R h3r_dw3x3_36x1_c128__SSE-320__ethos-u85-256    equalized              R2 SUCCESS total=4068 hdr=True vfy=967d2ae3
H3R h3r_dw3x3_36x1_c128__SSE-320__ethos-u85-256    equalized              R3 SUCCESS total=4068 hdr=True vfy=967d2ae3
H3R h3r_dw3x3_36x1_c128__SSE-320__ethos-u85-256    bridge_legacy_relaxed  R1 SUCCESS total=4068 hdr=True vfy=967d2ae3
H3R h3r_dw3x3_36x1_c128__SSE-320__ethos-u85-256    bridge_legacy_relaxed  R2 SUCCESS total=4068 hdr=True vfy=967d2ae3
H3R h3r_dw3x3_36x1_c128__SSE-320__ethos-u85-256    bridge_legacy_relaxed  R3 SUCCESS total=4068 hdr=True vfy=967d2ae3
H3R h3r_dw3x3_36x1_c128__SSE-320__ethos-u85-512    base                   R1 SUCCESS total=6068 hdr=True vfy=967d2ae3
H3R h3r_dw3x3_36x1_c128__SSE-320__ethos-u85-512    base                   R2 SUCCESS total=6068 hdr=True vfy=967d2ae3
H3R h3r_dw3x3_36x1_c128__SSE-320__ethos-u85-512    base                   R3 SUCCESS total=6068 hdr=True vfy=967d2ae3
H3R h3r_dw3x3_36x1_c128__SSE-320__ethos-u85-512    equalized              R1 SUCCESS total=2068 hdr=True vfy=967d2ae3
H3R h3r_dw3x3_36x1_c128__SSE-320__ethos-u85-512    equalized              R2 SUCCESS total=2068 hdr=True vfy=967d2ae3
H3R h3r_dw3x3_36x1_c128__SSE-320__ethos-u85-512    equalized              R3 SUCCESS total=2068 hdr=True vfy=967d2ae3
H3R h3r_dw3x3_36x1_c128__SSE-320__ethos-u85-512    bridge_legacy_relaxed  R1 SUCCESS total=2068 hdr=True vfy=967d2ae3
H3R h3r_dw3x3_36x1_c128__SSE-320__ethos-u85-512    bridge_legacy_relaxed  R2 SUCCESS total=2068 hdr=True vfy=967d2ae3
H3R h3r_dw3x3_36x1_c128__SSE-320__ethos-u85-512    bridge_legacy_relaxed  R3 SUCCESS total=2068 hdr=True vfy=967d2ae3
H3R_DONE all
