INFO - WARN - MPS4_SCC->CFG_ACLK reads 0. Assuming default clock of 32000000
Processor internal clock: 32000000Hz
INFO - V2M-MPS4 revision A
INFO - Application Note AN22b, Revision C
INFO - MPS4 build 3
INFO - MPS4 core clock has been set to: 32000000Hz
INFO - CPU ID: 0x411fd230
INFO - CPU: Cortex-M85 r1p0
INFO - Enabling I-cache.
INFO - Enabling D-cache.
INFO - Relocating vector table to 0x10000000
INFO - Configured TA_SRAM	@0x50006000
INFO - Configured TA_EXT	@0x50006800
INFO - Initialising Ethos-U device@0x50004000
INFO - Using Dedicated_Sram memory mode; fast cache size: 393216
INFO - Ethos-U device initialised
INFO - Ethos-U version info:
INFO - 	Arch:       v2.0.0
INFO - 	Driver:     v1.0.0
INFO - 	MACs/cc:    256
INFO - 	Cmd stream: v1
INFO - HDLCD resolution id: 4
INFO - Target system design: Arm Corstone-320
INFO - Device MPS4 HDLCD configured
INFO - Resolution:    320 x 240
INFO - Colour format: ARGB8888
INFO - ARM ML Embedded Evaluation Kit
INFO - Version 26.03.0 Build date: Apr 21 2026 @ 09:25:19
INFO - Compiler: GNU-15.2.1
INFO - Copyright 2021-2026 Arm Limited and/or its affiliates <open-source-office@arm.com>
INFO - Creating allocator using tensor arena at 0x0x700547c0
INFO - Allocating tensors
INFO - Model INPUT tensors: 
INFO - 	tensor type is int8
INFO - 	tensor occupies 16384 bytes with dimensions
INFO - 		0:   1
INFO - 		1: 128
INFO - 		2: 128
INFO - 		3:   1
INFO - Scale = 0.008138
INFO - ZeroPoint = -70
INFO - Model OUTPUT tensors: 
INFO - 	tensor type is int8
INFO - 	tensor occupies 2 bytes with dimensions
INFO - 		0:   1
INFO - 		1:   2
INFO - Scale = 0.022299
INFO - ZeroPoint = -17
INFO - Activation buffer (a.k.a tensor arena) size used: 132132
INFO - Number of operators: 1
INFO - 	Operator 0: ethos-u
INFO - NPU memory mode likely to be: Dedicated_Sram
PLPROF_BEGIN,75
PLPROF,0,20055,20007,2079,4311,1621,0,0x0001
PLPROF,1,4015,4014,4106,947,28,0,0x0002
PLPROF,2,4015,4014,577,923,0,0,0x000C
PLPROF,3,19015,19014,2167,1156,56,0,0x0010
PLPROF,4,4015,4014,536,928,0,0,0x0020
PLPROF,5,5015,5014,2489,4497,34,0,0x0040
PLPROF,6,8015,8014,5091,3943,35,0,0x0080
PLPROF,7,4015,4014,3575,899,31,0,0x0300
PLPROF,8,4015,4014,1483,1170,33,0,0x0400
PLPROF,9,4015,4014,1410,971,40,0,0x1800
PLPROF,10,4015,4014,762,948,4,0,0x2000
PLPROF,11,5015,5014,1023,1273,4,0,0x4000
PLPROF,12,3015,3014,640,825,102,0,0x8000
PLPROF,13,3015,3014,464,1126,338,0,0x0001
PLPROF,14,4015,4014,1912,954,50,0,0x0002
PLPROF,15,8015,8014,2272,2162,122,0,0x000C
PLPROF,16,3015,3014,2355,840,255,0,0x0010
PLPROF,17,2015,2014,725,556,105,0,0x0060
PLPROF,18,7015,7014,2438,1819,339,0,0x0080
PLPROF,19,6015,6014,1157,1392,17,0,0x0100
PLPROF,20,4015,4014,2062,746,4,0,0x0200
PLPROF,21,2015,2014,128,467,72,0,0x0400
PLPROF,22,1015,1014,288,352,260,0,0x0800
PLPROF,23,2015,2014,1039,564,120,0,0x1000
PLPROF,24,5015,5014,1677,1056,0,0,0x2000
PLPROF,25,3015,3014,1564,827,347,0,0x4000
PLPROF,26,7015,7014,1480,1440,17,0,0x8000
PLPROF,27,3015,3014,1513,568,4,0,0x0001
PLPROF,28,2015,2014,288,607,88,0,0x0002
PLPROF,29,1015,1014,480,520,298,0,0x0004
PLPROF,30,2015,2014,949,618,274,0,0x0008
PLPROF,31,6015,6014,1856,1344,8,0,0x0010
PLPROF,32,5015,5014,2574,1339,252,0,0x0020
PLPROF,33,3015,3014,1928,1013,477,0,0x00C0
PLPROF,34,2015,2014,874,160,157,0,0x0100
PLPROF,35,5015,5014,1047,1664,1681,0,0x0200
PLPROF,36,5015,5014,1417,1235,285,0,0x0400
PLPROF,37,3015,3014,1373,351,15,0,0x0800
PLPROF,38,1015,1014,368,284,28,0,0x3000
PLPROF,39,1015,1014,322,120,176,0,0x4000
PLPROF,40,6015,6014,1088,2112,1919,0,0x8000
PLPROF,41,4015,4014,1282,1015,268,0,0x0001
PLPROF,42,4015,4014,1934,361,8,0,0x0002
PLPROF,43,1015,1014,241,328,48,0,0x000C
PLPROF,44,1015,1014,638,216,14,0,0x0010
PLPROF,45,6015,6014,1091,1943,2048,0,0x0020
PLPROF,46,5015,5014,1328,1051,282,0,0x0040
PLPROF,47,4015,4014,1577,531,24,0,0x0080
PLPROF,48,1015,1014,601,213,32,0,0x0300
PLPROF,49,1015,1014,298,144,250,0,0x0400
PLPROF,50,3015,3014,652,752,742,0,0x0800
PLPROF,51,4015,4014,869,720,470,0,0x1000
PLPROF,52,4015,4014,320,320,876,0,0x2000
PLPROF,53,5015,5014,704,792,863,0,0x4000
PLPROF,54,3015,3014,329,611,66,0,0x8000
PLPROF,55,5015,5014,989,320,892,0,0x0003
PLPROF,56,5015,5014,610,912,1214,0,0x0004
PLPROF,57,4015,4014,993,1083,593,0,0x0008
PLPROF,58,3015,3014,1142,344,84,0,0x0010
PLPROF,59,1015,1014,0,161,108,0,0x0020
PLPROF,60,1015,1014,586,221,8,0,0x0040
PLPROF,61,1015,1014,361,96,0,0,0x0080
PLPROF,62,9015,9014,1152,1276,1966,0,0x0100
PLPROF,63,3015,3014,288,160,422,0,0x0200
PLPROF,64,1015,1014,16,76,200,0,0x0400
PLPROF,65,1015,1014,96,80,125,0,0x0800
PLPROF,66,2015,2014,112,48,156,0,0x1000
PLPROF,67,1015,1014,16,68,199,0,0x6000
PLPROF,68,1015,1014,96,80,114,0,0x8000
PLPROF,69,1015,1014,112,52,234,0,0x0001
PLPROF,70,2015,2014,96,96,76,0,0x001E
PLPROF,71,2015,2014,96,140,465,0,0x0020
PLPROF,72,1015,1014,96,64,247,0,0x0040
PLPROF,73,1015,1014,28,16,14,0,0x0080
PLPROF,74,2015,2014,61,128,464,0,0x0100
PLPROF_FINAL_HIST,0xFFFF
PLPROF_END
INFO - Final results:
INFO - Total number of inferences: 1
INFO - Profile for Inference:
INFO - NPU ACTIVE: 785 cycles
INFO - NPU ETHOSU_PMU_SRAM_RD_DATA_BEAT_RECEIVED: 60 beats
INFO - NPU ETHOSU_PMU_SRAM_WR_DATA_BEAT_WRITTEN: 8 beats
INFO - NPU ETHOSU_PMU_EXT_RD_DATA_BEAT_RECEIVED: 34 beats
INFO - NPU ETHOSU_PMU_EXT_WR_DATA_BEAT_WRITTEN: 1 beats
INFO - NPU IDLE: 245 cycles
INFO - NPU TOTAL: 1030 cycles
INFO - C04_OUTPUT_CRC[0]: bytes=2 crc32=0x823CFFFB
INFO - Inference completed.
INFO - program terminating...
<NUL>