A rnnoise_INT8__SSE-320__ethos-u85-256           rlat250_wlat125    R1 SUCCESS total=36086 wall=0.7s
A rnnoise_INT8__SSE-320__ethos-u85-256           rlat250_wlat125    R2 SUCCESS total=36086 wall=0.7s
A rnnoise_INT8__SSE-320__ethos-u85-256           rlat250_wlat125    R3 SUCCESS total=36086 wall=0.7s
A rnnoise_INT8__SSE-320__ethos-u85-256           rlat0_wlat0        R1 SUCCESS total=21086 wall=0.7s
A rnnoise_INT8__SSE-320__ethos-u85-256           rlat0_wlat0        R2 SUCCESS total=21086 wall=0.7s
A rnnoise_INT8__SSE-320__ethos-u85-256           rlat0_wlat0        R3 SUCCESS total=21086 wall=0.7s
A rnnoise_INT8__SSE-320__ethos-u85-256           rlat125_wlat62     R1 SUCCESS total=26086 wall=0.7s
A rnnoise_INT8__SSE-320__ethos-u85-256           rlat125_wlat62     R2 SUCCESS total=26086 wall=0.7s
A rnnoise_INT8__SSE-320__ethos-u85-256           rlat125_wlat62     R3 SUCCESS total=26086 wall=0.7s
A rnnoise_INT8__SSE-320__ethos-u85-256           rlat500_wlat250    R1 SUCCESS total=62086 wall=0.8s
A rnnoise_INT8__SSE-320__ethos-u85-256           rlat500_wlat250    R2 SUCCESS total=62086 wall=0.8s
A rnnoise_INT8__SSE-320__ethos-u85-256           rlat500_wlat250    R3 SUCCESS total=62086 wall=0.8s
A rnnoise_INT8__SSE-320__ethos-u85-256           rlat1000_wlat500   R1 SUCCESS total=116086 wall=0.9s
A rnnoise_INT8__SSE-320__ethos-u85-256           rlat1000_wlat500   R2 SUCCESS total=116086 wall=0.9s
A rnnoise_INT8__SSE-320__ethos-u85-256           rlat1000_wlat500   R3 SUCCESS total=116086 wall=0.9s
A rnnoise_INT8__SSE-320__ethos-u85-512           rlat500_wlat250    R1 SUCCESS total=55086 wall=0.8s
A rnnoise_INT8__SSE-320__ethos-u85-512           rlat500_wlat250    R2 SUCCESS total=55086 wall=0.8s
A rnnoise_INT8__SSE-320__ethos-u85-512           rlat500_wlat250    R3 SUCCESS total=55086 wall=0.8s
A rnnoise_INT8__SSE-320__ethos-u85-512           rlat0_wlat0        R1 SUCCESS total=16086 wall=0.7s
A rnnoise_INT8__SSE-320__ethos-u85-512           rlat0_wlat0        R2 SUCCESS total=16086 wall=0.7s
A rnnoise_INT8__SSE-320__ethos-u85-512           rlat0_wlat0        R3 SUCCESS total=16086 wall=0.7s
A rnnoise_INT8__SSE-320__ethos-u85-512           rlat250_wlat125    R1 SUCCESS total=31086 wall=0.7s
A rnnoise_INT8__SSE-320__ethos-u85-512           rlat250_wlat125    R2 SUCCESS total=31086 wall=0.7s
A rnnoise_INT8__SSE-320__ethos-u85-512           rlat250_wlat125    R3 SUCCESS total=31086 wall=0.7s
A rnnoise_INT8__SSE-320__ethos-u85-512           rlat1000_wlat500   R1 SUCCESS total=101086 wall=0.9s
A rnnoise_INT8__SSE-320__ethos-u85-512           rlat1000_wlat500   R2 SUCCESS total=101086 wall=0.9s
A rnnoise_INT8__SSE-320__ethos-u85-512           rlat1000_wlat500   R3 SUCCESS total=101086 wall=0.9s
A rnnoise_INT8__SSE-320__ethos-u85-512           rlat2000_wlat1000  R1 SUCCESS total=197086 wall=1.1s
A rnnoise_INT8__SSE-320__ethos-u85-512           rlat2000_wlat1000  R2 SUCCESS total=197086 wall=1.1s
A rnnoise_INT8__SSE-320__ethos-u85-512           rlat2000_wlat1000  R3 SUCCESS total=197086 wall=1.1s
A wav2letter_pruned_int8__SSE-320__ethos-u85-256 rlat250_wlat125    R1 SUCCESS total=15147068 wall=91.3s
A wav2letter_pruned_int8__SSE-320__ethos-u85-256 rlat250_wlat125    R2 SUCCESS total=15147068 wall=90.4s
A wav2letter_pruned_int8__SSE-320__ethos-u85-256 rlat250_wlat125    R3 SUCCESS total=15147068 wall=91.0s
A wav2letter_pruned_int8__SSE-320__ethos-u85-256 rlat0_wlat0        R1 SUCCESS total=14952068 wall=89.8s
A wav2letter_pruned_int8__SSE-320__ethos-u85-256 rlat0_wlat0        R2 SUCCESS total=14952068 wall=89.9s
A wav2letter_pruned_int8__SSE-320__ethos-u85-256 rlat0_wlat0        R3 SUCCESS total=14952068 wall=89.3s
A wav2letter_pruned_int8__SSE-320__ethos-u85-256 rlat125_wlat62     R1 SUCCESS total=14957068 wall=90.7s
A wav2letter_pruned_int8__SSE-320__ethos-u85-256 rlat125_wlat62     R2 SUCCESS total=14957068 wall=89.7s
A wav2letter_pruned_int8__SSE-320__ethos-u85-256 rlat125_wlat62     R3 SUCCESS total=14957068 wall=89.9s
A wav2letter_pruned_int8__SSE-320__ethos-u85-256 rlat500_wlat250    R1 SUCCESS total=16907068 wall=94.3s
A wav2letter_pruned_int8__SSE-320__ethos-u85-256 rlat500_wlat250    R2 SUCCESS total=16907068 wall=95.7s
A wav2letter_pruned_int8__SSE-320__ethos-u85-256 rlat500_wlat250    R3 SUCCESS total=16907068 wall=95.2s
A wav2letter_pruned_int8__SSE-320__ethos-u85-256 rlat1000_wlat500   R1 SUCCESS total=21792068 wall=104.1s
A wav2letter_pruned_int8__SSE-320__ethos-u85-256 rlat1000_wlat500   R2 SUCCESS total=21792068 wall=104.3s
A wav2letter_pruned_int8__SSE-320__ethos-u85-256 rlat1000_wlat500   R3 SUCCESS total=21792068 wall=105.0s
A wav2letter_pruned_int8__SSE-320__ethos-u85-512 rlat500_wlat250    R1 SUCCESS total=7654068 wall=68.9s
A wav2letter_pruned_int8__SSE-320__ethos-u85-512 rlat500_wlat250    R2 SUCCESS total=7654068 wall=69.2s
A wav2letter_pruned_int8__SSE-320__ethos-u85-512 rlat500_wlat250    R3 SUCCESS total=7654068 wall=69.9s
A wav2letter_pruned_int8__SSE-320__ethos-u85-512 rlat0_wlat0        R1 SUCCESS total=7059068 wall=67.4s
A wav2letter_pruned_int8__SSE-320__ethos-u85-512 rlat0_wlat0        R2 SUCCESS total=7059068 wall=66.9s
A wav2letter_pruned_int8__SSE-320__ethos-u85-512 rlat0_wlat0        R3 SUCCESS total=7059068 wall=67.0s
A wav2letter_pruned_int8__SSE-320__ethos-u85-512 rlat250_wlat125    R1 SUCCESS total=7269068 wall=67.9s
A wav2letter_pruned_int8__SSE-320__ethos-u85-512 rlat250_wlat125    R2 SUCCESS total=7269068 wall=67.3s
A wav2letter_pruned_int8__SSE-320__ethos-u85-512 rlat250_wlat125    R3 SUCCESS total=7269068 wall=68.4s
A wav2letter_pruned_int8__SSE-320__ethos-u85-512 rlat1000_wlat500   R1 SUCCESS total=9421068 wall=74.0s
A wav2letter_pruned_int8__SSE-320__ethos-u85-512 rlat1000_wlat500   R2 SUCCESS total=9421068 wall=73.2s
A wav2letter_pruned_int8__SSE-320__ethos-u85-512 rlat1000_wlat500   R3 SUCCESS total=9421068 wall=72.8s
A wav2letter_pruned_int8__SSE-320__ethos-u85-512 rlat2000_wlat1000  R1 SUCCESS total=18187068 wall=95.2s
A wav2letter_pruned_int8__SSE-320__ethos-u85-512 rlat2000_wlat1000  R2 SUCCESS total=18187068 wall=94.7s
A wav2letter_pruned_int8__SSE-320__ethos-u85-512 rlat2000_wlat1000  R3 SUCCESS total=18187068 wall=93.7s
B rnnoise_INT8__SSE-300__ethos-u55-256           bwcap50            R1 SUCCESS total=105059 wall=0.7s
B rnnoise_INT8__SSE-300__ethos-u55-256           bwcap50            R2 SUCCESS total=105059 wall=0.7s
B rnnoise_INT8__SSE-300__ethos-u55-256           bwcap50            R3 SUCCESS total=105059 wall=0.7s
B rnnoise_INT8__SSE-300__ethos-u55-256           bwcap25            R1 SUCCESS total=179059 wall=0.8s
B rnnoise_INT8__SSE-300__ethos-u55-256           bwcap25            R2 SUCCESS total=179059 wall=0.8s
B rnnoise_INT8__SSE-300__ethos-u55-256           bwcap25            R3 SUCCESS total=179059 wall=0.8s
B rnnoise_INT8__SSE-300__ethos-u55-256           bwcap100           R1 SUCCESS total=77059 wall=0.7s
B rnnoise_INT8__SSE-300__ethos-u55-256           bwcap100           R2 SUCCESS total=77059 wall=0.7s
B rnnoise_INT8__SSE-300__ethos-u55-256           bwcap100           R3 SUCCESS total=77059 wall=0.7s
B rnnoise_INT8__SSE-300__ethos-u55-256           bwcap200           R1 SUCCESS total=77059 wall=0.7s
B rnnoise_INT8__SSE-300__ethos-u55-256           bwcap200           R2 SUCCESS total=77059 wall=0.7s
B rnnoise_INT8__SSE-300__ethos-u55-256           bwcap200           R3 SUCCESS total=77059 wall=0.7s
B rnnoise_INT8__SSE-300__ethos-u55-256           bwcap0             R1 SUCCESS total=77059 wall=0.7s
B rnnoise_INT8__SSE-300__ethos-u55-256           bwcap0             R2 SUCCESS total=77059 wall=0.7s
B rnnoise_INT8__SSE-300__ethos-u55-256           bwcap0             R3 SUCCESS total=77059 wall=0.7s
X4_DONE
C rnnoise_INT8__SSE-320__ethos-u85-256           ta_mid_full        R1 SUCCESS total=62086 wall=0.8s
C rnnoise_INT8__SSE-320__ethos-u85-256           ta_mid_full        R2 SUCCESS total=62086 wall=0.8s
C rnnoise_INT8__SSE-320__ethos-u85-256           ta_mid_full        R3 SUCCESS total=62086 wall=0.8s
C rnnoise_INT8__SSE-320__ethos-u85-512           ta_low_full        R1 SUCCESS total=31086 wall=0.7s
C rnnoise_INT8__SSE-320__ethos-u85-512           ta_low_full        R2 SUCCESS total=31086 wall=0.7s
C rnnoise_INT8__SSE-320__ethos-u85-512           ta_low_full        R3 SUCCESS total=31086 wall=0.7s
D rnnoise_INT8__SSE-320__ethos-u85-1024          rlat500_wlat250    R1 SUCCESS total=49086 wall=0.8s
D rnnoise_INT8__SSE-320__ethos-u85-1024          rlat500_wlat250    R2 SUCCESS total=49086 wall=0.9s
D rnnoise_INT8__SSE-320__ethos-u85-1024          rlat500_wlat250    R3 SUCCESS total=49086 wall=0.8s
D rnnoise_INT8__SSE-320__ethos-u85-1024          rlat0_wlat0        R1 SUCCESS total=11086 wall=0.7s
D rnnoise_INT8__SSE-320__ethos-u85-1024          rlat0_wlat0        R2 SUCCESS total=11086 wall=0.7s
D rnnoise_INT8__SSE-320__ethos-u85-1024          rlat0_wlat0        R3 SUCCESS total=11086 wall=0.7s
D rnnoise_INT8__SSE-320__ethos-u85-1024          rlat250_wlat125    R1 SUCCESS total=28086 wall=0.8s
D rnnoise_INT8__SSE-320__ethos-u85-1024          rlat250_wlat125    R2 SUCCESS total=28086 wall=0.8s
D rnnoise_INT8__SSE-320__ethos-u85-1024          rlat250_wlat125    R3 SUCCESS total=28086 wall=0.8s
D rnnoise_INT8__SSE-320__ethos-u85-1024          rlat1000_wlat500   R1 SUCCESS total=95086 wall=1.0s
D rnnoise_INT8__SSE-320__ethos-u85-1024          rlat1000_wlat500   R2 SUCCESS total=95086 wall=1.0s
D rnnoise_INT8__SSE-320__ethos-u85-1024          rlat1000_wlat500   R3 SUCCESS total=95086 wall=1.0s
D rnnoise_INT8__SSE-320__ethos-u85-2048          rlat500_wlat250    R1 SUCCESS total=54086 wall=1.1s
D rnnoise_INT8__SSE-320__ethos-u85-2048          rlat500_wlat250    R2 SUCCESS total=54086 wall=1.1s
D rnnoise_INT8__SSE-320__ethos-u85-2048          rlat500_wlat250    R3 SUCCESS total=54086 wall=1.1s
D rnnoise_INT8__SSE-320__ethos-u85-2048          rlat0_wlat0        R1 SUCCESS total=11086 wall=0.8s
D rnnoise_INT8__SSE-320__ethos-u85-2048          rlat0_wlat0        R2 SUCCESS total=11086 wall=0.8s
D rnnoise_INT8__SSE-320__ethos-u85-2048          rlat0_wlat0        R3 SUCCESS total=11086 wall=0.8s
D rnnoise_INT8__SSE-320__ethos-u85-2048          rlat250_wlat125    R1 SUCCESS total=30086 wall=0.9s
D rnnoise_INT8__SSE-320__ethos-u85-2048          rlat250_wlat125    R2 SUCCESS total=30086 wall=0.9s
D rnnoise_INT8__SSE-320__ethos-u85-2048          rlat250_wlat125    R3 SUCCESS total=30086 wall=0.9s
D rnnoise_INT8__SSE-320__ethos-u85-2048          rlat1000_wlat500   R1 SUCCESS total=102086 wall=1.3s
D rnnoise_INT8__SSE-320__ethos-u85-2048          rlat1000_wlat500   R2 SUCCESS total=102086 wall=1.3s
D rnnoise_INT8__SSE-320__ethos-u85-2048          rlat1000_wlat500   R3 SUCCESS total=102086 wall=1.3s
E rnnoise_INT8__SSE-300__ethos-u55-256           bwcap50_rlat16     R1 SUCCESS total=103059 wall=0.7s
E rnnoise_INT8__SSE-300__ethos-u55-256           bwcap50_rlat16     R2 SUCCESS total=103059 wall=0.7s
E rnnoise_INT8__SSE-300__ethos-u55-256           bwcap50_rlat16     R3 SUCCESS total=103059 wall=0.7s
E rnnoise_INT8__SSE-300__ethos-u55-256           bwcap200_rlat16    R1 SUCCESS total=34059 wall=0.6s
E rnnoise_INT8__SSE-300__ethos-u55-256           bwcap200_rlat16    R2 SUCCESS total=34059 wall=0.6s
E rnnoise_INT8__SSE-300__ethos-u55-256           bwcap200_rlat16    R3 SUCCESS total=34059 wall=0.6s
X4_DONE
