Archive member included to satisfy reference by file (symbol)

/opt/arm/gcc-arm-none-eabi/bin/../lib/gcc/arm-none-eabi/15.2.1/../../../../arm-none-eabi/lib/thumb/v8-m.main/nofp/libm.a(libm_a-s_sin.o)
                              build_runner/Tests/audio_codec_test/apaaci.o (sin)
/opt/arm/gcc-arm-none-eabi/bin/../lib/gcc/arm-none-eabi/15.2.1/../../../../arm-none-eabi/lib/thumb/v8-m.main/nofp/libm.a(libm_a-k_cos.o)
                              /opt/arm/gcc-arm-none-eabi/bin/../lib/gcc/arm-none-eabi/15.2.1/../../../../arm-none-eabi/lib/thumb/v8-m.main/nofp/libm.a(libm_a-s_sin.o) (__kernel_cos)
/opt/arm/gcc-arm-none-eabi/bin/../lib/gcc/arm-none-eabi/15.2.1/../../../../arm-none-eabi/lib/thumb/v8-m.main/nofp/libm.a(libm_a-k_sin.o)
                              /opt/arm/gcc-arm-none-eabi/bin/../lib/gcc/arm-none-eabi/15.2.1/../../../../arm-none-eabi/lib/thumb/v8-m.main/nofp/libm.a(libm_a-s_sin.o) (__kernel_sin)
/opt/arm/gcc-arm-none-eabi/bin/../lib/gcc/arm-none-eabi/15.2.1/../../../../arm-none-eabi/lib/thumb/v8-m.main/nofp/libm.a(libm_a-e_rem_pio2.o)
                              /opt/arm/gcc-arm-none-eabi/bin/../lib/gcc/arm-none-eabi/15.2.1/../../../../arm-none-eabi/lib/thumb/v8-m.main/nofp/libm.a(libm_a-s_sin.o) (__ieee754_rem_pio2)
/opt/arm/gcc-arm-none-eabi/bin/../lib/gcc/arm-none-eabi/15.2.1/../../../../arm-none-eabi/lib/thumb/v8-m.main/nofp/libm.a(libm_a-s_fabs.o)
                              /opt/arm/gcc-arm-none-eabi/bin/../lib/gcc/arm-none-eabi/15.2.1/../../../../arm-none-eabi/lib/thumb/v8-m.main/nofp/libm.a(libm_a-e_rem_pio2.o) (fabs)
/opt/arm/gcc-arm-none-eabi/bin/../lib/gcc/arm-none-eabi/15.2.1/../../../../arm-none-eabi/lib/thumb/v8-m.main/nofp/libm.a(libm_a-k_rem_pio2.o)
                              /opt/arm/gcc-arm-none-eabi/bin/../lib/gcc/arm-none-eabi/15.2.1/../../../../arm-none-eabi/lib/thumb/v8-m.main/nofp/libm.a(libm_a-e_rem_pio2.o) (__kernel_rem_pio2)
/opt/arm/gcc-arm-none-eabi/bin/../lib/gcc/arm-none-eabi/15.2.1/../../../../arm-none-eabi/lib/thumb/v8-m.main/nofp/libm.a(libm_a-s_scalbn.o)
                              /opt/arm/gcc-arm-none-eabi/bin/../lib/gcc/arm-none-eabi/15.2.1/../../../../arm-none-eabi/lib/thumb/v8-m.main/nofp/libm.a(libm_a-k_rem_pio2.o) (scalbn)
/opt/arm/gcc-arm-none-eabi/bin/../lib/gcc/arm-none-eabi/15.2.1/../../../../arm-none-eabi/lib/thumb/v8-m.main/nofp/libm.a(libm_a-s_floor.o)
                              /opt/arm/gcc-arm-none-eabi/bin/../lib/gcc/arm-none-eabi/15.2.1/../../../../arm-none-eabi/lib/thumb/v8-m.main/nofp/libm.a(libm_a-k_rem_pio2.o) (floor)
/opt/arm/gcc-arm-none-eabi/bin/../lib/gcc/arm-none-eabi/15.2.1/thumb/v8-m.main/nofp/libgcc.a(_arm_muldf3.o)
                              build_runner/Tests/audio_codec_test/apaaci.o (__aeabi_dmul)
/opt/arm/gcc-arm-none-eabi/bin/../lib/gcc/arm-none-eabi/15.2.1/thumb/v8-m.main/nofp/libgcc.a(_arm_addsubdf3.o)
                              /opt/arm/gcc-arm-none-eabi/bin/../lib/gcc/arm-none-eabi/15.2.1/../../../../arm-none-eabi/lib/thumb/v8-m.main/nofp/libm.a(libm_a-s_sin.o) (__aeabi_dsub)
/opt/arm/gcc-arm-none-eabi/bin/../lib/gcc/arm-none-eabi/15.2.1/thumb/v8-m.main/nofp/libgcc.a(_arm_muldivdf3.o)
                              build_runner/Tests/csi_ddr_hdmi_test/csi_ddr_hdmi_test.o (__aeabi_ddiv)
/opt/arm/gcc-arm-none-eabi/bin/../lib/gcc/arm-none-eabi/15.2.1/thumb/v8-m.main/nofp/libgcc.a(_arm_cmpdf2.o)
                              /opt/arm/gcc-arm-none-eabi/bin/../lib/gcc/arm-none-eabi/15.2.1/../../../../arm-none-eabi/lib/thumb/v8-m.main/nofp/libm.a(libm_a-e_rem_pio2.o) (__aeabi_dcmpeq)
/opt/arm/gcc-arm-none-eabi/bin/../lib/gcc/arm-none-eabi/15.2.1/thumb/v8-m.main/nofp/libgcc.a(_arm_fixdfsi.o)
                              build_runner/Tests/csi_ddr_hdmi_test/csi_ddr_hdmi_test.o (__aeabi_d2iz)
/opt/arm/gcc-arm-none-eabi/bin/../lib/gcc/arm-none-eabi/15.2.1/thumb/v8-m.main/nofp/libgcc.a(_arm_fixunsdfsi.o)
                              build_runner/Tests/audio_codec_test/apaaci.o (__aeabi_d2uiz)
/opt/arm/gcc-arm-none-eabi/bin/../lib/gcc/arm-none-eabi/15.2.1/thumb/v8-m.main/nofp/libgcc.a(_aeabi_ldivmod.o)
                              build_runner/Tests/csi_ddr_hdmi_test/csi_ddr_hdmi_test.o (__aeabi_ldivmod)
/opt/arm/gcc-arm-none-eabi/bin/../lib/gcc/arm-none-eabi/15.2.1/thumb/v8-m.main/nofp/libgcc.a(_udivmoddi4.o)
                              /opt/arm/gcc-arm-none-eabi/bin/../lib/gcc/arm-none-eabi/15.2.1/thumb/v8-m.main/nofp/libgcc.a(_aeabi_ldivmod.o) (__udivmoddi4)
/opt/arm/gcc-arm-none-eabi/bin/../lib/gcc/arm-none-eabi/15.2.1/thumb/v8-m.main/nofp/libgcc.a(_dvmd_tls.o)
                              /opt/arm/gcc-arm-none-eabi/bin/../lib/gcc/arm-none-eabi/15.2.1/thumb/v8-m.main/nofp/libgcc.a(_aeabi_ldivmod.o) (__aeabi_ldiv0)
/opt/arm/gcc-arm-none-eabi/bin/../lib/gcc/arm-none-eabi/15.2.1/../../../../arm-none-eabi/lib/thumb/v8-m.main/nofp/libc_nano.a(libc_a-assert.o)
                              build_runner/Drivers/lcm_driver/lcm_drv.o (__assert_func)
[...]
Memory Configuration

Name             Origin             Length             Attributes
ROM              0x11000000         0x00020000         xr
SRAM             0x31000000         0x00400000         xrw
DDR              0x90000000         0x00020000         rw
NOINIT           0x90020000         0x00100000         rw
*default*        0x00000000         0xffffffff

Linker script and memory map

LOAD /opt/arm/gcc-arm-none-eabi/bin/../lib/gcc/arm-none-eabi/15.2.1/thumb/v8-m.main/nofp/crti.o
LOAD /opt/arm/gcc-arm-none-eabi/bin/../lib/gcc/arm-none-eabi/15.2.1/thumb/v8-m.main/nofp/crtbegin.o
LOAD /opt/arm/gcc-arm-none-eabi/bin/../lib/gcc/arm-none-eabi/15.2.1/../../../../arm-none-eabi/lib/thumb/v8-m.main/nofp/crt0.o
LOAD build_runner/Device_SSE-320/device_definition.o
LOAD build_runner/Device_SSE-320/startup_ARMCM85.o
LOAD build_runner/Device_SSE-320/system_ARMCM85.o
LOAD build_runner/Drivers/Common/logging/logging.o
LOAD build_runner/Drivers/audio_driver/aud_formatter.o
LOAD build_runner/Drivers/audio_driver/audio_codec.o
LOAD build_runner/Drivers/audio_driver/audio_transmitter.o
LOAD build_runner/Drivers/cmsdk_apb_gpio_driver/Driver_GPIO.o
LOAD build_runner/Drivers/cmsdk_apb_gpio_driver/cmsdk_apb_gpio.o
LOAD build_runner/Drivers/cmsdk_apb_uart_driver/Driver_USART.o
LOAD build_runner/Drivers/cmsdk_apb_uart_driver/cmsdk_apb_uart.o
LOAD build_runner/Drivers/dma_driver/dma_command_lib.o
LOAD build_runner/Drivers/hdlcd_driver/hdlcd.o
LOAD build_runner/Drivers/hdmi_i2c_driver/adv7513.o
LOAD build_runner/Drivers/i2c_sbcon_driver/Driver_I2C.o
LOAD build_runner/Drivers/i2c_sbcon_driver/i2c_sbcon_drv.o
LOAD build_runner/Drivers/interrupt_ctrlr_interface/interrupt_nvic_drv.o
LOAD build_runner/Drivers/kmu_driver/kmu_drv.o
LOAD build_runner/Drivers/lcm_driver/lcm_drv.o
LOAD build_runner/Drivers/qspi_ctrlr_xilinx_driver/qspi_ctrlr_xilinx.o
LOAD build_runner/Drivers/qspi_flash_micron_driver/qspi_flash_micron.o
LOAD build_runner/Drivers/sam_driver/sam_drv.o
LOAD build_runner/Drivers/spi_pl022_driver/Driver_SPI.o
LOAD build_runner/Drivers/spi_pl022_driver/spi_pl022_drv.o
LOAD build_runner/Drivers/sri_interface/sys_sri.o
LOAD build_runner/Drivers/syscounter_armv8_driver/syscounter_armv8-m_cntrl_drv.o
LOAD build_runner/Drivers/syscounter_armv8_driver/syscounter_armv8-m_read_drv.o
LOAD build_runner/Drivers/u85_driver/u85.o
LOAD build_runner/Selftest/runner_v1_main.o
LOAD build_runner/Selftest_cli/selftest_cli.o
LOAD build_runner/Serial/serial.o
LOAD build_runner/Sleep/Sleep_syscounter.o
LOAD build_runner/Tests/audio_codec_test/apaaci.o
LOAD build_runner/Tests/csi_ddr_hdmi_test/csi_ddr_hdmi_test.o
LOAD build_runner/Tests/csi_ddr_hdmi_test/imx415.o
LOAD build_runner/Tests/dma350registers_test/dma_regtest.o
LOAD build_runner/Tests/dma350xfers_test/dma_xfers.o
LOAD build_runner/Tests/fpgaio_mps4_board_test/fpgaio.o
LOAD build_runner/Tests/hdlcd_test/aphdlcd_test.o
LOAD build_runner/Tests/hdlcd_test/flyer.o
LOAD build_runner/Tests/kmu_test/kmu.o
LOAD build_runner/Tests/lcm_test/lcm.o
LOAD build_runner/Tests/memory_test/apmem.o
LOAD build_runner/Tests/otp_test/apotp.o
LOAD build_runner/Tests/qspi_micron_xilinx_test/qspi_test.o
LOAD build_runner/Tests/sam_test/sam.o
LOAD build_runner/Tests/syscounter_test/counter.o
LOAD build_runner/Tests/timer_test/timer.o
LOAD build_runner/Tests/u85_test/u85_AXIBus.o
LOAD build_runner/Tests/u85_test/u85_Convolution.o
LOAD build_runner/Tests/u85_test/u85_MaxPooling.o
LOAD build_runner/Tests/u85_test/u85_PowerIndicative.o
LOAD build_runner/Tests/u85_test/u85_PowerIndicativeMax.o
LOAD build_runner/Tests/u85_test/u85_RegConfig.o
LOAD build_runner/Tests/uart_mps4_test/uart.o
LOAD /opt/arm/gcc-arm-none-eabi/bin/../lib/gcc/arm-none-eabi/15.2.1/../../../../arm-none-eabi/lib/thumb/v8-m.main/nofp/libm.a
START GROUP
LOAD /opt/arm/gcc-arm-none-eabi/bin/../lib/gcc/arm-none-eabi/15.2.1/thumb/v8-m.main/nofp/libgcc.a
LOAD /opt/arm/gcc-arm-none-eabi/bin/../lib/gcc/arm-none-eabi/15.2.1/../../../../arm-none-eabi/lib/thumb/v8-m.main/nofp/libc_nano.a
END GROUP
START GROUP
LOAD /opt/arm/gcc-arm-none-eabi/bin/../lib/gcc/arm-none-eabi/15.2.1/thumb/v8-m.main/nofp/libgcc.a
LOAD /opt/arm/gcc-arm-none-eabi/bin/../lib/gcc/arm-none-eabi/15.2.1/../../../../arm-none-eabi/lib/thumb/v8-m.main/nofp/libc_nano.a
LOAD /opt/arm/gcc-arm-none-eabi/bin/../lib/gcc/arm-none-eabi/15.2.1/../../../../arm-none-eabi/lib/thumb/v8-m.main/nofp/libnosys.a
END GROUP
START GROUP
LOAD /opt/arm/gcc-arm-none-eabi/bin/../lib/gcc/arm-none-eabi/15.2.1/thumb/v8-m.main/nofp/libgcc.a
LOAD /opt/arm/gcc-arm-none-eabi/bin/../lib/gcc/arm-none-eabi/15.2.1/../../../../arm-none-eabi/lib/thumb/v8-m.main/nofp/libc_nano.a
LOAD /opt/arm/gcc-arm-none-eabi/bin/../lib/gcc/arm-none-eabi/15.2.1/../../../../arm-none-eabi/lib/thumb/v8-m.main/nofp/libnosys.a
END GROUP
LOAD /opt/arm/gcc-arm-none-eabi/bin/../lib/gcc/arm-none-eabi/15.2.1/thumb/v8-m.main/nofp/crtend.o
LOAD /opt/arm/gcc-arm-none-eabi/bin/../lib/gcc/arm-none-eabi/15.2.1/thumb/v8-m.main/nofp/crtn.o
                0x00004000                        __HEAP_SIZE = 0x4000
                0x00020000                        __STACK_SIZE = 0x20000

.vectors_rom    0x11000000      0x250
 *(.vectors)
 .vectors       0x11000000      0x250 build_runner/Device_SSE-320/startup_ARMCM85.o
                0x11000000                __Vectors
 *(RESET)
 *(InRoot$$Sections)

.ddr            0x90000000     0xb8f0
 *(sec_command_stream)
 sec_command_stream
                0x90000000      0x224 build_runner/Tests/u85_test/u85_AXIBus.o
                0x90000000                test2_cmd_st
 *fill*         0x90000224        0xc ffffffff
 sec_command_stream
                0x90000230      0x110 build_runner/Tests/u85_test/u85_Convolution.o
 sec_command_stream
                0x90000340       0xf8 build_runner/Tests/u85_test/u85_MaxPooling.o
                0x90000340                test1_cmd_st
 *fill*         0x90000438        0x8 ffffffff
 sec_command_stream
                0x90000440      0x11c build_runner/Tests/u85_test/u85_PowerIndicative.o
 *fill*         0x9000055c        0x4 ffffffff
 sec_command_stream
                0x90000560      0x144 build_runner/Tests/u85_test/u85_PowerIndicativeMax.o
                0x90000560                test5_cmd_st
 *fill*         0x900006a4        0xc ffffffff
 sec_command_stream
                0x900006b0        0x0 build_runner/Tests/u85_test/u85_RegConfig.o
                0x900006b0                test0_cmd_st
 *(sec_input_data)
 sec_input_data
                0x900006b0        0x0 build_runner/Tests/u85_test/u85_AXIBus.o
                0x900006b0                test2_in_data_0
 sec_input_data
                0x900006b0      0x400 build_runner/Tests/u85_test/u85_Convolution.o
 sec_input_data
                0x90000ab0      0x3c0 build_runner/Tests/u85_test/u85_MaxPooling.o
                0x90000ab0                test1_in_data_0
 sec_input_data
                0x90000e70     0x1000 build_runner/Tests/u85_test/u85_PowerIndicative.o
 sec_input_data
                0x90001e70     0x2800 build_runner/Tests/u85_test/u85_PowerIndicativeMax.o
                0x90001e70                test5_in_data_0
 sec_input_data
                0x90004670        0x0 build_runner/Tests/u85_test/u85_RegConfig.o
                0x90004670                test0_in_data_0
 *(sec_weight_data)
 sec_weight_data
                0x90004670      0x930 build_runner/Tests/u85_test/u85_AXIBus.o
                0x90004670                test2_weights
 sec_weight_data
                0x90004fa0      0x600 build_runner/Tests/u85_test/u85_Convolution.o
 sec_weight_data
                0x900055a0        0x0 build_runner/Tests/u85_test/u85_MaxPooling.o
                0x900055a0                test1_weights
 sec_weight_data
                0x900055a0     0x32d0 build_runner/Tests/u85_test/u85_PowerIndicative.o
 sec_weight_data
                0x90008870     0x3080 build_runner/Tests/u85_test/u85_PowerIndicativeMax.o
                0x90008870                test5_weights
 sec_weight_data
                0x9000b8f0        0x0 build_runner/Tests/u85_test/u85_RegConfig.o
                0x9000b8f0                test0_weights

.sec_noinit     0x90020000      0xf90
                0x90020000                        __sec_noinit_start = .
 *(.bss.sec_scratch_buffer)
 .bss.sec_scratch_buffer
                0x90020000        0x0 build_runner/Tests/u85_test/u85_AXIBus.o
                0x90020000                test2_scratch_buffer
 .bss.sec_scratch_buffer
                0x90020000      0x300 build_runner/Tests/u85_test/u85_Convolution.o
 .bss.sec_scratch_buffer
                0x90020300        0x0 build_runner/Tests/u85_test/u85_MaxPooling.o
                0x90020300                test1_scratch_buffer
 .bss.sec_scratch_buffer
                0x90020300      0x300 build_runner/Tests/u85_test/u85_PowerIndicative.o
 .bss.sec_scratch_buffer
                0x90020600      0x300 build_runner/Tests/u85_test/u85_PowerIndicativeMax.o
                0x90020600                test5_scratch_buffer
 .bss.sec_scratch_buffer
                0x90020900        0x0 build_runner/Tests/u85_test/u85_RegConfig.o
                0x90020900                test0_scratch_buffer
 *(.bss.sec_output_data)
 .bss.sec_output_data
                0x90020900      0x3c0 build_runner/Tests/u85_test/u85_AXIBus.o
                0x90020900                test2_out_data_0
 .bss.sec_output_data
                0x90020cc0      0x100 build_runner/Tests/u85_test/u85_Convolution.o
 .bss.sec_output_data
                0x90020dc0       0xf0 build_runner/Tests/u85_test/u85_MaxPooling.o
                0x90020dc0                test1_out_data_0
 .bss.sec_output_data
                0x90020eb0       0x64 build_runner/Tests/u85_test/u85_PowerIndicative.o
 *fill*         0x90020f14        0xc 
 .bss.sec_output_data
                0x90020f20       0x64 build_runner/Tests/u85_test/u85_PowerIndicativeMax.o
                0x90020f20                test5_out_data_0
 *fill*         0x90020f84        0xc 
 .bss.sec_output_data
                0x90020f90        0x0 build_runner/Tests/u85_test/u85_RegConfig.o
                0x90020f90                test0_out_data_0
                0x90020f90                        __sec_noinit_end = .

.text           0x31000000     0x2880
 *(.text*)
 .text.deregister_tm_clones
                0x31000000       0x1c /opt/arm/gcc-arm-none-eabi/bin/../lib/gcc/arm-none-eabi/15.2.1/thumb/v8-m.main/nofp/crtbegin.o
 .text.register_tm_clones
                0x3100001c       0x28 /opt/arm/gcc-arm-none-eabi/bin/../lib/gcc/arm-none-eabi/15.2.1/thumb/v8-m.main/nofp/crtbegin.o
 .text.__do_global_dtors_aux
                0x31000044       0x28 /opt/arm/gcc-arm-none-eabi/bin/../lib/gcc/arm-none-eabi/15.2.1/thumb/v8-m.main/nofp/crtbegin.o
 .text.frame_dummy
                0x3100006c       0x24 /opt/arm/gcc-arm-none-eabi/bin/../lib/gcc/arm-none-eabi/15.2.1/thumb/v8-m.main/nofp/crtbegin.o
 .text          0x31000090       0x7c /opt/arm/gcc-arm-none-eabi/bin/../lib/gcc/arm-none-eabi/15.2.1/../../../../arm-none-eabi/lib/thumb/v8-m.main/nofp/crt0.o
                0x31000090                _stack_init
                0x31000098                _mainCRTStartup
                0x31000098                _start
 .text.NMI_Handler
                0x3100010c        0x2 build_runner/Device_SSE-320/startup_ARMCM85.o
                0x3100010c                NMI_Handler
 .text.HardFault_Handler
                0x3100010e        0x2 build_runner/Device_SSE-320/startup_ARMCM85.o
                0x3100010e                HardFault_Handler
 .text.MemManage_Handler
                0x31000110        0x2 build_runner/Device_SSE-320/startup_ARMCM85.o
                0x31000110                MemManage_Handler
 .text.BusFault_Handler
                0x31000112        0x2 build_runner/Device_SSE-320/startup_ARMCM85.o
                0x31000112                BusFault_Handler
 .text.UsageFault_Handler
                0x31000114        0x2 build_runner/Device_SSE-320/startup_ARMCM85.o
                0x31000114                UsageFault_Handler
 .text.SecureFault_Handler
                0x31000116        0x2 build_runner/Device_SSE-320/startup_ARMCM85.o
                0x31000116                SecureFault_Handler
 .text.SVC_Handler
                0x31000118        0x2 build_runner/Device_SSE-320/startup_ARMCM85.o
                0x31000118                SVC_Handler
 .text.DebugMon_Handler
                0x3100011a        0x2 build_runner/Device_SSE-320/startup_ARMCM85.o
                0x3100011a                DebugMon_Handler
 .text.PendSV_Handler
                0x3100011c        0x2 build_runner/Device_SSE-320/startup_ARMCM85.o
                0x3100011c                PendSV_Handler
 .text.SysTick_Handler
                0x3100011e        0x2 build_runner/Device_SSE-320/startup_ARMCM85.o
                0x3100011e                SysTick_Handler
 .text.NONSEC_WATCHDOG_RESET_REQ_Handler
                0x31000120        0x2 build_runner/Device_SSE-320/startup_ARMCM85.o
                0x31000120                NONSEC_WATCHDOG_RESET_REQ_Handler
 .text.NONSEC_WATCHDOG_Handler
                0x31000122        0x2 build_runner/Device_SSE-320/startup_ARMCM85.o
                0x31000122                NONSEC_WATCHDOG_Handler
 .text.SLOWCLK_Timer_Handler
                0x31000124        0x2 build_runner/Device_SSE-320/startup_ARMCM85.o
                0x31000124                SLOWCLK_Timer_Handler
 .text.TFM_TIMER0_IRQ_Handler
                0x31000126        0x2 build_runner/Device_SSE-320/startup_ARMCM85.o
                0x31000126                TFM_TIMER0_IRQ_Handler
 .text.TIMER1_Handler
                0x31000128        0x2 build_runner/Device_SSE-320/startup_ARMCM85.o
                0x31000128                TIMER1_Handler
 .text.TIMER2_Handler
                0x3100012a        0x2 build_runner/Device_SSE-320/startup_ARMCM85.o
                0x3100012a                TIMER2_Handler
 .text.MPC_Handler
                0x3100012c        0x2 build_runner/Device_SSE-320/startup_ARMCM85.o
                0x3100012c                MPC_Handler
 .text.PPC_Handler
                0x3100012e        0x2 build_runner/Device_SSE-320/startup_ARMCM85.o
                0x3100012e                PPC_Handler
 .text.MSC_Handler
                0x31000130        0x2 build_runner/Device_SSE-320/startup_ARMCM85.o
                0x31000130                MSC_Handler
 .text.BRIDGE_ERROR_Handler
                0x31000132        0x2 build_runner/Device_SSE-320/startup_ARMCM85.o
                0x31000132                BRIDGE_ERROR_Handler
 .text.COMBINED_PPU_Handler
                0x31000134        0x2 build_runner/Device_SSE-320/startup_ARMCM85.o
                0x31000134                COMBINED_PPU_Handler
 .text.TIMER3_AON_Handler
                0x31000136        0x2 build_runner/Device_SSE-320/startup_ARMCM85.o
                0x31000136                TIMER3_AON_Handler
 .text.CPU0_CTI_0_Handler
                0x31000138        0x2 build_runner/Device_SSE-320/startup_ARMCM85.o
                0x31000138                CPU0_CTI_0_Handler
 .text.CPU0_CTI_1_Handler
                0x3100013a        0x2 build_runner/Device_SSE-320/startup_ARMCM85.o
                0x3100013a                CPU0_CTI_1_Handler
 .text.System_Timestamp_Counter_Handler
                0x3100013c        0x2 build_runner/Device_SSE-320/startup_ARMCM85.o
                0x3100013c                System_Timestamp_Counter_Handler
 .text.Image_Signal_Processor_Handler
                0x3100013e        0x2 build_runner/Device_SSE-320/startup_ARMCM85.o
                0x3100013e                Image_Signal_Processor_Handler
 .text.UARTTX0_Handler
                0x31000140        0x2 build_runner/Device_SSE-320/startup_ARMCM85.o
                0x31000140                UARTTX0_Handler
 .text.UARTRX1_Handler
                0x31000142        0x2 build_runner/Device_SSE-320/startup_ARMCM85.o
                0x31000142                UARTRX1_Handler
 .text.UARTTX1_Handler
                0x31000144        0x2 build_runner/Device_SSE-320/startup_ARMCM85.o
                0x31000144                UARTTX1_Handler
 .text.UARTRX2_Handler
                0x31000146        0x2 build_runner/Device_SSE-320/startup_ARMCM85.o
                0x31000146                UARTRX2_Handler
 .text.UARTTX2_Handler
                0x31000148        0x2 build_runner/Device_SSE-320/startup_ARMCM85.o
                0x31000148                UARTTX2_Handler
 .text.UARTRX3_Handler
                0x3100014a        0x2 build_runner/Device_SSE-320/startup_ARMCM85.o
                0x3100014a                UARTRX3_Handler
 .text.UARTTX3_Handler
                0x3100014c        0x2 build_runner/Device_SSE-320/startup_ARMCM85.o
                0x3100014c                UARTTX3_Handler
 .text.UARTRX4_Handler
                0x3100014e        0x2 build_runner/Device_SSE-320/startup_ARMCM85.o
                0x3100014e                UARTRX4_Handler
 .text.UARTTX4_Handler
                0x31000150        0x2 build_runner/Device_SSE-320/startup_ARMCM85.o
                0x31000150                UARTTX4_Handler
 .text.UART0_Combined_Handler
                0x31000152        0x2 build_runner/Device_SSE-320/startup_ARMCM85.o
                0x31000152                UART0_Combined_Handler
 .text.UART1_Combined_Handler
                0x31000154        0x2 build_runner/Device_SSE-320/startup_ARMCM85.o
                0x31000154                UART1_Combined_Handler
 .text.UART2_Combined_Handler
                0x31000156        0x2 build_runner/Device_SSE-320/startup_ARMCM85.o
                0x31000156                UART2_Combined_Handler
 .text.UART3_Combined_Handler
                0x31000158        0x2 build_runner/Device_SSE-320/startup_ARMCM85.o
                0x31000158                UART3_Combined_Handler
 .text.UART4_Combined_Handler
                0x3100015a        0x2 build_runner/Device_SSE-320/startup_ARMCM85.o
                0x3100015a                UART4_Combined_Handler
 .text.UARTOVF_Handler
                0x3100015c        0x2 build_runner/Device_SSE-320/startup_ARMCM85.o
                0x3100015c                UARTOVF_Handler
 .text.UARTRX0_Handler
                0x3100015e        0x2 build_runner/Device_SSE-320/startup_ARMCM85.o
                0x3100015e                UARTRX0_Handler
 .text.I2S_Handler
                0x31000160        0x2 build_runner/Device_SSE-320/startup_ARMCM85.o
                0x31000160                I2S_Handler
 .text.TOUCH_SCREEN_Handler
                0x31000162        0x2 build_runner/Device_SSE-320/startup_ARMCM85.o
                0x31000162                TOUCH_SCREEN_Handler
 .text.USB_Handler
                0x31000164        0x2 build_runner/Device_SSE-320/startup_ARMCM85.o
                0x31000164                USB_Handler
 .text.SPI_ADC_Handler
                0x31000166        0x2 build_runner/Device_SSE-320/startup_ARMCM85.o
                0x31000166                SPI_ADC_Handler
 .text.SPI_SHIELD0_Handler
                0x31000168        0x2 build_runner/Device_SSE-320/startup_ARMCM85.o
                0x31000168                SPI_SHIELD0_Handler
 .text.SPI_SHIELD1_Handler
                0x3100016a        0x2 build_runner/Device_SSE-320/startup_ARMCM85.o
                0x3100016a                SPI_SHIELD1_Handler
 .text.DMA_Ch_0_Terminal_Count_Handler
                0x3100016c        0x2 build_runner/Device_SSE-320/startup_ARMCM85.o
                0x3100016c                DMA_Ch_0_Terminal_Count_Handler
 .text.DMA_Ch_0_Combined_Handler
                0x3100016e        0x2 build_runner/Device_SSE-320/startup_ARMCM85.o
                0x3100016e                DMA_Ch_0_Combined_Handler
 .text.DMA_Ch_1_Terminal_Count_Handler
                0x31000170        0x2 build_runner/Device_SSE-320/startup_ARMCM85.o
                0x31000170                DMA_Ch_1_Terminal_Count_Handler
 .text.DMA_Ch_1_Combined_Handler
                0x31000172        0x2 build_runner/Device_SSE-320/startup_ARMCM85.o
                0x31000172                DMA_Ch_1_Combined_Handler
 .text.DMA_Ch_2_Error_Handler
                0x31000174        0x2 build_runner/Device_SSE-320/startup_ARMCM85.o
                0x31000174                DMA_Ch_2_Error_Handler
 .text.DMA_Ch_2_Terminal_Count_Handler
                0x31000176        0x2 build_runner/Device_SSE-320/startup_ARMCM85.o
                0x31000176                DMA_Ch_2_Terminal_Count_Handler
 .text.DMA_Ch_2_Combined_Handler
                0x31000178        0x2 build_runner/Device_SSE-320/startup_ARMCM85.o
                0x31000178                DMA_Ch_2_Combined_Handler
 .text.DMA_Ch_3_Error_Handler
                0x3100017a        0x2 build_runner/Device_SSE-320/startup_ARMCM85.o
                0x3100017a                DMA_Ch_3_Error_Handler
 .text.DMA_Ch_3_Terminal_Count_Handler
                0x3100017c        0x2 build_runner/Device_SSE-320/startup_ARMCM85.o
                0x3100017c                DMA_Ch_3_Terminal_Count_Handler
 .text.DMA_Ch_3_Combined_Handler
                0x3100017e        0x2 build_runner/Device_SSE-320/startup_ARMCM85.o
                0x3100017e                DMA_Ch_3_Combined_Handler
 .text.ETHOS_U55_Handler
                0x31000180        0x2 build_runner/Device_SSE-320/startup_ARMCM85.o
                0x31000180                ETHOS_U55_Handler
 .text.DMA_SEC_VIO_IRQn_Handler
                0x31000182        0x2 build_runner/Device_SSE-320/startup_ARMCM85.o
                0x31000182                DMA_SEC_VIO_IRQn_Handler
 .text.GPIO0_Combined_Handler
                0x31000184        0x2 build_runner/Device_SSE-320/startup_ARMCM85.o
                0x31000184                GPIO0_Combined_Handler
 .text.GPIO1_Combined_Handler
                0x31000186        0x2 build_runner/Device_SSE-320/startup_ARMCM85.o
                0x31000186                GPIO1_Combined_Handler
 .text.GPIO2_Combined_Handler
                0x31000188        0x2 build_runner/Device_SSE-320/startup_ARMCM85.o
                0x31000188                GPIO2_Combined_Handler
 .text.GPIO3_Combined_Handler
                0x3100018a        0x2 build_runner/Device_SSE-320/startup_ARMCM85.o
                0x3100018a                GPIO3_Combined_Handler
 .text.GPIO0_0_Handler
                0x3100018c        0x2 build_runner/Device_SSE-320/startup_ARMCM85.o
                0x3100018c                GPIO0_0_Handler
 .text.GPIO0_1_Handler
                0x3100018e        0x2 build_runner/Device_SSE-320/startup_ARMCM85.o
                0x3100018e                GPIO0_1_Handler
 .text.GPIO0_2_Handler
                0x31000190        0x2 build_runner/Device_SSE-320/startup_ARMCM85.o
                0x31000190                GPIO0_2_Handler
 .text.GPIO0_3_Handler
                0x31000192        0x2 build_runner/Device_SSE-320/startup_ARMCM85.o
                0x31000192                GPIO0_3_Handler
 .text.GPIO0_4_Handler
                0x31000194        0x2 build_runner/Device_SSE-320/startup_ARMCM85.o
                0x31000194                GPIO0_4_Handler
 .text.GPIO0_5_Handler
                0x31000196        0x2 build_runner/Device_SSE-320/startup_ARMCM85.o
                0x31000196                GPIO0_5_Handler
 .text.GPIO0_6_Handler
                0x31000198        0x2 build_runner/Device_SSE-320/startup_ARMCM85.o
                0x31000198                GPIO0_6_Handler
 .text.GPIO0_7_Handler
                0x3100019a        0x2 build_runner/Device_SSE-320/startup_ARMCM85.o
                0x3100019a                GPIO0_7_Handler
 .text.GPIO0_8_Handler
                0x3100019c        0x2 build_runner/Device_SSE-320/startup_ARMCM85.o
                0x3100019c                GPIO0_8_Handler
 .text.GPIO0_9_Handler
                0x3100019e        0x2 build_runner/Device_SSE-320/startup_ARMCM85.o
                0x3100019e                GPIO0_9_Handler
 .text.GPIO0_10_Handler
                0x310001a0        0x2 build_runner/Device_SSE-320/startup_ARMCM85.o
                0x310001a0                GPIO0_10_Handler
 .text.GPIO0_11_Handler
                0x310001a2        0x2 build_runner/Device_SSE-320/startup_ARMCM85.o
                0x310001a2                GPIO0_11_Handler
 .text.GPIO0_12_Handler
                0x310001a4        0x2 build_runner/Device_SSE-320/startup_ARMCM85.o
                0x310001a4                GPIO0_12_Handler
 .text.GPIO0_13_Handler
                0x310001a6        0x2 build_runner/Device_SSE-320/startup_ARMCM85.o
                0x310001a6                GPIO0_13_Handler
 .text.GPIO0_14_Handler
                0x310001a8        0x2 build_runner/Device_SSE-320/startup_ARMCM85.o
                0x310001a8                GPIO0_14_Handler
 .text.GPIO0_15_Handler
                0x310001aa        0x2 build_runner/Device_SSE-320/startup_ARMCM85.o
                0x310001aa                GPIO0_15_Handler
 .text.GPIO1_0_Handler
                0x310001ac        0x2 build_runner/Device_SSE-320/startup_ARMCM85.o
                0x310001ac                GPIO1_0_Handler
 .text.GPIO1_1_Handler
                0x310001ae        0x2 build_runner/Device_SSE-320/startup_ARMCM85.o
                0x310001ae                GPIO1_1_Handler
 .text.GPIO1_2_Handler
                0x310001b0        0x2 build_runner/Device_SSE-320/startup_ARMCM85.o
                0x310001b0                GPIO1_2_Handler
 .text.GPIO1_3_Handler
                0x310001b2        0x2 build_runner/Device_SSE-320/startup_ARMCM85.o
                0x310001b2                GPIO1_3_Handler
 .text.GPIO1_4_Handler
                0x310001b4        0x2 build_runner/Device_SSE-320/startup_ARMCM85.o
                0x310001b4                GPIO1_4_Handler
 .text.GPIO1_5_Handler
                0x310001b6        0x2 build_runner/Device_SSE-320/startup_ARMCM85.o
                0x310001b6                GPIO1_5_Handler
 .text.GPIO1_6_Handler
                0x310001b8        0x2 build_runner/Device_SSE-320/startup_ARMCM85.o
                0x310001b8                GPIO1_6_Handler
 .text.GPIO1_7_Handler
                0x310001ba        0x2 build_runner/Device_SSE-320/startup_ARMCM85.o
                0x310001ba                GPIO1_7_Handler
 .text.GPIO1_8_Handler
                0x310001bc        0x2 build_runner/Device_SSE-320/startup_ARMCM85.o
                0x310001bc                GPIO1_8_Handler
 .text.GPIO1_9_Handler
                0x310001be        0x2 build_runner/Device_SSE-320/startup_ARMCM85.o
                0x310001be                GPIO1_9_Handler
 .text.GPIO1_10_Handler
                0x310001c0        0x2 build_runner/Device_SSE-320/startup_ARMCM85.o
                0x310001c0                GPIO1_10_Handler
 .text.GPIO1_11_Handler
                0x310001c2        0x2 build_runner/Device_SSE-320/startup_ARMCM85.o
                0x310001c2                GPIO1_11_Handler
 .text.GPIO1_12_Handler
                0x310001c4        0x2 build_runner/Device_SSE-320/startup_ARMCM85.o
                0x310001c4                GPIO1_12_Handler
 .text.GPIO1_13_Handler
                0x310001c6        0x2 build_runner/Device_SSE-320/startup_ARMCM85.o
                0x310001c6                GPIO1_13_Handler
 .text.GPIO1_14_Handler
                0x310001c8        0x2 build_runner/Device_SSE-320/startup_ARMCM85.o
                0x310001c8                GPIO1_14_Handler
 .text.GPIO1_15_Handler
                0x310001ca        0x2 build_runner/Device_SSE-320/startup_ARMCM85.o
                0x310001ca                GPIO1_15_Handler
 .text.GPIO2_0_Handler
                0x310001cc        0x2 build_runner/Device_SSE-320/startup_ARMCM85.o
                0x310001cc                GPIO2_0_Handler
 .text.GPIO2_1_Handler
                0x310001ce        0x2 build_runner/Device_SSE-320/startup_ARMCM85.o
                0x310001ce                GPIO2_1_Handler
 .text.GPIO2_2_Handler
                0x310001d0        0x2 build_runner/Device_SSE-320/startup_ARMCM85.o
                0x310001d0                GPIO2_2_Handler
 .text.GPIO2_3_Handler
                0x310001d2        0x2 build_runner/Device_SSE-320/startup_ARMCM85.o
                0x310001d2                GPIO2_3_Handler
 .text.GPIO2_4_Handler
                0x310001d4        0x2 build_runner/Device_SSE-320/startup_ARMCM85.o
                0x310001d4                GPIO2_4_Handler
 .text.GPIO2_5_Handler
                0x310001d6        0x2 build_runner/Device_SSE-320/startup_ARMCM85.o
                0x310001d6                GPIO2_5_Handler
 .text.GPIO2_6_Handler
                0x310001d8        0x2 build_runner/Device_SSE-320/startup_ARMCM85.o
                0x310001d8                GPIO2_6_Handler
 .text.GPIO2_7_Handler
                0x310001da        0x2 build_runner/Device_SSE-320/startup_ARMCM85.o
                0x310001da                GPIO2_7_Handler
 .text.GPIO2_8_Handler
                0x310001dc        0x2 build_runner/Device_SSE-320/startup_ARMCM85.o
                0x310001dc                GPIO2_8_Handler
 .text.GPIO2_9_Handler
                0x310001de        0x2 build_runner/Device_SSE-320/startup_ARMCM85.o
                0x310001de                GPIO2_9_Handler
 .text.GPIO2_10_Handler
                0x310001e0        0x2 build_runner/Device_SSE-320/startup_ARMCM85.o
                0x310001e0                GPIO2_10_Handler
 .text.GPIO2_11_Handler
                0x310001e2        0x2 build_runner/Device_SSE-320/startup_ARMCM85.o
                0x310001e2                GPIO2_11_Handler
 .text.GPIO2_12_Handler
                0x310001e4        0x2 build_runner/Device_SSE-320/startup_ARMCM85.o
                0x310001e4                GPIO2_12_Handler
 .text.GPIO2_13_Handler
                0x310001e6        0x2 build_runner/Device_SSE-320/startup_ARMCM85.o
                0x310001e6                GPIO2_13_Handler
 .text.GPIO2_14_Handler
                0x310001e8        0x2 build_runner/Device_SSE-320/startup_ARMCM85.o
                0x310001e8                GPIO2_14_Handler
 .text.GPIO2_15_Handler
                0x310001ea        0x2 build_runner/Device_SSE-320/startup_ARMCM85.o
                0x310001ea                GPIO2_15_Handler
 .text.GPIO3_0_Handler
                0x310001ec        0x2 build_runner/Device_SSE-320/startup_ARMCM85.o
                0x310001ec                GPIO3_0_Handler
 .text.GPIO3_1_Handler
                0x310001ee        0x2 build_runner/Device_SSE-320/startup_ARMCM85.o
                0x310001ee                GPIO3_1_Handler
 .text.GPIO3_2_Handler
                0x310001f0        0x2 build_runner/Device_SSE-320/startup_ARMCM85.o
                0x310001f0                GPIO3_2_Handler
 .text.GPIO3_3_Handler
                0x310001f2        0x2 build_runner/Device_SSE-320/startup_ARMCM85.o
                0x310001f2                GPIO3_3_Handler
 .text.UARTRX5_Handler
                0x310001f4        0x2 build_runner/Device_SSE-320/startup_ARMCM85.o
                0x310001f4                UARTRX5_Handler
 .text.UARTTX5_Handler
                0x310001f6        0x2 build_runner/Device_SSE-320/startup_ARMCM85.o
                0x310001f6                UARTTX5_Handler
 .text.UART5_Combined_Handler
                0x310001f8        0x2 build_runner/Device_SSE-320/startup_ARMCM85.o
                0x310001f8                UART5_Combined_Handler
 .text.HDMI_HDLCD_Handler
                0x310001fa        0x2 build_runner/Device_SSE-320/startup_ARMCM85.o
                0x310001fa                HDMI_HDLCD_Handler
 .text.CSI_Receiver_Handler
                0x310001fc        0x2 build_runner/Device_SSE-320/startup_ARMCM85.o
                0x310001fc                CSI_Receiver_Handler
 *fill*         0x310001fe        0x2 
 .text.Reset_Handler
                0x31000200       0xbc build_runner/Device_SSE-320/startup_ARMCM85.o
                0x31000200                Reset_Handler
 .text.SystemInit
                0x310002bc       0x50 build_runner/Device_SSE-320/system_ARMCM85.o
                0x310002bc                SystemInit
 .text.ARM_USART_GetVersion
                0x3100030c       0x10 build_runner/Drivers/cmsdk_apb_uart_driver/Driver_USART.o
 .text.ARM_USART_GetCapabilities
                0x3100031c        0x4 build_runner/Drivers/cmsdk_apb_uart_driver/Driver_USART.o
 .text.ARM_USARTx_Initialize
                0x31000320       0x14 build_runner/Drivers/cmsdk_apb_uart_driver/Driver_USART.o
 .text.ARM_USARTx_Uninitialize
                0x31000334       0x14 build_runner/Drivers/cmsdk_apb_uart_driver/Driver_USART.o
 .text.ARM_USARTx_PowerControl
                0x31000348       0x16 build_runner/Drivers/cmsdk_apb_uart_driver/Driver_USART.o
 .text.ARM_USARTx_Send
                0x3100035e       0x2a build_runner/Drivers/cmsdk_apb_uart_driver/Driver_USART.o
 .text.ARM_USARTx_Receive
                0x31000388       0x2a build_runner/Drivers/cmsdk_apb_uart_driver/Driver_USART.o
 .text.ARM_USARTx_Non_Blocking_Receive
                0x310003b2       0x2a build_runner/Drivers/cmsdk_apb_uart_driver/Driver_USART.o
 .text.ARM_USARTx_Control
                0x310003dc       0x4a build_runner/Drivers/cmsdk_apb_uart_driver/Driver_USART.o
 *fill*         0x31000426        0x2 
 .text.ARM_USART0_Initialize
                0x31000428       0x14 build_runner/Drivers/cmsdk_apb_uart_driver/Driver_USART.o
 .text.ARM_USART0_Uninitialize
                0x3100043c       0x10 build_runner/Drivers/cmsdk_apb_uart_driver/Driver_USART.o
 .text.ARM_USART0_PowerControl
                0x3100044c       0x10 build_runner/Drivers/cmsdk_apb_uart_driver/Driver_USART.o
 .text.ARM_USART0_Send
                0x3100045c       0x14 build_runner/Drivers/cmsdk_apb_uart_driver/Driver_USART.o
 .text.ARM_USART0_Receive
                0x31000470       0x14 build_runner/Drivers/cmsdk_apb_uart_driver/Driver_USART.o
 .text.ARM_USART0_Non_Blocking_Receive
                0x31000484       0x14 build_runner/Drivers/cmsdk_apb_uart_driver/Driver_USART.o
 .text.ARM_USART0_Transfer
                0x31000498        0x6 build_runner/Drivers/cmsdk_apb_uart_driver/Driver_USART.o
 *fill*         0x3100049e        0x2 
 .text.ARM_USART0_GetTxCount
                0x310004a0        0xc build_runner/Drivers/cmsdk_apb_uart_driver/Driver_USART.o
 .text.ARM_USART0_GetRxCount
                0x310004ac        0xc build_runner/Drivers/cmsdk_apb_uart_driver/Driver_USART.o
 .text.ARM_USART0_Control
                0x310004b8       0x14 build_runner/Drivers/cmsdk_apb_uart_driver/Driver_USART.o
 .text.ARM_USART0_GetStatus
                0x310004cc        0x4 build_runner/Drivers/cmsdk_apb_uart_driver/Driver_USART.o
 .text.ARM_USART0_SetModemControl
                0x310004d0        0x6 build_runner/Drivers/cmsdk_apb_uart_driver/Driver_USART.o
 .text.ARM_USART0_GetModemStatus
                0x310004d6        0x4 build_runner/Drivers/cmsdk_apb_uart_driver/Driver_USART.o
 .text.cmsdk_apb_uart_uninit
                0x310004da        0xa build_runner/Drivers/cmsdk_apb_uart_driver/cmsdk_apb_uart.o
                0x310004da                cmsdk_apb_uart_uninit
 .text.cmsdk_apb_uart_set_baud
                0x310004e4       0x1c build_runner/Drivers/cmsdk_apb_uart_driver/cmsdk_apb_uart.o
                0x310004e4                cmsdk_apb_uart_set_baud
 .text.cmsdk_apb_uart_init
                0x31000500       0x1a build_runner/Drivers/cmsdk_apb_uart_driver/cmsdk_apb_uart.o
                0x31000500                cmsdk_apb_uart_init
 .text.cmsdk_apb_uart_tx_ch
                0x3100051a       0x1e build_runner/Drivers/cmsdk_apb_uart_driver/cmsdk_apb_uart.o
                0x3100051a                cmsdk_apb_uart_tx_ch
 .text.cmsdk_apb_uart_send
                0x31000538       0x22 build_runner/Drivers/cmsdk_apb_uart_driver/cmsdk_apb_uart.o
                0x31000538                cmsdk_apb_uart_send
 .text.cmsdk_apb_uart_rx_char
                0x3100055a       0x10 build_runner/Drivers/cmsdk_apb_uart_driver/cmsdk_apb_uart.o
                0x3100055a                cmsdk_apb_uart_rx_char
 .text.cmsdk_apb_uart_non_blocking_recieve
                0x3100056a       0x16 build_runner/Drivers/cmsdk_apb_uart_driver/cmsdk_apb_uart.o
                0x3100056a                cmsdk_apb_uart_non_blocking_recieve
 .text.cmsdk_apb_uart_blocking_recieve
                0x31000580       0x14 build_runner/Drivers/cmsdk_apb_uart_driver/cmsdk_apb_uart.o
                0x31000580                cmsdk_apb_uart_blocking_recieve
 .text.cmsdk_apb_uart_recieve
                0x31000594       0x1c build_runner/Drivers/cmsdk_apb_uart_driver/cmsdk_apb_uart.o
                0x31000594                cmsdk_apb_uart_recieve
 .text.u85_irq_handler
                0x310005b0       0x48 build_runner/Drivers/u85_driver/u85.o
                0x310005b0                u85_irq_handler
 .text.test_u85
                0x310005f8      0x25c build_runner/Drivers/u85_driver/u85.o
                0x310005f8                test_u85
 .text.put_block
                0x31000854       0x38 build_runner/Selftest/runner_v1_main.o
 .text.get_raw  0x3100088c       0x40 build_runner/Selftest/runner_v1_main.o
 .text.crc32_update
                0x310008cc       0x38 build_runner/Selftest/runner_v1_main.o
 .text.rd_u32   0x31000904       0x16 build_runner/Selftest/runner_v1_main.o
 .text.command_bit
                0x3100091a       0x84 build_runner/Selftest/runner_v1_main.o
 *fill*         0x3100099e        0x2 
 .text.runner_reset_context
                0x310009a0       0x58 build_runner/Selftest/runner_v1_main.o
 .text.send_frame
                0x310009f8       0xce build_runner/Selftest/runner_v1_main.o
 *fill*         0x31000ac6        0x2 
 .text.send_nack
                0x31000ac8       0x34 build_runner/Selftest/runner_v1_main.o
 .text.main     0x31000afc      0x7c4 build_runner/Selftest/runner_v1_main.o
                0x31000afc                main
 .text.serial_init
                0x310012c0       0x20 build_runner/Serial/serial.o
                0x310012c0                serial_init
 .text._write   0x310012e0       0x20 build_runner/Serial/serial.o
                0x310012e0                _write
 .text.DMA_COMBINED_SEC_IRQn_Handler
                0x31001300       0x5c build_runner/Tests/dma350xfers_test/dma_xfers.o
                0x31001300                DMA_COMBINED_SEC_IRQn_Handler
 .text.DMA_COMBINED_NS_IRQn_Handler
                0x3100135c       0x10 build_runner/Tests/dma350xfers_test/dma_xfers.o
                0x3100135c                DMA_COMBINED_NS_IRQn_Handler
 .text.DMA_Ch_0_Error_Handler
                0x3100136c       0x10 build_runner/Tests/dma350xfers_test/dma_xfers.o
                0x3100136c                DMA_Ch_0_Error_Handler
 .text.DMA_Ch_1_Error_Handler
                0x3100137c       0x10 build_runner/Tests/dma350xfers_test/dma_xfers.o
                0x3100137c                DMA_Ch_1_Error_Handler
 .text.apU85Conv_TEST
                0x3100138c       0x6c build_runner/Tests/u85_test/u85_Convolution.o
                0x3100138c                apU85Conv_TEST
 .text.exit     0x310013f8       0x24 /opt/arm/gcc-arm-none-eabi/bin/../lib/gcc/arm-none-eabi/15.2.1/../../../../arm-none-eabi/lib/thumb/v8-m.main/nofp/libc_nano.a(libc_a-exit.o)
                0x310013f8                exit
 .text.__sflush_r
                0x3100141c       0xf8 /opt/arm/gcc-arm-none-eabi/bin/../lib/gcc/arm-none-eabi/15.2.1/../../../../arm-none-eabi/lib/thumb/v8-m.main/nofp/libc_nano.a(libc_a-fflush.o)
                0x3100141c                __sflush_r
 .text._fflush_r
                0x31001514       0x50 /opt/arm/gcc-arm-none-eabi/bin/../lib/gcc/arm-none-eabi/15.2.1/../../../../arm-none-eabi/lib/thumb/v8-m.main/nofp/libc_nano.a(libc_a-fflush.o)
                0x31001514                _fflush_r
 .text.std      0x31001564       0x6c /opt/arm/gcc-arm-none-eabi/bin/../lib/gcc/arm-none-eabi/15.2.1/../../../../arm-none-eabi/lib/thumb/v8-m.main/nofp/libc_nano.a(libc_a-findfp.o)
 .text.stdio_exit_handler
                0x310015d0       0x18 /opt/arm/gcc-arm-none-eabi/bin/../lib/gcc/arm-none-eabi/15.2.1/../../../../arm-none-eabi/lib/thumb/v8-m.main/nofp/libc_nano.a(libc_a-findfp.o)
 .text.cleanup_stdio
                0x310015e8       0x40 /opt/arm/gcc-arm-none-eabi/bin/../lib/gcc/arm-none-eabi/15.2.1/../../../../arm-none-eabi/lib/thumb/v8-m.main/nofp/libc_nano.a(libc_a-findfp.o)
 .text.global_stdio_init.part.0
                0x31001628       0x40 /opt/arm/gcc-arm-none-eabi/bin/../lib/gcc/arm-none-eabi/15.2.1/../../../../arm-none-eabi/lib/thumb/v8-m.main/nofp/libc_nano.a(libc_a-findfp.o)
 .text.__sfp_lock_acquire
                0x31001668        0xc /opt/arm/gcc-arm-none-eabi/bin/../lib/gcc/arm-none-eabi/15.2.1/../../../../arm-none-eabi/lib/thumb/v8-m.main/nofp/libc_nano.a(libc_a-findfp.o)
                0x31001668                __sfp_lock_acquire
 .text.__sfp_lock_release
                0x31001674        0xc /opt/arm/gcc-arm-none-eabi/bin/../lib/gcc/arm-none-eabi/15.2.1/../../../../arm-none-eabi/lib/thumb/v8-m.main/nofp/libc_nano.a(libc_a-findfp.o)
                0x31001674                __sfp_lock_release
 .text.__sinit  0x31001680       0x30 /opt/arm/gcc-arm-none-eabi/bin/../lib/gcc/arm-none-eabi/15.2.1/../../../../arm-none-eabi/lib/thumb/v8-m.main/nofp/libc_nano.a(libc_a-findfp.o)
                0x31001680                __sinit
 .text._fwalk_sglue
                0x310016b0       0x3a /opt/arm/gcc-arm-none-eabi/bin/../lib/gcc/arm-none-eabi/15.2.1/../../../../arm-none-eabi/lib/thumb/v8-m.main/nofp/libc_nano.a(libc_a-fwalk.o)
                0x310016b0                _fwalk_sglue
 *fill*         0x310016ea        0x2 
 .text.printf   0x310016ec       0x24 /opt/arm/gcc-arm-none-eabi/bin/../lib/gcc/arm-none-eabi/15.2.1/../../../../arm-none-eabi/lib/thumb/v8-m.main/nofp/libc_nano.a(libc_a-printf.o)
                0x310016ec                printf
                0x310016ec                iprintf
 .text.__sread  0x31001710       0x22 /opt/arm/gcc-arm-none-eabi/bin/../lib/gcc/arm-none-eabi/15.2.1/../../../../arm-none-eabi/lib/thumb/v8-m.main/nofp/libc_nano.a(libc_a-stdio.o)
                0x31001710                __sread
 .text.__swrite
                0x31001732       0x38 /opt/arm/gcc-arm-none-eabi/bin/../lib/gcc/arm-none-eabi/15.2.1/../../../../arm-none-eabi/lib/thumb/v8-m.main/nofp/libc_nano.a(libc_a-stdio.o)
                0x31001732                __swrite
 .text.__sseek  0x3100176a       0x26 /opt/arm/gcc-arm-none-eabi/bin/../lib/gcc/arm-none-eabi/15.2.1/../../../../arm-none-eabi/lib/thumb/v8-m.main/nofp/libc_nano.a(libc_a-stdio.o)
                0x3100176a                __sseek
 .text.__sclose
                0x31001790        0x8 /opt/arm/gcc-arm-none-eabi/bin/../lib/gcc/arm-none-eabi/15.2.1/../../../../arm-none-eabi/lib/thumb/v8-m.main/nofp/libc_nano.a(libc_a-stdio.o)
                0x31001790                __sclose
 .text.__swbuf_r
                0x31001798       0x7a /opt/arm/gcc-arm-none-eabi/bin/../lib/gcc/arm-none-eabi/15.2.1/../../../../arm-none-eabi/lib/thumb/v8-m.main/nofp/libc_nano.a(libc_a-wbuf.o)
                0x31001798                __swbuf_r
 *fill*         0x31001812        0x2 
 .text.__swsetup_r
                0x31001814       0xa8 /opt/arm/gcc-arm-none-eabi/bin/../lib/gcc/arm-none-eabi/15.2.1/../../../../arm-none-eabi/lib/thumb/v8-m.main/nofp/libc_nano.a(libc_a-wsetup.o)
                0x31001814                __swsetup_r
 .text.memcmp   0x310018bc       0x20 /opt/arm/gcc-arm-none-eabi/bin/../lib/gcc/arm-none-eabi/15.2.1/../../../../arm-none-eabi/lib/thumb/v8-m.main/nofp/libc_nano.a(libc_a-memcmp.o)
                0x310018bc                memcmp
 .text.memset   0x310018dc       0x10 /opt/arm/gcc-arm-none-eabi/bin/../lib/gcc/arm-none-eabi/15.2.1/../../../../arm-none-eabi/lib/thumb/v8-m.main/nofp/libc_nano.a(libc_a-memset.o)
                0x310018dc                memset
 .text._close_r
                0x310018ec       0x20 /opt/arm/gcc-arm-none-eabi/bin/../lib/gcc/arm-none-eabi/15.2.1/../../../../arm-none-eabi/lib/thumb/v8-m.main/nofp/libc_nano.a(libc_a-closer.o)
                0x310018ec                _close_r
 .text._lseek_r
                0x3100190c       0x24 /opt/arm/gcc-arm-none-eabi/bin/../lib/gcc/arm-none-eabi/15.2.1/../../../../arm-none-eabi/lib/thumb/v8-m.main/nofp/libc_nano.a(libc_a-lseekr.o)
                0x3100190c                _lseek_r
 .text._read_r  0x31001930       0x24 /opt/arm/gcc-arm-none-eabi/bin/../lib/gcc/arm-none-eabi/15.2.1/../../../../arm-none-eabi/lib/thumb/v8-m.main/nofp/libc_nano.a(libc_a-readr.o)
                0x31001930                _read_r
 .text._write_r
                0x31001954       0x24 /opt/arm/gcc-arm-none-eabi/bin/../lib/gcc/arm-none-eabi/15.2.1/../../../../arm-none-eabi/lib/thumb/v8-m.main/nofp/libc_nano.a(libc_a-writer.o)
                0x31001954                _write_r
 .text.__libc_init_array
                0x31001978       0x48 /opt/arm/gcc-arm-none-eabi/bin/../lib/gcc/arm-none-eabi/15.2.1/../../../../arm-none-eabi/lib/thumb/v8-m.main/nofp/libc_nano.a(libc_a-init.o)
                0x31001978                __libc_init_array
 .text.__retarget_lock_init_recursive
                0x310019c0        0x2 /opt/arm/gcc-arm-none-eabi/bin/../lib/gcc/arm-none-eabi/15.2.1/../../../../arm-none-eabi/lib/thumb/v8-m.main/nofp/libc_nano.a(libc_a-lock.o)
                0x310019c0                __retarget_lock_init_recursive
 .text.__retarget_lock_acquire_recursive
                0x310019c2        0x2 /opt/arm/gcc-arm-none-eabi/bin/../lib/gcc/arm-none-eabi/15.2.1/../../../../arm-none-eabi/lib/thumb/v8-m.main/nofp/libc_nano.a(libc_a-lock.o)
                0x310019c2                __retarget_lock_acquire_recursive
 .text.__retarget_lock_release_recursive
                0x310019c4        0x2 /opt/arm/gcc-arm-none-eabi/bin/../lib/gcc/arm-none-eabi/15.2.1/../../../../arm-none-eabi/lib/thumb/v8-m.main/nofp/libc_nano.a(libc_a-lock.o)
                0x310019c4                __retarget_lock_release_recursive
 .text.memcpy   0x310019c6       0x1a /opt/arm/gcc-arm-none-eabi/bin/../lib/gcc/arm-none-eabi/15.2.1/../../../../arm-none-eabi/lib/thumb/v8-m.main/nofp/libc_nano.a(libc_a-memcpy-stub.o)
                0x310019c6                memcpy
 .text._free_r  0x310019e0       0x98 /opt/arm/gcc-arm-none-eabi/bin/../lib/gcc/arm-none-eabi/15.2.1/../../../../arm-none-eabi/lib/thumb/v8-m.main/nofp/libc_nano.a(libc_a-freer.o)
                0x310019e0                _free_r
 .text.sbrk_aligned
                0x31001a78       0x44 /opt/arm/gcc-arm-none-eabi/bin/../lib/gcc/arm-none-eabi/15.2.1/../../../../arm-none-eabi/lib/thumb/v8-m.main/nofp/libc_nano.a(libc_a-mallocr.o)
 .text._malloc_r
                0x31001abc       0xf8 /opt/arm/gcc-arm-none-eabi/bin/../lib/gcc/arm-none-eabi/15.2.1/../../../../arm-none-eabi/lib/thumb/v8-m.main/nofp/libc_nano.a(libc_a-mallocr.o)
                0x31001abc                _malloc_r
 .text.__malloc_lock
                0x31001bb4        0xc /opt/arm/gcc-arm-none-eabi/bin/../lib/gcc/arm-none-eabi/15.2.1/../../../../arm-none-eabi/lib/thumb/v8-m.main/nofp/libc_nano.a(libc_a-mlock.o)
                0x31001bb4                __malloc_lock
 .text.__malloc_unlock
                0x31001bc0        0xc /opt/arm/gcc-arm-none-eabi/bin/../lib/gcc/arm-none-eabi/15.2.1/../../../../arm-none-eabi/lib/thumb/v8-m.main/nofp/libc_nano.a(libc_a-mlock.o)
                0x31001bc0                __malloc_unlock
 .text.__sfputc_r
                0x31001bcc       0x2a /opt/arm/gcc-arm-none-eabi/bin/../lib/gcc/arm-none-eabi/15.2.1/../../../../arm-none-eabi/lib/thumb/v8-m.main/nofp/libc_nano.a(libc_a-nano-vfprintf.o)
 .text.__sfputs_r
                0x31001bf6       0x24 /opt/arm/gcc-arm-none-eabi/bin/../lib/gcc/arm-none-eabi/15.2.1/../../../../arm-none-eabi/lib/thumb/v8-m.main/nofp/libc_nano.a(libc_a-nano-vfprintf.o)
                0x31001bf6                __sfputs_r
 *fill*         0x31001c1a        0x2 
 .text._vfprintf_r
                0x31001c1c      0x228 /opt/arm/gcc-arm-none-eabi/bin/../lib/gcc/arm-none-eabi/15.2.1/../../../../arm-none-eabi/lib/thumb/v8-m.main/nofp/libc_nano.a(libc_a-nano-vfprintf.o)
                0x31001c1c                _vfiprintf_r
                0x31001c1c                _vfprintf_r
 .text._printf_common
                0x31001e44       0xf4 /opt/arm/gcc-arm-none-eabi/bin/../lib/gcc/arm-none-eabi/15.2.1/../../../../arm-none-eabi/lib/thumb/v8-m.main/nofp/libc_nano.a(libc_a-nano-vfprintf_i.o)
                0x31001e44                _printf_common
 .text._printf_i
                0x31001f38      0x254 /opt/arm/gcc-arm-none-eabi/bin/../lib/gcc/arm-none-eabi/15.2.1/../../../../arm-none-eabi/lib/thumb/v8-m.main/nofp/libc_nano.a(libc_a-nano-vfprintf_i.o)
                0x31001f38                _printf_i
 .text.__swhatbuf_r
                0x3100218c       0x48 /opt/arm/gcc-arm-none-eabi/bin/../lib/gcc/arm-none-eabi/15.2.1/../../../../arm-none-eabi/lib/thumb/v8-m.main/nofp/libc_nano.a(libc_a-makebuf.o)
                0x3100218c                __swhatbuf_r
 .text.__smakebuf_r
                0x310021d4       0x72 /opt/arm/gcc-arm-none-eabi/bin/../lib/gcc/arm-none-eabi/15.2.1/../../../../arm-none-eabi/lib/thumb/v8-m.main/nofp/libc_nano.a(libc_a-makebuf.o)
                0x310021d4                __smakebuf_r
 *fill*         0x31002246        0x2 
 .text._fstat_r
                0x31002248       0x24 /opt/arm/gcc-arm-none-eabi/bin/../lib/gcc/arm-none-eabi/15.2.1/../../../../arm-none-eabi/lib/thumb/v8-m.main/nofp/libc_nano.a(libc_a-fstatr.o)
                0x31002248                _fstat_r
 .text._isatty_r
                0x3100226c       0x20 /opt/arm/gcc-arm-none-eabi/bin/../lib/gcc/arm-none-eabi/15.2.1/../../../../arm-none-eabi/lib/thumb/v8-m.main/nofp/libc_nano.a(libc_a-isattyr.o)
                0x3100226c                _isatty_r
 .text._sbrk_r  0x3100228c       0x20 /opt/arm/gcc-arm-none-eabi/bin/../lib/gcc/arm-none-eabi/15.2.1/../../../../arm-none-eabi/lib/thumb/v8-m.main/nofp/libc_nano.a(libc_a-sbrkr.o)
                0x3100228c                _sbrk_r
 .text.memchr   0x310022ac       0x1c /opt/arm/gcc-arm-none-eabi/bin/../lib/gcc/arm-none-eabi/15.2.1/../../../../arm-none-eabi/lib/thumb/v8-m.main/nofp/libc_nano.a(libc_a-memchr-stub.o)
                0x310022ac                memchr
 .text._close   0x310022c8       0x10 /opt/arm/gcc-arm-none-eabi/bin/../lib/gcc/arm-none-eabi/15.2.1/../../../../arm-none-eabi/lib/thumb/v8-m.main/nofp/libnosys.a(close.o)
                0x310022c8                _close
 .text._fstat   0x310022d8       0x10 /opt/arm/gcc-arm-none-eabi/bin/../lib/gcc/arm-none-eabi/15.2.1/../../../../arm-none-eabi/lib/thumb/v8-m.main/nofp/libnosys.a(fstat.o)
                0x310022d8                _fstat
 .text._isatty  0x310022e8       0x10 /opt/arm/gcc-arm-none-eabi/bin/../lib/gcc/arm-none-eabi/15.2.1/../../../../arm-none-eabi/lib/thumb/v8-m.main/nofp/libnosys.a(isatty.o)
                0x310022e8                _isatty
 .text._lseek   0x310022f8       0x10 /opt/arm/gcc-arm-none-eabi/bin/../lib/gcc/arm-none-eabi/15.2.1/../../../../arm-none-eabi/lib/thumb/v8-m.main/nofp/libnosys.a(lseek.o)
                0x310022f8                _lseek
 .text._read    0x31002308       0x10 /opt/arm/gcc-arm-none-eabi/bin/../lib/gcc/arm-none-eabi/15.2.1/../../../../arm-none-eabi/lib/thumb/v8-m.main/nofp/libnosys.a(read.o)
                0x31002308                _read
 .text._sbrk    0x31002318       0x20 /opt/arm/gcc-arm-none-eabi/bin/../lib/gcc/arm-none-eabi/15.2.1/../../../../arm-none-eabi/lib/thumb/v8-m.main/nofp/libnosys.a(sbrk.o)
                0x31002318                _sbrk
 .text._exit    0x31002338        0x4 /opt/arm/gcc-arm-none-eabi/bin/../lib/gcc/arm-none-eabi/15.2.1/../../../../arm-none-eabi/lib/thumb/v8-m.main/nofp/libnosys.a(_exit.o)
                0x31002338                _exit
 *(.init)
 .init          0x3100233c        0x4 /opt/arm/gcc-arm-none-eabi/bin/../lib/gcc/arm-none-eabi/15.2.1/thumb/v8-m.main/nofp/crti.o
                0x3100233c                _init
 .init          0x31002340        0x8 /opt/arm/gcc-arm-none-eabi/bin/../lib/gcc/arm-none-eabi/15.2.1/thumb/v8-m.main/nofp/crtn.o
 *(.fini)
 .fini          0x31002348        0x4 /opt/arm/gcc-arm-none-eabi/bin/../lib/gcc/arm-none-eabi/15.2.1/thumb/v8-m.main/nofp/crti.o
                0x31002348                _fini
 .fini          0x3100234c        0x8 /opt/arm/gcc-arm-none-eabi/bin/../lib/gcc/arm-none-eabi/15.2.1/thumb/v8-m.main/nofp/crtn.o
 *crtbegin.o(.ctors)
 *crtbegin?.o(.ctors)
 *(EXCLUDE_FILE(*crtend.o *crtend?.o) .ctors)
 *(SORT_BY_NAME(.ctors.*))
 *(.ctors)
 *crtbegin.o(.dtors)
 *crtbegin?.o(.dtors)
 *(EXCLUDE_FILE(*crtend.o *crtend?.o) .dtors)
 *(SORT_BY_NAME(.dtors.*))
 *(.dtors)
 *(.rodata*)
 .rodata.UART0_CMSDK_APB_DEV_CFG
                0x31002354       0x2c build_runner/Device_SSE-320/device_definition.o
 .rodata.Driver_USART0
                0x31002380       0x3c build_runner/Drivers/cmsdk_apb_uart_driver/Driver_USART.o
                0x31002380                Driver_USART0
 .rodata.DriverVersion
                0x310023bc        0x4 build_runner/Drivers/cmsdk_apb_uart_driver/Driver_USART.o
 .rodata.u85_irq_handler.str1.4
                0x310023c0      0x310 build_runner/Drivers/u85_driver/u85.o
                                 0x93 (size before relaxing)
 .rodata.test_u85.str1.4
                0x310026d0        0x0 build_runner/Drivers/u85_driver/u85.o
                                0x20c (size before relaxing)
 .rodata.main.str1.4
                0x310026d0        0x0 build_runner/Selftest/runner_v1_main.o
                                 0x15 (size before relaxing)
 .rodata.magic.0
                0x310026d0        0x4 build_runner/Selftest/runner_v1_main.o
 .rodata.state_accepts
                0x310026d4       0x1c build_runner/Selftest/runner_v1_main.o
 .rodata.crc32_nibble_table
                0x310026f0       0x40 build_runner/Selftest/runner_v1_main.o
 .rodata.apU85Conv_TEST.str1.4
                0x31002730        0x0 build_runner/Tests/u85_test/u85_Convolution.o
                                 0x54 (size before relaxing)
 .rodata.test3_out_ver_data_0
                0x31002730      0x100 build_runner/Tests/u85_test/u85_Convolution.o
 .rodata        0x31002830       0x18 build_runner/Tests/u85_test/u85_Convolution.o
 .rodata._vfprintf_r.str1.1
                0x31002848       0x33 /opt/arm/gcc-arm-none-eabi/bin/../lib/gcc/arm-none-eabi/15.2.1/../../../../arm-none-eabi/lib/thumb/v8-m.main/nofp/libc_nano.a(libc_a-nano-vfprintf.o)
                                 0x11 (size before relaxing)
 .rodata._printf_i.str1.1
                0x3100287b        0x0 /opt/arm/gcc-arm-none-eabi/bin/../lib/gcc/arm-none-eabi/15.2.1/../../../../arm-none-eabi/lib/thumb/v8-m.main/nofp/libc_nano.a(libc_a-nano-vfprintf_i.o)
                                 0x22 (size before relaxing)
 *(.eh_frame*)
 *fill*         0x3100287b        0x1 
 .eh_frame      0x3100287c        0x0 /opt/arm/gcc-arm-none-eabi/bin/../lib/gcc/arm-none-eabi/15.2.1/thumb/v8-m.main/nofp/crtbegin.o
 .eh_frame      0x3100287c        0x4 /opt/arm/gcc-arm-none-eabi/bin/../lib/gcc/arm-none-eabi/15.2.1/thumb/v8-m.main/nofp/crtend.o

.glue_7         0x31002880        0x0
 .glue_7        0x31002880        0x0 linker stubs

.glue_7t        0x31002880        0x0
 .glue_7t       0x31002880        0x0 linker stubs

.vfp11_veneer   0x31002880        0x0
 .vfp11_veneer  0x31002880        0x0 linker stubs

.v4_bx          0x31002880        0x0
 .v4_bx         0x31002880        0x0 linker stubs

.iplt           0x31002880        0x0
 .iplt          0x31002880        0x0 /opt/arm/gcc-arm-none-eabi/bin/../lib/gcc/arm-none-eabi/15.2.1/thumb/v8-m.main/nofp/crtbegin.o

.ARM.extab
 *(.ARM.extab* .gnu.linkonce.armextab.*)
                0x31002880                        __exidx_start = .

.ARM.exidx      0x31002880        0x8
 *(.ARM.exidx* .gnu.linkonce.armexidx.*)
 .ARM.exidx     0x31002880        0x8 /opt/arm/gcc-arm-none-eabi/bin/../lib/gcc/arm-none-eabi/15.2.1/../../../../arm-none-eabi/lib/thumb/v8-m.main/nofp/crt0.o
                                 0x10 (size before relaxing)
                0x31002888                        __exidx_end = .

.rel.dyn        0x31002888        0x0
 .rel.iplt      0x31002888        0x0 /opt/arm/gcc-arm-none-eabi/bin/../lib/gcc/arm-none-eabi/15.2.1/thumb/v8-m.main/nofp/crtbegin.o

.preinit_array  0x31002888        0x0
                0x31002888                        PROVIDE (__preinit_array_start = .)
 *(.preinit_array)
                0x31002888                        PROVIDE (__preinit_array_end = .)

.init_array     0x31002888        0x4
                0x31002888                        PROVIDE (__init_array_start = .)
 *(SORT_BY_NAME(.init_array.*))
 *(.init_array)
 .init_array    0x31002888        0x4 /opt/arm/gcc-arm-none-eabi/bin/../lib/gcc/arm-none-eabi/15.2.1/thumb/v8-m.main/nofp/crtbegin.o
                0x3100288c                        PROVIDE (__init_array_end = .)

.fini_array     0x3100288c        0x4
                [!provide]                        PROVIDE (__fini_array_start = .)
 *(SORT_BY_NAME(.fini_array.*))
 *(.fini_array)
 .fini_array    0x3100288c        0x4 /opt/arm/gcc-arm-none-eabi/bin/../lib/gcc/arm-none-eabi/15.2.1/thumb/v8-m.main/nofp/crtbegin.o
                [!provide]                        PROVIDE (__fini_array_end = .)

.copy.table     0x31002890        0x0
                0x31002890                        __copy_table_start__ = .
                0x31002890                        __copy_table_end__ = .

.zero.table     0x31002890        0x8
                0x31002890                        __zero_table_start__ = .
                0x31002890        0x4 LONG 0x31003ccc __bss_start__
                0x31002894        0x4 LONG 0x477 ((__bss_end__ - __bss_start__) / 0x4)
                0x31002898                        __zero_table_end__ = .
                0x31002898                        __ro_limit = .

.ro_padding     0x31002898     0x1000
                0x31003898                        . = (. + 0x1000)
 *fill*         0x31002898     0x1000 

.vectors_ram    0x31003a00      0x250
 *(RESET_RAM)
 RESET_RAM      0x31003a00      0x250 build_runner/Device_SSE-320/startup_ARMCM85.o
                0x31003a00                VECTOR_TABLE_RAM

.data           0x31003c50       0x7c
                0x31003c50                        . = ALIGN (0x4)
                0x31003c50                        __data_start__ = .
 *(vtable)
 *(.data*)
 .data.UART0_CMSDK_APB_DEV
                0x31003c50        0x8 build_runner/Device_SSE-320/device_definition.o
                0x31003c50                UART0_CMSDK_APB_DEV
 .data.PeripheralClock
                0x31003c58        0x4 build_runner/Device_SSE-320/system_ARMCM85.o
                0x31003c58                PeripheralClock
 .data.SystemCoreClock
                0x31003c5c        0x4 build_runner/Device_SSE-320/system_ARMCM85.o
                0x31003c5c                SystemCoreClock
 .data.USART0_DEV
                0x31003c60       0x10 build_runner/Drivers/cmsdk_apb_uart_driver/Driver_USART.o
 .data.__sglue  0x31003c70        0xc /opt/arm/gcc-arm-none-eabi/bin/../lib/gcc/arm-none-eabi/15.2.1/../../../../arm-none-eabi/lib/thumb/v8-m.main/nofp/libc_nano.a(libc_a-findfp.o)
                0x31003c70                __sglue
 .data._impure_ptr
                0x31003c7c        0x4 /opt/arm/gcc-arm-none-eabi/bin/../lib/gcc/arm-none-eabi/15.2.1/../../../../arm-none-eabi/lib/thumb/v8-m.main/nofp/libc_nano.a(libc_a-impure.o)
                0x31003c7c                _impure_ptr
 .data._impure_data
                0x31003c80       0x4c /opt/arm/gcc-arm-none-eabi/bin/../lib/gcc/arm-none-eabi/15.2.1/../../../../arm-none-eabi/lib/thumb/v8-m.main/nofp/libc_nano.a(libc_a-impure.o)
                0x31003c80                _impure_data
                0x31003ccc                        . = ALIGN (0x4)
                0x31003ccc                        __data_end__ = .

.tm_clone_table
                0x31003ccc        0x0
 .tm_clone_table
                0x31003ccc        0x0 /opt/arm/gcc-arm-none-eabi/bin/../lib/gcc/arm-none-eabi/15.2.1/thumb/v8-m.main/nofp/crtbegin.o
 .tm_clone_table
                0x31003ccc        0x0 /opt/arm/gcc-arm-none-eabi/bin/../lib/gcc/arm-none-eabi/15.2.1/thumb/v8-m.main/nofp/crtend.o

.igot.plt       0x31003ccc        0x0
 .igot.plt      0x31003ccc        0x0 /opt/arm/gcc-arm-none-eabi/bin/../lib/gcc/arm-none-eabi/15.2.1/thumb/v8-m.main/nofp/crtbegin.o

.bss            0x31003ccc     0x11dc
                0x31003ccc                        . = ALIGN (0x4)
                0x31003ccc                        __bss_start__ = .
                [!provide]                        PROVIDE (__bss_start = .)
 *(.bss*)
 .bss.completed.1
                0x31003ccc        0x1 /opt/arm/gcc-arm-none-eabi/bin/../lib/gcc/arm-none-eabi/15.2.1/thumb/v8-m.main/nofp/crtbegin.o
 *fill*         0x31003ccd        0x3 
 .bss.object.0  0x31003cd0       0x18 /opt/arm/gcc-arm-none-eabi/bin/../lib/gcc/arm-none-eabi/15.2.1/thumb/v8-m.main/nofp/crtbegin.o
 .bss.UART0_CMSDK_APB_DEV_DATA
                0x31003ce8        0x8 build_runner/Device_SSE-320/device_definition.o
 .bss.j.0       0x31003cf0        0x4 build_runner/Drivers/u85_driver/u85.o
 .bss.i.1       0x31003cf4        0x4 build_runner/Drivers/u85_driver/u85.o
 .bss.irq_history_mask
                0x31003cf8        0x2 build_runner/Drivers/u85_driver/u85.o
 .bss.irq_never_triggered
                0x31003cfa        0x1 build_runner/Drivers/u85_driver/u85.o
 .bss.irq_triggered
                0x31003cfb        0x1 build_runner/Drivers/u85_driver/u85.o
 .bss.rx_payload
                0x31003cfc     0x1000 build_runner/Selftest/runner_v1_main.o
 .bss.last_chunk_data_crc
                0x31004cfc        0x4 build_runner/Selftest/runner_v1_main.o
 .bss.last_chunk_length
                0x31004d00        0x4 build_runner/Selftest/runner_v1_main.o
 .bss.last_chunk_offset
                0x31004d04        0x4 build_runner/Selftest/runner_v1_main.o
 .bss.last_chunk_sequence
                0x31004d08        0x4 build_runner/Selftest/runner_v1_main.o
 .bss.last_chunk_valid
                0x31004d0c        0x4 build_runner/Selftest/runner_v1_main.o
 .bss.run_rc    0x31004d10        0x4 build_runner/Selftest/runner_v1_main.o
 .bss.model_bytes_staged
                0x31004d14        0x4 build_runner/Selftest/runner_v1_main.o
 .bss.model_expected_crc
                0x31004d18        0x4 build_runner/Selftest/runner_v1_main.o
 .bss.model_total_length
                0x31004d1c        0x4 build_runner/Selftest/runner_v1_main.o
 .bss.runner_state
                0x31004d20        0x1 build_runner/Selftest/runner_v1_main.o
 *fill*         0x31004d21        0x3 
 .bss.parser_resync_count
                0x31004d24        0x4 build_runner/Selftest/runner_v1_main.o
 .bss.sequence_error_count
                0x31004d28        0x4 build_runner/Selftest/runner_v1_main.o
 .bss.length_error_count
                0x31004d2c        0x4 build_runner/Selftest/runner_v1_main.o
 .bss.bad_crc_count
                0x31004d30        0x4 build_runner/Selftest/runner_v1_main.o
 .bss.bad_version_count
                0x31004d34        0x4 build_runner/Selftest/runner_v1_main.o
 .bss.bad_magic_count
                0x31004d38        0x4 build_runner/Selftest/runner_v1_main.o
 .bss.rx_overrun_count
                0x31004d3c        0x4 build_runner/Selftest/runner_v1_main.o
 .bss.tx_bytes  0x31004d40        0x4 build_runner/Selftest/runner_v1_main.o
 .bss.rx_bytes  0x31004d44        0x4 build_runner/Selftest/runner_v1_main.o
 .bss.Driver_USART
                0x31004d48        0x4 build_runner/Serial/serial.o
 .bss.irq_triggered
                0x31004d4c        0x1 build_runner/Tests/dma350xfers_test/dma_xfers.o
 *fill*         0x31004d4d        0x3 
 .bss.ch        0x31004d50        0x4 build_runner/Tests/dma350xfers_test/dma_xfers.o
 .bss.actual_irq_count
                0x31004d54        0x4 build_runner/Tests/dma350xfers_test/dma_xfers.o
 .bss.__sf      0x31004d58      0x138 /opt/arm/gcc-arm-none-eabi/bin/../lib/gcc/arm-none-eabi/15.2.1/../../../../arm-none-eabi/lib/thumb/v8-m.main/nofp/libc_nano.a(libc_a-findfp.o)
                0x31004d58                __sf
 .bss.__stdio_exit_handler
                0x31004e90        0x4 /opt/arm/gcc-arm-none-eabi/bin/../lib/gcc/arm-none-eabi/15.2.1/../../../../arm-none-eabi/lib/thumb/v8-m.main/nofp/libc_nano.a(libc_a-findfp.o)
                0x31004e90                __stdio_exit_handler
 .bss.errno     0x31004e94        0x4 /opt/arm/gcc-arm-none-eabi/bin/../lib/gcc/arm-none-eabi/15.2.1/../../../../arm-none-eabi/lib/thumb/v8-m.main/nofp/libc_nano.a(libc_a-reent.o)
                0x31004e94                errno
 .bss.__lock___malloc_recursive_mutex
                0x31004e98        0x1 /opt/arm/gcc-arm-none-eabi/bin/../lib/gcc/arm-none-eabi/15.2.1/../../../../arm-none-eabi/lib/thumb/v8-m.main/nofp/libc_nano.a(libc_a-lock.o)
                0x31004e98                __lock___malloc_recursive_mutex
 .bss.__lock___sfp_recursive_mutex
                0x31004e99        0x1 /opt/arm/gcc-arm-none-eabi/bin/../lib/gcc/arm-none-eabi/15.2.1/../../../../arm-none-eabi/lib/thumb/v8-m.main/nofp/libc_nano.a(libc_a-lock.o)
                0x31004e99                __lock___sfp_recursive_mutex
 *fill*         0x31004e9a        0x2 
 .bss.__malloc_sbrk_start
                0x31004e9c        0x4 /opt/arm/gcc-arm-none-eabi/bin/../lib/gcc/arm-none-eabi/15.2.1/../../../../arm-none-eabi/lib/thumb/v8-m.main/nofp/libc_nano.a(libc_a-mallocr.o)
                0x31004e9c                __malloc_sbrk_start
 .bss.__malloc_free_list
                0x31004ea0        0x4 /opt/arm/gcc-arm-none-eabi/bin/../lib/gcc/arm-none-eabi/15.2.1/../../../../arm-none-eabi/lib/thumb/v8-m.main/nofp/libc_nano.a(libc_a-mallocr.o)
                0x31004ea0                __malloc_free_list
 .bss.heap_end.0
                0x31004ea4        0x4 /opt/arm/gcc-arm-none-eabi/bin/../lib/gcc/arm-none-eabi/15.2.1/../../../../arm-none-eabi/lib/thumb/v8-m.main/nofp/libnosys.a(sbrk.o)
 *(COMMON)
                0x31004ea8                        . = ALIGN (0x4)
                0x31004ea8                        __bss_end__ = .
                [!provide]                        PROVIDE (__bss_end = .)

.heap           0x31004ea8     0x4000
                0x31004ea8                        __end__ = .
                0x31004ea8                        PROVIDE (end = .)
                [!provide]                        PROVIDE (_end = .)
                0x31004ea8                        __HeapBase = .
                0x31008ea8                        . = (. + __HEAP_SIZE)
 *fill*         0x31004ea8     0x4000 
                0x31008ea8                        __HeapLimit = .
                0x31008ea8                        __heap_limit = .

.stack          0x31008ec0    0x1fff8
                0x31028eb8                        . = ((. + __STACK_SIZE) - 0x8)
 *fill*         0x31008ec0    0x1fff8 

.stackseal      0x31028eb8        0x8
                0x31028ec0                        . = (. + 0x8)
 *fill*         0x31028eb8        0x8 
                0x31008ec0                        __StackLimit = ADDR (.stack)
                0x31028eb8                        __StackTop = (ADDR (.stack) + SIZEOF (.stack))
                0x31028eb8                        PROVIDE (__stack = __StackTop)
                0x31028eb8                        __INITIAL_SP = __StackTop
                0x31008ec0                        __STACK_LIMIT = __StackLimit
                0x31028eb8                        __STACK_SEAL = ADDR (.stackseal)
                0x31028ec0                        __sram_watermark = .

.ARM.attributes
                0x00000000       0x36
 *(.ARM.attributes)
 .ARM.attributes
                0x00000000       0x22 /opt/arm/gcc-arm-none-eabi/bin/../lib/gcc/arm-none-eabi/15.2.1/thumb/v8-m.main/nofp/crti.o
 .ARM.attributes
                0x00000022       0x32 /opt/arm/gcc-arm-none-eabi/bin/../lib/gcc/arm-none-eabi/15.2.1/thumb/v8-m.main/nofp/crtbegin.o
 .ARM.attributes
                0x00000054       0x20 /opt/arm/gcc-arm-none-eabi/bin/../lib/gcc/arm-none-eabi/15.2.1/../../../../arm-none-eabi/lib/thumb/v8-m.main/nofp/crt0.o
 .ARM.attributes
                0x00000074       0x3a build_runner/Device_SSE-320/device_definition.o
 .ARM.attributes
                0x000000ae       0x3a build_runner/Device_SSE-320/startup_ARMCM85.o
 .ARM.attributes
                0x000000e8       0x3a build_runner/Device_SSE-320/system_ARMCM85.o
 .ARM.attributes
                0x00000122       0x3a build_runner/Drivers/cmsdk_apb_uart_driver/Driver_USART.o
 .ARM.attributes
                0x0000015c       0x3a build_runner/Drivers/cmsdk_apb_uart_driver/cmsdk_apb_uart.o
 .ARM.attributes
                0x00000196       0x3a build_runner/Drivers/u85_driver/u85.o
 .ARM.attributes
                0x000001d0       0x3a build_runner/Selftest/runner_v1_main.o
 .ARM.attributes
                0x0000020a       0x3a build_runner/Serial/serial.o
 .ARM.attributes
                0x00000244       0x3a build_runner/Tests/dma350xfers_test/dma_xfers.o
 .ARM.attributes
                0x0000027e       0x3a build_runner/Tests/u85_test/u85_AXIBus.o
 .ARM.attributes
                0x000002b8       0x3a build_runner/Tests/u85_test/u85_Convolution.o
 .ARM.attributes
                0x000002f2       0x3a build_runner/Tests/u85_test/u85_MaxPooling.o
 .ARM.attributes
                0x0000032c       0x3a build_runner/Tests/u85_test/u85_PowerIndicative.o
 .ARM.attributes
                0x00000366       0x3a build_runner/Tests/u85_test/u85_PowerIndicativeMax.o
 .ARM.attributes
                0x000003a0       0x3a build_runner/Tests/u85_test/u85_RegConfig.o
 .ARM.attributes
                0x000003da       0x32 /opt/arm/gcc-arm-none-eabi/bin/../lib/gcc/arm-none-eabi/15.2.1/../../../../arm-none-eabi/lib/thumb/v8-m.main/nofp/libc_nano.a(libc_a-exit.o)
 .ARM.attributes
                0x0000040c       0x32 /opt/arm/gcc-arm-none-eabi/bin/../lib/gcc/arm-none-eabi/15.2.1/../../../../arm-none-eabi/lib/thumb/v8-m.main/nofp/libc_nano.a(libc_a-fflush.o)
 .ARM.attributes
                0x0000043e       0x32 /opt/arm/gcc-arm-none-eabi/bin/../lib/gcc/arm-none-eabi/15.2.1/../../../../arm-none-eabi/lib/thumb/v8-m.main/nofp/libc_nano.a(libc_a-findfp.o)
 .ARM.attributes
                0x00000470       0x32 /opt/arm/gcc-arm-none-eabi/bin/../lib/gcc/arm-none-eabi/15.2.1/../../../../arm-none-eabi/lib/thumb/v8-m.main/nofp/libc_nano.a(libc_a-fwalk.o)
 .ARM.attributes
                0x000004a2       0x32 /opt/arm/gcc-arm-none-eabi/bin/../lib/gcc/arm-none-eabi/15.2.1/../../../../arm-none-eabi/lib/thumb/v8-m.main/nofp/libc_nano.a(libc_a-printf.o)
 .ARM.attributes
                0x000004d4       0x32 /opt/arm/gcc-arm-none-eabi/bin/../lib/gcc/arm-none-eabi/15.2.1/../../../../arm-none-eabi/lib/thumb/v8-m.main/nofp/libc_nano.a(libc_a-stdio.o)
 .ARM.attributes
                0x00000506       0x32 /opt/arm/gcc-arm-none-eabi/bin/../lib/gcc/arm-none-eabi/15.2.1/../../../../arm-none-eabi/lib/thumb/v8-m.main/nofp/libc_nano.a(libc_a-wbuf.o)
 .ARM.attributes
                0x00000538       0x32 /opt/arm/gcc-arm-none-eabi/bin/../lib/gcc/arm-none-eabi/15.2.1/../../../../arm-none-eabi/lib/thumb/v8-m.main/nofp/libc_nano.a(libc_a-wsetup.o)
 .ARM.attributes
                0x0000056a       0x32 /opt/arm/gcc-arm-none-eabi/bin/../lib/gcc/arm-none-eabi/15.2.1/../../../../arm-none-eabi/lib/thumb/v8-m.main/nofp/libc_nano.a(libc_a-memcmp.o)
 .ARM.attributes
                0x0000059c       0x32 /opt/arm/gcc-arm-none-eabi/bin/../lib/gcc/arm-none-eabi/15.2.1/../../../../arm-none-eabi/lib/thumb/v8-m.main/nofp/libc_nano.a(libc_a-memset.o)
 .ARM.attributes
                0x000005ce       0x32 /opt/arm/gcc-arm-none-eabi/bin/../lib/gcc/arm-none-eabi/15.2.1/../../../../arm-none-eabi/lib/thumb/v8-m.main/nofp/libc_nano.a(libc_a-closer.o)
 .ARM.attributes
                0x00000600       0x32 /opt/arm/gcc-arm-none-eabi/bin/../lib/gcc/arm-none-eabi/15.2.1/../../../../arm-none-eabi/lib/thumb/v8-m.main/nofp/libc_nano.a(libc_a-reent.o)
 .ARM.attributes
                0x00000632       0x32 /opt/arm/gcc-arm-none-eabi/bin/../lib/gcc/arm-none-eabi/15.2.1/../../../../arm-none-eabi/lib/thumb/v8-m.main/nofp/libc_nano.a(libc_a-impure.o)
 .ARM.attributes
                0x00000664       0x32 /opt/arm/gcc-arm-none-eabi/bin/../lib/gcc/arm-none-eabi/15.2.1/../../../../arm-none-eabi/lib/thumb/v8-m.main/nofp/libc_nano.a(libc_a-lseekr.o)
 .ARM.attributes
                0x00000696       0x32 /opt/arm/gcc-arm-none-eabi/bin/../lib/gcc/arm-none-eabi/15.2.1/../../../../arm-none-eabi/lib/thumb/v8-m.main/nofp/libc_nano.a(libc_a-readr.o)
 .ARM.attributes
                0x000006c8       0x32 /opt/arm/gcc-arm-none-eabi/bin/../lib/gcc/arm-none-eabi/15.2.1/../../../../arm-none-eabi/lib/thumb/v8-m.main/nofp/libc_nano.a(libc_a-writer.o)
 .ARM.attributes
                0x000006fa       0x32 /opt/arm/gcc-arm-none-eabi/bin/../lib/gcc/arm-none-eabi/15.2.1/../../../../arm-none-eabi/lib/thumb/v8-m.main/nofp/libc_nano.a(libc_a-init.o)
 .ARM.attributes
                0x0000072c       0x32 /opt/arm/gcc-arm-none-eabi/bin/../lib/gcc/arm-none-eabi/15.2.1/../../../../arm-none-eabi/lib/thumb/v8-m.main/nofp/libc_nano.a(libc_a-lock.o)
 .ARM.attributes
                0x0000075e       0x32 /opt/arm/gcc-arm-none-eabi/bin/../lib/gcc/arm-none-eabi/15.2.1/../../../../arm-none-eabi/lib/thumb/v8-m.main/nofp/libc_nano.a(libc_a-memcpy-stub.o)
 .ARM.attributes
                0x00000790       0x32 /opt/arm/gcc-arm-none-eabi/bin/../lib/gcc/arm-none-eabi/15.2.1/../../../../arm-none-eabi/lib/thumb/v8-m.main/nofp/libc_nano.a(libc_a-freer.o)
 .ARM.attributes
                0x000007c2       0x32 /opt/arm/gcc-arm-none-eabi/bin/../lib/gcc/arm-none-eabi/15.2.1/../../../../arm-none-eabi/lib/thumb/v8-m.main/nofp/libc_nano.a(libc_a-mallocr.o)
 .ARM.attributes
                0x000007f4       0x32 /opt/arm/gcc-arm-none-eabi/bin/../lib/gcc/arm-none-eabi/15.2.1/../../../../arm-none-eabi/lib/thumb/v8-m.main/nofp/libc_nano.a(libc_a-mlock.o)
 .ARM.attributes
                0x00000826       0x32 /opt/arm/gcc-arm-none-eabi/bin/../lib/gcc/arm-none-eabi/15.2.1/../../../../arm-none-eabi/lib/thumb/v8-m.main/nofp/libc_nano.a(libc_a-nano-vfprintf.o)
 .ARM.attributes
                0x00000858       0x32 /opt/arm/gcc-arm-none-eabi/bin/../lib/gcc/arm-none-eabi/15.2.1/../../../../arm-none-eabi/lib/thumb/v8-m.main/nofp/libc_nano.a(libc_a-nano-vfprintf_i.o)
 .ARM.attributes
                0x0000088a       0x32 /opt/arm/gcc-arm-none-eabi/bin/../lib/gcc/arm-none-eabi/15.2.1/../../../../arm-none-eabi/lib/thumb/v8-m.main/nofp/libc_nano.a(libc_a-makebuf.o)
 .ARM.attributes
                0x000008bc       0x32 /opt/arm/gcc-arm-none-eabi/bin/../lib/gcc/arm-none-eabi/15.2.1/../../../../arm-none-eabi/lib/thumb/v8-m.main/nofp/libc_nano.a(libc_a-fstatr.o)
 .ARM.attributes
                0x000008ee       0x32 /opt/arm/gcc-arm-none-eabi/bin/../lib/gcc/arm-none-eabi/15.2.1/../../../../arm-none-eabi/lib/thumb/v8-m.main/nofp/libc_nano.a(libc_a-isattyr.o)
 .ARM.attributes
                0x00000920       0x32 /opt/arm/gcc-arm-none-eabi/bin/../lib/gcc/arm-none-eabi/15.2.1/../../../../arm-none-eabi/lib/thumb/v8-m.main/nofp/libc_nano.a(libc_a-sbrkr.o)
 .ARM.attributes
                0x00000952       0x32 /opt/arm/gcc-arm-none-eabi/bin/../lib/gcc/arm-none-eabi/15.2.1/../../../../arm-none-eabi/lib/thumb/v8-m.main/nofp/libc_nano.a(libc_a-memchr-stub.o)
 .ARM.attributes
                0x00000984       0x32 /opt/arm/gcc-arm-none-eabi/bin/../lib/gcc/arm-none-eabi/15.2.1/../../../../arm-none-eabi/lib/thumb/v8-m.main/nofp/libnosys.a(close.o)
 .ARM.attributes
                0x000009b6       0x32 /opt/arm/gcc-arm-none-eabi/bin/../lib/gcc/arm-none-eabi/15.2.1/../../../../arm-none-eabi/lib/thumb/v8-m.main/nofp/libnosys.a(fstat.o)
 .ARM.attributes
                0x000009e8       0x32 /opt/arm/gcc-arm-none-eabi/bin/../lib/gcc/arm-none-eabi/15.2.1/../../../../arm-none-eabi/lib/thumb/v8-m.main/nofp/libnosys.a(isatty.o)
 .ARM.attributes
                0x00000a1a       0x32 /opt/arm/gcc-arm-none-eabi/bin/../lib/gcc/arm-none-eabi/15.2.1/../../../../arm-none-eabi/lib/thumb/v8-m.main/nofp/libnosys.a(lseek.o)
 .ARM.attributes
                0x00000a4c       0x32 /opt/arm/gcc-arm-none-eabi/bin/../lib/gcc/arm-none-eabi/15.2.1/../../../../arm-none-eabi/lib/thumb/v8-m.main/nofp/libnosys.a(read.o)
 .ARM.attributes
                0x00000a7e       0x32 /opt/arm/gcc-arm-none-eabi/bin/../lib/gcc/arm-none-eabi/15.2.1/../../../../arm-none-eabi/lib/thumb/v8-m.main/nofp/libnosys.a(sbrk.o)
 .ARM.attributes
                0x00000ab0       0x32 /opt/arm/gcc-arm-none-eabi/bin/../lib/gcc/arm-none-eabi/15.2.1/../../../../arm-none-eabi/lib/thumb/v8-m.main/nofp/libnosys.a(_exit.o)
 .ARM.attributes
                0x00000ae2       0x32 /opt/arm/gcc-arm-none-eabi/bin/../lib/gcc/arm-none-eabi/15.2.1/thumb/v8-m.main/nofp/crtend.o
 .ARM.attributes
                0x00000b14       0x22 /opt/arm/gcc-arm-none-eabi/bin/../lib/gcc/arm-none-eabi/15.2.1/thumb/v8-m.main/nofp/crtn.o

/DISCARD/
 *(.comment)
 *(.note.*)
                0x00000001                        ASSERT (((ADDR (.vectors_rom) + SIZEOF (.vectors_rom)) <= 0x11020000), LR_ROM overflow: vector table does not fit in the 128 KB BOOT ROM)
                0x00000001                        ASSERT ((__sram_watermark <= 0x31400000), LR_RAM overflow: image does not fit in the 4 MB secure internal SRAM)
                0x00000001                        ASSERT ((SIZEOF (.ddr) <= 0x20000), LR_DDR overflow: NPU streams exceed 128 KB)
                0x00000001                        ASSERT ((SIZEOF (.sec_noinit) <= 0x100000), LR_NoInit overflow: NPU scratch/output exceed 1 MB)
OUTPUT(build_runner/runner_v1.elf elf32-littlearm)
LOAD linker stubs

.debug_line_str
                0x00000000       0xd0
 .debug_line_str
                0x00000000       0xd0 /opt/arm/gcc-arm-none-eabi/bin/../lib/gcc/arm-none-eabi/15.2.1/../../../../arm-none-eabi/lib/thumb/v8-m.main/nofp/crt0.o

.debug_info     0x00000000     0xd376
 .debug_info    0x00000000     0x156e build_runner/Device_SSE-320/device_definition.o
 .debug_info    0x0000156e      0xb83 build_runner/Device_SSE-320/startup_ARMCM85.o
 .debug_info    0x000020f1      0x493 build_runner/Device_SSE-320/system_ARMCM85.o
 .debug_info    0x00002584     0x220a build_runner/Drivers/cmsdk_apb_uart_driver/Driver_USART.o
 .debug_info    0x0000478e      0x5ea build_runner/Drivers/cmsdk_apb_uart_driver/cmsdk_apb_uart.o
 .debug_info    0x00004d78     0x1775 build_runner/Drivers/u85_driver/u85.o
 .debug_info    0x000064ed     0x259f build_runner/Selftest/runner_v1_main.o
 .debug_info    0x00008a8c     0x10d8 build_runner/Serial/serial.o
 .debug_info    0x00009b64     0x224c build_runner/Tests/dma350xfers_test/dma_xfers.o
 .debug_info    0x0000bdb0      0x3b6 build_runner/Tests/u85_test/u85_AXIBus.o
 .debug_info    0x0000c166      0x3ae build_runner/Tests/u85_test/u85_Convolution.o
 .debug_info    0x0000c514      0x39b build_runner/Tests/u85_test/u85_MaxPooling.o
 .debug_info    0x0000c8af      0x3ae build_runner/Tests/u85_test/u85_PowerIndicative.o
 .debug_info    0x0000cc5d      0x3ae build_runner/Tests/u85_test/u85_PowerIndicativeMax.o
 .debug_info    0x0000d00b      0x36b build_runner/Tests/u85_test/u85_RegConfig.o

.debug_abbrev   0x00000000     0x23e5
 .debug_abbrev  0x00000000      0x189 build_runner/Device_SSE-320/device_definition.o
 .debug_abbrev  0x00000189      0x208 build_runner/Device_SSE-320/startup_ARMCM85.o
 .debug_abbrev  0x00000391      0x15c build_runner/Device_SSE-320/system_ARMCM85.o
 .debug_abbrev  0x000004ed      0x356 build_runner/Drivers/cmsdk_apb_uart_driver/Driver_USART.o
 .debug_abbrev  0x00000843      0x1c6 build_runner/Drivers/cmsdk_apb_uart_driver/cmsdk_apb_uart.o
 .debug_abbrev  0x00000a09      0x39f build_runner/Drivers/u85_driver/u85.o
 .debug_abbrev  0x00000da8      0x52d build_runner/Selftest/runner_v1_main.o
 .debug_abbrev  0x000012d5      0x32b build_runner/Serial/serial.o
 .debug_abbrev  0x00001600      0x4c7 build_runner/Tests/dma350xfers_test/dma_xfers.o
 .debug_abbrev  0x00001ac7      0x1a0 build_runner/Tests/u85_test/u85_AXIBus.o
 .debug_abbrev  0x00001c67      0x171 build_runner/Tests/u85_test/u85_Convolution.o
 .debug_abbrev  0x00001dd8      0x18f build_runner/Tests/u85_test/u85_MaxPooling.o
 .debug_abbrev  0x00001f67      0x171 build_runner/Tests/u85_test/u85_PowerIndicative.o
 .debug_abbrev  0x000020d8      0x186 build_runner/Tests/u85_test/u85_PowerIndicativeMax.o
 .debug_abbrev  0x0000225e      0x187 build_runner/Tests/u85_test/u85_RegConfig.o

.debug_aranges  0x00000000      0x988
 .debug_aranges
                0x00000000       0x18 build_runner/Device_SSE-320/device_definition.o
 .debug_aranges
                0x00000018      0x410 build_runner/Device_SSE-320/startup_ARMCM85.o
 .debug_aranges
                0x00000428       0x28 build_runner/Device_SSE-320/system_ARMCM85.o
 .debug_aranges
                0x00000450      0x2d0 build_runner/Drivers/cmsdk_apb_uart_driver/Driver_USART.o
 .debug_aranges
                0x00000720       0x60 build_runner/Drivers/cmsdk_apb_uart_driver/cmsdk_apb_uart.o
 .debug_aranges
                0x00000780       0x28 build_runner/Drivers/u85_driver/u85.o
 .debug_aranges
                0x000007a8       0x60 build_runner/Selftest/runner_v1_main.o
 .debug_aranges
                0x00000808       0x70 build_runner/Serial/serial.o
 .debug_aranges
                0x00000878       0x50 build_runner/Tests/dma350xfers_test/dma_xfers.o
 .debug_aranges
                0x000008c8       0x20 build_runner/Tests/u85_test/u85_AXIBus.o
 .debug_aranges
                0x000008e8       0x20 build_runner/Tests/u85_test/u85_Convolution.o
 .debug_aranges
                0x00000908       0x20 build_runner/Tests/u85_test/u85_MaxPooling.o
 .debug_aranges
                0x00000928       0x20 build_runner/Tests/u85_test/u85_PowerIndicative.o
 .debug_aranges
                0x00000948       0x20 build_runner/Tests/u85_test/u85_PowerIndicativeMax.o
 .debug_aranges
                0x00000968       0x20 build_runner/Tests/u85_test/u85_RegConfig.o

.debug_macro    0x00000000     0x8265
 .debug_macro   0x00000000      0x2b5 build_runner/Device_SSE-320/device_definition.o
 .debug_macro   0x000002b5      0xad2 build_runner/Device_SSE-320/device_definition.o
 .debug_macro   0x00000d87       0xa6 build_runner/Device_SSE-320/device_definition.o
 .debug_macro   0x00000e2d       0x22 build_runner/Device_SSE-320/device_definition.o
 .debug_macro   0x00000e4f       0x8e build_runner/Device_SSE-320/device_definition.o
 .debug_macro   0x00000edd       0x51 build_runner/Device_SSE-320/device_definition.o
 .debug_macro   0x00000f2e      0x103 build_runner/Device_SSE-320/device_definition.o
 .debug_macro   0x00001031       0x6a build_runner/Device_SSE-320/device_definition.o
 .debug_macro   0x0000109b      0x1df build_runner/Device_SSE-320/device_definition.o
 .debug_macro   0x0000127a       0x22 build_runner/Device_SSE-320/device_definition.o
 .debug_macro   0x0000129c      0x190 build_runner/Device_SSE-320/device_definition.o
 .debug_macro   0x0000142c       0x34 build_runner/Device_SSE-320/device_definition.o
 .debug_macro   0x00001460      0x1da build_runner/Device_SSE-320/device_definition.o
 .debug_macro   0x0000163a       0xd0 build_runner/Device_SSE-320/device_definition.o
 .debug_macro   0x0000170a       0x7b build_runner/Device_SSE-320/device_definition.o
 .debug_macro   0x00001785       0x24 build_runner/Device_SSE-320/device_definition.o
 .debug_macro   0x000017a9       0x3c build_runner/Device_SSE-320/device_definition.o
 .debug_macro   0x000017e5       0x34 build_runner/Device_SSE-320/device_definition.o
 .debug_macro   0x00001819      0x364 build_runner/Device_SSE-320/device_definition.o
 .debug_macro   0x00001b7d       0x16 build_runner/Device_SSE-320/device_definition.o
 .debug_macro   0x00001b93       0x4a build_runner/Device_SSE-320/device_definition.o
 .debug_macro   0x00001bdd       0x34 build_runner/Device_SSE-320/device_definition.o
 .debug_macro   0x00001c11       0x10 build_runner/Device_SSE-320/device_definition.o
 .debug_macro   0x00001c21       0x58 build_runner/Device_SSE-320/device_definition.o
 .debug_macro   0x00001c79      0x1e5 build_runner/Device_SSE-320/device_definition.o
 .debug_macro   0x00001e5e       0x10 build_runner/Device_SSE-320/device_definition.o
 .debug_macro   0x00001e6e       0x3c build_runner/Device_SSE-320/device_definition.o
 .debug_macro   0x00001eaa       0x93 build_runner/Device_SSE-320/device_definition.o
 .debug_macro   0x00001f3d       0x52 build_runner/Device_SSE-320/device_definition.o
 .debug_macro   0x00001f8f       0x28 build_runner/Device_SSE-320/device_definition.o
 .debug_macro   0x00001fb7       0x10 build_runner/Device_SSE-320/device_definition.o
 .debug_macro   0x00001fc7       0x70 build_runner/Device_SSE-320/device_definition.o
 .debug_macro   0x00002037       0x10 build_runner/Device_SSE-320/device_definition.o
 .debug_macro   0x00002047       0x65 build_runner/Device_SSE-320/device_definition.o
 .debug_macro   0x000020ac       0x1c build_runner/Device_SSE-320/device_definition.o
 .debug_macro   0x000020c8       0x17 build_runner/Device_SSE-320/device_definition.o
 .debug_macro   0x000020df       0x58 build_runner/Device_SSE-320/device_definition.o
 .debug_macro   0x00002137      0x26d build_runner/Device_SSE-320/device_definition.o
 .debug_macro   0x000023a4       0x28 build_runner/Device_SSE-320/device_definition.o
 .debug_macro   0x000023cc     0x2ae4 build_runner/Device_SSE-320/device_definition.o
 .debug_macro   0x00004eb0      0x130 build_runner/Device_SSE-320/device_definition.o
 .debug_macro   0x00004fe0      0x345 build_runner/Device_SSE-320/device_definition.o
 .debug_macro   0x00005325      0x193 build_runner/Device_SSE-320/device_definition.o
 .debug_macro   0x000054b8       0x22 build_runner/Device_SSE-320/device_definition.o
 .debug_macro   0x000054da       0xca build_runner/Device_SSE-320/device_definition.o
 .debug_macro   0x000055a4       0x1c build_runner/Device_SSE-320/device_definition.o
 .debug_macro   0x000055c0      0x107 build_runner/Device_SSE-320/startup_ARMCM85.o
 .debug_macro   0x000056c7      0x100 build_runner/Device_SSE-320/system_ARMCM85.o
 .debug_macro   0x000057c7      0x2b6 build_runner/Drivers/cmsdk_apb_uart_driver/Driver_USART.o
 .debug_macro   0x00005a7d       0xd6 build_runner/Drivers/cmsdk_apb_uart_driver/Driver_USART.o
 .debug_macro   0x00005b53       0xa2 build_runner/Drivers/cmsdk_apb_uart_driver/cmsdk_apb_uart.o
 .debug_macro   0x00005bf5      0x2dc build_runner/Drivers/u85_driver/u85.o
 .debug_macro   0x00005ed1       0x3a build_runner/Drivers/u85_driver/u85.o
 .debug_macro   0x00005f0b       0x89 build_runner/Drivers/u85_driver/u85.o
 .debug_macro   0x00005f94      0x4cc build_runner/Drivers/u85_driver/u85.o
 .debug_macro   0x00006460       0x9b build_runner/Drivers/u85_driver/u85.o
 .debug_macro   0x000064fb       0x16 build_runner/Drivers/u85_driver/u85.o
 .debug_macro   0x00006511       0xe8 build_runner/Drivers/u85_driver/u85.o
 .debug_macro   0x000065f9      0x25d build_runner/Selftest/runner_v1_main.o
 .debug_macro   0x00006856      0x1a3 build_runner/Serial/serial.o
 .debug_macro   0x000069f9      0x352 build_runner/Tests/dma350xfers_test/dma_xfers.o
 .debug_macro   0x00006d4b      0x33b build_runner/Tests/dma350xfers_test/dma_xfers.o
 .debug_macro   0x00007086      0x2c8 build_runner/Tests/u85_test/u85_AXIBus.o
 .debug_macro   0x0000734e       0x17 build_runner/Tests/u85_test/u85_AXIBus.o
 .debug_macro   0x00007365      0x2d9 build_runner/Tests/u85_test/u85_Convolution.o
 .debug_macro   0x0000763e       0x1c build_runner/Tests/u85_test/u85_Convolution.o
 .debug_macro   0x0000765a       0x16 build_runner/Tests/u85_test/u85_Convolution.o
 .debug_macro   0x00007670      0x2be build_runner/Tests/u85_test/u85_MaxPooling.o
 .debug_macro   0x0000792e       0x23 build_runner/Tests/u85_test/u85_MaxPooling.o
 .debug_macro   0x00007951      0x2e9 build_runner/Tests/u85_test/u85_PowerIndicative.o
 .debug_macro   0x00007c3a       0x1c build_runner/Tests/u85_test/u85_PowerIndicative.o
 .debug_macro   0x00007c56       0x16 build_runner/Tests/u85_test/u85_PowerIndicative.o
 .debug_macro   0x00007c6c      0x2e9 build_runner/Tests/u85_test/u85_PowerIndicativeMax.o
 .debug_macro   0x00007f55       0x1c build_runner/Tests/u85_test/u85_PowerIndicativeMax.o
 .debug_macro   0x00007f71       0x16 build_runner/Tests/u85_test/u85_PowerIndicativeMax.o
 .debug_macro   0x00007f87      0x2c8 build_runner/Tests/u85_test/u85_RegConfig.o
 .debug_macro   0x0000824f       0x16 build_runner/Tests/u85_test/u85_RegConfig.o

.debug_line     0x00000000     0x8767
 .debug_line    0x00000000      0x644 build_runner/Device_SSE-320/device_definition.o
 .debug_line    0x00000644      0xdf5 build_runner/Device_SSE-320/startup_ARMCM85.o
 .debug_line    0x00001439      0x39a build_runner/Device_SSE-320/system_ARMCM85.o
 .debug_line    0x000017d3     0x122a build_runner/Drivers/cmsdk_apb_uart_driver/Driver_USART.o
 .debug_line    0x000029fd      0x437 build_runner/Drivers/cmsdk_apb_uart_driver/cmsdk_apb_uart.o
 .debug_line    0x00002e34      0xa94 build_runner/Drivers/u85_driver/u85.o
 .debug_line    0x000038c8     0x12cf build_runner/Selftest/runner_v1_main.o
 .debug_line    0x00004b97      0x648 build_runner/Serial/serial.o
 .debug_line    0x000051df     0x134d build_runner/Tests/dma350xfers_test/dma_xfers.o
 .debug_line    0x0000652c      0x557 build_runner/Tests/u85_test/u85_AXIBus.o
 .debug_line    0x00006a83      0x5c4 build_runner/Tests/u85_test/u85_Convolution.o
 .debug_line    0x00007047      0x55b build_runner/Tests/u85_test/u85_MaxPooling.o
 .debug_line    0x000075a2      0x634 build_runner/Tests/u85_test/u85_PowerIndicative.o
 .debug_line    0x00007bd6      0x637 build_runner/Tests/u85_test/u85_PowerIndicativeMax.o
 .debug_line    0x0000820d      0x55a build_runner/Tests/u85_test/u85_RegConfig.o

.debug_str      0x00000000    0x35c1a
 .debug_str     0x00000000    0x35c1a build_runner/Device_SSE-320/device_definition.o
                              0x1db11 (size before relaxing)
 .debug_str     0x00035c1a        0x0 build_runner/Device_SSE-320/startup_ARMCM85.o
                              0x17d74 (size before relaxing)
 .debug_str     0x00035c1a        0x0 build_runner/Device_SSE-320/system_ARMCM85.o
                              0x1749d (size before relaxing)
 .debug_str     0x00035c1a        0x0 build_runner/Drivers/cmsdk_apb_uart_driver/Driver_USART.o
                              0x1d49b (size before relaxing)
 .debug_str     0x00035c1a        0x0 build_runner/Drivers/cmsdk_apb_uart_driver/cmsdk_apb_uart.o
                               0x5952 (size before relaxing)
 .debug_str     0x00035c1a        0x0 build_runner/Drivers/u85_driver/u85.o
                              0x1df98 (size before relaxing)
 .debug_str     0x00035c1a        0x0 build_runner/Selftest/runner_v1_main.o
                               0x8a01 (size before relaxing)
 .debug_str     0x00035c1a        0x0 build_runner/Serial/serial.o
                               0x8cd5 (size before relaxing)
 .debug_str     0x00035c1a        0x0 build_runner/Tests/dma350xfers_test/dma_xfers.o
                              0x2fa00 (size before relaxing)
 .debug_str     0x00035c1a        0x0 build_runner/Tests/u85_test/u85_AXIBus.o
                              0x1d93c (size before relaxing)
 .debug_str     0x00035c1a        0x0 build_runner/Tests/u85_test/u85_Convolution.o
                              0x1d9a7 (size before relaxing)
 .debug_str     0x00035c1a        0x0 build_runner/Tests/u85_test/u85_MaxPooling.o
                              0x1d962 (size before relaxing)
 .debug_str     0x00035c1a        0x0 build_runner/Tests/u85_test/u85_PowerIndicative.o
                              0x1d9b0 (size before relaxing)
 .debug_str     0x00035c1a        0x0 build_runner/Tests/u85_test/u85_PowerIndicativeMax.o
                              0x1d9b5 (size before relaxing)
 .debug_str     0x00035c1a        0x0 build_runner/Tests/u85_test/u85_RegConfig.o
                              0x1d94c (size before relaxing)

.debug_loclists
                0x00000000     0x332c
 .debug_loclists
                0x00000000       0x74 build_runner/Device_SSE-320/startup_ARMCM85.o
 .debug_loclists
                0x00000074      0xd97 build_runner/Drivers/cmsdk_apb_uart_driver/Driver_USART.o
 .debug_loclists
                0x00000e0b      0x32e build_runner/Drivers/cmsdk_apb_uart_driver/cmsdk_apb_uart.o
 .debug_loclists
                0x00001139      0x940 build_runner/Drivers/u85_driver/u85.o
 .debug_loclists
                0x00001a79      0xe79 build_runner/Selftest/runner_v1_main.o
 .debug_loclists
                0x000028f2      0x258 build_runner/Serial/serial.o
 .debug_loclists
                0x00002b4a      0x638 build_runner/Tests/dma350xfers_test/dma_xfers.o
 .debug_loclists
                0x00003182       0x47 build_runner/Tests/u85_test/u85_AXIBus.o
 .debug_loclists
                0x000031c9       0x47 build_runner/Tests/u85_test/u85_Convolution.o
 .debug_loclists
                0x00003210       0x47 build_runner/Tests/u85_test/u85_MaxPooling.o
 .debug_loclists
                0x00003257       0x47 build_runner/Tests/u85_test/u85_PowerIndicative.o
 .debug_loclists
                0x0000329e       0x47 build_runner/Tests/u85_test/u85_PowerIndicativeMax.o
 .debug_loclists
                0x000032e5       0x47 build_runner/Tests/u85_test/u85_RegConfig.o

.debug_rnglists
                0x00000000      0x8a6
 .debug_rnglists
                0x00000000      0x320 build_runner/Device_SSE-320/startup_ARMCM85.o
 .debug_rnglists
                0x00000320       0x19 build_runner/Device_SSE-320/system_ARMCM85.o
 .debug_rnglists
                0x00000339      0x217 build_runner/Drivers/cmsdk_apb_uart_driver/Driver_USART.o
 .debug_rnglists
                0x00000550       0x5b build_runner/Drivers/cmsdk_apb_uart_driver/cmsdk_apb_uart.o
 .debug_rnglists
                0x000005ab       0x57 build_runner/Drivers/u85_driver/u85.o
 .debug_rnglists
                0x00000602      0x135 build_runner/Selftest/runner_v1_main.o
 .debug_rnglists
                0x00000737       0x50 build_runner/Serial/serial.o
 .debug_rnglists
                0x00000787       0xad build_runner/Tests/dma350xfers_test/dma_xfers.o
 .debug_rnglists
                0x00000834       0x13 build_runner/Tests/u85_test/u85_AXIBus.o
 .debug_rnglists
                0x00000847       0x13 build_runner/Tests/u85_test/u85_Convolution.o
 .debug_rnglists