Schedule: 'graph_MIN_BUFFERED'
	0: Operation Conv2D  - OFM 1, 49, 10, 140
		Kernel: size=4,10 stride=1,1, dilation=1,1 padding=[t:4,l:1,b:5,r:2,n:0,f:0]
		Time index = 0
		Operator Config = OFM Block=[1, 24, 10, 16], IFM Block=[1, 32, 14, 16], OFM UBlock=[2, 2, 16] Traversal=PartKernel, AccType=Acc32
		IFM Stripe   = [1, 49, 10, 1]
		IFM2 Stripe  = []
		OFM Stripe   = [1, 49, 10, 140]
		Assigned Cascade = 0
		Encoded Weights = 10816 bytes
		Weight buffer = 10816 bytes
		Depth slices = [0, 16, 140]
		sub-operations: [ Relu6 ]
		Estimated Perf: Macs=2744000 Cycles=46120
		Memory Used: 81376 bytes (op=70560, buf=10816, ccd=0, nl=0)
	1: Operation DepthwiseConv2D  - OFM 1, 25, 5, 140
		Kernel: size=3,3 stride=2,2, dilation=1,1 padding=[t:1,l:0,b:1,r:1,n:0,f:0]
		Time index = 2
		Operator Config = OFM Block=[26, 6, 16], IFM Block=[1, 54, 14, 16], OFM UBlock=[2, 2, 16] Traversal=Depthwise, AccType=Acc32
		IFM Stripe   = [1, 49, 10, 140]
		IFM2 Stripe  = []
		OFM Stripe   = [1, 25, 5, 140]
		Assigned Cascade = 0
		Encoded Weights = 2944 bytes
		Weight buffer = 0 bytes
		Depth slices = [0, 140]
		sub-operations: [ Relu6 ]
		Estimated Perf: Macs=157500 Cycles=7103
		Memory Used: 88560 bytes (op=18000, buf=0, ccd=0, nl=70560)
	2: Operation Conv2D  - OFM 1, 25, 5, 140
		Kernel: size=1,1 stride=1,1, dilation=1,1 padding=[t:0,l:0,b:0,r:0,n:0,f:0]
		Time index = 4
		Operator Config = OFM Block=[1, 14, 6, 48], IFM Block=[1, 14, 6, 64], OFM UBlock=[2, 2, 16] Traversal=DepthFirst, AccType=Acc32
		IFM Stripe   = [1, 25, 5, 140]
		IFM2 Stripe  = []
		OFM Stripe   = [1, 25, 5, 140]
		Assigned Cascade = 0
		Encoded Weights = 22624 bytes
		Weight buffer = 22624 bytes
		Depth slices = [0, 128, 140]
		sub-operations: [ Relu6 ]
		Estimated Perf: Macs=2450000 Cycles=9534
		Memory Used: 58624 bytes (op=18000, buf=22624, ccd=0, nl=18000)
	3: Operation DepthwiseConv2D  - OFM 1, 25, 5, 140
		Kernel: size=3,3 stride=1,1, dilation=1,1 padding=[t:1,l:1,b:1,r:1,n:0,f:0]
		Time index = 6
		Operator Config = OFM Block=[26, 6, 48], IFM Block=[1, 28, 8, 64], OFM UBlock=[2, 2, 16] Traversal=Depthwise, AccType=Acc32
		IFM Stripe   = [1, 25, 5, 140]
		IFM2 Stripe  = []
		OFM Stripe   = [1, 25, 5, 140]
		Assigned Cascade = 0
		Encoded Weights = 3184 bytes
		Weight buffer = 0 bytes
		Depth slices = [0, 140]
		sub-operations: [ Relu6 ]
		Estimated Perf: Macs=157500 Cycles=5451
		Memory Used: 36000 bytes (op=18000, buf=0, ccd=0, nl=18000)
	4: Operation Conv2D  - OFM 1, 25, 5, 140
		Kernel: size=1,1 stride=1,1, dilation=1,1 padding=[t:0,l:0,b:0,r:0,n:0,f:0]
		Time index = 8
		Operator Config = OFM Block=[1, 14, 6, 48], IFM Block=[1, 14, 6, 64], OFM UBlock=[2, 2, 16] Traversal=DepthFirst, AccType=Acc32
		IFM Stripe   = [1, 25, 5, 140]
		IFM2 Stripe  = []
		OFM Stripe   = [1, 25, 5, 140]
		Assigned Cascade = 0
		Encoded Weights = 23328 bytes
		Weight buffer = 23328 bytes
		Depth slices = [0, 96, 140]
		sub-operations: [ Relu6 ]
		Estimated Perf: Macs=2450000 Cycles=9534
		Memory Used: 59328 bytes (op=18000, buf=23328, ccd=0, nl=18000)
	5: Operation DepthwiseConv2D  - OFM 1, 25, 5, 140
		Kernel: size=3,3 stride=1,1, dilation=1,1 padding=[t:1,l:1,b:1,r:1,n:0,f:0]
		Time index = 10
		Operator Config = OFM Block=[26, 6, 48], IFM Block=[1, 28, 8, 64], OFM UBlock=[2, 2, 16] Traversal=Depthwise, AccType=Acc32
		IFM Stripe   = [1, 25, 5, 140]
		IFM2 Stripe  = []
		OFM Stripe   = [1, 25, 5, 140]
		Assigned Cascade = 0
		Encoded Weights = 3200 bytes
		Weight buffer = 0 bytes
		Depth slices = [0, 140]
		sub-operations: [ Relu6 ]
		Estimated Perf: Macs=157500 Cycles=5451
		Memory Used: 36000 bytes (op=18000, buf=0, ccd=0, nl=18000)
	6: Operation Conv2D  - OFM 1, 25, 5, 140
		Kernel: size=1,1 stride=1,1, dilation=1,1 padding=[t:0,l:0,b:0,r:0,n:0,f:0]
		Time index = 12
		Operator Config = OFM Block=[1, 14, 6, 48], IFM Block=[1, 14, 6, 64], OFM UBlock=[2, 2, 16] Traversal=DepthFirst, AccType=Acc32
		IFM Stripe   = [1, 25, 5, 140]
		IFM2 Stripe  = []
		OFM Stripe   = [1, 25, 5, 140]
		Assigned Cascade = 0
		Encoded Weights = 23328 bytes
		Weight buffer = 23328 bytes
		Depth slices = [0, 96, 140]
		sub-operations: [ Relu6 ]
		Estimated Perf: Macs=2450000 Cycles=9534
		Memory Used: 59328 bytes (op=18000, buf=23328, ccd=0, nl=18000)
	7: Operation DepthwiseConv2D  - OFM 1, 25, 5, 140
		Kernel: size=3,3 stride=1,1, dilation=1,1 padding=[t:1,l:1,b:1,r:1,n:0,f:0]
		Time index = 14
		Operator Config = OFM Block=[26, 6, 48], IFM Block=[1, 28, 8, 64], OFM UBlock=[2, 2, 16] Traversal=Depthwise, AccType=Acc32
		IFM Stripe   = [1, 25, 5, 140]
		IFM2 Stripe  = []
		OFM Stripe   = [1, 25, 5, 140]
		Assigned Cascade = 0
		Encoded Weights = 3072 bytes
		Weight buffer = 0 bytes
		Depth slices = [0, 140]
		sub-operations: [ Relu6 ]
		Estimated Perf: Macs=157500 Cycles=5451
		Memory Used: 36000 bytes (op=18000, buf=0, ccd=0, nl=18000)
	8: Operation Conv2D  - OFM 1, 25, 5, 112
		Kernel: size=1,1 stride=1,1, dilation=1,1 padding=[t:0,l:0,b:0,r:0,n:0,f:0]
		Time index = 16
		Operator Config = OFM Block=[1, 10, 6, 64], IFM Block=[1, 10, 6, 64], OFM UBlock=[2, 2, 16] Traversal=DepthFirst, AccType=Acc32
		IFM Stripe   = [1, 25, 5, 140]
		IFM2 Stripe  = []
		OFM Stripe   = [1, 25, 5, 112]
		Assigned Cascade = 0
		Encoded Weights = 18496 bytes
		Weight buffer = 18496 bytes
		Depth slices = [0, 96, 112]
		sub-operations: [ Relu6 ]
		Estimated Perf: Macs=1960000 Cycles=7802
		Memory Used: 50496 bytes (op=14000, buf=18496, ccd=0, nl=18000)
	9: Operation DepthwiseConv2D  - OFM 1, 25, 5, 112
		Kernel: size=3,3 stride=1,1, dilation=1,1 padding=[t:1,l:1,b:1,r:1,n:0,f:0]
		Time index = 18
		Operator Config = OFM Block=[26, 6, 48], IFM Block=[1, 28, 8, 64], OFM UBlock=[2, 2, 16] Traversal=Depthwise, AccType=Acc32
		IFM Stripe   = [1, 25, 5, 112]
		IFM2 Stripe  = []
		OFM Stripe   = [1, 25, 5, 112]
		Assigned Cascade = 0
		Encoded Weights = 2416 bytes
		Weight buffer = 0 bytes
		Depth slices = [0, 112]
		sub-operations: [ Relu6 ]
		Estimated Perf: Macs=126000 Cycles=4515
		Memory Used: 28000 bytes (op=14000, buf=0, ccd=0, nl=14000)
	10: Operation Conv2D  - OFM 1, 25, 5, 196
		Kernel: size=1,1 stride=1,1, dilation=1,1 padding=[t:0,l:0,b:0,r:0,n:0,f:0]
		Time index = 20
		Operator Config = OFM Block=[1, 20, 6, 32], IFM Block=[1, 20, 6, 64], OFM UBlock=[2, 2, 16] Traversal=DepthFirst, AccType=Acc32
		IFM Stripe   = [1, 25, 5, 112]
		IFM2 Stripe  = []
		OFM Stripe   = [1, 25, 5, 196]
		Assigned Cascade = 0
		Encoded Weights = 25904 bytes
		Weight buffer = 25904 bytes
		Depth slices = [0, 96, 196]
		sub-operations: [ Relu6 ]
		Estimated Perf: Macs=2744000 Cycles=9209
		Memory Used: 65904 bytes (op=26000, buf=25904, ccd=0, nl=14000)
	11: Operation AvgPool  - OFM 1, 1, 1, 196
		Kernel: size=5,25 stride=1,1, dilation=1,1 padding=[t:0,l:0,b:0,r:0,n:0,f:0]
		Time index = 22
		Operator Config = OFM Block=[2, 2, 128], IFM Block=[1, 9, 6, 128], OFM UBlock=[2, 2, 16] Traversal=DepthFirst, AccType=Acc32
		IFM Stripe   = [1, 25, 5, 196]
		IFM2 Stripe  = []
		OFM Stripe   = [1, 1, 1, 196]
		Assigned Cascade = 0
		sub-operations: -
		Estimated Perf: Macs=24500 Cycles=7956
		Memory Used: 26208 bytes (op=208, buf=0, ccd=0, nl=26000)
	12: Operation Conv2D  - OFM 1, 1, 1, 12
		Kernel: size=1,1 stride=1,1, dilation=1,1 padding=[t:0,l:0,b:0,r:0,n:0,f:0]
		Time index = 24
		Operator Config = OFM Block=[1, 2, 2, 16], IFM Block=[1, 2, 2, 64], OFM UBlock=[2, 2, 16] Traversal=DepthFirst, AccType=Acc32
		IFM Stripe   = [1, 1, 1, 196]
		IFM2 Stripe  = []
		OFM Stripe   = [1, 1, 1, 12]
		Assigned Cascade = 0
		Encoded Weights = 2848 bytes
		Weight buffer = 0 bytes
		Depth slices = [0, 12]
		sub-operations: -
		Estimated Perf: Macs=2352 Cycles=647
		Memory Used: 208 bytes (op=0, buf=0, ccd=0, nl=208)
	Cascades:

################################################################################
Performance for NPU Grap /work/u85mech/pd/kws_micronet_m__512_Low/vela_verbose/kws_micronet_m
Original Operator    NNG Operator         Target Staging Usage  Peak% (Staging)  Op Cycles Network% (cycles)        NPU    SRAM AC    DRAM AC OnFlash AC OffFlash AC  MAC Count Network% (MAC)  Util% (MAC) Name                 
-------------------- -------------------- ------ ------------- ---------------- ---------- ----------------- ---------- ---------- ---------- ---------- ----------- ---------- -------------- ------------ -------------------- 
Conv2D               Conv2D               NPU            81376            73.19      44915             36.29      44915       3377      42187          0           0    1372000           9.66         5.97 Relu6;StatefulPartitionedCall/StatefulPartitionedCall/PartitionedCall_3/PartitionedCall/Relu6;FusedBatchNormV3;StatefulPartitionedCall/StatefulPartitionedCall/StatefulPartitionedCall_1/StatefulPartitionedCall/FusedBatchNormV3;FusedBatchNormV3;StatefulPartitionedCall/StatefulPartitionedCall/StatefulPartitionedCall_15/StatefulPartitionedCall/FusedBatchNormV3;depthwise;StatefulPartitionedCall/StatefulPartitionedCall/PartitionedCall_16/PartitionedCall/depthwise;Conv2D;StatefulPartitionedCall/StatefulPartitionedCall/PartitionedCall_2/PartitionedCall/Conv2D 
Conv2D               Relu6                NPU                0             0.00          0              0.00          0          0          0          0           0          0           0.00       100.00 Relu6;StatefulPartitionedCall/StatefulPartitionedCall/PartitionedCall_3/PartitionedCall/Relu6;FusedBatchNormV3;StatefulPartitionedCall/StatefulPartitionedCall/StatefulPartitionedCall_1/StatefulPartitionedCall/FusedBatchNormV3;FusedBatchNormV3;StatefulPartitionedCall/StatefulPartitionedCall/StatefulPartitionedCall_15/StatefulPartitionedCall/FusedBatchNormV3;depthwise;StatefulPartitionedCall/StatefulPartitionedCall/PartitionedCall_16/PartitionedCall/depthwise;Conv2D;StatefulPartitionedCall/StatefulPartitionedCall/PartitionedCall_2/PartitionedCall/Conv2D 
DepthwiseConv2D      DepthwiseConv2D      NPU            88560            79.65       4524              3.65       4524       2767       3515          0           0     157500           1.11         6.80 Relu6;StatefulPartitionedCall/StatefulPartitionedCall/PartitionedCall_5/PartitionedCall/Relu6;FusedBatchNormV3;StatefulPartitionedCall/StatefulPartitionedCall/StatefulPartitionedCall_3/StatefulPartitionedCall/FusedBatchNormV3;FusedBatchNormV3;StatefulPartitionedCall/StatefulPartitionedCall/StatefulPartitionedCall_15/StatefulPartitionedCall/FusedBatchNormV3;depthwise;StatefulPartitionedCall/StatefulPartitionedCall/PartitionedCall_16/PartitionedCall/depthwise;depthwise;StatefulPartitionedCall/StatefulPartitionedCall/PartitionedCall_4/PartitionedCall/depthwise 
DepthwiseConv2D      Relu6                NPU                0             0.00          0              0.00          0          0          0          0           0          0           0.00       100.00 Relu6;StatefulPartitionedCall/StatefulPartitionedCall/PartitionedCall_5/PartitionedCall/Relu6;FusedBatchNormV3;StatefulPartitionedCall/StatefulPartitionedCall/StatefulPartitionedCall_3/StatefulPartitionedCall/FusedBatchNormV3;FusedBatchNormV3;StatefulPartitionedCall/StatefulPartitionedCall/StatefulPartitionedCall_15/StatefulPartitionedCall/FusedBatchNormV3;depthwise;StatefulPartitionedCall/StatefulPartitionedCall/PartitionedCall_16/PartitionedCall/depthwise;depthwise;StatefulPartitionedCall/StatefulPartitionedCall/PartitionedCall_4/PartitionedCall/depthwise 
Conv2D               Conv2D               NPU            58624            52.73       9361              7.56       9361       3833       7031          0           0    2450000          17.24        51.12 Relu6;StatefulPartitionedCall/StatefulPartitionedCall/PartitionedCall_7/PartitionedCall/Relu6;FusedBatchNormV3;StatefulPartitionedCall/StatefulPartitionedCall/StatefulPartitionedCall_5/StatefulPartitionedCall/FusedBatchNormV3;FusedBatchNormV3;StatefulPartitionedCall/StatefulPartitionedCall/StatefulPartitionedCall_15/StatefulPartitionedCall/FusedBatchNormV3;depthwise;StatefulPartitionedCall/StatefulPartitionedCall/PartitionedCall_16/PartitionedCall/depthwise;Conv2D;StatefulPartitionedCall/StatefulPartitionedCall/PartitionedCall_6/PartitionedCall/Conv2D 
Conv2D               Relu6                NPU                0             0.00          0              0.00          0          0          0          0           0          0           0.00       100.00 Relu6;StatefulPartitionedCall/StatefulPartitionedCall/PartitionedCall_7/PartitionedCall/Relu6;FusedBatchNormV3;StatefulPartitionedCall/StatefulPartitionedCall/StatefulPartitionedCall_5/StatefulPartitionedCall/FusedBatchNormV3;FusedBatchNormV3;StatefulPartitionedCall/StatefulPartitionedCall/StatefulPartitionedCall_15/StatefulPartitionedCall/FusedBatchNormV3;depthwise;StatefulPartitionedCall/StatefulPartitionedCall/PartitionedCall_16/PartitionedCall/depthwise;Conv2D;StatefulPartitionedCall/StatefulPartitionedCall/PartitionedCall_6/PartitionedCall/Conv2D 
DepthwiseConv2D      DepthwiseConv2D      NPU            36000            32.38       5149              4.16       5149       1125       3515          0           0     157500           1.11         5.97 Relu6;StatefulPartitionedCall/StatefulPartitionedCall/PartitionedCall_9/PartitionedCall/Relu6;FusedBatchNormV3;StatefulPartitionedCall/StatefulPartitionedCall/StatefulPartitionedCall_7/StatefulPartitionedCall/FusedBatchNormV3;FusedBatchNormV3;StatefulPartitionedCall/StatefulPartitionedCall/StatefulPartitionedCall_15/StatefulPartitionedCall/FusedBatchNormV3;depthwise;StatefulPartitionedCall/StatefulPartitionedCall/PartitionedCall_16/PartitionedCall/depthwise;depthwise;StatefulPartitionedCall/StatefulPartitionedCall/PartitionedCall_8/PartitionedCall/depthwise 
DepthwiseConv2D      Relu6                NPU                0             0.00          0              0.00          0          0          0          0           0          0           0.00       100.00 Relu6;StatefulPartitionedCall/StatefulPartitionedCall/PartitionedCall_9/PartitionedCall/Relu6;FusedBatchNormV3;StatefulPartitionedCall/StatefulPartitionedCall/StatefulPartitionedCall_7/StatefulPartitionedCall/FusedBatchNormV3;FusedBatchNormV3;StatefulPartitionedCall/StatefulPartitionedCall/StatefulPartitionedCall_15/StatefulPartitionedCall/FusedBatchNormV3;depthwise;StatefulPartitionedCall/StatefulPartitionedCall/PartitionedCall_16/PartitionedCall/depthwise;depthwise;StatefulPartitionedCall/StatefulPartitionedCall/PartitionedCall_8/PartitionedCall/depthwise 
Conv2D               Conv2D               NPU            59328            53.36       9361              7.56       9361       4035       7031          0           0    2450000          17.24        51.12 Relu6;StatefulPartitionedCall/StatefulPartitionedCall/PartitionedCall_11/PartitionedCall/Relu6;FusedBatchNormV3;StatefulPartitionedCall/StatefulPartitionedCall/StatefulPartitionedCall_9/StatefulPartitionedCall/FusedBatchNormV3;FusedBatchNormV3;StatefulPartitionedCall/StatefulPartitionedCall/StatefulPartitionedCall_15/StatefulPartitionedCall/FusedBatchNormV3;depthwise;StatefulPartitionedCall/StatefulPartitionedCall/PartitionedCall_16/PartitionedCall/depthwise;Conv2D;StatefulPartitionedCall/StatefulPartitionedCall/PartitionedCall_10/PartitionedCall/Conv2D 
Conv2D               Relu6                NPU                0             0.00          0              0.00          0          0          0          0           0          0           0.00       100.00 Relu6;StatefulPartitionedCall/StatefulPartitionedCall/PartitionedCall_11/PartitionedCall/Relu6;FusedBatchNormV3;StatefulPartitionedCall/StatefulPartitionedCall/StatefulPartitionedCall_9/StatefulPartitionedCall/FusedBatchNormV3;FusedBatchNormV3;StatefulPartitionedCall/StatefulPartitionedCall/StatefulPartitionedCall_15/StatefulPartitionedCall/FusedBatchNormV3;depthwise;StatefulPartitionedCall/StatefulPartitionedCall/PartitionedCall_16/PartitionedCall/depthwise;Conv2D;StatefulPartitionedCall/StatefulPartitionedCall/PartitionedCall_10/PartitionedCall/Conv2D 
DepthwiseConv2D      DepthwiseConv2D      NPU            36000            32.38       5149              4.16       5149       1125       3515          0           0     157500           1.11         5.97 Relu6;StatefulPartitionedCall/StatefulPartitionedCall/PartitionedCall_13/PartitionedCall/Relu6;FusedBatchNormV3;StatefulPartitionedCall/StatefulPartitionedCall/StatefulPartitionedCall_11/StatefulPartitionedCall/FusedBatchNormV3;FusedBatchNormV3;StatefulPartitionedCall/StatefulPartitionedCall/StatefulPartitionedCall_15/StatefulPartitionedCall/FusedBatchNormV3;depthwise;StatefulPartitionedCall/StatefulPartitionedCall/PartitionedCall_16/PartitionedCall/depthwise;depthwise;StatefulPartitionedCall/StatefulPartitionedCall/PartitionedCall_12/PartitionedCall/depthwise 
DepthwiseConv2D      Relu6                NPU                0             0.00          0              0.00          0          0          0          0           0          0           0.00       100.00 Relu6;StatefulPartitionedCall/StatefulPartitionedCall/PartitionedCall_13/PartitionedCall/Relu6;FusedBatchNormV3;StatefulPartitionedCall/StatefulPartitionedCall/StatefulPartitionedCall_11/StatefulPartitionedCall/FusedBatchNormV3;FusedBatchNormV3;StatefulPartitionedCall/StatefulPartitionedCall/StatefulPartitionedCall_15/StatefulPartitionedCall/FusedBatchNormV3;depthwise;StatefulPartitionedCall/StatefulPartitionedCall/PartitionedCall_16/PartitionedCall/depthwise;depthwise;StatefulPartitionedCall/StatefulPartitionedCall/PartitionedCall_12/PartitionedCall/depthwise 
Conv2D               Conv2D               NPU            59328            53.36       9361              7.56       9361       4035       7031          0           0    2450000          17.24        51.12 Relu6;StatefulPartitionedCall/StatefulPartitionedCall/PartitionedCall_15/PartitionedCall/Relu6;FusedBatchNormV3;StatefulPartitionedCall/StatefulPartitionedCall/StatefulPartitionedCall_13/StatefulPartitionedCall/FusedBatchNormV3;FusedBatchNormV3;StatefulPartitionedCall/StatefulPartitionedCall/StatefulPartitionedCall_15/StatefulPartitionedCall/FusedBatchNormV3;depthwise;StatefulPartitionedCall/StatefulPartitionedCall/PartitionedCall_16/PartitionedCall/depthwise;Conv2D;StatefulPartitionedCall/StatefulPartitionedCall/PartitionedCall_14/PartitionedCall/Conv2D 
Conv2D               Relu6                NPU                0             0.00          0              0.00          0          0          0          0           0          0           0.00       100.00 Relu6;StatefulPartitionedCall/StatefulPartitionedCall/PartitionedCall_15/PartitionedCall/Relu6;FusedBatchNormV3;StatefulPartitionedCall/StatefulPartitionedCall/StatefulPartitionedCall_13/StatefulPartitionedCall/FusedBatchNormV3;FusedBatchNormV3;StatefulPartitionedCall/StatefulPartitionedCall/StatefulPartitionedCall_15/StatefulPartitionedCall/FusedBatchNormV3;depthwise;StatefulPartitionedCall/StatefulPartitionedCall/PartitionedCall_16/PartitionedCall/depthwise;Conv2D;StatefulPartitionedCall/StatefulPartitionedCall/PartitionedCall_14/PartitionedCall/Conv2D 
DepthwiseConv2D      DepthwiseConv2D      NPU            36000            32.38       5149              4.16       5149       1125       3515          0           0     157500           1.11         5.97 Relu6;StatefulPartitionedCall/StatefulPartitionedCall/PartitionedCall_17/PartitionedCall/Relu6;FusedBatchNormV3;StatefulPartitionedCall/StatefulPartitionedCall/StatefulPartitionedCall_15/StatefulPartitionedCall/FusedBatchNormV3;depthwise;StatefulPartitionedCall/StatefulPartitionedCall/PartitionedCall_16/PartitionedCall/depthwise 
DepthwiseConv2D      Relu6                NPU                0             0.00          0              0.00          0          0          0          0           0          0           0.00       100.00 Relu6;StatefulPartitionedCall/StatefulPartitionedCall/PartitionedCall_17/PartitionedCall/Relu6;FusedBatchNormV3;StatefulPartitionedCall/StatefulPartitionedCall/StatefulPartitionedCall_15/StatefulPartitionedCall/FusedBatchNormV3;depthwise;StatefulPartitionedCall/StatefulPartitionedCall/PartitionedCall_16/PartitionedCall/depthwise 
Conv2D               Conv2D               NPU            50496            45.42       8203              6.63       7802       3494       8203          0           0    1960000          13.79        46.67 Relu6;StatefulPartitionedCall/StatefulPartitionedCall/PartitionedCall_19/PartitionedCall/Relu6;FusedBatchNormV3;StatefulPartitionedCall/StatefulPartitionedCall/StatefulPartitionedCall_17/StatefulPartitionedCall/FusedBatchNormV3;FusedBatchNormV3;StatefulPartitionedCall/StatefulPartitionedCall/StatefulPartitionedCall_19/StatefulPartitionedCall/FusedBatchNormV3;depthwise;StatefulPartitionedCall/StatefulPartitionedCall/PartitionedCall_20/PartitionedCall/depthwise;Conv2D;StatefulPartitionedCall/StatefulPartitionedCall/PartitionedCall_18/PartitionedCall/Conv2D 
Conv2D               Relu6                NPU                0             0.00          0              0.00          0          0          0          0           0          0           0.00       100.00 Relu6;StatefulPartitionedCall/StatefulPartitionedCall/PartitionedCall_19/PartitionedCall/Relu6;FusedBatchNormV3;StatefulPartitionedCall/StatefulPartitionedCall/StatefulPartitionedCall_17/StatefulPartitionedCall/FusedBatchNormV3;FusedBatchNormV3;StatefulPartitionedCall/StatefulPartitionedCall/StatefulPartitionedCall_19/StatefulPartitionedCall/FusedBatchNormV3;depthwise;StatefulPartitionedCall/StatefulPartitionedCall/PartitionedCall_20/PartitionedCall/depthwise;Conv2D;StatefulPartitionedCall/StatefulPartitionedCall/PartitionedCall_18/PartitionedCall/Conv2D 
DepthwiseConv2D      DepthwiseConv2D      NPU            28000            25.18       4213              3.40       4213        875       2734          0           0     126000           0.89         5.84 Relu6;StatefulPartitionedCall/StatefulPartitionedCall/PartitionedCall_21/PartitionedCall/Relu6;FusedBatchNormV3;StatefulPartitionedCall/StatefulPartitionedCall/StatefulPartitionedCall_19/StatefulPartitionedCall/FusedBatchNormV3;depthwise;StatefulPartitionedCall/StatefulPartitionedCall/PartitionedCall_20/PartitionedCall/depthwise 
DepthwiseConv2D      Relu6                NPU                0             0.00          0              0.00          0          0          0          0           0          0           0.00       100.00 Relu6;StatefulPartitionedCall/StatefulPartitionedCall/PartitionedCall_21/PartitionedCall/Relu6;FusedBatchNormV3;StatefulPartitionedCall/StatefulPartitionedCall/StatefulPartitionedCall_19/StatefulPartitionedCall/FusedBatchNormV3;depthwise;StatefulPartitionedCall/StatefulPartitionedCall/PartitionedCall_20/PartitionedCall/depthwise 
Conv2D               Conv2D               NPU            65904            59.27      10156              8.20       9293       7581      10156          0           0    2744000          19.31        52.77 Relu6;StatefulPartitionedCall/StatefulPartitionedCall/PartitionedCall_23/PartitionedCall/Relu6;FusedBatchNormV3;StatefulPartitionedCall/StatefulPartitionedCall/StatefulPartitionedCall_21/StatefulPartitionedCall/FusedBatchNormV3;Conv2D;StatefulPartitionedCall/StatefulPartitionedCall/PartitionedCall_22/PartitionedCall/Conv2D 
Conv2D               Relu6                NPU                0             0.00          0              0.00          0          0          0          0           0          0           0.00       100.00 Relu6;StatefulPartitionedCall/StatefulPartitionedCall/PartitionedCall_23/PartitionedCall/Relu6;FusedBatchNormV3;StatefulPartitionedCall/StatefulPartitionedCall/StatefulPartitionedCall_21/StatefulPartitionedCall/FusedBatchNormV3;Conv2D;StatefulPartitionedCall/StatefulPartitionedCall/PartitionedCall_22/PartitionedCall/Conv2D 
AvgPool              AvgPool              NPU            26208            23.57       7558              6.11       7558       1176          0          0           0      24500           0.17         0.63 AvgPool;StatefulPartitionedCall/StatefulPartitionedCall/PartitionedCall_24/PartitionedCall/AvgPool 
Conv2D               Conv2D               NPU              208             0.19        683              0.55        498         13        683          0           0       2352           0.02         0.67 Identity             

Network summary for kws_micronet_m
Accelerator configuration               Ethos_U85_512
System configuration             Ethos_U85_SYS_DRAM_Low
Memory mode                            Dedicated_Sram
Accelerator clock                                 500 MHz
Design peak SRAM bandwidth                      14.90 GB/s
Design peak DRAM bandwidth                       3.49 GB/s

Total SRAM used                                108.58 KiB
Total DRAM used                                139.31 KiB

CPU operators = 0 (0.0%)
NPU operators = 13 (100.0%)

Average SRAM bandwidth                           4.67 GB/s
Input   SRAM bandwidth                           0.53 MB/batch
Weight  SRAM bandwidth                           0.36 MB/batch
Output  SRAM bandwidth                           0.24 MB/batch
Total   SRAM bandwidth                           1.16 MB/batch
Total   SRAM bandwidth            per input      1.16 MB/inference (batch size 1)

Average DRAM bandwidth                           1.08 GB/s
Input   DRAM bandwidth                           0.13 MB/batch
Weight  DRAM bandwidth                           0.13 MB/batch
Output  DRAM bandwidth                           0.00 MB/batch
Total   DRAM bandwidth                           0.27 MB/batch
Total   DRAM bandwidth            per input      0.27 MB/inference (batch size 1)

Neural network macs                          14208852 MACs/batch

