
############################################################
### STAGE B2  rnnoise_INT8
############################################################
=== workload: rnnoise_INT8 ===

== PREFLIGHT ==
  device absent before USB_ON                    PASS
  mounts referencing card                        PASS
  root-inclusive UART/block holders              PASS  0
  app UART (ttyUSB1) holders before capture      PASS  0
  runner protocol PING / counters                NOT_APPLICABLE  MLEK stock runner implements no such protocol; board-level gates used instead

== ARTIFACT IDENTITY GATE ==
  declared model sha256                          OK  9c582545b7c13af4
  declared vela sha256                           OK  5bc1ee088fd731db
  declared FPGA AXF sha256                       OK  83a69be4620ad1a6
  FPGA_PLATFORM_SSE_320                          PASS
  NPU config Z1024                               PASS
  CPU fallback operators == 0                    PASS  0

== SOURCE ARTIFACT (anchored) ==
  source boot.bin == declared                    MATCH  9dc61053ad9f4dd7
  source bram.bin == declared                    MATCH  eb851d082bdb2628
  source ddr.bin == declared                     MATCH  b8a49739dadbb686
  source images.txt == declared                  MATCH  af688281435a73dd

== READ-ONLY BACKUP ==
  destination set discovered                     OK  {'boot.bin': '/SOFTWARE/boot.bin', 'bram.bin': '/SOFTWARE/bram.bin', 'ddr.bin': '/SOFTWARE
  backup boot.bin                                OK  DID_NOT_EXIST
  backup bram.bin                                OK  DID_NOT_EXIST
  backup ddr.bin                                 OK  81d37a219a6b4141
  backup images.txt                              OK  cb78a12efd33fa72

== DEPLOY (anchored rnnoise artifact only) ==

== READ-BACK VERIFY ==
  device absent after USB_OFF                    PASS
  source==declared==destination boot.bin         MATCH  9dc61053ad9f4dd7
  source==declared==destination bram.bin         MATCH  eb851d082bdb2628
  source==declared==destination ddr.bin          MATCH  b8a49739dadbb686
  source==declared==destination images.txt       MATCH  af688281435a73dd

== FRESH BOOT (listener opened first) ==
  app UART listener open before reset            OK  ttyUSB1
  capture owns expected tty                      PASS  pid 1870861 in ['1870861']
  no unexpected UART holder                      PASS  ['1870861']
  capture-before-reset guard                     ENFORCED  capture_started_at < reboot_issued_at
  DDR self-test                                  PASS
  CPUWAIT cleared                                PASS

== ONE INFERENCE ==
  marker observed within window                  PASS  3546 bytes captured
  completion marker                              PASS
  no fatal/NPU error                             PASS

== PMU MEASUREMENT-PATH QUALIFICATION ==
  PMU profile block parsed                       PASS
  board-emitted event set                        OK  ACTIVE,EXT_RD_DATA_BEAT_RECEIVED,EXT_WR_DATA_BEAT_WRITTEN,IDLE,SRAM_RD_DATA_BEAT_RECEIVED,
  event family                                   OK  U85_SRAM_EXT_FAMILY
  NPU TOTAL present and nonzero                  PASS  55149
  TOTAL == ACTIVE + IDLE                         PASS  55149 == 49075 + 6074
  auxiliary zero counters (not an error)         INFO  none
  STATIC evidence                                PASS
  LIVE evidence                                  PASS
  event family is U85_SRAM_EXT_FAMILY            PASS  U85_SRAM_EXT_FAMILY
  BOARD_MEASUREMENT_PATH                         QUALIFIED
  FORMAL SAMPLE B2                               VALID  55149

== RESTORE ==
  restored boot.bin                              MATCH
  restored bram.bin                              MATCH
  restored ddr.bin                               MATCH
  restored images.txt                            MATCH

== POSTFLIGHT ==
  postflight DDR                                 PASS
  postflight CPUWAIT                             PASS
  postflight USB_OFF after reboot                ENFORCED
  postflight /dev/sdb absent                     PASS
  postflight mounts                              PASS
  postflight UART holders                        PASS  0

evidence -> /tmp/probe_out/rnnoise_INT8/evidence.json
### B2 rnnoise_INT8                 valid=True TOTAL=55149

############################################################
### STAGE B2  kws_micronet_m
############################################################
=== workload: kws_micronet_m ===

== PREFLIGHT ==
  device absent before USB_ON                    PASS
  mounts referencing card                        PASS
  root-inclusive UART/block holders              PASS  0
  app UART (ttyUSB1) holders before capture      PASS  0
  runner protocol PING / counters                NOT_APPLICABLE  MLEK stock runner implements no such protocol; board-level gates used instead

== ARTIFACT IDENTITY GATE ==
  declared model sha256                          OK  c1feed3af5dac44d
  declared vela sha256                           OK  f9575c36651efe0d
  declared FPGA AXF sha256                       OK  d3a2739e8929c90b
  FPGA_PLATFORM_SSE_320                          PASS
  NPU config Z1024                               PASS
  CPU fallback operators == 0                    PASS  0

== SOURCE ARTIFACT (anchored) ==
  source boot.bin == declared                    MATCH  9dc61053ad9f4dd7
  source bram.bin == declared                    MATCH  6cd617ca77639a57
  source ddr.bin == declared                     MATCH  7c71b5517e2fdfa7
  source images.txt == declared                  MATCH  af688281435a73dd

== READ-ONLY BACKUP ==
  destination set discovered                     OK  {'boot.bin': '/SOFTWARE/boot.bin', 'bram.bin': '/SOFTWARE/bram.bin', 'ddr.bin': '/SOFTWARE
  backup boot.bin                                OK  DID_NOT_EXIST
  backup bram.bin                                OK  DID_NOT_EXIST
  backup ddr.bin                                 OK  81d37a219a6b4141
  backup images.txt                              OK  cb78a12efd33fa72

== DEPLOY (anchored rnnoise artifact only) ==

== READ-BACK VERIFY ==
  device absent after USB_OFF                    PASS
  source==declared==destination boot.bin         MATCH  9dc61053ad9f4dd7
  source==declared==destination bram.bin         MATCH  6cd617ca77639a57
  source==declared==destination ddr.bin          MATCH  7c71b5517e2fdfa7
  source==declared==destination images.txt       MATCH  af688281435a73dd

== FRESH BOOT (listener opened first) ==
  app UART listener open before reset            OK  ttyUSB1
  capture owns expected tty                      PASS  pid 1871034 in ['1871034']
  no unexpected UART holder                      PASS  ['1871034']
  capture-before-reset guard                     ENFORCED  capture_started_at < reboot_issued_at
  DDR self-test                                  PASS
  CPUWAIT cleared                                PASS

== ONE INFERENCE ==
  marker observed within window                  PASS  2351 bytes captured
  completion marker                              PASS
  no fatal/NPU error                             PASS

== PMU MEASUREMENT-PATH QUALIFICATION ==
  PMU profile block parsed                       PASS
  board-emitted event set                        OK  ACTIVE,EXT_RD_DATA_BEAT_RECEIVED,EXT_WR_DATA_BEAT_WRITTEN,IDLE,SRAM_RD_DATA_BEAT_RECEIVED,
  event family                                   OK  U85_SRAM_EXT_FAMILY
  NPU TOTAL present and nonzero                  PASS  96841
  TOTAL == ACTIVE + IDLE                         PASS  96841 == 90915 + 5926
  auxiliary zero counters (not an error)         INFO  none
  STATIC evidence                                PASS
  LIVE evidence                                  PASS
  event family is U85_SRAM_EXT_FAMILY            PASS  U85_SRAM_EXT_FAMILY
  BOARD_MEASUREMENT_PATH                         QUALIFIED
  FORMAL SAMPLE B2                               VALID  96841

== RESTORE ==
  restored boot.bin                              MATCH
  restored bram.bin                              MATCH
  restored ddr.bin                               MATCH
  restored images.txt                            MATCH

== POSTFLIGHT ==
  postflight DDR                                 PASS
  postflight CPUWAIT                             PASS
  postflight USB_OFF after reboot                ENFORCED
  postflight /dev/sdb absent                     PASS
  postflight mounts                              PASS
  postflight UART holders                        PASS  0

evidence -> /tmp/probe_out/kws_micronet_m/evidence.json
### B2 kws_micronet_m               valid=True TOTAL=96841

############################################################
### STAGE B2  ad_medium_int8
############################################################
=== workload: ad_medium_int8 ===

== PREFLIGHT ==
  device absent before USB_ON                    PASS
  mounts referencing card                        PASS
  root-inclusive UART/block holders              PASS  0
  app UART (ttyUSB1) holders before capture      PASS  0
  runner protocol PING / counters                NOT_APPLICABLE  MLEK stock runner implements no such protocol; board-level gates used instead

== ARTIFACT IDENTITY GATE ==
  declared model sha256                          OK  a8b1c9037c2a80e6
  declared vela sha256                           OK  b83f28f2e5adc7fa
  declared FPGA AXF sha256                       OK  f390530637412683
  FPGA_PLATFORM_SSE_320                          PASS
  NPU config Z1024                               PASS
  CPU fallback operators == 0                    PASS  0

== SOURCE ARTIFACT (anchored) ==
  source boot.bin == declared                    MATCH  9dc61053ad9f4dd7
  source bram.bin == declared                    MATCH  4195d90c5fdc220f
  source ddr.bin == declared                     MATCH  cce505414191a997
  source images.txt == declared                  MATCH  af688281435a73dd

== READ-ONLY BACKUP ==
  destination set discovered                     OK  {'boot.bin': '/SOFTWARE/boot.bin', 'bram.bin': '/SOFTWARE/bram.bin', 'ddr.bin': '/SOFTWARE
  backup boot.bin                                OK  DID_NOT_EXIST
  backup bram.bin                                OK  DID_NOT_EXIST
  backup ddr.bin                                 OK  81d37a219a6b4141
  backup images.txt                              OK  cb78a12efd33fa72

== DEPLOY (anchored rnnoise artifact only) ==

== READ-BACK VERIFY ==
  device absent after USB_OFF                    PASS
  source==declared==destination boot.bin         MATCH  9dc61053ad9f4dd7
  source==declared==destination bram.bin         MATCH  4195d90c5fdc220f
  source==declared==destination ddr.bin          MATCH  cce505414191a997
  source==declared==destination images.txt       MATCH  af688281435a73dd

== FRESH BOOT (listener opened first) ==
  app UART listener open before reset            OK  ttyUSB1
  capture owns expected tty                      PASS  pid 1871201 in ['1871201']
  no unexpected UART holder                      PASS  ['1871201']
  capture-before-reset guard                     ENFORCED  capture_started_at < reboot_issued_at
  DDR self-test                                  PASS
  CPUWAIT cleared                                PASS

== ONE INFERENCE ==
  marker observed within window                  PASS  2354 bytes captured
  completion marker                              PASS
  no fatal/NPU error                             PASS

== PMU MEASUREMENT-PATH QUALIFICATION ==
  PMU profile block parsed                       PASS
  board-emitted event set                        OK  ACTIVE,EXT_RD_DATA_BEAT_RECEIVED,EXT_WR_DATA_BEAT_WRITTEN,IDLE,SRAM_RD_DATA_BEAT_RECEIVED,
  event family                                   OK  U85_SRAM_EXT_FAMILY
  NPU TOTAL present and nonzero                  PASS  151876
  TOTAL == ACTIVE + IDLE                         PASS  151876 == 145935 + 5941
  auxiliary zero counters (not an error)         INFO  none
  STATIC evidence                                PASS
  LIVE evidence                                  PASS
  event family is U85_SRAM_EXT_FAMILY            PASS  U85_SRAM_EXT_FAMILY
  BOARD_MEASUREMENT_PATH                         QUALIFIED
  FORMAL SAMPLE B2                               VALID  151876

== RESTORE ==
  restored boot.bin                              MATCH
  restored bram.bin                              MATCH
  restored ddr.bin                               MATCH
  restored images.txt                            MATCH

== POSTFLIGHT ==
  postflight DDR                                 PASS
  postflight CPUWAIT                             PASS
  postflight USB_OFF after reboot                ENFORCED
  postflight /dev/sdb absent                     PASS
  postflight mounts                              PASS
  postflight UART holders                        PASS  0

evidence -> /tmp/probe_out/ad_medium_int8/evidence.json
### B2 ad_medium_int8               valid=True TOTAL=151876

############################################################
### STAGE B2  vww4_128_128_INT8
############################################################
=== workload: vww4_128_128_INT8 ===

== PREFLIGHT ==
  device absent before USB_ON                    PASS
  mounts referencing card                        PASS
  root-inclusive UART/block holders              PASS  0
  app UART (ttyUSB1) holders before capture      PASS  0
  runner protocol PING / counters                NOT_APPLICABLE  MLEK stock runner implements no such protocol; board-level gates used instead

== ARTIFACT IDENTITY GATE ==
  declared model sha256                          OK  5e76364e80c45776
  declared vela sha256                           OK  637711c9bb5046bb
  declared FPGA AXF sha256                       OK  c420aae236b6ca75
  FPGA_PLATFORM_SSE_320                          PASS
  NPU config Z1024                               PASS
  CPU fallback operators == 0                    PASS  0

== SOURCE ARTIFACT (anchored) ==
  source boot.bin == declared                    MATCH  9dc61053ad9f4dd7
  source bram.bin == declared                    MATCH  5cf53eafde53bdf3
  source ddr.bin == declared                     MATCH  6f0e7e1dff211f7f
  source images.txt == declared                  MATCH  af688281435a73dd

== READ-ONLY BACKUP ==
  destination set discovered                     OK  {'boot.bin': '/SOFTWARE/boot.bin', 'bram.bin': '/SOFTWARE/bram.bin', 'ddr.bin': '/SOFTWARE
  backup boot.bin                                OK  DID_NOT_EXIST
  backup bram.bin                                OK  DID_NOT_EXIST
  backup ddr.bin                                 OK  81d37a219a6b4141
  backup images.txt                              OK  cb78a12efd33fa72

== DEPLOY (anchored rnnoise artifact only) ==

== READ-BACK VERIFY ==
  device absent after USB_OFF                    PASS
  source==declared==destination boot.bin         MATCH  9dc61053ad9f4dd7
  source==declared==destination bram.bin         MATCH  5cf53eafde53bdf3
  source==declared==destination ddr.bin          MATCH  6f0e7e1dff211f7f
  source==declared==destination images.txt       MATCH  af688281435a73dd

== FRESH BOOT (listener opened first) ==
  app UART listener open before reset            OK  ttyUSB1
  capture owns expected tty                      PASS  pid 1871374 in ['1871374']
  no unexpected UART holder                      PASS  ['1871374']
  capture-before-reset guard                     ENFORCED  capture_started_at < reboot_issued_at
  DDR self-test                                  PASS
  CPUWAIT cleared                                PASS

== ONE INFERENCE ==
  marker observed within window                  PASS  2356 bytes captured
  completion marker                              PASS
  no fatal/NPU error                             PASS

== PMU MEASUREMENT-PATH QUALIFICATION ==
  PMU profile block parsed                       PASS
  board-emitted event set                        OK  ACTIVE,EXT_RD_DATA_BEAT_RECEIVED,EXT_WR_DATA_BEAT_WRITTEN,IDLE,SRAM_RD_DATA_BEAT_RECEIVED,
  event family                                   OK  U85_SRAM_EXT_FAMILY
  NPU TOTAL present and nonzero                  PASS  240725
  TOTAL == ACTIVE + IDLE                         PASS  240725 == 234780 + 5945
  auxiliary zero counters (not an error)         INFO  none
  STATIC evidence                                PASS
  LIVE evidence                                  PASS
  event family is U85_SRAM_EXT_FAMILY            PASS  U85_SRAM_EXT_FAMILY
  BOARD_MEASUREMENT_PATH                         QUALIFIED
  FORMAL SAMPLE B2                               VALID  240725

== RESTORE ==
  restored boot.bin                              MATCH
  restored bram.bin                              MATCH
  restored ddr.bin                               MATCH
  restored images.txt                            MATCH

== POSTFLIGHT ==
  postflight DDR                                 PASS
  postflight CPUWAIT                             PASS
  postflight USB_OFF after reboot                ENFORCED
  postflight /dev/sdb absent                     PASS
  postflight mounts                              PASS
  postflight UART holders                        PASS  0

evidence -> /tmp/probe_out/vww4_128_128_INT8/evidence.json
### B2 vww4_128_128_INT8            valid=True TOTAL=240725

############################################################
### STAGE B2  yolo-fastest_192_face_v4
############################################################
=== workload: yolo-fastest_192_face_v4 ===

== PREFLIGHT ==
  device absent before USB_ON                    PASS
  mounts referencing card                        PASS
  root-inclusive UART/block holders              PASS  0
  app UART (ttyUSB1) holders before capture      PASS  0
  runner protocol PING / counters                NOT_APPLICABLE  MLEK stock runner implements no such protocol; board-level gates used instead

== ARTIFACT IDENTITY GATE ==
  declared model sha256                          OK  e94bcdb011784bea
  declared vela sha256                           OK  aa143485cf3e64da
  declared FPGA AXF sha256                       OK  a24bd80f7cb2d7ef
  FPGA_PLATFORM_SSE_320                          PASS
  NPU config Z1024                               PASS
  CPU fallback operators == 0                    PASS  0

== SOURCE ARTIFACT (anchored) ==
  source boot.bin == declared                    MATCH  9dc61053ad9f4dd7
  source bram.bin == declared                    MATCH  b3c5854a513f6cbf
  source ddr.bin == declared                     MATCH  a50ad9d2178091c1
  source images.txt == declared                  MATCH  af688281435a73dd

== READ-ONLY BACKUP ==
  destination set discovered                     OK  {'boot.bin': '/SOFTWARE/boot.bin', 'bram.bin': '/SOFTWARE/bram.bin', 'ddr.bin': '/SOFTWARE
  backup boot.bin                                OK  DID_NOT_EXIST
  backup bram.bin                                OK  DID_NOT_EXIST
  backup ddr.bin                                 OK  81d37a219a6b4141
  backup images.txt                              OK  cb78a12efd33fa72

== DEPLOY (anchored rnnoise artifact only) ==

== READ-BACK VERIFY ==
  device absent after USB_OFF                    PASS
  source==declared==destination boot.bin         MATCH  9dc61053ad9f4dd7
  source==declared==destination bram.bin         MATCH  b3c5854a513f6cbf
  source==declared==destination ddr.bin          MATCH  a50ad9d2178091c1
  source==declared==destination images.txt       MATCH  af688281435a73dd

== FRESH BOOT (listener opened first) ==
  app UART listener open before reset            OK  ttyUSB1
  capture owns expected tty                      PASS  pid 1871548 in ['1871548']
  no unexpected UART holder                      PASS  ['1871548']
  capture-before-reset guard                     ENFORCED  capture_started_at < reboot_issued_at
  DDR self-test                                  PASS
  CPUWAIT cleared                                PASS

== ONE INFERENCE ==
  marker observed within window                  PASS  2593 bytes captured
  completion marker                              PASS
  no fatal/NPU error                             PASS

== PMU MEASUREMENT-PATH QUALIFICATION ==
  PMU profile block parsed                       PASS
  board-emitted event set                        OK  ACTIVE,EXT_RD_DATA_BEAT_RECEIVED,EXT_WR_DATA_BEAT_WRITTEN,IDLE,SRAM_RD_DATA_BEAT_RECEIVED,
  event family                                   OK  U85_SRAM_EXT_FAMILY
  NPU TOTAL present and nonzero                  PASS  453389
  TOTAL == ACTIVE + IDLE                         PASS  453389 == 447401 + 5988
  auxiliary zero counters (not an error)         INFO  none
  STATIC evidence                                PASS
  LIVE evidence                                  PASS
  event family is U85_SRAM_EXT_FAMILY            PASS  U85_SRAM_EXT_FAMILY
  BOARD_MEASUREMENT_PATH                         QUALIFIED
  FORMAL SAMPLE B2                               VALID  453389

== RESTORE ==
  restored boot.bin                              MATCH
  restored bram.bin                              MATCH
  restored ddr.bin                               MATCH
  restored images.txt                            MATCH

== POSTFLIGHT ==
  postflight DDR                                 PASS
  postflight CPUWAIT                             PASS
  postflight USB_OFF after reboot                ENFORCED
  postflight /dev/sdb absent                     PASS
  postflight mounts                              PASS
  postflight UART holders                        PASS  0

evidence -> /tmp/probe_out/yolo-fastest_192_face_v4/evidence.json
### B2 yolo-fastest_192_face_v4     valid=True TOTAL=453389

############################################################
### STAGE B2  mobilenet_v2_1.0_224_INT8
############################################################
=== workload: mobilenet_v2_1.0_224_INT8 ===

== PREFLIGHT ==
  device absent before USB_ON                    PASS
  mounts referencing card                        PASS
  root-inclusive UART/block holders              PASS  0
  app UART (ttyUSB1) holders before capture      PASS  0
  runner protocol PING / counters                NOT_APPLICABLE  MLEK stock runner implements no such protocol; board-level gates used instead

== ARTIFACT IDENTITY GATE ==
  declared model sha256                          OK  bd8d56b80557a5fc
  declared vela sha256                           OK  031fade0e9b7136e
  declared FPGA AXF sha256                       OK  7deaa14c5e8ba003
  FPGA_PLATFORM_SSE_320                          PASS
  NPU config Z1024                               PASS
  CPU fallback operators == 0                    PASS  0

== SOURCE ARTIFACT (anchored) ==
  source boot.bin == declared                    MATCH  9dc61053ad9f4dd7
  source bram.bin == declared                    MATCH  b914e8c0bc5c6b16
  source ddr.bin == declared                     MATCH  a2b4f397443c86d6
  source images.txt == declared                  MATCH  af688281435a73dd

== READ-ONLY BACKUP ==
  destination set discovered                     OK  {'boot.bin': '/SOFTWARE/boot.bin', 'bram.bin': '/SOFTWARE/bram.bin', 'ddr.bin': '/SOFTWARE
  backup boot.bin                                OK  DID_NOT_EXIST
  backup bram.bin                                OK  DID_NOT_EXIST
  backup ddr.bin                                 OK  81d37a219a6b4141
  backup images.txt                              OK  cb78a12efd33fa72

== DEPLOY (anchored rnnoise artifact only) ==

== READ-BACK VERIFY ==
  device absent after USB_OFF                    PASS
  source==declared==destination boot.bin         MATCH  9dc61053ad9f4dd7
  source==declared==destination bram.bin         MATCH  b914e8c0bc5c6b16
  source==declared==destination ddr.bin          MATCH  a2b4f397443c86d6
  source==declared==destination images.txt       MATCH  af688281435a73dd

== FRESH BOOT (listener opened first) ==
  app UART listener open before reset            OK  ttyUSB1
  capture owns expected tty                      PASS  pid 1871721 in ['1871721']
  no unexpected UART holder                      PASS  ['1871721']
  capture-before-reset guard                     ENFORCED  capture_started_at < reboot_issued_at
  DDR self-test                                  PASS
  CPUWAIT cleared                                PASS

== ONE INFERENCE ==
  marker observed within window                  PASS  2370 bytes captured
  completion marker                              PASS
  no fatal/NPU error                             PASS

== PMU MEASUREMENT-PATH QUALIFICATION ==
  PMU profile block parsed                       PASS
  board-emitted event set                        OK  ACTIVE,EXT_RD_DATA_BEAT_RECEIVED,EXT_WR_DATA_BEAT_WRITTEN,IDLE,SRAM_RD_DATA_BEAT_RECEIVED,
  event family                                   OK  U85_SRAM_EXT_FAMILY
  NPU TOTAL present and nonzero                  PASS  1452766
  TOTAL == ACTIVE + IDLE                         PASS  1452766 == 1446821 + 5945
  auxiliary zero counters (not an error)         INFO  none
  STATIC evidence                                PASS
  LIVE evidence                                  PASS
  event family is U85_SRAM_EXT_FAMILY            PASS  U85_SRAM_EXT_FAMILY
  BOARD_MEASUREMENT_PATH                         QUALIFIED
  FORMAL SAMPLE B2                               VALID  1452766

== RESTORE ==
  restored boot.bin                              MATCH
  restored bram.bin                              MATCH
  restored ddr.bin                               MATCH
  restored images.txt                            MATCH

== POSTFLIGHT ==
  postflight DDR                                 PASS
  postflight CPUWAIT                             PASS
  postflight USB_OFF after reboot                ENFORCED
  postflight /dev/sdb absent                     PASS
  postflight mounts                              PASS
  postflight UART holders                        PASS  0

evidence -> /tmp/probe_out/mobilenet_v2_1.0_224_INT8/evidence.json
### B2 mobilenet_v2_1.0_224_INT8    valid=True TOTAL=1452766

############################################################
### STAGE B2  wav2letter_pruned_int8
############################################################
=== workload: wav2letter_pruned_int8 ===

== PREFLIGHT ==
  device absent before USB_ON                    PASS
  mounts referencing card                        PASS
  root-inclusive UART/block holders              PASS  0
  app UART (ttyUSB1) holders before capture      PASS  0
  runner protocol PING / counters                NOT_APPLICABLE  MLEK stock runner implements no such protocol; board-level gates used instead

== ARTIFACT IDENTITY GATE ==
  declared model sha256                          OK  e0814a0e586f2f28
  declared vela sha256                           OK  4c5b640211f0aaa6
  declared FPGA AXF sha256                       OK  1081d815ac3770a3
  FPGA_PLATFORM_SSE_320                          PASS
  NPU config Z1024                               PASS
  CPU fallback operators == 0                    PASS  0

== SOURCE ARTIFACT (anchored) ==
  source boot.bin == declared                    MATCH  9dc61053ad9f4dd7
  source bram.bin == declared                    MATCH  4e112520087434dd
  source ddr.bin == declared                     MATCH  e57a6546fbb30c67
  source images.txt == declared                  MATCH  af688281435a73dd

== READ-ONLY BACKUP ==
  destination set discovered                     OK  {'boot.bin': '/SOFTWARE/boot.bin', 'bram.bin': '/SOFTWARE/bram.bin', 'ddr.bin': '/SOFTWARE
  backup boot.bin                                OK  DID_NOT_EXIST
  backup bram.bin                                OK  DID_NOT_EXIST
  backup ddr.bin                                 OK  81d37a219a6b4141
  backup images.txt                              OK  cb78a12efd33fa72

== DEPLOY (anchored rnnoise artifact only) ==

== READ-BACK VERIFY ==
  device absent after USB_OFF                    PASS
  source==declared==destination boot.bin         MATCH  9dc61053ad9f4dd7
  source==declared==destination bram.bin         MATCH  4e112520087434dd
  source==declared==destination ddr.bin          MATCH  e57a6546fbb30c67
  source==declared==destination images.txt       MATCH  af688281435a73dd

== FRESH BOOT (listener opened first) ==
  app UART listener open before reset            OK  ttyUSB1
  capture owns expected tty                      PASS  pid 1871887 in ['1871887']
  no unexpected UART holder                      PASS  ['1871887']
  capture-before-reset guard                     ENFORCED  capture_started_at < reboot_issued_at
  DDR self-test                                  PASS
  CPUWAIT cleared                                PASS

== ONE INFERENCE ==
  marker observed within window                  PASS  2385 bytes captured
  completion marker                              PASS
  no fatal/NPU error                             PASS

== PMU MEASUREMENT-PATH QUALIFICATION ==
  PMU profile block parsed                       PASS
  board-emitted event set                        OK  ACTIVE,EXT_RD_DATA_BEAT_RECEIVED,EXT_WR_DATA_BEAT_WRITTEN,IDLE,SRAM_RD_DATA_BEAT_RECEIVED,
  event family                                   OK  U85_SRAM_EXT_FAMILY
  NPU TOTAL present and nonzero                  PASS  4136385
  TOTAL == ACTIVE + IDLE                         PASS  4136385 == 4130438 + 5947
  auxiliary zero counters (not an error)         INFO  none
  STATIC evidence                                PASS
  LIVE evidence                                  PASS
  event family is U85_SRAM_EXT_FAMILY            PASS  U85_SRAM_EXT_FAMILY
  BOARD_MEASUREMENT_PATH                         QUALIFIED
  FORMAL SAMPLE B2                               VALID  4136385

== RESTORE ==
  restored boot.bin                              MATCH
  restored bram.bin                              MATCH
  restored ddr.bin                               MATCH
  restored images.txt                            MATCH

== POSTFLIGHT ==
  postflight DDR                                 PASS
  postflight CPUWAIT                             PASS
  postflight USB_OFF after reboot                ENFORCED
  postflight /dev/sdb absent                     PASS
  postflight mounts                              PASS
  postflight UART holders                        PASS  0

evidence -> /tmp/probe_out/wav2letter_pruned_int8/evidence.json
### B2 wav2letter_pruned_int8       valid=True TOTAL=4136385
STAGE_B2_COMPLETE

[exited with code 0]
