mcc boot log: 10366 bytes -> /home/gihwan/evsweep/evidence_c_runs/boot18/mcc_boot.log
Image loaded from \SOFTWARE\VECTORS.BIN
Image loaded from \SOFTWARE\APP.BIN
Image loaded from \SOFTWARE\DDR.BIN
DDR memory test at 0x70000000: PASSED
Clearing SCC CPUWAIT (0xFFFFFFFF80000000:0x00000000)
set  1 rep 1 rc=1 vendor_rc=2 seam_status/qread=('0xffff0020', 17468) ofm_mismatch(count,maxdiff,first)=(5, 4, 491) valid=True 
set  1 rep 2 rc=1 vendor_rc=2 seam_status/qread=('0xffff0020', 17468) ofm_mismatch(count,maxdiff,first)=(5, 4, 491) valid=True 
set  1 rep 3 rc=1 vendor_rc=2 seam_status/qread=('0xffff0020', 17468) ofm_mismatch(count,maxdiff,first)=(5, 4, 491) valid=True 
set  2 rep 1 rc=1 vendor_rc=2 seam_status/qread=('0xffff0020', 17468) ofm_mismatch(count,maxdiff,first)=(5, 4, 491) valid=True 
set  2 rep 2 rc=1 vendor_rc=2 seam_status/qread=('0xffff0020', 17468) ofm_mismatch(count,maxdiff,first)=(5, 4, 491) valid=True 
set  2 rep 3 rc=1 vendor_rc=2 seam_status/qread=('0xffff0020', 17468) ofm_mismatch(count,maxdiff,first)=(5, 4, 491) valid=True 
set  3 rep 1 rc=1 vendor_rc=2 seam_status/qread=('0xffff0020', 17468) ofm_mismatch(count,maxdiff,first)=(5, 4, 491) valid=True 
set  3 rep 2 rc=1 vendor_rc=2 seam_status/qread=('0xffff0020', 17468) ofm_mismatch(count,maxdiff,first)=(5, 4, 491) valid=True 
set  3 rep 3 rc=1 vendor_rc=2 seam_status/qread=('0xffff0020', 17468) ofm_mismatch(count,maxdiff,first)=(5, 4, 491) valid=True 
set  4 rep 1 rc=1 vendor_rc=2 seam_status/qread=('0xffff0020', 17468) ofm_mismatch(count,maxdiff,first)=(5, 4, 491) valid=True 
set  4 rep 2 rc=1 vendor_rc=2 seam_status/qread=('0xffff0020', 17468) ofm_mismatch(count,maxdiff,first)=(5, 4, 491) valid=True 
set  4 rep 3 rc=1 vendor_rc=2 seam_status/qread=('0xffff0020', 17468) ofm_mismatch(count,maxdiff,first)=(5, 4, 491) valid=True 
set  5 rep 1 rc=1 vendor_rc=2 seam_status/qread=('0xffff0020', 17468) ofm_mismatch(count,maxdiff,first)=(5, 4, 491) valid=True 
set  5 rep 2 rc=1 vendor_rc=2 seam_status/qread=('0xffff0020', 17468) ofm_mismatch(count,maxdiff,first)=(5, 4, 491) valid=True 
set  5 rep 3 rc=1 vendor_rc=2 seam_status/qread=('0xffff0020', 17468) ofm_mismatch(count,maxdiff,first)=(5, 4, 491) valid=True 
set  6 rep 1 rc=1 vendor_rc=2 seam_status/qread=('0xffff0020', 17468) ofm_mismatch(count,maxdiff,first)=(5, 4, 491) valid=True 
set  6 rep 2 rc=1 vendor_rc=2 seam_status/qread=('0xffff0020', 17468) ofm_mismatch(count,maxdiff,first)=(5, 4, 491) valid=True 
set  6 rep 3 rc=1 vendor_rc=2 seam_status/qread=('0xffff0020', 17468) ofm_mismatch(count,maxdiff,first)=(5, 4, 491) valid=True 
{
 "runs": 18,
 "coverage": "COMPLETE_SUBSET(48)",
 "consistency": {
  "CYCLE_EVENT_VS_PMCCNTR": "PASS",
  "NPU_ACTIVE_LE_CYCLE": "PASS"
 },
 "verdict_counts": {
  "COUNTED_NONZERO": 36,
  "COUNTED_ZERO": 12,
  "INCONSISTENT": 0,
  "NOT_OBSERVED": 0
 },
 "refusal": null
}
--- campaign exit=0
