INFO - WARN - MPS4_SCC->CFG_ACLK reads 0. Assuming default clock of 32000000
Processor internal clock: 32000000Hz
INFO - V2M-MPS4 revision A
INFO - Application Note AN22b, Revision C
INFO - MPS4 build 3
INFO - MPS4 core clock has been set to: 32000000Hz
INFO - CPU ID: 0x411fd230
INFO - CPU: Cortex-M85 r1p0
INFO - Enabling I-cache.
INFO - Enabling D-cache.
INFO - Relocating vector table to 0x10000000
INFO - Configured TA_SRAM	@0x50006000
INFO - Configured TA_EXT	@0x50006800
INFO - Initialising Ethos-U device@0x50004000
INFO - Using Dedicated_Sram memory mode; fast cache size: 393216
INFO - Ethos-U device initialised
INFO - Ethos-U version info:
INFO - 	Arch:       v2.0.0
INFO - 	Driver:     v1.0.0
INFO - 	MACs/cc:    512
INFO - 	Cmd stream: v1
INFO - HDLCD resolution id: 4
INFO - Target system design: Arm Corstone-320
INFO - Device MPS4 HDLCD configured
INFO - Resolution:    320 x 240
INFO - Colour format: ARGB8888
INFO - ARM ML Embedded Evaluation Kit
INFO - Version 26.03.0 Build date: Apr 21 2026 @ 09:25:19
INFO - Compiler: GNU-15.2.1
INFO - Copyright 2021-2026 Arm Limited and/or its affiliates <open-source-office@arm.com>
INFO - Creating allocator using tensor arena at 0x0x70062750
INFO - Allocating tensors
INFO - Model INPUT tensors: 
INFO - 	tensor type is int8
INFO - 	tensor occupies 36864 bytes with dimensions
INFO - 		0:   1
INFO - 		1: 192
INFO - 		2: 192
INFO - 		3:   1
INFO - Scale = 0.003921
INFO - ZeroPoint = -128
INFO - Model OUTPUT tensors: 
INFO - 	tensor type is int8
INFO - 	tensor occupies 648 bytes with dimensions
INFO - 		0:   1
INFO - 		1:   6
INFO - 		2:   6
INFO - 		3:  18
INFO - Scale = 0.134084
INFO - ZeroPoint = 47
INFO - 	tensor type is int8
INFO - 	tensor occupies 2592 bytes with dimensions
INFO - 		0:   1
INFO - 		1:  12
INFO - 		2:  12
INFO - 		3:  18
INFO - Scale = 0.185359
INFO - ZeroPoint = 10
INFO - Activation buffer (a.k.a tensor arena) size used: 370392
INFO - Number of operators: 1
INFO - 	Operator 0: ethos-u
INFO - NPU memory mode likely to be: Dedicated_Sram
PLPROF_BEGIN,88
PLPROF,0,45061,45007,2577,9299,4350,0,0x0001
PLPROF,1,14015,14014,11389,9587,4,0,0x0002
PLPROF,2,20015,20014,10535,8868,37,0,0x000C
PLPROF,3,14015,14014,9505,2643,36,0,0x0030
PLPROF,4,13015,13014,4028,9018,57,0,0x00C0
PLPROF,5,21015,21014,11291,9206,24,0,0x0100
PLPROF,6,13015,13014,8742,2324,39,0,0x0200
PLPROF,7,5015,5014,4555,2368,57,0,0x0400
PLPROF,8,32015,32014,6291,18496,38,0,0x0800
PLPROF,9,20015,20014,18966,4436,12,0,0x1000
PLPROF,10,7015,7014,5473,2882,114,0,0x6000
PLPROF,11,9015,9014,4182,4554,58,0,0x8000
PLPROF,12,9015,9014,3832,4267,64,0,0x0001
PLPROF,13,9015,9014,7776,2498,12,0,0x0006
PLPROF,14,9015,9014,4092,4596,102,0,0x0018
PLPROF,15,10015,10014,4541,4596,84,0,0x0020
PLPROF,16,9015,9014,7544,2732,59,0,0x01C0
PLPROF,17,9015,9014,4787,4548,52,0,0x0600
PLPROF,18,3015,3014,2853,871,76,0,0x0800
PLPROF,19,2015,2014,1322,1002,82,0,0x1000
PLPROF,20,3015,3014,1191,1549,47,0,0x6000
PLPROF,21,4015,4014,1925,1717,106,0,0x8000
PLPROF,22,3015,3014,2401,1023,79,0,0x0007
PLPROF,23,3015,3014,1164,1548,44,0,0x0018
PLPROF,24,3015,3014,924,1553,94,0,0x0020
PLPROF,25,3015,3014,2905,634,12,0,0x00C0
PLPROF,26,4015,4014,1672,2136,151,0,0x0300
PLPROF,27,3015,3014,986,1579,209,0,0x0400
PLPROF,28,3015,3014,2587,1046,132,0,0x0800
PLPROF,29,7015,7014,2631,3635,143,0,0x1000
PLPROF,30,7015,7014,3070,3246,216,0,0x2000
PLPROF,31,6015,6014,5254,879,12,0,0xC000
PLPROF,32,7015,7014,2536,3759,269,0,0x0003
PLPROF,33,7015,7014,3056,3084,8,0,0x0004
PLPROF,34,6015,6014,5343,1125,221,0,0x0038
PLPROF,35,7015,7014,2613,3762,270,0,0x00C0
PLPROF,36,7015,7014,3067,3249,217,0,0x0100
PLPROF,37,6015,6014,5265,864,12,0,0x0600
PLPROF,38,7015,7014,2502,3759,270,0,0x1800
PLPROF,39,7015,7014,3040,3302,216,0,0x2000
PLPROF,40,6015,6014,5339,810,12,0,0xC000
PLPROF,41,7015,7014,2465,3549,291,0,0x0001
PLPROF,42,3015,3014,2996,720,47,0,0x0002
PLPROF,43,2015,2014,972,312,257,0,0x0004
PLPROF,44,7015,7014,1344,1495,707,0,0x0008
PLPROF,45,4015,4014,819,1055,347,0,0x0010
PLPROF,46,3015,3014,991,288,275,0,0x0060
PLPROF,47,7015,7014,1066,1312,938,0,0x0080
PLPROF,48,4015,4014,635,1272,86,0,0x0100
PLPROF,49,3015,3014,1436,288,548,0,0x0600
PLPROF,50,7015,7014,1236,1397,948,0,0x0800
PLPROF,51,4015,4014,624,1184,161,0,0x1000
PLPROF,52,3015,3014,1272,288,445,0,0x6000
PLPROF,53,8015,8014,1312,1450,955,0,0x8000
PLPROF,54,4015,4014,653,1137,254,0,0x0001
PLPROF,55,3015,3014,1471,576,344,0,0x000E
PLPROF,56,8015,8014,1344,1368,975,0,0x0010
PLPROF,57,3015,3014,324,252,516,0,0x0020
PLPROF,58,1015,1014,108,108,35,0,0x0040
PLPROF,59,6015,6014,504,540,1105,0,0x0080
PLPROF,60,5015,5014,325,468,128,0,0x0100
PLPROF,61,3015,3014,275,108,769,0,0x0600
PLPROF,62,6015,6014,496,504,928,0,0x0800
PLPROF,63,6015,6014,713,504,582,0,0x1000
PLPROF,64,2015,2014,108,108,500,0,0x6000
PLPROF,65,6015,6014,497,504,971,0,0x8000
PLPROF,66,5015,5014,21,504,278,0,0x0001
PLPROF,67,3015,3014,678,114,972,0,0x0006
PLPROF,68,5015,5014,3,492,713,0,0x0008
PLPROF,69,7015,7014,1098,504,488,0,0x0010
PLPROF,70,2015,2014,108,108,590,0,0x0060
PLPROF,71,6015,6014,504,521,1097,0,0x0080
PLPROF,72,5015,5014,184,480,130,0,0x0100
PLPROF,73,3015,3014,506,110,751,0,0x0600
PLPROF,74,1015,1014,335,346,12,0,0x3800
PLPROF,75,1015,1014,252,180,4,0,0xC000
PLPROF,76,3015,3014,433,216,20,0,0x0003
PLPROF,77,4015,4014,444,535,1143,0,0x0004
PLPROF,78,2015,2014,1340,972,8,0,0x0008
PLPROF,79,1015,1014,111,524,122,0,0x0010
PLPROF,80,9015,9014,2965,2258,1524,0,0x0020
PLPROF,81,4015,4014,2948,960,12,0,0x0040
PLPROF,82,8015,8014,2503,2388,1809,0,0x0180
PLPROF,83,5015,5014,3982,1147,28,56,0x0200
PLPROF,84,3015,3014,999,216,258,356,0x0C00
PLPROF,85,3015,3014,79,216,690,0,0x1000
PLPROF,86,3015,3014,336,216,494,0,0x2000
PLPROF,87,2015,2014,29,216,470,0,0x4000
PLPROF_FINAL_HIST,0xFFFF
PLPROF_END
INFO - Final results:
INFO - Total number of inferences: 1
INFO - Profile for Inference:
INFO - NPU ACTIVE: 1535 cycles
INFO - NPU ETHOSU_PMU_SRAM_RD_DATA_BEAT_RECEIVED: 172 beats
INFO - NPU ETHOSU_PMU_SRAM_WR_DATA_BEAT_WRITTEN: 0 beats
INFO - NPU ETHOSU_PMU_EXT_RD_DATA_BEAT_RECEIVED: 158 beats
INFO - NPU ETHOSU_PMU_EXT_WR_DATA_BEAT_WRITTEN: 103 beats
INFO - NPU IDLE: 495 cycles
INFO - NPU TOTAL: 2030 cycles
INFO - C04_OUTPUT_CRC[0]: bytes=648 crc32=0x5B9BFCEC
INFO - C04_OUTPUT_CRC[1]: bytes=2592 crc32=0x772F633F
INFO - Inference completed.
INFO - program terminating...
<NUL>