[ 1/74] rnnoise_INT8__SSE-300__ethos-u55-32              ref=25fbb4eef2955e70   50s
[ 2/74] kws_micronet_m__SSE-300__ethos-u55-32            ref=34d3047a7789e232   52s
[ 3/74] ad_medium_int8__SSE-300__ethos-u55-32            ref=f617315ad7a2d455   50s
[ 4/74] vww4_128_128_INT8__SSE-300__ethos-u55-32         ref=ff9f83d05e334f05   51s
[ 5/74] yolo-fastest_192_face_v4__SSE-300__ethos-u55-32  ref=81bc9985f0a75b22   51s
[ 6/74] mobilenet_v2_1.0_224_INT8__SSE-300__ethos-u55-32 ref=9ee06f29806dd70b   51s
[ 7/74] rnnoise_INT8__SSE-300__ethos-u55-64              ref=38c20569500d5250   50s
[ 8/74] kws_micronet_m__SSE-300__ethos-u55-64            ref=be5826f832ca3c58   51s
[ 9/74] ad_medium_int8__SSE-300__ethos-u55-64            ref=3cb6e133177999d8   51s
[10/74] vww4_128_128_INT8__SSE-300__ethos-u55-64         ref=b3085bffe48b87e9   50s
[11/74] yolo-fastest_192_face_v4__SSE-300__ethos-u55-64  ref=8946c0e501b84b6e   52s
[12/74] mobilenet_v2_1.0_224_INT8__SSE-300__ethos-u55-64 ref=7803412076d74359   53s
[13/74] rnnoise_INT8__SSE-300__ethos-u55-128             ref=7276043a63f08b8e   51s
[14/74] kws_micronet_m__SSE-300__ethos-u55-128           ref=f65787c139b467df   52s
[15/74] ad_medium_int8__SSE-300__ethos-u55-128           ref=2d76bcbdbb506c2f   52s
[16/74] vww4_128_128_INT8__SSE-300__ethos-u55-128        ref=aeaf7c5394f11136   51s
[17/74] yolo-fastest_192_face_v4__SSE-300__ethos-u55-128 ref=41119e6698f35999   52s
[18/74] mobilenet_v2_1.0_224_INT8__SSE-300__ethos-u55-12 ref=926d4fb56a733c96   52s
[19/74] rnnoise_INT8__SSE-300__ethos-u55-256             ref=7abc302520b5b566   51s
[20/74] kws_micronet_m__SSE-300__ethos-u55-256           ref=c296fd158f35445e   51s
[21/74] ad_medium_int8__SSE-300__ethos-u55-256           ref=4ce07f94b2206cef   51s
[22/74] vww4_128_128_INT8__SSE-300__ethos-u55-256        ref=7c3fcebdc55e6bdf   50s
[23/74] yolo-fastest_192_face_v4__SSE-300__ethos-u55-256 ref=274d2cf087c1f01b   51s
[24/74] mobilenet_v2_1.0_224_INT8__SSE-300__ethos-u55-25 ref=df627c37ec305803   52s
[25/74] wav2letter_pruned_int8__SSE-300__ethos-u55-256   ref=31d74e4a0bc011c0   56s
[26/74] rnnoise_INT8__SSE-300__ethos-u65-256             ref=945b6aa508212c20   52s
[27/74] kws_micronet_m__SSE-300__ethos-u65-256           ref=7ce3fcd24a05f4e9   51s
[28/74] ad_medium_int8__SSE-300__ethos-u65-256           ref=b5af59a8fa5fa9cd   50s
[29/74] vww4_128_128_INT8__SSE-300__ethos-u65-256        ref=da8f3de288b231e2   52s
[30/74] yolo-fastest_192_face_v4__SSE-300__ethos-u65-256 ref=0a51223e058b5525   51s
[31/74] mobilenet_v2_1.0_224_INT8__SSE-300__ethos-u65-25 ref=ffb3cc5eddee3e43   51s
[32/74] wav2letter_pruned_int8__SSE-300__ethos-u65-256   ref=62ae21ca737aa694   58s
[33/74] rnnoise_INT8__SSE-300__ethos-u65-512             ref=8e51243e5e5b3b11   50s
[34/74] kws_micronet_m__SSE-300__ethos-u65-512           ref=d59ca87ddc480b5d   51s
[35/74] ad_medium_int8__SSE-300__ethos-u65-512           ref=7666ba03658f2930   51s
[36/74] vww4_128_128_INT8__SSE-300__ethos-u65-512        ref=5848263d0ac27798   51s
[37/74] yolo-fastest_192_face_v4__SSE-300__ethos-u65-512 ref=a4d6fd01979b07c5   50s
[38/74] mobilenet_v2_1.0_224_INT8__SSE-300__ethos-u65-51 ref=d3407421a44ce0d8   53s
[39/74] wav2letter_pruned_int8__SSE-300__ethos-u65-512   ref=b0a9bc3d8897e09a   56s
[40/74] rnnoise_INT8__SSE-320__ethos-u85-128             ref=08555dc77e4089c2   50s
[41/74] kws_micronet_m__SSE-320__ethos-u85-128           ref=08c5ab599af2c780   51s
[42/74] ad_medium_int8__SSE-320__ethos-u85-128           ref=baa7f6007b2f0c82   51s
[43/74] vww4_128_128_INT8__SSE-320__ethos-u85-128        ref=1478f04e20fcd343   52s
[44/74] yolo-fastest_192_face_v4__SSE-320__ethos-u85-128 ref=b71179c5c75e7f16   52s
[45/74] mobilenet_v2_1.0_224_INT8__SSE-320__ethos-u85-12 ref=15eb0e39f72be777   53s
[46/74] wav2letter_pruned_int8__SSE-320__ethos-u85-128   ref=2f99f4fa17175484   56s
[47/74] rnnoise_INT8__SSE-320__ethos-u85-256             ref=26f7bc0c367d1da4   51s
[48/74] kws_micronet_m__SSE-320__ethos-u85-256           ref=4fc1193fec444d6a   52s
[49/74] ad_medium_int8__SSE-320__ethos-u85-256           ref=3bbb58c709a25daa   51s
[50/74] vww4_128_128_INT8__SSE-320__ethos-u85-256        ref=23b87ac7a8bc4e3a   51s
[51/74] yolo-fastest_192_face_v4__SSE-320__ethos-u85-256 ref=8e53bdc43bf7f347   52s
[52/74] mobilenet_v2_1.0_224_INT8__SSE-320__ethos-u85-25 ref=88f0b943bfdeb9b6   51s
[53/74] wav2letter_pruned_int8__SSE-320__ethos-u85-256   ref=da922e22d0b866e1   58s
[54/74] rnnoise_INT8__SSE-320__ethos-u85-512             ref=a840819ba13cdf14   50s
[55/74] kws_micronet_m__SSE-320__ethos-u85-512           ref=206fad844254ef95   51s
[56/74] ad_medium_int8__SSE-320__ethos-u85-512           ref=764f0693656a4b66   56s
[57/74] vww4_128_128_INT8__SSE-320__ethos-u85-512        ref=c16e67765cb67bb7   56s
[58/74] yolo-fastest_192_face_v4__SSE-320__ethos-u85-512 ref=2ce167bb255efc06   56s
[59/74] mobilenet_v2_1.0_224_INT8__SSE-320__ethos-u85-51 ref=404b2a6ccebd9f90   53s
[60/74] wav2letter_pruned_int8__SSE-320__ethos-u85-512   ref=a5bc45d266a6a185   54s
[61/74] rnnoise_INT8__SSE-320__ethos-u85-1024            ref=845288d515447807   50s
[62/74] kws_micronet_m__SSE-320__ethos-u85-1024          ref=f4d4e0604b097394   52s
[63/74] ad_medium_int8__SSE-320__ethos-u85-1024          ref=841bade0ca897e87   51s
[64/74] vww4_128_128_INT8__SSE-320__ethos-u85-1024       ref=50abba5cf2fa6ffc   51s
[65/74] yolo-fastest_192_face_v4__SSE-320__ethos-u85-102 ref=a5db2577558cbe8b   56s
[66/74] mobilenet_v2_1.0_224_INT8__SSE-320__ethos-u85-10 ref=101aba59af42d7b6   51s
[67/74] wav2letter_pruned_int8__SSE-320__ethos-u85-1024  ref=e28c25ae8cbd9ebf   54s
[68/74] rnnoise_INT8__SSE-320__ethos-u85-2048            ref=a3aea1f836b9e583   53s
[69/74] kws_micronet_m__SSE-320__ethos-u85-2048          ref=17dedc201f086436   55s
[70/74] ad_medium_int8__SSE-320__ethos-u85-2048          ref=9d1dfb58684bdb32   51s
[71/74] vww4_128_128_INT8__SSE-320__ethos-u85-2048       ref=ef963f1912c5449d   52s
[72/74] yolo-fastest_192_face_v4__SSE-320__ethos-u85-204 ref=7cc70df9a086094d   50s
[73/74] mobilenet_v2_1.0_224_INT8__SSE-320__ethos-u85-20 ref=3e0102db84023d6e   52s
[74/74] wav2letter_pruned_int8__SSE-320__ethos-u85-2048  ref=f55a1175172a02e2   56s
REBASELINE_COMPLETE
