H2A wav2letter_pruned_int8__SSE-320__ethos-u85-512 bw1875_r500_w250       R1 SUCCESS total=7654068 hdr=True vfy=f210c172
H2A wav2letter_pruned_int8__SSE-320__ethos-u85-512 bw1875_r500_w250       R2 SUCCESS total=7654068 hdr=True vfy=f210c172
H2A wav2letter_pruned_int8__SSE-320__ethos-u85-512 bw1875_r500_w250       R3 SUCCESS total=7654068 hdr=True vfy=f210c172
H2A wav2letter_pruned_int8__SSE-320__ethos-u85-512 bw1875_r0_w0           R1 SUCCESS total=7092068 hdr=True vfy=f210c172
H2A wav2letter_pruned_int8__SSE-320__ethos-u85-512 bw1875_r0_w0           R2 SUCCESS total=7092068 hdr=True vfy=f210c172
H2A wav2letter_pruned_int8__SSE-320__ethos-u85-512 bw1875_r0_w0           R3 SUCCESS total=7092068 hdr=True vfy=f210c172
H2A wav2letter_pruned_int8__SSE-320__ethos-u85-512 bw3750_r500_w250       R1 SUCCESS total=7654068 hdr=True vfy=f210c172
H2A wav2letter_pruned_int8__SSE-320__ethos-u85-512 bw3750_r500_w250       R2 SUCCESS total=7654068 hdr=True vfy=f210c172
H2A wav2letter_pruned_int8__SSE-320__ethos-u85-512 bw3750_r500_w250       R3 SUCCESS total=7654068 hdr=True vfy=f210c172
H2A wav2letter_pruned_int8__SSE-320__ethos-u85-512 bw3750_r0_w0           R1 SUCCESS total=7059068 hdr=True vfy=f210c172
H2A wav2letter_pruned_int8__SSE-320__ethos-u85-512 bw3750_r0_w0           R2 SUCCESS total=7059068 hdr=True vfy=f210c172
H2A wav2letter_pruned_int8__SSE-320__ethos-u85-512 bw3750_r0_w0           R3 SUCCESS total=7059068 hdr=True vfy=f210c172
H2A wav2letter_pruned_int8__SSE-320__ethos-u85-512 bw7500_r500_w250       R1 SUCCESS total=7654068 hdr=True vfy=f210c172
H2A wav2letter_pruned_int8__SSE-320__ethos-u85-512 bw7500_r500_w250       R2 SUCCESS total=7654068 hdr=True vfy=f210c172
H2A wav2letter_pruned_int8__SSE-320__ethos-u85-512 bw7500_r500_w250       R3 SUCCESS total=7654068 hdr=True vfy=f210c172
H2A wav2letter_pruned_int8__SSE-320__ethos-u85-512 bw7500_r0_w0           R1 SUCCESS total=7057068 hdr=True vfy=f210c172
H2A wav2letter_pruned_int8__SSE-320__ethos-u85-512 bw7500_r0_w0           R2 SUCCESS total=7057068 hdr=True vfy=f210c172
H2A wav2letter_pruned_int8__SSE-320__ethos-u85-512 bw7500_r0_w0           R3 SUCCESS total=7057068 hdr=True vfy=f210c172
H2A wav2letter_pruned_int8__SSE-320__ethos-u85-512 bw0_r500_w250          R1 SUCCESS total=7654068 hdr=True vfy=f210c172
H2A wav2letter_pruned_int8__SSE-320__ethos-u85-512 bw0_r500_w250          R2 SUCCESS total=7654068 hdr=True vfy=f210c172
H2A wav2letter_pruned_int8__SSE-320__ethos-u85-512 bw0_r500_w250          R3 SUCCESS total=7654068 hdr=True vfy=f210c172
H2A wav2letter_pruned_int8__SSE-320__ethos-u85-512 bw0_r0_w0              R1 SUCCESS total=7057068 hdr=True vfy=f210c172
H2A wav2letter_pruned_int8__SSE-320__ethos-u85-512 bw0_r0_w0              R2 SUCCESS total=7057068 hdr=True vfy=f210c172
H2A wav2letter_pruned_int8__SSE-320__ethos-u85-512 bw0_r0_w0              R3 SUCCESS total=7057068 hdr=True vfy=f210c172
H2A wav2letter_pruned_int8__SSE-320__ethos-u85-256 bw1172_r250_w125       R1 SUCCESS total=16564068 hdr=True vfy=f210c172
H2A wav2letter_pruned_int8__SSE-320__ethos-u85-256 bw1172_r250_w125       R2 SUCCESS total=16564068 hdr=True vfy=f210c172
H2A wav2letter_pruned_int8__SSE-320__ethos-u85-256 bw1172_r250_w125       R3 SUCCESS total=16564068 hdr=True vfy=f210c172
H2A wav2letter_pruned_int8__SSE-320__ethos-u85-256 bw1172_r0_w0           R1 SUCCESS total=16526068 hdr=True vfy=f210c172
H2A wav2letter_pruned_int8__SSE-320__ethos-u85-256 bw1172_r0_w0           R2 SUCCESS total=16526068 hdr=True vfy=f210c172
H2A wav2letter_pruned_int8__SSE-320__ethos-u85-256 bw1172_r0_w0           R3 SUCCESS total=16526068 hdr=True vfy=f210c172
H2A wav2letter_pruned_int8__SSE-320__ethos-u85-256 bw2344_r250_w125       R1 SUCCESS total=15147068 hdr=True vfy=f210c172
H2A wav2letter_pruned_int8__SSE-320__ethos-u85-256 bw2344_r250_w125       R2 SUCCESS total=15147068 hdr=True vfy=f210c172
H2A wav2letter_pruned_int8__SSE-320__ethos-u85-256 bw2344_r250_w125       R3 SUCCESS total=15147068 hdr=True vfy=f210c172
H2A wav2letter_pruned_int8__SSE-320__ethos-u85-256 bw2344_r0_w0           R1 SUCCESS total=14952068 hdr=True vfy=f210c172
H2A wav2letter_pruned_int8__SSE-320__ethos-u85-256 bw2344_r0_w0           R2 SUCCESS total=14952068 hdr=True vfy=f210c172
H2A wav2letter_pruned_int8__SSE-320__ethos-u85-256 bw2344_r0_w0           R3 SUCCESS total=14952068 hdr=True vfy=f210c172
H2A wav2letter_pruned_int8__SSE-320__ethos-u85-256 bw4688_r250_w125       R1 SUCCESS total=15060068 hdr=True vfy=f210c172
H2A wav2letter_pruned_int8__SSE-320__ethos-u85-256 bw4688_r250_w125       R2 SUCCESS total=15060068 hdr=True vfy=f210c172
H2A wav2letter_pruned_int8__SSE-320__ethos-u85-256 bw4688_r250_w125       R3 SUCCESS total=15060068 hdr=True vfy=f210c172
H2A wav2letter_pruned_int8__SSE-320__ethos-u85-256 bw4688_r0_w0           R1 SUCCESS total=14706068 hdr=True vfy=f210c172
H2A wav2letter_pruned_int8__SSE-320__ethos-u85-256 bw4688_r0_w0           R2 SUCCESS total=14706068 hdr=True vfy=f210c172
H2A wav2letter_pruned_int8__SSE-320__ethos-u85-256 bw4688_r0_w0           R3 SUCCESS total=14706068 hdr=True vfy=f210c172
H2A wav2letter_pruned_int8__SSE-320__ethos-u85-256 bw0_r250_w125          R1 SUCCESS total=15060068 hdr=True vfy=f210c172
H2A wav2letter_pruned_int8__SSE-320__ethos-u85-256 bw0_r250_w125          R2 SUCCESS total=15060068 hdr=True vfy=f210c172
H2A wav2letter_pruned_int8__SSE-320__ethos-u85-256 bw0_r250_w125          R3 SUCCESS total=15060068 hdr=True vfy=f210c172
H2A wav2letter_pruned_int8__SSE-320__ethos-u85-256 bw0_r0_w0              R1 SUCCESS total=14706068 hdr=True vfy=f210c172
H2A wav2letter_pruned_int8__SSE-320__ethos-u85-256 bw0_r0_w0              R2 SUCCESS total=14706068 hdr=True vfy=f210c172
H2A wav2letter_pruned_int8__SSE-320__ethos-u85-256 bw0_r0_w0              R3 SUCCESS total=14706068 hdr=True vfy=f210c172
SRAMCAP kws_micronet_m__SSE-300__ethos-u55-256         sbw4000                R1 SUCCESS total=244050 hdr=True vfy=1245926f
SRAMCAP kws_micronet_m__SSE-300__ethos-u55-256         sbw4000                R2 SUCCESS total=244050 hdr=True vfy=1245926f
SRAMCAP kws_micronet_m__SSE-300__ethos-u55-256         sbw4000                R3 SUCCESS total=244050 hdr=True vfy=1245926f
SRAMCAP kws_micronet_m__SSE-300__ethos-u55-256         sbw2000                R1 SUCCESS total=343050 hdr=True vfy=1245926f
SRAMCAP kws_micronet_m__SSE-300__ethos-u55-256         sbw2000                R2 SUCCESS total=343050 hdr=True vfy=1245926f
SRAMCAP kws_micronet_m__SSE-300__ethos-u55-256         sbw2000                R3 SUCCESS total=343050 hdr=True vfy=1245926f
SRAMCAP kws_micronet_m__SSE-300__ethos-u55-256         sbw8000                R1 SUCCESS total=241050 hdr=True vfy=1245926f
SRAMCAP kws_micronet_m__SSE-300__ethos-u55-256         sbw8000                R2 SUCCESS total=241050 hdr=True vfy=1245926f
SRAMCAP kws_micronet_m__SSE-300__ethos-u55-256         sbw8000                R3 SUCCESS total=241050 hdr=True vfy=1245926f
SRAMCAP kws_micronet_m__SSE-300__ethos-u55-256         sbw0                   R1 SUCCESS total=241050 hdr=True vfy=1245926f
SRAMCAP kws_micronet_m__SSE-300__ethos-u55-256         sbw0                   R2 SUCCESS total=241050 hdr=True vfy=1245926f
SRAMCAP kws_micronet_m__SSE-300__ethos-u55-256         sbw0                   R3 SUCCESS total=241050 hdr=True vfy=1245926f
SRAMCAP ad_medium_int8__SSE-300__ethos-u55-256         sbw4000                R1 SUCCESS total=674050 hdr=True vfy=c13024c5
SRAMCAP ad_medium_int8__SSE-300__ethos-u55-256         sbw4000                R2 SUCCESS total=674050 hdr=True vfy=c13024c5
SRAMCAP ad_medium_int8__SSE-300__ethos-u55-256         sbw4000                R3 SUCCESS total=674050 hdr=True vfy=c13024c5
SRAMCAP ad_medium_int8__SSE-300__ethos-u55-256         sbw2000                R1 SUCCESS total=1108050 hdr=True vfy=c13024c5
SRAMCAP ad_medium_int8__SSE-300__ethos-u55-256         sbw2000                R2 SUCCESS total=1108050 hdr=True vfy=c13024c5
SRAMCAP ad_medium_int8__SSE-300__ethos-u55-256         sbw2000                R3 SUCCESS total=1108050 hdr=True vfy=c13024c5
SRAMCAP ad_medium_int8__SSE-300__ethos-u55-256         sbw8000                R1 SUCCESS total=638050 hdr=True vfy=c13024c5
SRAMCAP ad_medium_int8__SSE-300__ethos-u55-256         sbw8000                R2 SUCCESS total=638050 hdr=True vfy=c13024c5
SRAMCAP ad_medium_int8__SSE-300__ethos-u55-256         sbw8000                R3 SUCCESS total=638050 hdr=True vfy=c13024c5
SRAMCAP ad_medium_int8__SSE-300__ethos-u55-256         sbw0                   R1 SUCCESS total=638050 hdr=True vfy=c13024c5
SRAMCAP ad_medium_int8__SSE-300__ethos-u55-256         sbw0                   R2 SUCCESS total=638050 hdr=True vfy=c13024c5
SRAMCAP ad_medium_int8__SSE-300__ethos-u55-256         sbw0                   R3 SUCCESS total=638050 hdr=True vfy=c13024c5
SRAMCAP kws_micronet_m__SSE-300__ethos-u65-512         sbw4000                R1 SUCCESS total=130068 hdr=True vfy=1245926f
SRAMCAP kws_micronet_m__SSE-300__ethos-u65-512         sbw4000                R2 SUCCESS total=130068 hdr=True vfy=1245926f
SRAMCAP kws_micronet_m__SSE-300__ethos-u65-512         sbw4000                R3 SUCCESS total=130068 hdr=True vfy=1245926f
SRAMCAP kws_micronet_m__SSE-300__ethos-u65-512         sbw2000                R1 SUCCESS total=176068 hdr=True vfy=1245926f
SRAMCAP kws_micronet_m__SSE-300__ethos-u65-512         sbw2000                R2 SUCCESS total=176068 hdr=True vfy=1245926f
SRAMCAP kws_micronet_m__SSE-300__ethos-u65-512         sbw2000                R3 SUCCESS total=176068 hdr=True vfy=1245926f
SRAMCAP kws_micronet_m__SSE-300__ethos-u65-512         sbw8000                R1 SUCCESS total=129068 hdr=True vfy=1245926f
SRAMCAP kws_micronet_m__SSE-300__ethos-u65-512         sbw8000                R2 SUCCESS total=129068 hdr=True vfy=1245926f
SRAMCAP kws_micronet_m__SSE-300__ethos-u65-512         sbw8000                R3 SUCCESS total=129068 hdr=True vfy=1245926f
SRAMCAP kws_micronet_m__SSE-300__ethos-u65-512         sbw0                   R1 SUCCESS total=129068 hdr=True vfy=1245926f
SRAMCAP kws_micronet_m__SSE-300__ethos-u65-512         sbw0                   R2 SUCCESS total=129068 hdr=True vfy=1245926f
SRAMCAP kws_micronet_m__SSE-300__ethos-u65-512         sbw0                   R3 SUCCESS total=129068 hdr=True vfy=1245926f
SRAMCAP ad_medium_int8__SSE-300__ethos-u65-512         sbw4000                R1 SUCCESS total=301068 hdr=True vfy=c13024c5
SRAMCAP ad_medium_int8__SSE-300__ethos-u65-512         sbw4000                R2 SUCCESS total=301068 hdr=True vfy=c13024c5
SRAMCAP ad_medium_int8__SSE-300__ethos-u65-512         sbw4000                R3 SUCCESS total=301068 hdr=True vfy=c13024c5
SRAMCAP ad_medium_int8__SSE-300__ethos-u65-512         sbw2000                R1 SUCCESS total=479068 hdr=True vfy=c13024c5
SRAMCAP ad_medium_int8__SSE-300__ethos-u65-512         sbw2000                R2 SUCCESS total=479068 hdr=True vfy=c13024c5
SRAMCAP ad_medium_int8__SSE-300__ethos-u65-512         sbw2000                R3 SUCCESS total=479068 hdr=True vfy=c13024c5
SRAMCAP ad_medium_int8__SSE-300__ethos-u65-512         sbw8000                R1 SUCCESS total=291068 hdr=True vfy=c13024c5
SRAMCAP ad_medium_int8__SSE-300__ethos-u65-512         sbw8000                R2 SUCCESS total=291068 hdr=True vfy=c13024c5
SRAMCAP ad_medium_int8__SSE-300__ethos-u65-512         sbw8000                R3 SUCCESS total=291068 hdr=True vfy=c13024c5
SRAMCAP ad_medium_int8__SSE-300__ethos-u65-512         sbw0                   R1 SUCCESS total=291068 hdr=True vfy=c13024c5
SRAMCAP ad_medium_int8__SSE-300__ethos-u65-512         sbw0                   R2 SUCCESS total=291068 hdr=True vfy=c13024c5
SRAMCAP ad_medium_int8__SSE-300__ethos-u65-512         sbw0                   R3 SUCCESS total=291068 hdr=True vfy=c13024c5
H13_DONE S2
