H3 h3_conv1x1_1x36_c128__SSE-320__ethos-u85-256   base                   R1 SUCCESS total=6068 hdr=True vfy=e722e186
H3 h3_conv1x1_1x36_c128__SSE-320__ethos-u85-256   base                   R2 SUCCESS total=6068 hdr=True vfy=e722e186
H3 h3_conv1x1_1x36_c128__SSE-320__ethos-u85-256   base                   R3 SUCCESS total=6068 hdr=True vfy=e722e186
H3 h3_conv1x1_1x36_c128__SSE-320__ethos-u85-256   relaxed                R1 SUCCESS total=4068 hdr=True vfy=e722e186
H3 h3_conv1x1_1x36_c128__SSE-320__ethos-u85-256   relaxed                R2 SUCCESS total=4068 hdr=True vfy=e722e186
H3 h3_conv1x1_1x36_c128__SSE-320__ethos-u85-256   relaxed                R3 SUCCESS total=4068 hdr=True vfy=e722e186
H3 h3_conv1x1_1x36_c128__SSE-320__ethos-u85-256__ base                   R1 SUCCESS total=6068 hdr=True vfy=e722e186
H3 h3_conv1x1_1x36_c128__SSE-320__ethos-u85-256__ base                   R2 SUCCESS total=6068 hdr=True vfy=e722e186
H3 h3_conv1x1_1x36_c128__SSE-320__ethos-u85-256__ base                   R3 SUCCESS total=6068 hdr=True vfy=e722e186
H3 h3_conv1x1_1x36_c128__SSE-320__ethos-u85-512   base                   R1 SUCCESS total=7068 hdr=True vfy=e722e186
H3 h3_conv1x1_1x36_c128__SSE-320__ethos-u85-512   base                   R2 SUCCESS total=7068 hdr=True vfy=e722e186
H3 h3_conv1x1_1x36_c128__SSE-320__ethos-u85-512   base                   R3 SUCCESS total=7068 hdr=True vfy=e722e186
H3 h3_conv1x1_1x36_c128__SSE-320__ethos-u85-512   relaxed                R1 SUCCESS total=3068 hdr=True vfy=e722e186
H3 h3_conv1x1_1x36_c128__SSE-320__ethos-u85-512   relaxed                R2 SUCCESS total=3068 hdr=True vfy=e722e186
H3 h3_conv1x1_1x36_c128__SSE-320__ethos-u85-512   relaxed                R3 SUCCESS total=3068 hdr=True vfy=e722e186
H3 h3_conv1x1_36x1_c128__SSE-320__ethos-u85-256   base                   R1 SUCCESS total=10068 hdr=True vfy=50d3e065
H3 h3_conv1x1_36x1_c128__SSE-320__ethos-u85-256   base                   R2 SUCCESS total=10068 hdr=True vfy=50d3e065
H3 h3_conv1x1_36x1_c128__SSE-320__ethos-u85-256   base                   R3 SUCCESS total=10068 hdr=True vfy=50d3e065
H3 h3_conv1x1_36x1_c128__SSE-320__ethos-u85-256   relaxed                R1 SUCCESS total=6068 hdr=True vfy=50d3e065
H3 h3_conv1x1_36x1_c128__SSE-320__ethos-u85-256   relaxed                R2 SUCCESS total=6068 hdr=True vfy=50d3e065
H3 h3_conv1x1_36x1_c128__SSE-320__ethos-u85-256   relaxed                R3 SUCCESS total=6068 hdr=True vfy=50d3e065
H3 h3_conv1x1_36x1_c128__SSE-320__ethos-u85-256__ base                   R1 SUCCESS total=10068 hdr=True vfy=50d3e065
H3 h3_conv1x1_36x1_c128__SSE-320__ethos-u85-256__ base                   R2 SUCCESS total=10068 hdr=True vfy=50d3e065
H3 h3_conv1x1_36x1_c128__SSE-320__ethos-u85-256__ base                   R3 SUCCESS total=10068 hdr=True vfy=50d3e065
H3 h3_conv1x1_36x1_c128__SSE-320__ethos-u85-512   base                   R1 SUCCESS total=7068 hdr=True vfy=50d3e065
H3 h3_conv1x1_36x1_c128__SSE-320__ethos-u85-512   base                   R2 SUCCESS total=7068 hdr=True vfy=50d3e065
H3 h3_conv1x1_36x1_c128__SSE-320__ethos-u85-512   base                   R3 SUCCESS total=7068 hdr=True vfy=50d3e065
H3 h3_conv1x1_36x1_c128__SSE-320__ethos-u85-512   relaxed                R1 SUCCESS total=4068 hdr=True vfy=50d3e065
H3 h3_conv1x1_36x1_c128__SSE-320__ethos-u85-512   relaxed                R2 SUCCESS total=4068 hdr=True vfy=50d3e065
H3 h3_conv1x1_36x1_c128__SSE-320__ethos-u85-512   relaxed                R3 SUCCESS total=4068 hdr=True vfy=50d3e065
H3 h3_conv1x1_2x18_c128__SSE-320__ethos-u85-256   base                   R1 SUCCESS total=6068 hdr=True vfy=ee2c8e71
H3 h3_conv1x1_2x18_c128__SSE-320__ethos-u85-256   base                   R2 SUCCESS total=6068 hdr=True vfy=ee2c8e71
H3 h3_conv1x1_2x18_c128__SSE-320__ethos-u85-256   base                   R3 SUCCESS total=6068 hdr=True vfy=ee2c8e71
H3 h3_conv1x1_2x18_c128__SSE-320__ethos-u85-256   relaxed                R1 SUCCESS total=4068 hdr=True vfy=ee2c8e71
H3 h3_conv1x1_2x18_c128__SSE-320__ethos-u85-256   relaxed                R2 SUCCESS total=4068 hdr=True vfy=ee2c8e71
H3 h3_conv1x1_2x18_c128__SSE-320__ethos-u85-256   relaxed                R3 SUCCESS total=4068 hdr=True vfy=ee2c8e71
H3 h3_conv1x1_2x18_c128__SSE-320__ethos-u85-256__ base                   R1 SUCCESS total=6068 hdr=True vfy=ee2c8e71
H3 h3_conv1x1_2x18_c128__SSE-320__ethos-u85-256__ base                   R2 SUCCESS total=6068 hdr=True vfy=ee2c8e71
H3 h3_conv1x1_2x18_c128__SSE-320__ethos-u85-256__ base                   R3 SUCCESS total=6068 hdr=True vfy=ee2c8e71
H3 h3_conv1x1_2x18_c128__SSE-320__ethos-u85-512   base                   R1 SUCCESS total=7068 hdr=True vfy=ee2c8e71
H3 h3_conv1x1_2x18_c128__SSE-320__ethos-u85-512   base                   R2 SUCCESS total=7068 hdr=True vfy=ee2c8e71
H3 h3_conv1x1_2x18_c128__SSE-320__ethos-u85-512   base                   R3 SUCCESS total=7068 hdr=True vfy=ee2c8e71
H3 h3_conv1x1_2x18_c128__SSE-320__ethos-u85-512   relaxed                R1 SUCCESS total=3068 hdr=True vfy=ee2c8e71
H3 h3_conv1x1_2x18_c128__SSE-320__ethos-u85-512   relaxed                R2 SUCCESS total=3068 hdr=True vfy=ee2c8e71
H3 h3_conv1x1_2x18_c128__SSE-320__ethos-u85-512   relaxed                R3 SUCCESS total=3068 hdr=True vfy=ee2c8e71
H3 h3_conv1x1_18x2_c128__SSE-320__ethos-u85-256   base                   R1 SUCCESS total=6068 hdr=True vfy=3277baa8
H3 h3_conv1x1_18x2_c128__SSE-320__ethos-u85-256   base                   R2 SUCCESS total=6068 hdr=True vfy=3277baa8
H3 h3_conv1x1_18x2_c128__SSE-320__ethos-u85-256   base                   R3 SUCCESS total=6068 hdr=True vfy=3277baa8
H3 h3_conv1x1_18x2_c128__SSE-320__ethos-u85-256   relaxed                R1 SUCCESS total=4068 hdr=True vfy=3277baa8
H3 h3_conv1x1_18x2_c128__SSE-320__ethos-u85-256   relaxed                R2 SUCCESS total=4068 hdr=True vfy=3277baa8
H3 h3_conv1x1_18x2_c128__SSE-320__ethos-u85-256   relaxed                R3 SUCCESS total=4068 hdr=True vfy=3277baa8
H3 h3_conv1x1_18x2_c128__SSE-320__ethos-u85-256__ base                   R1 SUCCESS total=6068 hdr=True vfy=3277baa8
H3 h3_conv1x1_18x2_c128__SSE-320__ethos-u85-256__ base                   R2 SUCCESS total=6068 hdr=True vfy=3277baa8
H3 h3_conv1x1_18x2_c128__SSE-320__ethos-u85-256__ base                   R3 SUCCESS total=6068 hdr=True vfy=3277baa8
H3 h3_conv1x1_18x2_c128__SSE-320__ethos-u85-512   base                   R1 SUCCESS total=6068 hdr=True vfy=3277baa8
H3 h3_conv1x1_18x2_c128__SSE-320__ethos-u85-512   base                   R2 SUCCESS total=6068 hdr=True vfy=3277baa8
H3 h3_conv1x1_18x2_c128__SSE-320__ethos-u85-512   base                   R3 SUCCESS total=6068 hdr=True vfy=3277baa8
H3 h3_conv1x1_18x2_c128__SSE-320__ethos-u85-512   relaxed                R1 SUCCESS total=3068 hdr=True vfy=3277baa8
H3 h3_conv1x1_18x2_c128__SSE-320__ethos-u85-512   relaxed                R2 SUCCESS total=3068 hdr=True vfy=3277baa8
H3 h3_conv1x1_18x2_c128__SSE-320__ethos-u85-512   relaxed                R3 SUCCESS total=3068 hdr=True vfy=3277baa8
H3 h3_conv1x1_3x12_c128__SSE-320__ethos-u85-256   base                   R1 SUCCESS total=6068 hdr=True vfy=b3273ba0
H3 h3_conv1x1_3x12_c128__SSE-320__ethos-u85-256   base                   R2 SUCCESS total=6068 hdr=True vfy=b3273ba0
H3 h3_conv1x1_3x12_c128__SSE-320__ethos-u85-256   base                   R3 SUCCESS total=6068 hdr=True vfy=b3273ba0
H3 h3_conv1x1_3x12_c128__SSE-320__ethos-u85-256   relaxed                R1 SUCCESS total=4068 hdr=True vfy=b3273ba0
H3 h3_conv1x1_3x12_c128__SSE-320__ethos-u85-256   relaxed                R2 SUCCESS total=4068 hdr=True vfy=b3273ba0
H3 h3_conv1x1_3x12_c128__SSE-320__ethos-u85-256   relaxed                R3 SUCCESS total=4068 hdr=True vfy=b3273ba0
H3 h3_conv1x1_3x12_c128__SSE-320__ethos-u85-256__ base                   R1 SUCCESS total=6068 hdr=True vfy=b3273ba0
H3 h3_conv1x1_3x12_c128__SSE-320__ethos-u85-256__ base                   R2 SUCCESS total=6068 hdr=True vfy=b3273ba0
H3 h3_conv1x1_3x12_c128__SSE-320__ethos-u85-256__ base                   R3 SUCCESS total=6068 hdr=True vfy=b3273ba0
H3 h3_conv1x1_3x12_c128__SSE-320__ethos-u85-512   base                   R1 SUCCESS total=7068 hdr=True vfy=b3273ba0
H3 h3_conv1x1_3x12_c128__SSE-320__ethos-u85-512   base                   R2 SUCCESS total=7068 hdr=True vfy=b3273ba0
H3 h3_conv1x1_3x12_c128__SSE-320__ethos-u85-512   base                   R3 SUCCESS total=7068 hdr=True vfy=b3273ba0
H3 h3_conv1x1_3x12_c128__SSE-320__ethos-u85-512   relaxed                R1 SUCCESS total=3068 hdr=True vfy=b3273ba0
H3 h3_conv1x1_3x12_c128__SSE-320__ethos-u85-512   relaxed                R2 SUCCESS total=3068 hdr=True vfy=b3273ba0
H3 h3_conv1x1_3x12_c128__SSE-320__ethos-u85-512   relaxed                R3 SUCCESS total=3068 hdr=True vfy=b3273ba0
H3 h3_conv1x1_12x3_c128__SSE-320__ethos-u85-256   base                   R1 SUCCESS total=6068 hdr=True vfy=dd4d28cd
H3 h3_conv1x1_12x3_c128__SSE-320__ethos-u85-256   base                   R2 SUCCESS total=6068 hdr=True vfy=dd4d28cd
H3 h3_conv1x1_12x3_c128__SSE-320__ethos-u85-256   base                   R3 SUCCESS total=6068 hdr=True vfy=dd4d28cd
H3 h3_conv1x1_12x3_c128__SSE-320__ethos-u85-256   relaxed                R1 SUCCESS total=5068 hdr=True vfy=dd4d28cd
H3 h3_conv1x1_12x3_c128__SSE-320__ethos-u85-256   relaxed                R2 SUCCESS total=5068 hdr=True vfy=dd4d28cd
H3 h3_conv1x1_12x3_c128__SSE-320__ethos-u85-256   relaxed                R3 SUCCESS total=5068 hdr=True vfy=dd4d28cd
H3 h3_conv1x1_12x3_c128__SSE-320__ethos-u85-256__ base                   R1 SUCCESS total=6068 hdr=True vfy=dd4d28cd
H3 h3_conv1x1_12x3_c128__SSE-320__ethos-u85-256__ base                   R2 SUCCESS total=6068 hdr=True vfy=dd4d28cd
H3 h3_conv1x1_12x3_c128__SSE-320__ethos-u85-256__ base                   R3 SUCCESS total=6068 hdr=True vfy=dd4d28cd
H3 h3_conv1x1_12x3_c128__SSE-320__ethos-u85-512   base                   R1 SUCCESS total=7068 hdr=True vfy=dd4d28cd
H3 h3_conv1x1_12x3_c128__SSE-320__ethos-u85-512   base                   R2 SUCCESS total=7068 hdr=True vfy=dd4d28cd
H3 h3_conv1x1_12x3_c128__SSE-320__ethos-u85-512   base                   R3 SUCCESS total=7068 hdr=True vfy=dd4d28cd
H3 h3_conv1x1_12x3_c128__SSE-320__ethos-u85-512   relaxed                R1 SUCCESS total=4068 hdr=True vfy=dd4d28cd
H3 h3_conv1x1_12x3_c128__SSE-320__ethos-u85-512   relaxed                R2 SUCCESS total=4068 hdr=True vfy=dd4d28cd
H3 h3_conv1x1_12x3_c128__SSE-320__ethos-u85-512   relaxed                R3 SUCCESS total=4068 hdr=True vfy=dd4d28cd
H3 h3_conv1x1_4x9_c128__SSE-320__ethos-u85-256    base                   R1 SUCCESS total=6068 hdr=True vfy=0778873f
H3 h3_conv1x1_4x9_c128__SSE-320__ethos-u85-256    base                   R2 SUCCESS total=6068 hdr=True vfy=0778873f
H3 h3_conv1x1_4x9_c128__SSE-320__ethos-u85-256    base                   R3 SUCCESS total=6068 hdr=True vfy=0778873f
H3 h3_conv1x1_4x9_c128__SSE-320__ethos-u85-256    relaxed                R1 SUCCESS total=4068 hdr=True vfy=0778873f
H3 h3_conv1x1_4x9_c128__SSE-320__ethos-u85-256    relaxed                R2 SUCCESS total=4068 hdr=True vfy=0778873f
H3 h3_conv1x1_4x9_c128__SSE-320__ethos-u85-256    relaxed                R3 SUCCESS total=4068 hdr=True vfy=0778873f
H3 h3_conv1x1_4x9_c128__SSE-320__ethos-u85-256__s base                   R1 SUCCESS total=6068 hdr=True vfy=0778873f
H3 h3_conv1x1_4x9_c128__SSE-320__ethos-u85-256__s base                   R2 SUCCESS total=6068 hdr=True vfy=0778873f
H3 h3_conv1x1_4x9_c128__SSE-320__ethos-u85-256__s base                   R3 SUCCESS total=6068 hdr=True vfy=0778873f
H3 h3_conv1x1_4x9_c128__SSE-320__ethos-u85-512    base                   R1 SUCCESS total=7068 hdr=True vfy=0778873f
H3 h3_conv1x1_4x9_c128__SSE-320__ethos-u85-512    base                   R2 SUCCESS total=7068 hdr=True vfy=0778873f
H3 h3_conv1x1_4x9_c128__SSE-320__ethos-u85-512    base                   R3 SUCCESS total=7068 hdr=True vfy=0778873f
H3 h3_conv1x1_4x9_c128__SSE-320__ethos-u85-512    relaxed                R1 SUCCESS total=3068 hdr=True vfy=0778873f
H3 h3_conv1x1_4x9_c128__SSE-320__ethos-u85-512    relaxed                R2 SUCCESS total=3068 hdr=True vfy=0778873f
H3 h3_conv1x1_4x9_c128__SSE-320__ethos-u85-512    relaxed                R3 SUCCESS total=3068 hdr=True vfy=0778873f
H3 h3_conv1x1_9x4_c128__SSE-320__ethos-u85-256    base                   R1 SUCCESS total=6068 hdr=True vfy=f27ddf49
H3 h3_conv1x1_9x4_c128__SSE-320__ethos-u85-256    base                   R2 SUCCESS total=6068 hdr=True vfy=f27ddf49
H3 h3_conv1x1_9x4_c128__SSE-320__ethos-u85-256    base                   R3 SUCCESS total=6068 hdr=True vfy=f27ddf49
H3 h3_conv1x1_9x4_c128__SSE-320__ethos-u85-256    relaxed                R1 SUCCESS total=4068 hdr=True vfy=f27ddf49
H3 h3_conv1x1_9x4_c128__SSE-320__ethos-u85-256    relaxed                R2 SUCCESS total=4068 hdr=True vfy=f27ddf49
H3 h3_conv1x1_9x4_c128__SSE-320__ethos-u85-256    relaxed                R3 SUCCESS total=4068 hdr=True vfy=f27ddf49
H3 h3_conv1x1_9x4_c128__SSE-320__ethos-u85-256__s base                   R1 SUCCESS total=6068 hdr=True vfy=f27ddf49
H3 h3_conv1x1_9x4_c128__SSE-320__ethos-u85-256__s base                   R2 SUCCESS total=6068 hdr=True vfy=f27ddf49
H3 h3_conv1x1_9x4_c128__SSE-320__ethos-u85-256__s base                   R3 SUCCESS total=6068 hdr=True vfy=f27ddf49
H3 h3_conv1x1_9x4_c128__SSE-320__ethos-u85-512    base                   R1 SUCCESS total=6068 hdr=True vfy=f27ddf49
H3 h3_conv1x1_9x4_c128__SSE-320__ethos-u85-512    base                   R2 SUCCESS total=6068 hdr=True vfy=f27ddf49
H3 h3_conv1x1_9x4_c128__SSE-320__ethos-u85-512    base                   R3 SUCCESS total=6068 hdr=True vfy=f27ddf49
H3 h3_conv1x1_9x4_c128__SSE-320__ethos-u85-512    relaxed                R1 SUCCESS total=3068 hdr=True vfy=f27ddf49
H3 h3_conv1x1_9x4_c128__SSE-320__ethos-u85-512    relaxed                R2 SUCCESS total=3068 hdr=True vfy=f27ddf49
H3 h3_conv1x1_9x4_c128__SSE-320__ethos-u85-512    relaxed                R3 SUCCESS total=3068 hdr=True vfy=f27ddf49
H3 h3_conv1x1_6x6_c128__SSE-320__ethos-u85-256    base                   R1 SUCCESS total=6068 hdr=True vfy=9946a899
H3 h3_conv1x1_6x6_c128__SSE-320__ethos-u85-256    base                   R2 SUCCESS total=6068 hdr=True vfy=9946a899
H3 h3_conv1x1_6x6_c128__SSE-320__ethos-u85-256    base                   R3 SUCCESS total=6068 hdr=True vfy=9946a899
H3 h3_conv1x1_6x6_c128__SSE-320__ethos-u85-256    relaxed                R1 SUCCESS total=4068 hdr=True vfy=9946a899
H3 h3_conv1x1_6x6_c128__SSE-320__ethos-u85-256    relaxed                R2 SUCCESS total=4068 hdr=True vfy=9946a899
H3 h3_conv1x1_6x6_c128__SSE-320__ethos-u85-256    relaxed                R3 SUCCESS total=4068 hdr=True vfy=9946a899
H3 h3_conv1x1_6x6_c128__SSE-320__ethos-u85-256__s base                   R1 SUCCESS total=6068 hdr=True vfy=9946a899
H3 h3_conv1x1_6x6_c128__SSE-320__ethos-u85-256__s base                   R2 SUCCESS total=6068 hdr=True vfy=9946a899
H3 h3_conv1x1_6x6_c128__SSE-320__ethos-u85-256__s base                   R3 SUCCESS total=6068 hdr=True vfy=9946a899
H3 h3_conv1x1_6x6_c128__SSE-320__ethos-u85-512    base                   R1 SUCCESS total=7068 hdr=True vfy=9946a899
H3 h3_conv1x1_6x6_c128__SSE-320__ethos-u85-512    base                   R2 SUCCESS total=7068 hdr=True vfy=9946a899
H3 h3_conv1x1_6x6_c128__SSE-320__ethos-u85-512    base                   R3 SUCCESS total=7068 hdr=True vfy=9946a899
H3 h3_conv1x1_6x6_c128__SSE-320__ethos-u85-512    relaxed                R1 SUCCESS total=3068 hdr=True vfy=9946a899
H3 h3_conv1x1_6x6_c128__SSE-320__ethos-u85-512    relaxed                R2 SUCCESS total=3068 hdr=True vfy=9946a899
H3 h3_conv1x1_6x6_c128__SSE-320__ethos-u85-512    relaxed                R3 SUCCESS total=3068 hdr=True vfy=9946a899
H3 h3_conv1x1_1x64_c128__SSE-320__ethos-u85-256   base                   R1 SUCCESS total=11068 hdr=True vfy=1c827008
H3 h3_conv1x1_1x64_c128__SSE-320__ethos-u85-256   base                   R2 SUCCESS total=11068 hdr=True vfy=1c827008
H3 h3_conv1x1_1x64_c128__SSE-320__ethos-u85-256   base                   R3 SUCCESS total=11068 hdr=True vfy=1c827008
H3 h3_conv1x1_1x64_c128__SSE-320__ethos-u85-512   base                   R1 SUCCESS total=10068 hdr=True vfy=1c827008
H3 h3_conv1x1_1x64_c128__SSE-320__ethos-u85-512   base                   R2 SUCCESS total=10068 hdr=True vfy=1c827008
H3 h3_conv1x1_1x64_c128__SSE-320__ethos-u85-512   base                   R3 SUCCESS total=10068 hdr=True vfy=1c827008
H3 h3_conv1x1_2x32_c128__SSE-320__ethos-u85-256   base                   R1 SUCCESS total=11068 hdr=True vfy=cf9131a9
H3 h3_conv1x1_2x32_c128__SSE-320__ethos-u85-256   base                   R2 SUCCESS total=11068 hdr=True vfy=cf9131a9
H3 h3_conv1x1_2x32_c128__SSE-320__ethos-u85-256   base                   R3 SUCCESS total=11068 hdr=True vfy=cf9131a9
H3 h3_conv1x1_2x32_c128__SSE-320__ethos-u85-512   base                   R1 SUCCESS total=10068 hdr=True vfy=cf9131a9
H3 h3_conv1x1_2x32_c128__SSE-320__ethos-u85-512   base                   R2 SUCCESS total=10068 hdr=True vfy=cf9131a9
H3 h3_conv1x1_2x32_c128__SSE-320__ethos-u85-512   base                   R3 SUCCESS total=10068 hdr=True vfy=cf9131a9
H3 h3_conv1x1_4x16_c128__SSE-320__ethos-u85-256   base                   R1 SUCCESS total=11068 hdr=True vfy=33c8da74
H3 h3_conv1x1_4x16_c128__SSE-320__ethos-u85-256   base                   R2 SUCCESS total=11068 hdr=True vfy=33c8da74
H3 h3_conv1x1_4x16_c128__SSE-320__ethos-u85-256   base                   R3 SUCCESS total=11068 hdr=True vfy=33c8da74
H3 h3_conv1x1_4x16_c128__SSE-320__ethos-u85-512   base                   R1 SUCCESS total=10068 hdr=True vfy=33c8da74
H3 h3_conv1x1_4x16_c128__SSE-320__ethos-u85-512   base                   R2 SUCCESS total=10068 hdr=True vfy=33c8da74
H3 h3_conv1x1_4x16_c128__SSE-320__ethos-u85-512   base                   R3 SUCCESS total=10068 hdr=True vfy=33c8da74
H3 h3_conv1x1_8x8_c128__SSE-320__ethos-u85-256    base                   R1 SUCCESS total=11068 hdr=True vfy=86e21dfd
H3 h3_conv1x1_8x8_c128__SSE-320__ethos-u85-256    base                   R2 SUCCESS total=11068 hdr=True vfy=86e21dfd
H3 h3_conv1x1_8x8_c128__SSE-320__ethos-u85-256    base                   R3 SUCCESS total=11068 hdr=True vfy=86e21dfd
H3 h3_conv1x1_8x8_c128__SSE-320__ethos-u85-512    base                   R1 SUCCESS total=10068 hdr=True vfy=86e21dfd
H3 h3_conv1x1_8x8_c128__SSE-320__ethos-u85-512    base                   R2 SUCCESS total=10068 hdr=True vfy=86e21dfd
H3 h3_conv1x1_8x8_c128__SSE-320__ethos-u85-512    base                   R3 SUCCESS total=10068 hdr=True vfy=86e21dfd
H3 h3_conv1x1_1x256_c128__SSE-320__ethos-u85-256  base                   R1 SUCCESS total=39068 hdr=True vfy=4082794a
H3 h3_conv1x1_1x256_c128__SSE-320__ethos-u85-256  base                   R2 SUCCESS total=39068 hdr=True vfy=4082794a
H3 h3_conv1x1_1x256_c128__SSE-320__ethos-u85-256  base                   R3 SUCCESS total=39068 hdr=True vfy=4082794a
H3 h3_conv1x1_1x256_c128__SSE-320__ethos-u85-512  base                   R1 SUCCESS total=35068 hdr=True vfy=4082794a
H3 h3_conv1x1_1x256_c128__SSE-320__ethos-u85-512  base                   R2 SUCCESS total=35068 hdr=True vfy=4082794a
H3 h3_conv1x1_1x256_c128__SSE-320__ethos-u85-512  base                   R3 SUCCESS total=35068 hdr=True vfy=4082794a
H3 h3_conv1x1_4x64_c128__SSE-320__ethos-u85-256   base                   R1 SUCCESS total=39068 hdr=True vfy=56f6c6e7
H3 h3_conv1x1_4x64_c128__SSE-320__ethos-u85-256   base                   R2 SUCCESS total=39068 hdr=True vfy=56f6c6e7
H3 h3_conv1x1_4x64_c128__SSE-320__ethos-u85-256   base                   R3 SUCCESS total=39068 hdr=True vfy=56f6c6e7
H3 h3_conv1x1_4x64_c128__SSE-320__ethos-u85-512   base                   R1 SUCCESS total=35068 hdr=True vfy=56f6c6e7
H3 h3_conv1x1_4x64_c128__SSE-320__ethos-u85-512   base                   R2 SUCCESS total=35068 hdr=True vfy=56f6c6e7
H3 h3_conv1x1_4x64_c128__SSE-320__ethos-u85-512   base                   R3 SUCCESS total=35068 hdr=True vfy=56f6c6e7
H3 h3_conv1x1_8x32_c128__SSE-320__ethos-u85-256   base                   R1 SUCCESS total=37068 hdr=True vfy=2e3322a9
H3 h3_conv1x1_8x32_c128__SSE-320__ethos-u85-256   base                   R2 SUCCESS total=37068 hdr=True vfy=2e3322a9
H3 h3_conv1x1_8x32_c128__SSE-320__ethos-u85-256   base                   R3 SUCCESS total=37068 hdr=True vfy=2e3322a9
H3 h3_conv1x1_8x32_c128__SSE-320__ethos-u85-512   base                   R1 SUCCESS total=35068 hdr=True vfy=2e3322a9
H3 h3_conv1x1_8x32_c128__SSE-320__ethos-u85-512   base                   R2 SUCCESS total=35068 hdr=True vfy=2e3322a9
H3 h3_conv1x1_8x32_c128__SSE-320__ethos-u85-512   base                   R3 SUCCESS total=35068 hdr=True vfy=2e3322a9
H3 h3_conv1x1_16x16_c128__SSE-320__ethos-u85-256  base                   R1 SUCCESS total=37068 hdr=True vfy=b0df2ed2
H3 h3_conv1x1_16x16_c128__SSE-320__ethos-u85-256  base                   R2 SUCCESS total=37068 hdr=True vfy=b0df2ed2
H3 h3_conv1x1_16x16_c128__SSE-320__ethos-u85-256  base                   R3 SUCCESS total=37068 hdr=True vfy=b0df2ed2
H3 h3_conv1x1_16x16_c128__SSE-320__ethos-u85-512  base                   R1 SUCCESS total=35068 hdr=True vfy=b0df2ed2
H3 h3_conv1x1_16x16_c128__SSE-320__ethos-u85-512  base                   R2 SUCCESS total=35068 hdr=True vfy=b0df2ed2
H3 h3_conv1x1_16x16_c128__SSE-320__ethos-u85-512  base                   R3 SUCCESS total=35068 hdr=True vfy=b0df2ed2
H3 h3_conv3x3_1x36_c128__SSE-320__ethos-u85-256   base                   R1 SUCCESS total=31068 hdr=True vfy=0bb10644
H3 h3_conv3x3_1x36_c128__SSE-320__ethos-u85-256   base                   R2 SUCCESS total=31068 hdr=True vfy=0bb10644
H3 h3_conv3x3_1x36_c128__SSE-320__ethos-u85-256   base                   R3 SUCCESS total=31068 hdr=True vfy=0bb10644
H3 h3_conv3x3_1x36_c128__SSE-320__ethos-u85-256   relaxed                R1 SUCCESS total=25068 hdr=True vfy=0bb10644
H3 h3_conv3x3_1x36_c128__SSE-320__ethos-u85-256   relaxed                R2 SUCCESS total=25068 hdr=True vfy=0bb10644
H3 h3_conv3x3_1x36_c128__SSE-320__ethos-u85-256   relaxed                R3 SUCCESS total=25068 hdr=True vfy=0bb10644
H3 h3_conv3x3_1x36_c128__SSE-320__ethos-u85-512   base                   R1 SUCCESS total=29068 hdr=True vfy=0bb10644
H3 h3_conv3x3_1x36_c128__SSE-320__ethos-u85-512   base                   R2 SUCCESS total=29068 hdr=True vfy=0bb10644
H3 h3_conv3x3_1x36_c128__SSE-320__ethos-u85-512   base                   R3 SUCCESS total=29068 hdr=True vfy=0bb10644
H3 h3_conv3x3_1x36_c128__SSE-320__ethos-u85-512   relaxed                R1 SUCCESS total=14068 hdr=True vfy=0bb10644
H3 h3_conv3x3_1x36_c128__SSE-320__ethos-u85-512   relaxed                R2 SUCCESS total=14068 hdr=True vfy=0bb10644
H3 h3_conv3x3_1x36_c128__SSE-320__ethos-u85-512   relaxed                R3 SUCCESS total=14068 hdr=True vfy=0bb10644
H3 h3_conv3x3_36x1_c128__SSE-320__ethos-u85-256   base                   R1 SUCCESS total=50068 hdr=True vfy=3e1e2324
H3 h3_conv3x3_36x1_c128__SSE-320__ethos-u85-256   base                   R2 SUCCESS total=50068 hdr=True vfy=3e1e2324
H3 h3_conv3x3_36x1_c128__SSE-320__ethos-u85-256   base                   R3 SUCCESS total=50068 hdr=True vfy=3e1e2324
H3 h3_conv3x3_36x1_c128__SSE-320__ethos-u85-256   relaxed                R1 SUCCESS total=45068 hdr=True vfy=3e1e2324
H3 h3_conv3x3_36x1_c128__SSE-320__ethos-u85-256   relaxed                R2 SUCCESS total=45068 hdr=True vfy=3e1e2324
H3 h3_conv3x3_36x1_c128__SSE-320__ethos-u85-256   relaxed                R3 SUCCESS total=45068 hdr=True vfy=3e1e2324
H3 h3_conv3x3_36x1_c128__SSE-320__ethos-u85-512   base                   R1 SUCCESS total=29068 hdr=True vfy=3e1e2324
H3 h3_conv3x3_36x1_c128__SSE-320__ethos-u85-512   base                   R2 SUCCESS total=29068 hdr=True vfy=3e1e2324
H3 h3_conv3x3_36x1_c128__SSE-320__ethos-u85-512   base                   R3 SUCCESS total=29068 hdr=True vfy=3e1e2324
H3 h3_conv3x3_36x1_c128__SSE-320__ethos-u85-512   relaxed                R1 SUCCESS total=23068 hdr=True vfy=3e1e2324
H3 h3_conv3x3_36x1_c128__SSE-320__ethos-u85-512   relaxed                R2 SUCCESS total=23068 hdr=True vfy=3e1e2324
H3 h3_conv3x3_36x1_c128__SSE-320__ethos-u85-512   relaxed                R3 SUCCESS total=23068 hdr=True vfy=3e1e2324
H3 h3_conv3x3_2x18_c128__SSE-320__ethos-u85-256   base                   R1 SUCCESS total=31068 hdr=True vfy=b133dcf2
H3 h3_conv3x3_2x18_c128__SSE-320__ethos-u85-256   base                   R2 SUCCESS total=31068 hdr=True vfy=b133dcf2
H3 h3_conv3x3_2x18_c128__SSE-320__ethos-u85-256   base                   R3 SUCCESS total=31068 hdr=True vfy=b133dcf2
H3 h3_conv3x3_2x18_c128__SSE-320__ethos-u85-256   relaxed                R1 SUCCESS total=25068 hdr=True vfy=b133dcf2
H3 h3_conv3x3_2x18_c128__SSE-320__ethos-u85-256   relaxed                R2 SUCCESS total=25068 hdr=True vfy=b133dcf2
H3 h3_conv3x3_2x18_c128__SSE-320__ethos-u85-256   relaxed                R3 SUCCESS total=25068 hdr=True vfy=b133dcf2
H3 h3_conv3x3_2x18_c128__SSE-320__ethos-u85-512   base                   R1 SUCCESS total=29068 hdr=True vfy=b133dcf2
H3 h3_conv3x3_2x18_c128__SSE-320__ethos-u85-512   base                   R2 SUCCESS total=29068 hdr=True vfy=b133dcf2
H3 h3_conv3x3_2x18_c128__SSE-320__ethos-u85-512   base                   R3 SUCCESS total=29068 hdr=True vfy=b133dcf2
H3 h3_conv3x3_2x18_c128__SSE-320__ethos-u85-512   relaxed                R1 SUCCESS total=14068 hdr=True vfy=b133dcf2
H3 h3_conv3x3_2x18_c128__SSE-320__ethos-u85-512   relaxed                R2 SUCCESS total=14068 hdr=True vfy=b133dcf2
H3 h3_conv3x3_2x18_c128__SSE-320__ethos-u85-512   relaxed                R3 SUCCESS total=14068 hdr=True vfy=b133dcf2
H3 h3_conv3x3_18x2_c128__SSE-320__ethos-u85-256   base                   R1 SUCCESS total=31068 hdr=True vfy=e1c4a4d1
H3 h3_conv3x3_18x2_c128__SSE-320__ethos-u85-256   base                   R2 SUCCESS total=31068 hdr=True vfy=e1c4a4d1
H3 h3_conv3x3_18x2_c128__SSE-320__ethos-u85-256   base                   R3 SUCCESS total=31068 hdr=True vfy=e1c4a4d1
H3 h3_conv3x3_18x2_c128__SSE-320__ethos-u85-256   relaxed                R1 SUCCESS total=25068 hdr=True vfy=e1c4a4d1
H3 h3_conv3x3_18x2_c128__SSE-320__ethos-u85-256   relaxed                R2 SUCCESS total=25068 hdr=True vfy=e1c4a4d1
H3 h3_conv3x3_18x2_c128__SSE-320__ethos-u85-256   relaxed                R3 SUCCESS total=25068 hdr=True vfy=e1c4a4d1
H3 h3_conv3x3_18x2_c128__SSE-320__ethos-u85-512   base                   R1 SUCCESS total=29068 hdr=True vfy=e1c4a4d1
H3 h3_conv3x3_18x2_c128__SSE-320__ethos-u85-512   base                   R2 SUCCESS total=29068 hdr=True vfy=e1c4a4d1
H3 h3_conv3x3_18x2_c128__SSE-320__ethos-u85-512   base                   R3 SUCCESS total=29068 hdr=True vfy=e1c4a4d1
H3 h3_conv3x3_18x2_c128__SSE-320__ethos-u85-512   relaxed                R1 SUCCESS total=14068 hdr=True vfy=e1c4a4d1
H3 h3_conv3x3_18x2_c128__SSE-320__ethos-u85-512   relaxed                R2 SUCCESS total=14068 hdr=True vfy=e1c4a4d1
H3 h3_conv3x3_18x2_c128__SSE-320__ethos-u85-512   relaxed                R3 SUCCESS total=14068 hdr=True vfy=e1c4a4d1
H3 h3_conv3x3_3x12_c128__SSE-320__ethos-u85-256   base                   R1 SUCCESS total=31068 hdr=True vfy=cc52c66e
H3 h3_conv3x3_3x12_c128__SSE-320__ethos-u85-256   base                   R2 SUCCESS total=31068 hdr=True vfy=cc52c66e
H3 h3_conv3x3_3x12_c128__SSE-320__ethos-u85-256   base                   R3 SUCCESS total=31068 hdr=True vfy=cc52c66e
H3 h3_conv3x3_3x12_c128__SSE-320__ethos-u85-256   relaxed                R1 SUCCESS total=25068 hdr=True vfy=cc52c66e
H3 h3_conv3x3_3x12_c128__SSE-320__ethos-u85-256   relaxed                R2 SUCCESS total=25068 hdr=True vfy=cc52c66e
H3 h3_conv3x3_3x12_c128__SSE-320__ethos-u85-256   relaxed                R3 SUCCESS total=25068 hdr=True vfy=cc52c66e
H3 h3_conv3x3_3x12_c128__SSE-320__ethos-u85-512   base                   R1 SUCCESS total=29068 hdr=True vfy=cc52c66e
H3 h3_conv3x3_3x12_c128__SSE-320__ethos-u85-512   base                   R2 SUCCESS total=29068 hdr=True vfy=cc52c66e
H3 h3_conv3x3_3x12_c128__SSE-320__ethos-u85-512   base                   R3 SUCCESS total=29068 hdr=True vfy=cc52c66e
H3 h3_conv3x3_3x12_c128__SSE-320__ethos-u85-512   relaxed                R1 SUCCESS total=14068 hdr=True vfy=cc52c66e
H3 h3_conv3x3_3x12_c128__SSE-320__ethos-u85-512   relaxed                R2 SUCCESS total=14068 hdr=True vfy=cc52c66e
H3 h3_conv3x3_3x12_c128__SSE-320__ethos-u85-512   relaxed                R3 SUCCESS total=14068 hdr=True vfy=cc52c66e
H3 h3_conv3x3_12x3_c128__SSE-320__ethos-u85-256   base                   R1 SUCCESS total=36068 hdr=True vfy=b7108c09
H3 h3_conv3x3_12x3_c128__SSE-320__ethos-u85-256   base                   R2 SUCCESS total=36068 hdr=True vfy=b7108c09
H3 h3_conv3x3_12x3_c128__SSE-320__ethos-u85-256   base                   R3 SUCCESS total=36068 hdr=True vfy=b7108c09
H3 h3_conv3x3_12x3_c128__SSE-320__ethos-u85-256   relaxed                R1 SUCCESS total=32068 hdr=True vfy=b7108c09
H3 h3_conv3x3_12x3_c128__SSE-320__ethos-u85-256   relaxed                R2 SUCCESS total=32068 hdr=True vfy=b7108c09
H3 h3_conv3x3_12x3_c128__SSE-320__ethos-u85-256   relaxed                R3 SUCCESS total=32068 hdr=True vfy=b7108c09
H3 h3_conv3x3_12x3_c128__SSE-320__ethos-u85-512   base                   R1 SUCCESS total=29068 hdr=True vfy=b7108c09
H3 h3_conv3x3_12x3_c128__SSE-320__ethos-u85-512   base                   R2 SUCCESS total=29068 hdr=True vfy=b7108c09
H3 h3_conv3x3_12x3_c128__SSE-320__ethos-u85-512   base                   R3 SUCCESS total=29068 hdr=True vfy=b7108c09
H3 h3_conv3x3_12x3_c128__SSE-320__ethos-u85-512   relaxed                R1 SUCCESS total=17068 hdr=True vfy=b7108c09
H3 h3_conv3x3_12x3_c128__SSE-320__ethos-u85-512   relaxed                R2 SUCCESS total=17068 hdr=True vfy=b7108c09
H3 h3_conv3x3_12x3_c128__SSE-320__ethos-u85-512   relaxed                R3 SUCCESS total=17068 hdr=True vfy=b7108c09
H3 h3_conv3x3_4x9_c128__SSE-320__ethos-u85-256    base                   R1 SUCCESS total=32068 hdr=True vfy=157e441d
H3 h3_conv3x3_4x9_c128__SSE-320__ethos-u85-256    base                   R2 SUCCESS total=32068 hdr=True vfy=157e441d
H3 h3_conv3x3_4x9_c128__SSE-320__ethos-u85-256    base                   R3 SUCCESS total=32068 hdr=True vfy=157e441d
H3 h3_conv3x3_4x9_c128__SSE-320__ethos-u85-256    relaxed                R1 SUCCESS total=28068 hdr=True vfy=157e441d
H3 h3_conv3x3_4x9_c128__SSE-320__ethos-u85-256    relaxed                R2 SUCCESS total=28068 hdr=True vfy=157e441d
H3 h3_conv3x3_4x9_c128__SSE-320__ethos-u85-256    relaxed                R3 SUCCESS total=28068 hdr=True vfy=157e441d
H3 h3_conv3x3_4x9_c128__SSE-320__ethos-u85-512    base                   R1 SUCCESS total=29068 hdr=True vfy=157e441d
H3 h3_conv3x3_4x9_c128__SSE-320__ethos-u85-512    base                   R2 SUCCESS total=29068 hdr=True vfy=157e441d
H3 h3_conv3x3_4x9_c128__SSE-320__ethos-u85-512    base                   R3 SUCCESS total=29068 hdr=True vfy=157e441d
H3 h3_conv3x3_4x9_c128__SSE-320__ethos-u85-512    relaxed                R1 SUCCESS total=15068 hdr=True vfy=157e441d
H3 h3_conv3x3_4x9_c128__SSE-320__ethos-u85-512    relaxed                R2 SUCCESS total=15068 hdr=True vfy=157e441d
H3 h3_conv3x3_4x9_c128__SSE-320__ethos-u85-512    relaxed                R3 SUCCESS total=15068 hdr=True vfy=157e441d
H3 h3_conv3x3_9x4_c128__SSE-320__ethos-u85-256    base                   R1 SUCCESS total=31068 hdr=True vfy=2908d8f8
H3 h3_conv3x3_9x4_c128__SSE-320__ethos-u85-256    base                   R2 SUCCESS total=31068 hdr=True vfy=2908d8f8
H3 h3_conv3x3_9x4_c128__SSE-320__ethos-u85-256    base                   R3 SUCCESS total=31068 hdr=True vfy=2908d8f8
H3 h3_conv3x3_9x4_c128__SSE-320__ethos-u85-256    relaxed                R1 SUCCESS total=25068 hdr=True vfy=2908d8f8
H3 h3_conv3x3_9x4_c128__SSE-320__ethos-u85-256    relaxed                R2 SUCCESS total=25068 hdr=True vfy=2908d8f8
H3 h3_conv3x3_9x4_c128__SSE-320__ethos-u85-256    relaxed                R3 SUCCESS total=25068 hdr=True vfy=2908d8f8
H3 h3_conv3x3_9x4_c128__SSE-320__ethos-u85-512    base                   R1 SUCCESS total=29068 hdr=True vfy=2908d8f8
H3 h3_conv3x3_9x4_c128__SSE-320__ethos-u85-512    base                   R2 SUCCESS total=29068 hdr=True vfy=2908d8f8
H3 h3_conv3x3_9x4_c128__SSE-320__ethos-u85-512    base                   R3 SUCCESS total=29068 hdr=True vfy=2908d8f8
H3 h3_conv3x3_9x4_c128__SSE-320__ethos-u85-512    relaxed                R1 SUCCESS total=14068 hdr=True vfy=2908d8f8
H3 h3_conv3x3_9x4_c128__SSE-320__ethos-u85-512    relaxed                R2 SUCCESS total=14068 hdr=True vfy=2908d8f8
H3 h3_conv3x3_9x4_c128__SSE-320__ethos-u85-512    relaxed                R3 SUCCESS total=14068 hdr=True vfy=2908d8f8
H3 h3_conv3x3_6x6_c128__SSE-320__ethos-u85-256    base                   R1 SUCCESS total=31068 hdr=True vfy=277e86c6
H3 h3_conv3x3_6x6_c128__SSE-320__ethos-u85-256    base                   R2 SUCCESS total=31068 hdr=True vfy=277e86c6
H3 h3_conv3x3_6x6_c128__SSE-320__ethos-u85-256    base                   R3 SUCCESS total=31068 hdr=True vfy=277e86c6
H3 h3_conv3x3_6x6_c128__SSE-320__ethos-u85-256    relaxed                R1 SUCCESS total=25068 hdr=True vfy=277e86c6
H3 h3_conv3x3_6x6_c128__SSE-320__ethos-u85-256    relaxed                R2 SUCCESS total=25068 hdr=True vfy=277e86c6
H3 h3_conv3x3_6x6_c128__SSE-320__ethos-u85-256    relaxed                R3 SUCCESS total=25068 hdr=True vfy=277e86c6
H3 h3_conv3x3_6x6_c128__SSE-320__ethos-u85-512    base                   R1 SUCCESS total=29068 hdr=True vfy=277e86c6
H3 h3_conv3x3_6x6_c128__SSE-320__ethos-u85-512    base                   R2 SUCCESS total=29068 hdr=True vfy=277e86c6
H3 h3_conv3x3_6x6_c128__SSE-320__ethos-u85-512    base                   R3 SUCCESS total=29068 hdr=True vfy=277e86c6
H3 h3_conv3x3_6x6_c128__SSE-320__ethos-u85-512    relaxed                R1 SUCCESS total=14068 hdr=True vfy=277e86c6
H3 h3_conv3x3_6x6_c128__SSE-320__ethos-u85-512    relaxed                R2 SUCCESS total=14068 hdr=True vfy=277e86c6
H3 h3_conv3x3_6x6_c128__SSE-320__ethos-u85-512    relaxed                R3 SUCCESS total=14068 hdr=True vfy=277e86c6
H3 h3_conv3x3_1x64_c128__SSE-320__ethos-u85-256   base                   R1 SUCCESS total=46068 hdr=True vfy=e36e007e
H3 h3_conv3x3_1x64_c128__SSE-320__ethos-u85-256   base                   R2 SUCCESS total=46068 hdr=True vfy=e36e007e
H3 h3_conv3x3_1x64_c128__SSE-320__ethos-u85-256   base                   R3 SUCCESS total=46068 hdr=True vfy=e36e007e
H3 h3_conv3x3_1x64_c128__SSE-320__ethos-u85-512   base                   R1 SUCCESS total=31068 hdr=True vfy=e36e007e
H3 h3_conv3x3_1x64_c128__SSE-320__ethos-u85-512   base                   R2 SUCCESS total=31068 hdr=True vfy=e36e007e
H3 h3_conv3x3_1x64_c128__SSE-320__ethos-u85-512   base                   R3 SUCCESS total=31068 hdr=True vfy=e36e007e
H3 h3_conv3x3_2x32_c128__SSE-320__ethos-u85-256   base                   R1 SUCCESS total=46068 hdr=True vfy=7b18edba
H3 h3_conv3x3_2x32_c128__SSE-320__ethos-u85-256   base                   R2 SUCCESS total=46068 hdr=True vfy=7b18edba
H3 h3_conv3x3_2x32_c128__SSE-320__ethos-u85-256   base                   R3 SUCCESS total=46068 hdr=True vfy=7b18edba
H3 h3_conv3x3_2x32_c128__SSE-320__ethos-u85-512   base                   R1 SUCCESS total=31068 hdr=True vfy=7b18edba
H3 h3_conv3x3_2x32_c128__SSE-320__ethos-u85-512   base                   R2 SUCCESS total=31068 hdr=True vfy=7b18edba
H3 h3_conv3x3_2x32_c128__SSE-320__ethos-u85-512   base                   R3 SUCCESS total=31068 hdr=True vfy=7b18edba
H3 h3_conv3x3_4x16_c128__SSE-320__ethos-u85-256   base                   R1 SUCCESS total=46068 hdr=True vfy=10550797
H3 h3_conv3x3_4x16_c128__SSE-320__ethos-u85-256   base                   R2 SUCCESS total=46068 hdr=True vfy=10550797
H3 h3_conv3x3_4x16_c128__SSE-320__ethos-u85-256   base                   R3 SUCCESS total=46068 hdr=True vfy=10550797
H3 h3_conv3x3_4x16_c128__SSE-320__ethos-u85-512   base                   R1 SUCCESS total=31068 hdr=True vfy=10550797
H3 h3_conv3x3_4x16_c128__SSE-320__ethos-u85-512   base                   R2 SUCCESS total=31068 hdr=True vfy=10550797
H3 h3_conv3x3_4x16_c128__SSE-320__ethos-u85-512   base                   R3 SUCCESS total=31068 hdr=True vfy=10550797
H3 h3_conv3x3_8x8_c128__SSE-320__ethos-u85-256    base                   R1 SUCCESS total=46068 hdr=True vfy=e607f27a
H3 h3_conv3x3_8x8_c128__SSE-320__ethos-u85-256    base                   R2 SUCCESS total=46068 hdr=True vfy=e607f27a
H3 h3_conv3x3_8x8_c128__SSE-320__ethos-u85-256    base                   R3 SUCCESS total=46068 hdr=True vfy=e607f27a
H3 h3_conv3x3_8x8_c128__SSE-320__ethos-u85-512    base                   R1 SUCCESS total=30068 hdr=True vfy=e607f27a
H3 h3_conv3x3_8x8_c128__SSE-320__ethos-u85-512    base                   R2 SUCCESS total=30068 hdr=True vfy=e607f27a
H3 h3_conv3x3_8x8_c128__SSE-320__ethos-u85-512    base                   R3 SUCCESS total=30068 hdr=True vfy=e607f27a
H3 h3_conv3x3_1x256_c128__SSE-320__ethos-u85-256  base                   R1 SUCCESS total=169068 hdr=True vfy=1f470222
H3 h3_conv3x3_1x256_c128__SSE-320__ethos-u85-256  base                   R2 SUCCESS total=169068 hdr=True vfy=1f470222
H3 h3_conv3x3_1x256_c128__SSE-320__ethos-u85-256  base                   R3 SUCCESS total=169068 hdr=True vfy=1f470222
H3 h3_conv3x3_1x256_c128__SSE-320__ethos-u85-512  base                   R1 SUCCESS total=89068 hdr=True vfy=1f470222
H3 h3_conv3x3_1x256_c128__SSE-320__ethos-u85-512  base                   R2 SUCCESS total=89068 hdr=True vfy=1f470222
H3 h3_conv3x3_1x256_c128__SSE-320__ethos-u85-512  base                   R3 SUCCESS total=89068 hdr=True vfy=1f470222
H3 h3_conv3x3_4x64_c128__SSE-320__ethos-u85-256   base                   R1 SUCCESS total=194068 hdr=True vfy=8d1d8006
H3 h3_conv3x3_4x64_c128__SSE-320__ethos-u85-256   base                   R2 SUCCESS total=194068 hdr=True vfy=8d1d8006
H3 h3_conv3x3_4x64_c128__SSE-320__ethos-u85-256   base                   R3 SUCCESS total=194068 hdr=True vfy=8d1d8006
H3 h3_conv3x3_4x64_c128__SSE-320__ethos-u85-512   base                   R1 SUCCESS total=89068 hdr=True vfy=8d1d8006
H3 h3_conv3x3_4x64_c128__SSE-320__ethos-u85-512   base                   R2 SUCCESS total=89068 hdr=True vfy=8d1d8006
H3 h3_conv3x3_4x64_c128__SSE-320__ethos-u85-512   base                   R3 SUCCESS total=89068 hdr=True vfy=8d1d8006
H3 h3_conv3x3_8x32_c128__SSE-320__ethos-u85-256   base                   R1 SUCCESS total=197068 hdr=True vfy=79c810b0
H3 h3_conv3x3_8x32_c128__SSE-320__ethos-u85-256   base                   R2 SUCCESS total=197068 hdr=True vfy=79c810b0
H3 h3_conv3x3_8x32_c128__SSE-320__ethos-u85-256   base                   R3 SUCCESS total=197068 hdr=True vfy=79c810b0
H3 h3_conv3x3_8x32_c128__SSE-320__ethos-u85-512   base                   R1 SUCCESS total=89068 hdr=True vfy=79c810b0
H3 h3_conv3x3_8x32_c128__SSE-320__ethos-u85-512   base                   R2 SUCCESS total=89068 hdr=True vfy=79c810b0
H3 h3_conv3x3_8x32_c128__SSE-320__ethos-u85-512   base                   R3 SUCCESS total=89068 hdr=True vfy=79c810b0
H3 h3_conv3x3_16x16_c128__SSE-320__ethos-u85-256  base                   R1 SUCCESS total=206068 hdr=True vfy=6daa182f
H3 h3_conv3x3_16x16_c128__SSE-320__ethos-u85-256  base                   R2 SUCCESS total=206068 hdr=True vfy=6daa182f
H3 h3_conv3x3_16x16_c128__SSE-320__ethos-u85-256  base                   R3 SUCCESS total=206068 hdr=True vfy=6daa182f
H3 h3_conv3x3_16x16_c128__SSE-320__ethos-u85-512  base                   R1 SUCCESS total=116068 hdr=True vfy=6daa182f
H3 h3_conv3x3_16x16_c128__SSE-320__ethos-u85-512  base                   R2 SUCCESS total=116068 hdr=True vfy=6daa182f
H3 h3_conv3x3_16x16_c128__SSE-320__ethos-u85-512  base                   R3 SUCCESS total=116068 hdr=True vfy=6daa182f
H3 h3_dw3x3_1x36_c128__SSE-320__ethos-u85-256     base                   R1 SUCCESS total=6068 hdr=True vfy=29888f05
H3 h3_dw3x3_1x36_c128__SSE-320__ethos-u85-256     base                   R2 SUCCESS total=6068 hdr=True vfy=29888f05
H3 h3_dw3x3_1x36_c128__SSE-320__ethos-u85-256     base                   R3 SUCCESS total=6068 hdr=True vfy=29888f05
H3 h3_dw3x3_1x36_c128__SSE-320__ethos-u85-256     relaxed                R1 SUCCESS total=3068 hdr=True vfy=29888f05
H3 h3_dw3x3_1x36_c128__SSE-320__ethos-u85-256     relaxed                R2 SUCCESS total=3068 hdr=True vfy=29888f05
H3 h3_dw3x3_1x36_c128__SSE-320__ethos-u85-256     relaxed                R3 SUCCESS total=3068 hdr=True vfy=29888f05
H3 h3_dw3x3_1x36_c128__SSE-320__ethos-u85-512     base                   R1 SUCCESS total=6068 hdr=True vfy=29888f05
H3 h3_dw3x3_1x36_c128__SSE-320__ethos-u85-512     base                   R2 SUCCESS total=6068 hdr=True vfy=29888f05
H3 h3_dw3x3_1x36_c128__SSE-320__ethos-u85-512     base                   R3 SUCCESS total=6068 hdr=True vfy=29888f05
H3 h3_dw3x3_1x36_c128__SSE-320__ethos-u85-512     relaxed                R1 SUCCESS total=2068 hdr=True vfy=29888f05
H3 h3_dw3x3_1x36_c128__SSE-320__ethos-u85-512     relaxed                R2 SUCCESS total=2068 hdr=True vfy=29888f05
H3 h3_dw3x3_1x36_c128__SSE-320__ethos-u85-512     relaxed                R3 SUCCESS total=2068 hdr=True vfy=29888f05
H3 h3_dw3x3_36x1_c128__SSE-320__ethos-u85-256     base                   R1 SUCCESS total=6068 hdr=True vfy=3f30769d
H3 h3_dw3x3_36x1_c128__SSE-320__ethos-u85-256     base                   R2 SUCCESS total=6068 hdr=True vfy=3f30769d
H3 h3_dw3x3_36x1_c128__SSE-320__ethos-u85-256     base                   R3 SUCCESS total=6068 hdr=True vfy=3f30769d
H3 h3_dw3x3_36x1_c128__SSE-320__ethos-u85-256     relaxed                R1 SUCCESS total=4068 hdr=True vfy=3f30769d
H3 h3_dw3x3_36x1_c128__SSE-320__ethos-u85-256     relaxed                R2 SUCCESS total=4068 hdr=True vfy=3f30769d
H3 h3_dw3x3_36x1_c128__SSE-320__ethos-u85-256     relaxed                R3 SUCCESS total=4068 hdr=True vfy=3f30769d
H3 h3_dw3x3_36x1_c128__SSE-320__ethos-u85-512     base                   R1 SUCCESS total=6068 hdr=True vfy=3f30769d
H3 h3_dw3x3_36x1_c128__SSE-320__ethos-u85-512     base                   R2 SUCCESS total=6068 hdr=True vfy=3f30769d
H3 h3_dw3x3_36x1_c128__SSE-320__ethos-u85-512     base                   R3 SUCCESS total=6068 hdr=True vfy=3f30769d
H3 h3_dw3x3_36x1_c128__SSE-320__ethos-u85-512     relaxed                R1 SUCCESS total=2068 hdr=True vfy=3f30769d
H3 h3_dw3x3_36x1_c128__SSE-320__ethos-u85-512     relaxed                R2 SUCCESS total=2068 hdr=True vfy=3f30769d
H3 h3_dw3x3_36x1_c128__SSE-320__ethos-u85-512     relaxed                R3 SUCCESS total=2068 hdr=True vfy=3f30769d
H3 h3_dw3x3_2x18_c128__SSE-320__ethos-u85-256     base                   R1 SUCCESS total=6068 hdr=True vfy=de68b3d7
H3 h3_dw3x3_2x18_c128__SSE-320__ethos-u85-256     base                   R2 SUCCESS total=6068 hdr=True vfy=de68b3d7
H3 h3_dw3x3_2x18_c128__SSE-320__ethos-u85-256     base                   R3 SUCCESS total=6068 hdr=True vfy=de68b3d7
H3 h3_dw3x3_2x18_c128__SSE-320__ethos-u85-256     relaxed                R1 SUCCESS total=3068 hdr=True vfy=de68b3d7
H3 h3_dw3x3_2x18_c128__SSE-320__ethos-u85-256     relaxed                R2 SUCCESS total=3068 hdr=True vfy=de68b3d7
H3 h3_dw3x3_2x18_c128__SSE-320__ethos-u85-256     relaxed                R3 SUCCESS total=3068 hdr=True vfy=de68b3d7
H3 h3_dw3x3_2x18_c128__SSE-320__ethos-u85-512     base                   R1 SUCCESS total=6068 hdr=True vfy=de68b3d7
H3 h3_dw3x3_2x18_c128__SSE-320__ethos-u85-512     base                   R2 SUCCESS total=6068 hdr=True vfy=de68b3d7
H3 h3_dw3x3_2x18_c128__SSE-320__ethos-u85-512     base                   R3 SUCCESS total=6068 hdr=True vfy=de68b3d7
H3 h3_dw3x3_2x18_c128__SSE-320__ethos-u85-512     relaxed                R1 SUCCESS total=2068 hdr=True vfy=de68b3d7
H3 h3_dw3x3_2x18_c128__SSE-320__ethos-u85-512     relaxed                R2 SUCCESS total=2068 hdr=True vfy=de68b3d7
H3 h3_dw3x3_2x18_c128__SSE-320__ethos-u85-512     relaxed                R3 SUCCESS total=2068 hdr=True vfy=de68b3d7
H3 h3_dw3x3_18x2_c128__SSE-320__ethos-u85-256     base                   R1 SUCCESS total=6068 hdr=True vfy=c69b062d
H3 h3_dw3x3_18x2_c128__SSE-320__ethos-u85-256     base                   R2 SUCCESS total=6068 hdr=True vfy=c69b062d
H3 h3_dw3x3_18x2_c128__SSE-320__ethos-u85-256     base                   R3 SUCCESS total=6068 hdr=True vfy=c69b062d
H3 h3_dw3x3_18x2_c128__SSE-320__ethos-u85-256     relaxed                R1 SUCCESS total=2068 hdr=True vfy=c69b062d
H3 h3_dw3x3_18x2_c128__SSE-320__ethos-u85-256     relaxed                R2 SUCCESS total=2068 hdr=True vfy=c69b062d
H3 h3_dw3x3_18x2_c128__SSE-320__ethos-u85-256     relaxed                R3 SUCCESS total=2068 hdr=True vfy=c69b062d
H3 h3_dw3x3_18x2_c128__SSE-320__ethos-u85-512     base                   R1 SUCCESS total=6068 hdr=True vfy=c69b062d
H3 h3_dw3x3_18x2_c128__SSE-320__ethos-u85-512     base                   R2 SUCCESS total=6068 hdr=True vfy=c69b062d
H3 h3_dw3x3_18x2_c128__SSE-320__ethos-u85-512     base                   R3 SUCCESS total=6068 hdr=True vfy=c69b062d
H3 h3_dw3x3_18x2_c128__SSE-320__ethos-u85-512     relaxed                R1 SUCCESS total=2068 hdr=True vfy=c69b062d
H3 h3_dw3x3_18x2_c128__SSE-320__ethos-u85-512     relaxed                R2 SUCCESS total=2068 hdr=True vfy=c69b062d
H3 h3_dw3x3_18x2_c128__SSE-320__ethos-u85-512     relaxed                R3 SUCCESS total=2068 hdr=True vfy=c69b062d
H3 h3_dw3x3_3x12_c128__SSE-320__ethos-u85-256     base                   R1 SUCCESS total=6068 hdr=True vfy=362ae821
H3 h3_dw3x3_3x12_c128__SSE-320__ethos-u85-256     base                   R2 SUCCESS total=6068 hdr=True vfy=362ae821
H3 h3_dw3x3_3x12_c128__SSE-320__ethos-u85-256     base                   R3 SUCCESS total=6068 hdr=True vfy=362ae821
H3 h3_dw3x3_3x12_c128__SSE-320__ethos-u85-256     relaxed                R1 SUCCESS total=3068 hdr=True vfy=362ae821
H3 h3_dw3x3_3x12_c128__SSE-320__ethos-u85-256     relaxed                R2 SUCCESS total=3068 hdr=True vfy=362ae821
H3 h3_dw3x3_3x12_c128__SSE-320__ethos-u85-256     relaxed                R3 SUCCESS total=3068 hdr=True vfy=362ae821
H3 h3_dw3x3_3x12_c128__SSE-320__ethos-u85-512     base                   R1 SUCCESS total=6068 hdr=True vfy=362ae821
H3 h3_dw3x3_3x12_c128__SSE-320__ethos-u85-512     base                   R2 SUCCESS total=6068 hdr=True vfy=362ae821
H3 h3_dw3x3_3x12_c128__SSE-320__ethos-u85-512     base                   R3 SUCCESS total=6068 hdr=True vfy=362ae821
H3 h3_dw3x3_3x12_c128__SSE-320__ethos-u85-512     relaxed                R1 SUCCESS total=2068 hdr=True vfy=362ae821
H3 h3_dw3x3_3x12_c128__SSE-320__ethos-u85-512     relaxed                R2 SUCCESS total=2068 hdr=True vfy=362ae821
H3 h3_dw3x3_3x12_c128__SSE-320__ethos-u85-512     relaxed                R3 SUCCESS total=2068 hdr=True vfy=362ae821
H3 h3_dw3x3_12x3_c128__SSE-320__ethos-u85-256     base                   R1 SUCCESS total=6068 hdr=True vfy=82d9dcc2
H3 h3_dw3x3_12x3_c128__SSE-320__ethos-u85-256     base                   R2 SUCCESS total=6068 hdr=True vfy=82d9dcc2
H3 h3_dw3x3_12x3_c128__SSE-320__ethos-u85-256     base                   R3 SUCCESS total=6068 hdr=True vfy=82d9dcc2
H3 h3_dw3x3_12x3_c128__SSE-320__ethos-u85-256     relaxed                R1 SUCCESS total=3068 hdr=True vfy=82d9dcc2
H3 h3_dw3x3_12x3_c128__SSE-320__ethos-u85-256     relaxed                R2 SUCCESS total=3068 hdr=True vfy=82d9dcc2
H3 h3_dw3x3_12x3_c128__SSE-320__ethos-u85-256     relaxed                R3 SUCCESS total=3068 hdr=True vfy=82d9dcc2
H3 h3_dw3x3_12x3_c128__SSE-320__ethos-u85-512     base                   R1 SUCCESS total=6068 hdr=True vfy=82d9dcc2
H3 h3_dw3x3_12x3_c128__SSE-320__ethos-u85-512     base                   R2 SUCCESS total=6068 hdr=True vfy=82d9dcc2
H3 h3_dw3x3_12x3_c128__SSE-320__ethos-u85-512     base                   R3 SUCCESS total=6068 hdr=True vfy=82d9dcc2
H3 h3_dw3x3_12x3_c128__SSE-320__ethos-u85-512     relaxed                R1 SUCCESS total=2068 hdr=True vfy=82d9dcc2
H3 h3_dw3x3_12x3_c128__SSE-320__ethos-u85-512     relaxed                R2 SUCCESS total=2068 hdr=True vfy=82d9dcc2
H3 h3_dw3x3_12x3_c128__SSE-320__ethos-u85-512     relaxed                R3 SUCCESS total=2068 hdr=True vfy=82d9dcc2
H3 h3_dw3x3_4x9_c128__SSE-320__ethos-u85-256      base                   R1 SUCCESS total=6068 hdr=True vfy=fb8fb894
H3 h3_dw3x3_4x9_c128__SSE-320__ethos-u85-256      base                   R2 SUCCESS total=6068 hdr=True vfy=fb8fb894
H3 h3_dw3x3_4x9_c128__SSE-320__ethos-u85-256      base                   R3 SUCCESS total=6068 hdr=True vfy=fb8fb894
H3 h3_dw3x3_4x9_c128__SSE-320__ethos-u85-256      relaxed                R1 SUCCESS total=3068 hdr=True vfy=fb8fb894
H3 h3_dw3x3_4x9_c128__SSE-320__ethos-u85-256      relaxed                R2 SUCCESS total=3068 hdr=True vfy=fb8fb894
H3 h3_dw3x3_4x9_c128__SSE-320__ethos-u85-256      relaxed                R3 SUCCESS total=3068 hdr=True vfy=fb8fb894
H3 h3_dw3x3_4x9_c128__SSE-320__ethos-u85-512      base                   R1 SUCCESS total=6068 hdr=True vfy=fb8fb894
H3 h3_dw3x3_4x9_c128__SSE-320__ethos-u85-512      base                   R2 SUCCESS total=6068 hdr=True vfy=fb8fb894
H3 h3_dw3x3_4x9_c128__SSE-320__ethos-u85-512      base                   R3 SUCCESS total=6068 hdr=True vfy=fb8fb894
H3 h3_dw3x3_4x9_c128__SSE-320__ethos-u85-512      relaxed                R1 SUCCESS total=2068 hdr=True vfy=fb8fb894
H3 h3_dw3x3_4x9_c128__SSE-320__ethos-u85-512      relaxed                R2 SUCCESS total=2068 hdr=True vfy=fb8fb894
H3 h3_dw3x3_4x9_c128__SSE-320__ethos-u85-512      relaxed                R3 SUCCESS total=2068 hdr=True vfy=fb8fb894
H3 h3_dw3x3_9x4_c128__SSE-320__ethos-u85-256      base                   R1 SUCCESS total=6068 hdr=True vfy=0badb49f
H3 h3_dw3x3_9x4_c128__SSE-320__ethos-u85-256      base                   R2 SUCCESS total=6068 hdr=True vfy=0badb49f
H3 h3_dw3x3_9x4_c128__SSE-320__ethos-u85-256      base                   R3 SUCCESS total=6068 hdr=True vfy=0badb49f
BUILD_FAILED h3_dw3x3_9x4_c128__SSE-320__ethos-u85-256 relaxed configure
BUILD_FAILED h3_dw3x3_9x4_c128__SSE-320__ethos-u85-512 base configure
BUILD_FAILED h3_dw3x3_9x4_c128__SSE-320__ethos-u85-512 relaxed configure
BUILD_FAILED h3_dw3x3_6x6_c128__SSE-320__ethos-u85-256 base configure
BUILD_FAILED h3_dw3x3_6x6_c128__SSE-320__ethos-u85-256 relaxed configure
BUILD_FAILED h3_dw3x3_6x6_c128__SSE-320__ethos-u85-512 base configure
BUILD_FAILED h3_dw3x3_6x6_c128__SSE-320__ethos-u85-512 relaxed configure
BUILD_FAILED h3_dw3x3_1x64_c128__SSE-320__ethos-u85-256 base configure
BUILD_FAILED h3_dw3x3_1x64_c128__SSE-320__ethos-u85-512 base configure
BUILD_FAILED h3_dw3x3_2x32_c128__SSE-320__ethos-u85-256 base configure
BUILD_FAILED h3_dw3x3_2x32_c128__SSE-320__ethos-u85-512 base configure
BUILD_FAILED h3_dw3x3_4x16_c128__SSE-320__ethos-u85-256 base configure
BUILD_FAILED h3_dw3x3_4x16_c128__SSE-320__ethos-u85-512 base configure
BUILD_FAILED h3_dw3x3_8x8_c128__SSE-320__ethos-u85-256 base configure
BUILD_FAILED h3_dw3x3_8x8_c128__SSE-320__ethos-u85-512 base configure
BUILD_FAILED h3_dw3x3_1x256_c128__SSE-320__ethos-u85-256 base configure
BUILD_FAILED h3_dw3x3_1x256_c128__SSE-320__ethos-u85-512 base configure
BUILD_FAILED h3_dw3x3_4x64_c128__SSE-320__ethos-u85-256 base configure
BUILD_FAILED h3_dw3x3_4x64_c128__SSE-320__ethos-u85-512 base configure
BUILD_FAILED h3_dw3x3_8x32_c128__SSE-320__ethos-u85-256 base configure
BUILD_FAILED h3_dw3x3_8x32_c128__SSE-320__ethos-u85-512 base configure
BUILD_FAILED h3_dw3x3_16x16_c128__SSE-320__ethos-u85-256 base configure
BUILD_FAILED h3_dw3x3_16x16_c128__SSE-320__ethos-u85-512 base configure
H13_DONE S3
CHAIN_DONE
