H3 h3_dw3x3_9x4_c128__SSE-320__ethos-u85-256      relaxed                R1 SUCCESS total=3068 hdr=True vfy=0badb49f
H3 h3_dw3x3_9x4_c128__SSE-320__ethos-u85-256      relaxed                R2 SUCCESS total=3068 hdr=True vfy=0badb49f
H3 h3_dw3x3_9x4_c128__SSE-320__ethos-u85-256      relaxed                R3 SUCCESS total=3068 hdr=True vfy=0badb49f
H3 h3_dw3x3_9x4_c128__SSE-320__ethos-u85-512      base                   R1 SUCCESS total=6068 hdr=True vfy=0badb49f
H3 h3_dw3x3_9x4_c128__SSE-320__ethos-u85-512      base                   R2 SUCCESS total=6068 hdr=True vfy=0badb49f
H3 h3_dw3x3_9x4_c128__SSE-320__ethos-u85-512      base                   R3 SUCCESS total=6068 hdr=True vfy=0badb49f
H3 h3_dw3x3_9x4_c128__SSE-320__ethos-u85-512      relaxed                R1 SUCCESS total=2068 hdr=True vfy=0badb49f
H3 h3_dw3x3_9x4_c128__SSE-320__ethos-u85-512      relaxed                R2 SUCCESS total=2068 hdr=True vfy=0badb49f
H3 h3_dw3x3_9x4_c128__SSE-320__ethos-u85-512      relaxed                R3 SUCCESS total=2068 hdr=True vfy=0badb49f
H3 h3_dw3x3_6x6_c128__SSE-320__ethos-u85-256      base                   R1 SUCCESS total=6068 hdr=True vfy=3669c664
H3 h3_dw3x3_6x6_c128__SSE-320__ethos-u85-256      base                   R2 SUCCESS total=6068 hdr=True vfy=3669c664
H3 h3_dw3x3_6x6_c128__SSE-320__ethos-u85-256      base                   R3 SUCCESS total=6068 hdr=True vfy=3669c664
H3 h3_dw3x3_6x6_c128__SSE-320__ethos-u85-256      relaxed                R1 SUCCESS total=3068 hdr=True vfy=3669c664
H3 h3_dw3x3_6x6_c128__SSE-320__ethos-u85-256      relaxed                R2 SUCCESS total=3068 hdr=True vfy=3669c664
H3 h3_dw3x3_6x6_c128__SSE-320__ethos-u85-256      relaxed                R3 SUCCESS total=3068 hdr=True vfy=3669c664
H3 h3_dw3x3_6x6_c128__SSE-320__ethos-u85-512      base                   R1 SUCCESS total=6068 hdr=True vfy=3669c664
H3 h3_dw3x3_6x6_c128__SSE-320__ethos-u85-512      base                   R2 SUCCESS total=6068 hdr=True vfy=3669c664
H3 h3_dw3x3_6x6_c128__SSE-320__ethos-u85-512      base                   R3 SUCCESS total=6068 hdr=True vfy=3669c664
H3 h3_dw3x3_6x6_c128__SSE-320__ethos-u85-512      relaxed                R1 SUCCESS total=2068 hdr=True vfy=3669c664
H3 h3_dw3x3_6x6_c128__SSE-320__ethos-u85-512      relaxed                R2 SUCCESS total=2068 hdr=True vfy=3669c664
H3 h3_dw3x3_6x6_c128__SSE-320__ethos-u85-512      relaxed                R3 SUCCESS total=2068 hdr=True vfy=3669c664
H3 h3_dw3x3_1x64_c128__SSE-320__ethos-u85-256     base                   R1 SUCCESS total=10068 hdr=True vfy=85538a24
H3 h3_dw3x3_1x64_c128__SSE-320__ethos-u85-256     base                   R2 SUCCESS total=10068 hdr=True vfy=85538a24
H3 h3_dw3x3_1x64_c128__SSE-320__ethos-u85-256     base                   R3 SUCCESS total=10068 hdr=True vfy=85538a24
H3 h3_dw3x3_1x64_c128__SSE-320__ethos-u85-512     base                   R1 SUCCESS total=10068 hdr=True vfy=85538a24
H3 h3_dw3x3_1x64_c128__SSE-320__ethos-u85-512     base                   R2 SUCCESS total=10068 hdr=True vfy=85538a24
H3 h3_dw3x3_1x64_c128__SSE-320__ethos-u85-512     base                   R3 SUCCESS total=10068 hdr=True vfy=85538a24
H3 h3_dw3x3_2x32_c128__SSE-320__ethos-u85-256     base                   R1 SUCCESS total=10068 hdr=True vfy=c68554e2
H3 h3_dw3x3_2x32_c128__SSE-320__ethos-u85-256     base                   R2 SUCCESS total=10068 hdr=True vfy=c68554e2
H3 h3_dw3x3_2x32_c128__SSE-320__ethos-u85-256     base                   R3 SUCCESS total=10068 hdr=True vfy=c68554e2
H3 h3_dw3x3_2x32_c128__SSE-320__ethos-u85-512     base                   R1 SUCCESS total=10068 hdr=True vfy=c68554e2
H3 h3_dw3x3_2x32_c128__SSE-320__ethos-u85-512     base                   R2 SUCCESS total=10068 hdr=True vfy=c68554e2
H3 h3_dw3x3_2x32_c128__SSE-320__ethos-u85-512     base                   R3 SUCCESS total=10068 hdr=True vfy=c68554e2
H3 h3_dw3x3_4x16_c128__SSE-320__ethos-u85-256     base                   R1 SUCCESS total=9068 hdr=True vfy=66263129
H3 h3_dw3x3_4x16_c128__SSE-320__ethos-u85-256     base                   R2 SUCCESS total=9068 hdr=True vfy=66263129
H3 h3_dw3x3_4x16_c128__SSE-320__ethos-u85-256     base                   R3 SUCCESS total=9068 hdr=True vfy=66263129
H3 h3_dw3x3_4x16_c128__SSE-320__ethos-u85-512     base                   R1 SUCCESS total=10068 hdr=True vfy=66263129
H3 h3_dw3x3_4x16_c128__SSE-320__ethos-u85-512     base                   R2 SUCCESS total=10068 hdr=True vfy=66263129
H3 h3_dw3x3_4x16_c128__SSE-320__ethos-u85-512     base                   R3 SUCCESS total=10068 hdr=True vfy=66263129
H3 h3_dw3x3_8x8_c128__SSE-320__ethos-u85-256      base                   R1 SUCCESS total=9068 hdr=True vfy=42641d48
H3 h3_dw3x3_8x8_c128__SSE-320__ethos-u85-256      base                   R2 SUCCESS total=9068 hdr=True vfy=42641d48
H3 h3_dw3x3_8x8_c128__SSE-320__ethos-u85-256      base                   R3 SUCCESS total=9068 hdr=True vfy=42641d48
H3 h3_dw3x3_8x8_c128__SSE-320__ethos-u85-512      base                   R1 SUCCESS total=10068 hdr=True vfy=42641d48
H3 h3_dw3x3_8x8_c128__SSE-320__ethos-u85-512      base                   R2 SUCCESS total=10068 hdr=True vfy=42641d48
H3 h3_dw3x3_8x8_c128__SSE-320__ethos-u85-512      base                   R3 SUCCESS total=10068 hdr=True vfy=42641d48
H3 h3_dw3x3_1x256_c128__SSE-320__ethos-u85-256    base                   R1 SUCCESS total=31068 hdr=True vfy=7d93b748
H3 h3_dw3x3_1x256_c128__SSE-320__ethos-u85-256    base                   R2 SUCCESS total=31068 hdr=True vfy=7d93b748
H3 h3_dw3x3_1x256_c128__SSE-320__ethos-u85-256    base                   R3 SUCCESS total=31068 hdr=True vfy=7d93b748
H3 h3_dw3x3_1x256_c128__SSE-320__ethos-u85-512    base                   R1 SUCCESS total=24068 hdr=True vfy=7d93b748
H3 h3_dw3x3_1x256_c128__SSE-320__ethos-u85-512    base                   R2 SUCCESS total=24068 hdr=True vfy=7d93b748
H3 h3_dw3x3_1x256_c128__SSE-320__ethos-u85-512    base                   R3 SUCCESS total=24068 hdr=True vfy=7d93b748
H3 h3_dw3x3_4x64_c128__SSE-320__ethos-u85-256     base                   R1 SUCCESS total=31068 hdr=True vfy=5d6ac64a
H3 h3_dw3x3_4x64_c128__SSE-320__ethos-u85-256     base                   R2 SUCCESS total=31068 hdr=True vfy=5d6ac64a
H3 h3_dw3x3_4x64_c128__SSE-320__ethos-u85-256     base                   R3 SUCCESS total=31068 hdr=True vfy=5d6ac64a
H3 h3_dw3x3_4x64_c128__SSE-320__ethos-u85-512     base                   R1 SUCCESS total=27068 hdr=True vfy=5d6ac64a
H3 h3_dw3x3_4x64_c128__SSE-320__ethos-u85-512     base                   R2 SUCCESS total=27068 hdr=True vfy=5d6ac64a
H3 h3_dw3x3_4x64_c128__SSE-320__ethos-u85-512     base                   R3 SUCCESS total=27068 hdr=True vfy=5d6ac64a
H3 h3_dw3x3_8x32_c128__SSE-320__ethos-u85-256     base                   R1 SUCCESS total=30068 hdr=True vfy=d2da6d97
H3 h3_dw3x3_8x32_c128__SSE-320__ethos-u85-256     base                   R2 SUCCESS total=30068 hdr=True vfy=d2da6d97
H3 h3_dw3x3_8x32_c128__SSE-320__ethos-u85-256     base                   R3 SUCCESS total=30068 hdr=True vfy=d2da6d97
H3 h3_dw3x3_8x32_c128__SSE-320__ethos-u85-512     base                   R1 SUCCESS total=24068 hdr=True vfy=d2da6d97
H3 h3_dw3x3_8x32_c128__SSE-320__ethos-u85-512     base                   R2 SUCCESS total=24068 hdr=True vfy=d2da6d97
H3 h3_dw3x3_8x32_c128__SSE-320__ethos-u85-512     base                   R3 SUCCESS total=24068 hdr=True vfy=d2da6d97
H3 h3_dw3x3_16x16_c128__SSE-320__ethos-u85-256    base                   R1 SUCCESS total=30068 hdr=True vfy=d89d982b
H3 h3_dw3x3_16x16_c128__SSE-320__ethos-u85-256    base                   R2 SUCCESS total=30068 hdr=True vfy=d89d982b
H3 h3_dw3x3_16x16_c128__SSE-320__ethos-u85-256    base                   R3 SUCCESS total=30068 hdr=True vfy=d89d982b
H3 h3_dw3x3_16x16_c128__SSE-320__ethos-u85-512    base                   R1 SUCCESS total=24068 hdr=True vfy=d89d982b
H3 h3_dw3x3_16x16_c128__SSE-320__ethos-u85-512    base                   R2 SUCCESS total=24068 hdr=True vfy=d89d982b
H3 h3_dw3x3_16x16_c128__SSE-320__ethos-u85-512    base                   R3 SUCCESS total=24068 hdr=True vfy=d89d982b
H13_DONE S3
